[0.026s] Invoking command in '/home/mubashir/Pictures/FYP-Legged-Robot-main/Code/ROS/build/gz_joint_torsional_spring': CMAKE_PREFIX_PATH=${CMAKE_PREFIX_PATH}:/opt/ros/humble /usr/bin/cmake /home/mubashir/Pictures/FYP-Legged-Robot-main/Code/ROS/src/gz_joint_torsional_spring -DAMENT_CMAKE_SYMLINK_INSTALL=1 -DCMAKE_INSTALL_PREFIX=/home/mubashir/Pictures/FYP-Legged-Robot-main/Code/ROS/install/gz_joint_torsional_spring
[0.695s] -- The C compiler identification is GNU 11.4.0
[0.695s] -- The CXX compiler identification is GNU 11.4.0
[0.695s] -- Detecting C compiler ABI info
[0.695s] -- Detecting C compiler ABI info - done
[0.696s] -- Check for working C compiler: /usr/bin/cc - skipped
[0.696s] -- Detecting C compile features
[0.696s] -- Detecting C compile features - done
[0.696s] -- Detecting CXX compiler ABI info
[0.697s] -- Detecting CXX compiler ABI info - done
[0.697s] -- Check for working CXX compiler: /usr/bin/c++ - skipped
[0.697s] -- Detecting CXX compile features
[0.697s] -- Detecting CXX compile features - done
[0.697s] -- Found ament_cmake: 1.3.12 (/opt/ros/humble/share/ament_cmake/cmake)
[0.907s] -- Found Python3: /usr/bin/python3 (found version "3.10.12") found components: Interpreter 
[1.066s] -- Override CMake install command with custom implementation using symlinks instead of copying resources
[1.169s] -- Looking for gz-sim8 -- found version 8.14.0
[1.182s] -- Searching for dependencies of gz-sim8
[1.186s] -- Looking for sdformat14 -- found version 14.9.0
[1.187s] -- Searching for dependencies of sdformat14
[1.195s] -- Checking for module 'tinyxml2'
[1.214s] --   Found tinyxml2, version 9.0.0
[1.277s] -- Looking for gz-math7 -- found version 7.6.0
[1.277s] -- Searching for dependencies of gz-math7
[1.282s] -- Looking for gz-utils2 -- found version 2.2.1
[1.282s] -- Searching for dependencies of gz-utils2
[1.285s] -- Looking for gz-utils2 -- found version 2.2.1
[1.285s] -- Searching for dependencies of gz-utils2
[1.286s] -- Searching for <gz-utils2> component [cli]
[1.290s] -- Looking for gz-utils2-cli -- found version 2.2.1
[1.291s] -- Searching for dependencies of gz-utils2-cli
[1.296s] -- Looking for gz-plugin2 -- found version 2.0.4
[1.297s] -- Searching for dependencies of gz-plugin2
[1.297s] -- Looking for gz-utils2 -- found version 2.2.1
[1.298s] -- Searching for <gz-plugin2> component [loader]
[1.302s] -- Looking for gz-plugin2-loader -- found version 2.0.4
[1.303s] -- Searching for dependencies of gz-plugin2-loader
[1.304s] -- Searching for <gz-plugin2> component [register]
[1.308s] -- Looking for gz-plugin2-register -- found version 2.0.4
[1.308s] -- Searching for dependencies of gz-plugin2-register
[1.313s] -- Looking for gz-transport13 -- found version 13.5.0
[1.314s] -- Searching for dependencies of gz-transport13
[1.630s] -- Found Protobuf: /usr/lib/x86_64-linux-gnu/libprotobuf.so (found version "3.12.4") 
[1.658s] -- Config-file not installed for ZeroMQ -- checking for pkg-config
[1.667s] -- Checking for module 'libzmq >= 4'
[1.687s] --   Found libzmq , version 4.3.4
[1.745s] -- Found ZeroMQ: TRUE (Required is at least version "4") 
[1.759s] -- Checking for module 'uuid'
[1.777s] --   Found uuid, version 2.37.2
[1.826s] -- Found UUID: TRUE  
[1.826s] -- Looking for gz-utils2 -- found version 2.2.1
[1.831s] -- Looking for gz-msgs10 -- found version 10.3.2
[1.832s] -- Searching for dependencies of gz-msgs10
[1.870s] -- Looking for gz-utils2 -- found version 2.2.1
[1.870s] -- Looking for gz-math7 -- found version 7.6.0
[1.882s] -- Searching for <gz-transport13> component [log]
[1.887s] -- Looking for gz-transport13-log -- found version 13.5.0
[1.887s] -- Searching for dependencies of gz-transport13-log
[1.888s] -- Searching for <gz-transport13> component [parameters]
[1.892s] -- Looking for gz-transport13-parameters -- found version 13.5.0
[1.893s] -- Searching for dependencies of gz-transport13-parameters
[1.895s] -- Looking for gz-msgs10 -- found version 10.3.2
[1.900s] -- Looking for gz-common5 -- found version 5.8.0
[1.900s] -- Searching for dependencies of gz-common5
[1.901s] -- Looking for gz-utils2 -- found version 2.2.1
[1.902s] -- Looking for dlfcn.h - found
[1.903s] -- Looking for libdl - found
[1.906s] -- Found DL: TRUE  
[1.917s] -- Searching for <gz-common5> component [av]
[1.921s] -- Looking for gz-common5-av -- found version 5.8.0
[1.922s] -- Searching for dependencies of gz-common5-av
[1.931s] -- Checking for module 'libswscale'
[1.950s] --   Found libswscale, version 5.9.100
[2.004s] -- Found SWSCALE: TRUE  
[2.016s] -- Checking for module 'libavdevice >= 56.4.100'
[2.041s] --   Found libavdevice , version 58.13.100
[2.106s] -- Found AVDEVICE: TRUE (Required is at least version "56.4.100") 
[2.115s] -- Checking for module 'libavformat'
[2.135s] --   Found libavformat, version 58.76.100
[2.189s] -- Found AVFORMAT: TRUE  
[2.199s] -- Checking for module 'libavcodec'
[2.221s] --   Found libavcodec, version 58.134.100
[2.276s] -- Found AVCODEC: TRUE  
[2.285s] -- Checking for module 'libavutil'
[2.305s] --   Found libavutil, version 56.70.100
[2.353s] -- Found AVUTIL: TRUE  
[2.354s] -- Searching for <gz-common5> component [events]
[2.358s] -- Looking for gz-common5-events -- found version 5.8.0
[2.359s] -- Searching for dependencies of gz-common5-events
[2.360s] -- Looking for gz-math7 -- found version 7.6.0
[2.361s] -- Searching for <gz-common5> component [graphics]
[2.365s] -- Looking for gz-common5-graphics -- found version 5.8.0
[2.366s] -- Searching for dependencies of gz-common5-graphics
[2.366s] -- Looking for gz-math7 -- found version 7.6.0
[2.377s] -- Found GzAssimp: TRUE (found version "5.2.0") 
[2.377s] -- Searching for <gz-common5> component [io]
[2.381s] -- Looking for gz-common5-io -- found version 5.8.0
[2.382s] -- Searching for dependencies of gz-common5-io
[2.383s] -- Searching for <gz-common5> component [profiler]
[2.386s] -- Looking for gz-common5-profiler -- found version 5.8.0
[2.387s] -- Searching for dependencies of gz-common5-profiler
[2.392s] -- Looking for gz-fuel_tools9 -- found version 9.1.1
[2.392s] -- Searching for dependencies of gz-fuel_tools9
[2.545s] -- Found CURL: /usr/lib/x86_64-linux-gnu/libcurl.so (found version "7.81.0")  
[2.555s] -- Checking for module 'jsoncpp'
[2.576s] --   Found jsoncpp, version 1.9.5
[2.627s] -- Found JSONCPP: TRUE  
[2.638s] -- Checking for module 'libzip'
[2.657s] --   Found libzip, version 1.7.3
[2.712s] -- Found ZIP: TRUE  
[2.713s] -- Looking for gz-utils2 -- found version 2.2.1
[2.713s] -- Looking for gz-common5 -- found version 5.8.0
[2.714s] -- Searching for dependencies of gz-common5
[2.715s] -- Looking for gz-utils2 -- found version 2.2.1
[2.715s] -- Looking for dlfcn.h - found
[2.715s] -- Looking for libdl - found
[2.729s] -- Searching for <gz-common5> component [testing]
[2.734s] -- Looking for gz-common5-testing -- found version 5.8.0
[2.735s] -- Searching for dependencies of gz-common5-testing
[2.737s] -- Looking for gz-math7 -- found version 7.6.0
[2.737s] -- Looking for gz-msgs10 -- found version 10.3.2
[2.743s] -- Looking for gz-gui8 -- found version 8.4.0
[2.743s] -- Searching for dependencies of gz-gui8
[2.791s] -- Looking for gz-utils2 -- found version 2.2.1
[2.791s] -- Looking for gz-math7 -- found version 7.6.0
[2.792s] -- Looking for gz-common5 -- found version 5.8.0
[2.792s] -- Looking for gz-plugin2 -- found version 2.0.4
[2.793s] -- Looking for gz-transport13 -- found version 13.5.0
[2.798s] -- Looking for gz-rendering8 -- found version 8.2.3
[2.799s] -- Searching for dependencies of gz-rendering8
[2.799s] -- Looking for gz-math7 -- found version 7.6.0
[2.800s] -- Searching for dependencies of gz-math7
[2.801s] -- Looking for gz-utils2 -- found version 2.2.1
[2.801s] -- Searching for <gz-math7> component [eigen3]
[2.806s] -- Looking for gz-math7-eigen3 -- found version 7.6.0
[2.807s] -- Searching for dependencies of gz-math7-eigen3
[2.822s] -- Looking for gz-common5 -- found version 5.8.0
[2.823s] -- Searching for dependencies of gz-common5
[2.823s] -- Looking for gz-utils2 -- found version 2.2.1
[2.824s] -- Looking for dlfcn.h - found
[2.824s] -- Looking for libdl - found
[2.838s] -- Searching for <gz-common5> component [graphics]
[2.838s] -- Searching for <gz-common5> component [events]
[2.839s] -- Searching for <gz-common5> component [geospatial]
[2.843s] -- Looking for gz-common5-geospatial -- found version 5.8.0
[2.844s] -- Searching for dependencies of gz-common5-geospatial
[2.845s] -- Looking for gz-math7 -- found version 7.6.0
[2.846s] -- Looking for gz-common5 -- found version 5.8.0
[2.848s] -- Looking for gz-plugin2 -- found version 2.0.4
[2.849s] -- Searching for dependencies of gz-plugin2
[2.850s] -- Looking for gz-utils2 -- found version 2.2.1
[2.850s] -- Searching for <gz-plugin2> component [all]
[2.854s] -- Looking for all libraries of gz-plugin2 -- found version 2.0.4
[2.855s] -- Looking for gz-plugin2 -- found version 2.0.4
[2.858s] -- Looking for gz-utils2 -- found version 2.2.1
[2.866s] -- Found OpenGL: /usr/lib/x86_64-linux-gnu/libOpenGL.so  found components: OpenGL 
[2.868s] -- Looking for gz-msgs10 -- found version 10.3.2
[2.924s] -- Looking for gz-physics7 -- found version 7.8.0
[2.925s] -- Searching for dependencies of gz-physics7
[2.926s] -- Looking for gz-common5 -- found version 5.8.0
[2.927s] -- Looking for gz-math7 -- found version 7.6.0
[2.928s] -- Looking for gz-plugin2 -- found version 2.0.4
[2.928s] -- Looking for gz-utils2 -- found version 2.2.1
[2.930s] -- Searching for <gz-physics7> component [heightmap]
[2.934s] -- Looking for gz-physics7-heightmap -- found version 7.8.0
[2.935s] -- Searching for dependencies of gz-physics7-heightmap
[2.936s] -- Looking for gz-common5 -- found version 5.8.0
[2.937s] -- Searching for <gz-physics7> component [mesh]
[2.941s] -- Looking for gz-physics7-mesh -- found version 7.8.0
[2.941s] -- Searching for dependencies of gz-physics7-mesh
[2.942s] -- Looking for gz-common5 -- found version 5.8.0
[2.943s] -- Searching for <gz-physics7> component [sdf]
[2.947s] -- Looking for gz-physics7-sdf -- found version 7.8.0
[2.947s] -- Searching for dependencies of gz-physics7-sdf
[2.948s] -- Looking for sdformat14 -- found version 14.9.0
[2.953s] -- Looking for gz-sensors8 -- found version 8.2.2
[2.954s] -- Searching for dependencies of gz-sensors8
[2.989s] -- Looking for gz-math7 -- found version 7.6.0
[2.990s] -- Looking for gz-common5 -- found version 5.8.0
[2.990s] -- Looking for gz-transport13 -- found version 13.5.0
[2.991s] -- Looking for gz-rendering8 -- found version 8.2.3
[2.992s] -- Looking for gz-msgs10 -- found version 10.3.2
[2.993s] -- Looking for sdformat14 -- found version 14.9.0
[2.994s] -- Searching for <gz-sensors8> component [air_pressure]
[2.998s] -- Looking for gz-sensors8-air_pressure -- found version 8.2.2
[2.999s] -- Searching for dependencies of gz-sensors8-air_pressure
[3.000s] -- Searching for <gz-sensors8> component [air_speed]
[3.004s] -- Looking for gz-sensors8-air_speed -- found version 8.2.2
[3.004s] -- Searching for dependencies of gz-sensors8-air_speed
[3.005s] -- Searching for <gz-sensors8> component [altimeter]
[3.009s] -- Looking for gz-sensors8-altimeter -- found version 8.2.2
[3.010s] -- Searching for dependencies of gz-sensors8-altimeter
[3.011s] -- Searching for <gz-sensors8> component [imu]
[3.015s] -- Looking for gz-sensors8-imu -- found version 8.2.2
[3.015s] -- Searching for dependencies of gz-sensors8-imu
[3.016s] -- Searching for <gz-sensors8> component [force_torque]
[3.020s] -- Looking for gz-sensors8-force_torque -- found version 8.2.2
[3.021s] -- Searching for dependencies of gz-sensors8-force_torque
[3.022s] -- Searching for <gz-sensors8> component [logical_camera]
[3.026s] -- Looking for gz-sensors8-logical_camera -- found version 8.2.2
[3.027s] -- Searching for dependencies of gz-sensors8-logical_camera
[3.027s] -- Searching for <gz-sensors8> component [magnetometer]
[3.031s] -- Looking for gz-sensors8-magnetometer -- found version 8.2.2
[3.032s] -- Searching for dependencies of gz-sensors8-magnetometer
[3.033s] -- Searching for <gz-sensors8> component [navsat]
[3.037s] -- Looking for gz-sensors8-navsat -- found version 8.2.2
[3.038s] -- Searching for dependencies of gz-sensors8-navsat
[3.038s] -- Searching for <gz-sensors8> component [dvl]
[3.042s] -- Looking for gz-sensors8-dvl -- found version 8.2.2
[3.043s] -- Searching for dependencies of gz-sensors8-dvl
[3.044s] -- Looking for gz-sensors8 -- found version 8.2.2
[3.044s] -- Searching for dependencies of gz-sensors8
[3.079s] -- Looking for gz-math7 -- found version 7.6.0
[3.080s] -- Looking for gz-common5 -- found version 5.8.0
[3.081s] -- Looking for gz-transport13 -- found version 13.5.0
[3.082s] -- Looking for gz-rendering8 -- found version 8.2.3
[3.083s] -- Looking for gz-msgs10 -- found version 10.3.2
[3.084s] -- Looking for sdformat14 -- found version 14.9.0
[3.085s] -- Searching for <gz-sensors8> component [rendering]
[3.089s] -- Looking for gz-sensors8-rendering -- found version 8.2.2
[3.090s] -- Searching for dependencies of gz-sensors8-rendering
[3.092s] -- Searching for <gz-sensors8> component [rendering]
[3.092s] -- Searching for <gz-sensors8> component [lidar]
[3.096s] -- Looking for gz-sensors8-lidar -- found version 8.2.2
[3.097s] -- Searching for dependencies of gz-sensors8-lidar
[3.098s] -- Looking for gz-sensors8 -- found version 8.2.2
[3.099s] -- Searching for <gz-sensors8> component [gpu_lidar]
[3.103s] -- Looking for gz-sensors8-gpu_lidar -- found version 8.2.2
[3.103s] -- Searching for dependencies of gz-sensors8-gpu_lidar
[3.104s] -- Looking for gz-sensors8 -- found version 8.2.2
[3.105s] -- Searching for <gz-sensors8> component [camera]
[3.109s] -- Looking for gz-sensors8-camera -- found version 8.2.2
[3.109s] -- Searching for dependencies of gz-sensors8-camera
[3.110s] -- Looking for gz-sensors8 -- found version 8.2.2
[3.111s] -- Searching for <gz-sensors8> component [boundingbox_camera]
[3.115s] -- Looking for gz-sensors8-boundingbox_camera -- found version 8.2.2
[3.116s] -- Searching for dependencies of gz-sensors8-boundingbox_camera
[3.116s] -- Searching for <gz-sensors8> component [segmentation_camera]
[3.120s] -- Looking for gz-sensors8-segmentation_camera -- found version 8.2.2
[3.121s] -- Searching for dependencies of gz-sensors8-segmentation_camera
[3.122s] -- Searching for <gz-sensors8> component [depth_camera]
[3.125s] -- Looking for gz-sensors8-depth_camera -- found version 8.2.2
[3.126s] -- Searching for dependencies of gz-sensors8-depth_camera
[3.127s] -- Looking for gz-sensors8 -- found version 8.2.2
[3.128s] -- Searching for <gz-sensors8> component [rgbd_camera]
[3.131s] -- Looking for gz-sensors8-rgbd_camera -- found version 8.2.2
[3.132s] -- Searching for dependencies of gz-sensors8-rgbd_camera
[3.133s] -- Looking for gz-sensors8 -- found version 8.2.2
[3.134s] -- Searching for <gz-sensors8> component [thermal_camera]
[3.137s] -- Looking for gz-sensors8-thermal_camera -- found version 8.2.2
[3.138s] -- Searching for dependencies of gz-sensors8-thermal_camera
[3.139s] -- Looking for gz-sensors8 -- found version 8.2.2
[3.140s] -- Searching for <gz-sensors8> component [wide_angle_camera]
[3.143s] -- Looking for gz-sensors8-wide_angle_camera -- found version 8.2.2
[3.144s] -- Searching for dependencies of gz-sensors8-wide_angle_camera
[3.146s] -- Looking for gz-rendering8 -- found version 8.2.3
[3.146s] -- Looking for gz-math7 -- found version 7.6.0
[3.147s] -- Looking for gz-utils2 -- found version 2.2.1
[3.183s] -- Looking for gz-plugin2 -- found version 2.0.4
[3.183s] -- Looking for gz-transport13 -- found version 13.5.0
[3.184s] -- Looking for gz-msgs10 -- found version 10.3.2
[3.184s] -- Building gz_joint_torsional_spring against gz-sim8
[3.321s] -- Configuring done
[3.356s] -- Generating done
[3.367s] -- Build files have been written to: /home/mubashir/Pictures/FYP-Legged-Robot-main/Code/ROS/build/gz_joint_torsional_spring
[3.391s] Invoked command in '/home/mubashir/Pictures/FYP-Legged-Robot-main/Code/ROS/build/gz_joint_torsional_spring' returned '0': CMAKE_PREFIX_PATH=${CMAKE_PREFIX_PATH}:/opt/ros/humble /usr/bin/cmake /home/mubashir/Pictures/FYP-Legged-Robot-main/Code/ROS/src/gz_joint_torsional_spring -DAMENT_CMAKE_SYMLINK_INSTALL=1 -DCMAKE_INSTALL_PREFIX=/home/mubashir/Pictures/FYP-Legged-Robot-main/Code/ROS/install/gz_joint_torsional_spring
[3.393s] Invoking command in '/home/mubashir/Pictures/FYP-Legged-Robot-main/Code/ROS/build/gz_joint_torsional_spring': CMAKE_PREFIX_PATH=${CMAKE_PREFIX_PATH}:/opt/ros/humble /usr/bin/cmake --build /home/mubashir/Pictures/FYP-Legged-Robot-main/Code/ROS/build/gz_joint_torsional_spring -- -j8 -l8
[3.481s] [ 25%] Building CXX object CMakeFiles/gz_joint_torsional_spring.dir/src/torsional_spring_system.cc.o
[3.487s] [ 50%] Building CXX object CMakeFiles/commanded_effort_publisher.dir/src/commanded_effort_publisher.cc.o
[13.488s] [ 75%] Linking CXX shared library libcommanded_effort_publisher.so
[13.607s] [100%] Linking CXX shared library libgz_joint_torsional_spring.so
[14.130s] [100%] Built target commanded_effort_publisher
[14.196s] [100%] Built target gz_joint_torsional_spring
[14.220s] Invoked command in '/home/mubashir/Pictures/FYP-Legged-Robot-main/Code/ROS/build/gz_joint_torsional_spring' returned '0': CMAKE_PREFIX_PATH=${CMAKE_PREFIX_PATH}:/opt/ros/humble /usr/bin/cmake --build /home/mubashir/Pictures/FYP-Legged-Robot-main/Code/ROS/build/gz_joint_torsional_spring -- -j8 -l8
[14.241s] Invoking command in '/home/mubashir/Pictures/FYP-Legged-Robot-main/Code/ROS/build/gz_joint_torsional_spring': CMAKE_PREFIX_PATH=${CMAKE_PREFIX_PATH}:/opt/ros/humble /usr/bin/cmake --install /home/mubashir/Pictures/FYP-Legged-Robot-main/Code/ROS/build/gz_joint_torsional_spring
[14.254s] -- Install configuration: ""
[14.255s] -- Execute custom install script
[14.256s] -- Symlinking: /home/mubashir/Pictures/FYP-Legged-Robot-main/Code/ROS/install/gz_joint_torsional_spring/lib/libgz_joint_torsional_spring.so
[14.272s] -- Symlinking: /home/mubashir/Pictures/FYP-Legged-Robot-main/Code/ROS/install/gz_joint_torsional_spring/lib/libcommanded_effort_publisher.so
[14.288s] -- Symlinking: /home/mubashir/Pictures/FYP-Legged-Robot-main/Code/ROS/install/gz_joint_torsional_spring/include/gz_joint_torsional_spring/commanded_effort_publisher.hh
[14.308s] -- Symlinking: /home/mubashir/Pictures/FYP-Legged-Robot-main/Code/ROS/install/gz_joint_torsional_spring/include/gz_joint_torsional_spring/torsional_spring_system.hh
[14.322s] -- Symlinking: /home/mubashir/Pictures/FYP-Legged-Robot-main/Code/ROS/install/gz_joint_torsional_spring/share/gz_joint_torsional_spring/environment/gz_joint_torsional_spring.dsv
[14.337s] -- Symlinking: /home/mubashir/Pictures/FYP-Legged-Robot-main/Code/ROS/install/gz_joint_torsional_spring/share/ament_index/resource_index/package_run_dependencies/gz_joint_torsional_spring
[14.352s] -- Symlinking: /home/mubashir/Pictures/FYP-Legged-Robot-main/Code/ROS/install/gz_joint_torsional_spring/share/ament_index/resource_index/parent_prefix_path/gz_joint_torsional_spring
[14.367s] -- Symlinking: /home/mubashir/Pictures/FYP-Legged-Robot-main/Code/ROS/install/gz_joint_torsional_spring/share/gz_joint_torsional_spring/environment/ament_prefix_path.sh
[14.382s] -- Symlinking: /home/mubashir/Pictures/FYP-Legged-Robot-main/Code/ROS/install/gz_joint_torsional_spring/share/gz_joint_torsional_spring/environment/ament_prefix_path.dsv
[14.396s] -- Symlinking: /home/mubashir/Pictures/FYP-Legged-Robot-main/Code/ROS/install/gz_joint_torsional_spring/share/gz_joint_torsional_spring/environment/path.sh
[14.416s] -- Symlinking: /home/mubashir/Pictures/FYP-Legged-Robot-main/Code/ROS/install/gz_joint_torsional_spring/share/gz_joint_torsional_spring/environment/path.dsv
[14.431s] -- Symlinking: /home/mubashir/Pictures/FYP-Legged-Robot-main/Code/ROS/install/gz_joint_torsional_spring/share/gz_joint_torsional_spring/local_setup.bash
[14.447s] -- Symlinking: /home/mubashir/Pictures/FYP-Legged-Robot-main/Code/ROS/install/gz_joint_torsional_spring/share/gz_joint_torsional_spring/local_setup.sh
[14.461s] -- Symlinking: /home/mubashir/Pictures/FYP-Legged-Robot-main/Code/ROS/install/gz_joint_torsional_spring/share/gz_joint_torsional_spring/local_setup.zsh
[14.479s] -- Symlinking: /home/mubashir/Pictures/FYP-Legged-Robot-main/Code/ROS/install/gz_joint_torsional_spring/share/gz_joint_torsional_spring/local_setup.dsv
[14.495s] -- Symlinking: /home/mubashir/Pictures/FYP-Legged-Robot-main/Code/ROS/install/gz_joint_torsional_spring/share/gz_joint_torsional_spring/package.dsv
[14.511s] -- Symlinking: /home/mubashir/Pictures/FYP-Legged-Robot-main/Code/ROS/install/gz_joint_torsional_spring/share/ament_index/resource_index/packages/gz_joint_torsional_spring
[14.528s] -- Symlinking: /home/mubashir/Pictures/FYP-Legged-Robot-main/Code/ROS/install/gz_joint_torsional_spring/share/gz_joint_torsional_spring/cmake/gz_joint_torsional_springConfig.cmake
[14.544s] -- Symlinking: /home/mubashir/Pictures/FYP-Legged-Robot-main/Code/ROS/install/gz_joint_torsional_spring/share/gz_joint_torsional_spring/cmake/gz_joint_torsional_springConfig-version.cmake
[14.562s] -- Symlinking: /home/mubashir/Pictures/FYP-Legged-Robot-main/Code/ROS/install/gz_joint_torsional_spring/share/gz_joint_torsional_spring/package.xml
[14.582s] Invoked command in '/home/mubashir/Pictures/FYP-Legged-Robot-main/Code/ROS/build/gz_joint_torsional_spring' returned '0': CMAKE_PREFIX_PATH=${CMAKE_PREFIX_PATH}:/opt/ros/humble /usr/bin/cmake --install /home/mubashir/Pictures/FYP-Legged-Robot-main/Code/ROS/build/gz_joint_torsional_spring
