[2.736s] Invoking command in '/home/mubashir/Documents/FYP-Legged-Robot-main/Code/ROS/src/cpg_ros2': PYTHONPATH=/home/mubashir/Documents/FYP-Legged-Robot-main/Code/build/cpg_ros2/prefix_override:/usr/lib/python3/dist-packages/colcon_core/task/python/colcon_distutils_commands:/home/mubashir/Documents/FYP-Legged-Robot-main/Code/install/cpg_ros2/lib/python3.10/site-packages:${PYTHONPATH} /usr/bin/python3 -W ignore:setup.py install is deprecated -W ignore:easy_install command is deprecated setup.py egg_info --egg-base ../../../build/cpg_ros2 build --build-base /home/mubashir/Documents/FYP-Legged-Robot-main/Code/build/cpg_ros2/build install --record /home/mubashir/Documents/FYP-Legged-Robot-main/Code/build/cpg_ros2/install.log --single-version-externally-managed install_data
[3.753s] running egg_info
[3.756s] writing ../../../build/cpg_ros2/cpg_ros2.egg-info/PKG-INFO
[3.757s] writing dependency_links to ../../../build/cpg_ros2/cpg_ros2.egg-info/dependency_links.txt
[3.758s] writing entry points to ../../../build/cpg_ros2/cpg_ros2.egg-info/entry_points.txt
[3.759s] writing requirements to ../../../build/cpg_ros2/cpg_ros2.egg-info/requires.txt
[3.759s] writing top-level names to ../../../build/cpg_ros2/cpg_ros2.egg-info/top_level.txt
[3.770s] reading manifest file '../../../build/cpg_ros2/cpg_ros2.egg-info/SOURCES.txt'
[3.779s] writing manifest file '../../../build/cpg_ros2/cpg_ros2.egg-info/SOURCES.txt'
[3.779s] running build
[3.780s] running build_py
[3.781s] running install
[3.783s] running install_lib
[3.788s] running install_data
[3.793s] running install_egg_info
[3.801s] removing '/home/mubashir/Documents/FYP-Legged-Robot-main/Code/install/cpg_ros2/lib/python3.10/site-packages/cpg_ros2-0.0.0-py3.10.egg-info' (and everything under it)
[3.801s] Copying ../../../build/cpg_ros2/cpg_ros2.egg-info to /home/mubashir/Documents/FYP-Legged-Robot-main/Code/install/cpg_ros2/lib/python3.10/site-packages/cpg_ros2-0.0.0-py3.10.egg-info
[3.804s] running install_scripts
[3.883s] Installing cpg_node script to /home/mubashir/Documents/FYP-Legged-Robot-main/Code/install/cpg_ros2/lib/cpg_ros2
[3.884s] writing list of installed files to '/home/mubashir/Documents/FYP-Legged-Robot-main/Code/build/cpg_ros2/install.log'
[3.965s] Invoked command in '/home/mubashir/Documents/FYP-Legged-Robot-main/Code/ROS/src/cpg_ros2' returned '0': PYTHONPATH=/home/mubashir/Documents/FYP-Legged-Robot-main/Code/build/cpg_ros2/prefix_override:/usr/lib/python3/dist-packages/colcon_core/task/python/colcon_distutils_commands:/home/mubashir/Documents/FYP-Legged-Robot-main/Code/install/cpg_ros2/lib/python3.10/site-packages:${PYTHONPATH} /usr/bin/python3 -W ignore:setup.py install is deprecated -W ignore:easy_install command is deprecated setup.py egg_info --egg-base ../../../build/cpg_ros2 build --build-base /home/mubashir/Documents/FYP-Legged-Robot-main/Code/build/cpg_ros2/build install --record /home/mubashir/Documents/FYP-Legged-Robot-main/Code/build/cpg_ros2/install.log --single-version-externally-managed install_data
