[0.529s] [34mcolcon[0m [1;30mDEBUG[0m [32mCommand line arguments: ['/usr/bin/colcon', 'build', '--packages-select', 'sim_robot'][0m
[0.530s] [34mcolcon[0m [1;30mDEBUG[0m [32mParsed command line arguments: Namespace(log_base=None, log_level=None, verb_name='build', build_base='build', install_base='install', merge_install=False, symlink_install=False, test_result_base=None, continue_on_error=False, executor='parallel', parallel_workers=8, event_handlers=None, ignore_user_meta=False, metas=['./colcon.meta'], base_paths=['.'], packages_ignore=None, packages_ignore_regex=None, paths=None, packages_up_to=None, packages_up_to_regex=None, packages_above=None, packages_above_and_dependencies=None, packages_above_depth=None, packages_select_by_dep=None, packages_skip_by_dep=None, packages_skip_up_to=None, packages_select_build_failed=False, packages_skip_build_finished=False, packages_select_test_failures=False, packages_skip_test_passed=False, packages_select=['sim_robot'], packages_skip=None, packages_select_regex=None, packages_skip_regex=None, packages_start=None, packages_end=None, allow_overriding=[], cmake_args=None, cmake_target=None, cmake_target_skip_unavailable=False, cmake_clean_cache=False, cmake_clean_first=False, cmake_force_configure=False, ament_cmake_args=None, catkin_cmake_args=None, catkin_skip_building_tests=False, mixin_files=None, mixin=None, verb_parser=<colcon_mixin.mixin.mixin_argument.MixinArgumentDecorator object at 0x721a2af712a0>, verb_extension=<colcon_core.verb.build.BuildVerb object at 0x721a2b072860>, main=<bound method BuildVerb.main of <colcon_core.verb.build.BuildVerb object at 0x721a2b072860>>, mixin_verb=('build',))[0m
[1.373s] [34mcolcon.colcon_core.package_discovery[0m [1;30mLevel 1[0m discover_packages(colcon_meta) check parameters
[1.374s] [34mcolcon.colcon_core.package_discovery[0m [1;30mLevel 1[0m discover_packages(recursive) check parameters
[1.374s] [34mcolcon.colcon_core.package_discovery[0m [1;30mLevel 1[0m discover_packages(ignore) check parameters
[1.374s] [34mcolcon.colcon_core.package_discovery[0m [1;30mLevel 1[0m discover_packages(path) check parameters
[1.374s] [34mcolcon.colcon_core.package_discovery[0m [1;30mLevel 1[0m discover_packages(colcon_meta) discover
[1.374s] [34mcolcon.colcon_core.package_discovery[0m [1;30mLevel 1[0m discover_packages(recursive) discover
[1.375s] [34mcolcon.colcon_core.package_discovery[0m [1;30mINFO[0m Crawling recursively for packages in '/home/mubashir/Documents/FYP-Legged-Robot-main/Code'
[1.375s] [34mcolcon.colcon_core.package_identification[0m [1;30mLevel 1[0m _identify(.) by extensions ['ignore', 'ignore_ament_install']
[1.376s] [34mcolcon.colcon_core.package_identification[0m [1;30mLevel 1[0m _identify(.) by extension 'ignore'
[1.376s] [34mcolcon.colcon_core.package_identification[0m [1;30mLevel 1[0m _identify(.) by extension 'ignore_ament_install'
[1.377s] [34mcolcon.colcon_core.package_identification[0m [1;30mLevel 1[0m _identify(.) by extensions ['colcon_pkg']
[1.377s] [34mcolcon.colcon_core.package_identification[0m [1;30mLevel 1[0m _identify(.) by extension 'colcon_pkg'
[1.377s] [34mcolcon.colcon_core.package_identification[0m [1;30mLevel 1[0m _identify(.) by extensions ['colcon_meta']
[1.377s] [34mcolcon.colcon_core.package_identification[0m [1;30mLevel 1[0m _identify(.) by extension 'colcon_meta'
[1.378s] [34mcolcon.colcon_core.package_identification[0m [1;30mLevel 1[0m _identify(.) by extensions ['ros']
[1.378s] [34mcolcon.colcon_core.package_identification[0m [1;30mLevel 1[0m _identify(.) by extension 'ros'
[1.451s] [34mcolcon.colcon_core.package_identification[0m [1;30mLevel 1[0m _identify(.) by extensions ['cmake', 'python']
[1.451s] [34mcolcon.colcon_core.package_identification[0m [1;30mLevel 1[0m _identify(.) by extension 'cmake'
[1.451s] [34mcolcon.colcon_core.package_identification[0m [1;30mLevel 1[0m _identify(.) by extension 'python'
[1.452s] [34mcolcon.colcon_core.package_identification[0m [1;30mLevel 1[0m _identify(.) by extensions ['python_setup_py']
[1.452s] [34mcolcon.colcon_core.package_identification[0m [1;30mLevel 1[0m _identify(.) by extension 'python_setup_py'
[1.453s] [34mcolcon.colcon_core.package_identification[0m [1;30mLevel 1[0m _identify(Policies) by extensions ['ignore', 'ignore_ament_install']
[1.453s] [34mcolcon.colcon_core.package_identification[0m [1;30mLevel 1[0m _identify(Policies) by extension 'ignore'
[1.454s] [34mcolcon.colcon_core.package_identification[0m [1;30mLevel 1[0m _identify(Policies) by extension 'ignore_ament_install'
[1.454s] [34mcolcon.colcon_core.package_identification[0m [1;30mLevel 1[0m _identify(Policies) by extensions ['colcon_pkg']
[1.454s] [34mcolcon.colcon_core.package_identification[0m [1;30mLevel 1[0m _identify(Policies) by extension 'colcon_pkg'
[1.455s] [34mcolcon.colcon_core.package_identification[0m [1;30mLevel 1[0m _identify(Policies) by extensions ['colcon_meta']
[1.455s] [34mcolcon.colcon_core.package_identification[0m [1;30mLevel 1[0m _identify(Policies) by extension 'colcon_meta'
[1.455s] [34mcolcon.colcon_core.package_identification[0m [1;30mLevel 1[0m _identify(Policies) by extensions ['ros']
[1.455s] [34mcolcon.colcon_core.package_identification[0m [1;30mLevel 1[0m _identify(Policies) by extension 'ros'
[1.456s] [34mcolcon.colcon_core.package_identification[0m [1;30mLevel 1[0m _identify(Policies) by extensions ['cmake', 'python']
[1.456s] [34mcolcon.colcon_core.package_identification[0m [1;30mLevel 1[0m _identify(Policies) by extension 'cmake'
[1.456s] [34mcolcon.colcon_core.package_identification[0m [1;30mLevel 1[0m _identify(Policies) by extension 'python'
[1.456s] [34mcolcon.colcon_core.package_identification[0m [1;30mLevel 1[0m _identify(Policies) by extensions ['python_setup_py']
[1.457s] [34mcolcon.colcon_core.package_identification[0m [1;30mLevel 1[0m _identify(Policies) by extension 'python_setup_py'
[1.457s] [34mcolcon.colcon_core.package_identification[0m [1;30mLevel 1[0m _identify(ROS) by extensions ['ignore', 'ignore_ament_install']
[1.458s] [34mcolcon.colcon_core.package_identification[0m [1;30mLevel 1[0m _identify(ROS) by extension 'ignore'
[1.458s] [34mcolcon.colcon_core.package_identification[0m [1;30mLevel 1[0m _identify(ROS) by extension 'ignore_ament_install'
[1.458s] [34mcolcon.colcon_core.package_identification[0m [1;30mLevel 1[0m _identify(ROS) by extensions ['colcon_pkg']
[1.458s] [34mcolcon.colcon_core.package_identification[0m [1;30mLevel 1[0m _identify(ROS) by extension 'colcon_pkg'
[1.458s] [34mcolcon.colcon_core.package_identification[0m [1;30mLevel 1[0m _identify(ROS) by extensions ['colcon_meta']
[1.458s] [34mcolcon.colcon_core.package_identification[0m [1;30mLevel 1[0m _identify(ROS) by extension 'colcon_meta'
[1.459s] [34mcolcon.colcon_core.package_identification[0m [1;30mLevel 1[0m _identify(ROS) by extensions ['ros']
[1.459s] [34mcolcon.colcon_core.package_identification[0m [1;30mLevel 1[0m _identify(ROS) by extension 'ros'
[1.459s] [34mcolcon.colcon_core.package_identification[0m [1;30mLevel 1[0m _identify(ROS) by extensions ['cmake', 'python']
[1.460s] [34mcolcon.colcon_core.package_identification[0m [1;30mLevel 1[0m _identify(ROS) by extension 'cmake'
[1.460s] [34mcolcon.colcon_core.package_identification[0m [1;30mLevel 1[0m _identify(ROS) by extension 'python'
[1.460s] [34mcolcon.colcon_core.package_identification[0m [1;30mLevel 1[0m _identify(ROS) by extensions ['python_setup_py']
[1.460s] [34mcolcon.colcon_core.package_identification[0m [1;30mLevel 1[0m _identify(ROS) by extension 'python_setup_py'
[1.461s] [34mcolcon.colcon_core.package_identification[0m [1;30mLevel 1[0m _identify(ROS/build) by extensions ['ignore', 'ignore_ament_install']
[1.461s] [34mcolcon.colcon_core.package_identification[0m [1;30mLevel 1[0m _identify(ROS/build) by extension 'ignore'
[1.461s] [34mcolcon.colcon_core.package_identification[0m [1;30mLevel 1[0m _identify(ROS/build) ignored
[1.462s] [34mcolcon.colcon_core.package_identification[0m [1;30mLevel 1[0m _identify(ROS/install) by extensions ['ignore', 'ignore_ament_install']
[1.462s] [34mcolcon.colcon_core.package_identification[0m [1;30mLevel 1[0m _identify(ROS/install) by extension 'ignore'
[1.463s] [34mcolcon.colcon_core.package_identification[0m [1;30mLevel 1[0m _identify(ROS/install) ignored
[1.463s] [34mcolcon.colcon_core.package_identification[0m [1;30mLevel 1[0m _identify(ROS/log) by extensions ['ignore', 'ignore_ament_install']
[1.464s] [34mcolcon.colcon_core.package_identification[0m [1;30mLevel 1[0m _identify(ROS/log) by extension 'ignore'
[1.464s] [34mcolcon.colcon_core.package_identification[0m [1;30mLevel 1[0m _identify(ROS/log) ignored
[1.464s] [34mcolcon.colcon_core.package_identification[0m [1;30mLevel 1[0m _identify(ROS/src) by extensions ['ignore', 'ignore_ament_install']
[1.465s] [34mcolcon.colcon_core.package_identification[0m [1;30mLevel 1[0m _identify(ROS/src) by extension 'ignore'
[1.465s] [34mcolcon.colcon_core.package_identification[0m [1;30mLevel 1[0m _identify(ROS/src) by extension 'ignore_ament_install'
[1.465s] [34mcolcon.colcon_core.package_identification[0m [1;30mLevel 1[0m _identify(ROS/src) by extensions ['colcon_pkg']
[1.465s] [34mcolcon.colcon_core.package_identification[0m [1;30mLevel 1[0m _identify(ROS/src) by extension 'colcon_pkg'
[1.466s] [34mcolcon.colcon_core.package_identification[0m [1;30mLevel 1[0m _identify(ROS/src) by extensions ['colcon_meta']
[1.466s] [34mcolcon.colcon_core.package_identification[0m [1;30mLevel 1[0m _identify(ROS/src) by extension 'colcon_meta'
[1.466s] [34mcolcon.colcon_core.package_identification[0m [1;30mLevel 1[0m _identify(ROS/src) by extensions ['ros']
[1.466s] [34mcolcon.colcon_core.package_identification[0m [1;30mLevel 1[0m _identify(ROS/src) by extension 'ros'
[1.466s] [34mcolcon.colcon_core.package_identification[0m [1;30mLevel 1[0m _identify(ROS/src) by extensions ['cmake', 'python']
[1.466s] [34mcolcon.colcon_core.package_identification[0m [1;30mLevel 1[0m _identify(ROS/src) by extension 'cmake'
[1.466s] [34mcolcon.colcon_core.package_identification[0m [1;30mLevel 1[0m _identify(ROS/src) by extension 'python'
[1.467s] [34mcolcon.colcon_core.package_identification[0m [1;30mLevel 1[0m _identify(ROS/src) by extensions ['python_setup_py']
[1.467s] [34mcolcon.colcon_core.package_identification[0m [1;30mLevel 1[0m _identify(ROS/src) by extension 'python_setup_py'
[1.467s] [34mcolcon.colcon_core.package_identification[0m [1;30mLevel 1[0m _identify(ROS/src/cheetah_ros2) by extensions ['ignore', 'ignore_ament_install']
[1.467s] [34mcolcon.colcon_core.package_identification[0m [1;30mLevel 1[0m _identify(ROS/src/cheetah_ros2) by extension 'ignore'
[1.467s] [34mcolcon.colcon_core.package_identification[0m [1;30mLevel 1[0m _identify(ROS/src/cheetah_ros2) by extension 'ignore_ament_install'
[1.468s] [34mcolcon.colcon_core.package_identification[0m [1;30mLevel 1[0m _identify(ROS/src/cheetah_ros2) by extensions ['colcon_pkg']
[1.468s] [34mcolcon.colcon_core.package_identification[0m [1;30mLevel 1[0m _identify(ROS/src/cheetah_ros2) by extension 'colcon_pkg'
[1.468s] [34mcolcon.colcon_core.package_identification[0m [1;30mLevel 1[0m _identify(ROS/src/cheetah_ros2) by extensions ['colcon_meta']
[1.468s] [34mcolcon.colcon_core.package_identification[0m [1;30mLevel 1[0m _identify(ROS/src/cheetah_ros2) by extension 'colcon_meta'
[1.468s] [34mcolcon.colcon_core.package_identification[0m [1;30mLevel 1[0m _identify(ROS/src/cheetah_ros2) by extensions ['ros']
[1.468s] [34mcolcon.colcon_core.package_identification[0m [1;30mLevel 1[0m _identify(ROS/src/cheetah_ros2) by extension 'ros'
[1.480s] [34mcolcon.colcon_core.package_identification[0m [1;30mDEBUG[0m [32mPackage 'ROS/src/cheetah_ros2' with type 'ros.ament_python' and name 'cheetah_ros2'[0m
[1.481s] [34mcolcon.colcon_core.package_identification[0m [1;30mLevel 1[0m _identify(ROS/src/cpg_ros2) by extensions ['ignore', 'ignore_ament_install']
[1.481s] [34mcolcon.colcon_core.package_identification[0m [1;30mLevel 1[0m _identify(ROS/src/cpg_ros2) by extension 'ignore'
[1.482s] [34mcolcon.colcon_core.package_identification[0m [1;30mLevel 1[0m _identify(ROS/src/cpg_ros2) by extension 'ignore_ament_install'
[1.482s] [34mcolcon.colcon_core.package_identification[0m [1;30mLevel 1[0m _identify(ROS/src/cpg_ros2) by extensions ['colcon_pkg']
[1.482s] [34mcolcon.colcon_core.package_identification[0m [1;30mLevel 1[0m _identify(ROS/src/cpg_ros2) by extension 'colcon_pkg'
[1.482s] [34mcolcon.colcon_core.package_identification[0m [1;30mLevel 1[0m _identify(ROS/src/cpg_ros2) by extensions ['colcon_meta']
[1.482s] [34mcolcon.colcon_core.package_identification[0m [1;30mLevel 1[0m _identify(ROS/src/cpg_ros2) by extension 'colcon_meta'
[1.483s] [34mcolcon.colcon_core.package_identification[0m [1;30mLevel 1[0m _identify(ROS/src/cpg_ros2) by extensions ['ros']
[1.483s] [34mcolcon.colcon_core.package_identification[0m [1;30mLevel 1[0m _identify(ROS/src/cpg_ros2) by extension 'ros'
[1.485s] [34mcolcon.colcon_core.package_identification[0m [1;30mDEBUG[0m [32mPackage 'ROS/src/cpg_ros2' with type 'ros.ament_python' and name 'cpg_ros2'[0m
[1.486s] [34mcolcon.colcon_core.package_identification[0m [1;30mLevel 1[0m _identify(ROS/src/elevation_mapping) by extensions ['ignore', 'ignore_ament_install']
[1.486s] [34mcolcon.colcon_core.package_identification[0m [1;30mLevel 1[0m _identify(ROS/src/elevation_mapping) by extension 'ignore'
[1.486s] [34mcolcon.colcon_core.package_identification[0m [1;30mLevel 1[0m _identify(ROS/src/elevation_mapping) by extension 'ignore_ament_install'
[1.486s] [34mcolcon.colcon_core.package_identification[0m [1;30mLevel 1[0m _identify(ROS/src/elevation_mapping) by extensions ['colcon_pkg']
[1.486s] [34mcolcon.colcon_core.package_identification[0m [1;30mLevel 1[0m _identify(ROS/src/elevation_mapping) by extension 'colcon_pkg'
[1.487s] [34mcolcon.colcon_core.package_identification[0m [1;30mLevel 1[0m _identify(ROS/src/elevation_mapping) by extensions ['colcon_meta']
[1.487s] [34mcolcon.colcon_core.package_identification[0m [1;30mLevel 1[0m _identify(ROS/src/elevation_mapping) by extension 'colcon_meta'
[1.487s] [34mcolcon.colcon_core.package_identification[0m [1;30mLevel 1[0m _identify(ROS/src/elevation_mapping) by extensions ['ros']
[1.487s] [34mcolcon.colcon_core.package_identification[0m [1;30mLevel 1[0m _identify(ROS/src/elevation_mapping) by extension 'ros'
[1.497s] [34mcolcon.colcon_core.package_identification[0m [1;30mDEBUG[0m [32mPackage 'ROS/src/elevation_mapping' with type 'ros.ament_cmake' and name 'elevation_mapping'[0m
[1.498s] [34mcolcon.colcon_core.package_identification[0m [1;30mLevel 1[0m _identify(ROS/src/kin_ros2) by extensions ['ignore', 'ignore_ament_install']
[1.498s] [34mcolcon.colcon_core.package_identification[0m [1;30mLevel 1[0m _identify(ROS/src/kin_ros2) by extension 'ignore'
[1.498s] [34mcolcon.colcon_core.package_identification[0m [1;30mLevel 1[0m _identify(ROS/src/kin_ros2) by extension 'ignore_ament_install'
[1.499s] [34mcolcon.colcon_core.package_identification[0m [1;30mLevel 1[0m _identify(ROS/src/kin_ros2) by extensions ['colcon_pkg']
[1.499s] [34mcolcon.colcon_core.package_identification[0m [1;30mLevel 1[0m _identify(ROS/src/kin_ros2) by extension 'colcon_pkg'
[1.499s] [34mcolcon.colcon_core.package_identification[0m [1;30mLevel 1[0m _identify(ROS/src/kin_ros2) by extensions ['colcon_meta']
[1.499s] [34mcolcon.colcon_core.package_identification[0m [1;30mLevel 1[0m _identify(ROS/src/kin_ros2) by extension 'colcon_meta'
[1.500s] [34mcolcon.colcon_core.package_identification[0m [1;30mLevel 1[0m _identify(ROS/src/kin_ros2) by extensions ['ros']
[1.500s] [34mcolcon.colcon_core.package_identification[0m [1;30mLevel 1[0m _identify(ROS/src/kin_ros2) by extension 'ros'
[1.503s] [34mcolcon.colcon_core.package_identification[0m [1;30mDEBUG[0m [32mPackage 'ROS/src/kin_ros2' with type 'ros.ament_python' and name 'kin_ros2'[0m
[1.503s] [34mcolcon.colcon_core.package_identification[0m [1;30mLevel 1[0m _identify(ROS/src/perception) by extensions ['ignore', 'ignore_ament_install']
[1.504s] [34mcolcon.colcon_core.package_identification[0m [1;30mLevel 1[0m _identify(ROS/src/perception) by extension 'ignore'
[1.504s] [34mcolcon.colcon_core.package_identification[0m [1;30mLevel 1[0m _identify(ROS/src/perception) by extension 'ignore_ament_install'
[1.504s] [34mcolcon.colcon_core.package_identification[0m [1;30mLevel 1[0m _identify(ROS/src/perception) by extensions ['colcon_pkg']
[1.504s] [34mcolcon.colcon_core.package_identification[0m [1;30mLevel 1[0m _identify(ROS/src/perception) by extension 'colcon_pkg'
[1.504s] [34mcolcon.colcon_core.package_identification[0m [1;30mLevel 1[0m _identify(ROS/src/perception) by extensions ['colcon_meta']
[1.504s] [34mcolcon.colcon_core.package_identification[0m [1;30mLevel 1[0m _identify(ROS/src/perception) by extension 'colcon_meta'
[1.504s] [34mcolcon.colcon_core.package_identification[0m [1;30mLevel 1[0m _identify(ROS/src/perception) by extensions ['ros']
[1.504s] [34mcolcon.colcon_core.package_identification[0m [1;30mLevel 1[0m _identify(ROS/src/perception) by extension 'ros'
[1.507s] [34mcolcon.colcon_core.package_identification[0m [1;30mDEBUG[0m [32mPackage 'ROS/src/perception' with type 'ros.ament_python' and name 'perception'[0m
[1.508s] [34mcolcon.colcon_core.package_identification[0m [1;30mLevel 1[0m _identify(ROS/src/quad_interface) by extensions ['ignore', 'ignore_ament_install']
[1.509s] [34mcolcon.colcon_core.package_identification[0m [1;30mLevel 1[0m _identify(ROS/src/quad_interface) by extension 'ignore'
[1.509s] [34mcolcon.colcon_core.package_identification[0m [1;30mLevel 1[0m _identify(ROS/src/quad_interface) by extension 'ignore_ament_install'
[1.509s] [34mcolcon.colcon_core.package_identification[0m [1;30mLevel 1[0m _identify(ROS/src/quad_interface) by extensions ['colcon_pkg']
[1.509s] [34mcolcon.colcon_core.package_identification[0m [1;30mLevel 1[0m _identify(ROS/src/quad_interface) by extension 'colcon_pkg'
[1.509s] [34mcolcon.colcon_core.package_identification[0m [1;30mLevel 1[0m _identify(ROS/src/quad_interface) by extensions ['colcon_meta']
[1.509s] [34mcolcon.colcon_core.package_identification[0m [1;30mLevel 1[0m _identify(ROS/src/quad_interface) by extension 'colcon_meta'
[1.510s] [34mcolcon.colcon_core.package_identification[0m [1;30mLevel 1[0m _identify(ROS/src/quad_interface) by extensions ['ros']
[1.510s] [34mcolcon.colcon_core.package_identification[0m [1;30mLevel 1[0m _identify(ROS/src/quad_interface) by extension 'ros'
[1.514s] [34mcolcon.colcon_core.package_identification[0m [1;30mDEBUG[0m [32mPackage 'ROS/src/quad_interface' with type 'ros.ament_cmake' and name 'quad_interface'[0m
[1.515s] [34mcolcon.colcon_core.package_identification[0m [1;30mLevel 1[0m _identify(ROS/src/rl_ros2) by extensions ['ignore', 'ignore_ament_install']
[1.515s] [34mcolcon.colcon_core.package_identification[0m [1;30mLevel 1[0m _identify(ROS/src/rl_ros2) by extension 'ignore'
[1.515s] [34mcolcon.colcon_core.package_identification[0m [1;30mLevel 1[0m _identify(ROS/src/rl_ros2) by extension 'ignore_ament_install'
[1.516s] [34mcolcon.colcon_core.package_identification[0m [1;30mLevel 1[0m _identify(ROS/src/rl_ros2) by extensions ['colcon_pkg']
[1.516s] [34mcolcon.colcon_core.package_identification[0m [1;30mLevel 1[0m _identify(ROS/src/rl_ros2) by extension 'colcon_pkg'
[1.516s] [34mcolcon.colcon_core.package_identification[0m [1;30mLevel 1[0m _identify(ROS/src/rl_ros2) by extensions ['colcon_meta']
[1.516s] [34mcolcon.colcon_core.package_identification[0m [1;30mLevel 1[0m _identify(ROS/src/rl_ros2) by extension 'colcon_meta'
[1.517s] [34mcolcon.colcon_core.package_identification[0m [1;30mLevel 1[0m _identify(ROS/src/rl_ros2) by extensions ['ros']
[1.517s] [34mcolcon.colcon_core.package_identification[0m [1;30mLevel 1[0m _identify(ROS/src/rl_ros2) by extension 'ros'
[1.519s] [34mcolcon.colcon_core.package_identification[0m [1;30mDEBUG[0m [32mPackage 'ROS/src/rl_ros2' with type 'ros.ament_python' and name 'rl_ros2'[0m
[1.520s] [34mcolcon.colcon_core.package_identification[0m [1;30mLevel 1[0m _identify(ROS/src/rlpa_ros2) by extensions ['ignore', 'ignore_ament_install']
[1.520s] [34mcolcon.colcon_core.package_identification[0m [1;30mLevel 1[0m _identify(ROS/src/rlpa_ros2) by extension 'ignore'
[1.520s] [34mcolcon.colcon_core.package_identification[0m [1;30mLevel 1[0m _identify(ROS/src/rlpa_ros2) by extension 'ignore_ament_install'
[1.520s] [34mcolcon.colcon_core.package_identification[0m [1;30mLevel 1[0m _identify(ROS/src/rlpa_ros2) by extensions ['colcon_pkg']
[1.520s] [34mcolcon.colcon_core.package_identification[0m [1;30mLevel 1[0m _identify(ROS/src/rlpa_ros2) by extension 'colcon_pkg'
[1.520s] [34mcolcon.colcon_core.package_identification[0m [1;30mLevel 1[0m _identify(ROS/src/rlpa_ros2) by extensions ['colcon_meta']
[1.521s] [34mcolcon.colcon_core.package_identification[0m [1;30mLevel 1[0m _identify(ROS/src/rlpa_ros2) by extension 'colcon_meta'
[1.521s] [34mcolcon.colcon_core.package_identification[0m [1;30mLevel 1[0m _identify(ROS/src/rlpa_ros2) by extensions ['ros']
[1.521s] [34mcolcon.colcon_core.package_identification[0m [1;30mLevel 1[0m _identify(ROS/src/rlpa_ros2) by extension 'ros'
[1.524s] [34mcolcon.colcon_core.package_identification[0m [1;30mDEBUG[0m [32mPackage 'ROS/src/rlpa_ros2' with type 'ros.ament_python' and name 'rlpa_ros2'[0m
[1.524s] [34mcolcon.colcon_core.package_identification[0m [1;30mLevel 1[0m _identify(ROS/src/robot_caves) by extensions ['ignore', 'ignore_ament_install']
[1.525s] [34mcolcon.colcon_core.package_identification[0m [1;30mLevel 1[0m _identify(ROS/src/robot_caves) by extension 'ignore'
[1.525s] [34mcolcon.colcon_core.package_identification[0m [1;30mLevel 1[0m _identify(ROS/src/robot_caves) by extension 'ignore_ament_install'
[1.525s] [34mcolcon.colcon_core.package_identification[0m [1;30mLevel 1[0m _identify(ROS/src/robot_caves) by extensions ['colcon_pkg']
[1.525s] [34mcolcon.colcon_core.package_identification[0m [1;30mLevel 1[0m _identify(ROS/src/robot_caves) by extension 'colcon_pkg'
[1.526s] [34mcolcon.colcon_core.package_identification[0m [1;30mLevel 1[0m _identify(ROS/src/robot_caves) by extensions ['colcon_meta']
[1.526s] [34mcolcon.colcon_core.package_identification[0m [1;30mLevel 1[0m _identify(ROS/src/robot_caves) by extension 'colcon_meta'
[1.526s] [34mcolcon.colcon_core.package_identification[0m [1;30mLevel 1[0m _identify(ROS/src/robot_caves) by extensions ['ros']
[1.526s] [34mcolcon.colcon_core.package_identification[0m [1;30mLevel 1[0m _identify(ROS/src/robot_caves) by extension 'ros'
[1.530s] [34mcolcon.colcon_core.package_identification[0m [1;30mDEBUG[0m [32mPackage 'ROS/src/robot_caves' with type 'ros.ament_python' and name 'robot_caves'[0m
[1.530s] [34mcolcon.colcon_core.package_identification[0m [1;30mLevel 1[0m _identify(ROS/src/sim_robot) by extensions ['ignore', 'ignore_ament_install']
[1.531s] [34mcolcon.colcon_core.package_identification[0m [1;30mLevel 1[0m _identify(ROS/src/sim_robot) by extension 'ignore'
[1.531s] [34mcolcon.colcon_core.package_identification[0m [1;30mLevel 1[0m _identify(ROS/src/sim_robot) by extension 'ignore_ament_install'
[1.531s] [34mcolcon.colcon_core.package_identification[0m [1;30mLevel 1[0m _identify(ROS/src/sim_robot) by extensions ['colcon_pkg']
[1.532s] [34mcolcon.colcon_core.package_identification[0m [1;30mLevel 1[0m _identify(ROS/src/sim_robot) by extension 'colcon_pkg'
[1.532s] [34mcolcon.colcon_core.package_identification[0m [1;30mLevel 1[0m _identify(ROS/src/sim_robot) by extensions ['colcon_meta']
[1.532s] [34mcolcon.colcon_core.package_identification[0m [1;30mLevel 1[0m _identify(ROS/src/sim_robot) by extension 'colcon_meta'
[1.532s] [34mcolcon.colcon_core.package_identification[0m [1;30mLevel 1[0m _identify(ROS/src/sim_robot) by extensions ['ros']
[1.532s] [34mcolcon.colcon_core.package_identification[0m [1;30mLevel 1[0m _identify(ROS/src/sim_robot) by extension 'ros'
[1.535s] [34mcolcon.colcon_core.package_identification[0m [1;30mDEBUG[0m [32mPackage 'ROS/src/sim_robot' with type 'ros.ament_python' and name 'sim_robot'[0m
[1.536s] [34mcolcon.colcon_core.package_identification[0m [1;30mLevel 1[0m _identify(ROS/src/sim_robot_fixed) by extensions ['ignore', 'ignore_ament_install']
[1.536s] [34mcolcon.colcon_core.package_identification[0m [1;30mLevel 1[0m _identify(ROS/src/sim_robot_fixed) by extension 'ignore'
[1.536s] [34mcolcon.colcon_core.package_identification[0m [1;30mLevel 1[0m _identify(ROS/src/sim_robot_fixed) by extension 'ignore_ament_install'
[1.537s] [34mcolcon.colcon_core.package_identification[0m [1;30mLevel 1[0m _identify(ROS/src/sim_robot_fixed) by extensions ['colcon_pkg']
[1.537s] [34mcolcon.colcon_core.package_identification[0m [1;30mLevel 1[0m _identify(ROS/src/sim_robot_fixed) by extension 'colcon_pkg'
[1.537s] [34mcolcon.colcon_core.package_identification[0m [1;30mLevel 1[0m _identify(ROS/src/sim_robot_fixed) by extensions ['colcon_meta']
[1.537s] [34mcolcon.colcon_core.package_identification[0m [1;30mLevel 1[0m _identify(ROS/src/sim_robot_fixed) by extension 'colcon_meta'
[1.537s] [34mcolcon.colcon_core.package_identification[0m [1;30mLevel 1[0m _identify(ROS/src/sim_robot_fixed) by extensions ['ros']
[1.537s] [34mcolcon.colcon_core.package_identification[0m [1;30mLevel 1[0m _identify(ROS/src/sim_robot_fixed) by extension 'ros'
[1.540s] [34mcolcon.colcon_core.package_identification[0m [1;30mDEBUG[0m [32mPackage 'ROS/src/sim_robot_fixed' with type 'ros.ament_python' and name 'sim_robot_fixed'[0m
[1.540s] [34mcolcon.colcon_core.package_identification[0m [1;30mLevel 1[0m _identify(ROS/src/venv) by extensions ['ignore', 'ignore_ament_install']
[1.541s] [34mcolcon.colcon_core.package_identification[0m [1;30mLevel 1[0m _identify(ROS/src/venv) by extension 'ignore'
[1.541s] [34mcolcon.colcon_core.package_identification[0m [1;30mLevel 1[0m _identify(ROS/src/venv) ignored
[1.542s] [34mcolcon.colcon_core.package_identification[0m [1;30mLevel 1[0m _identify(ZEDenv) by extensions ['ignore', 'ignore_ament_install']
[1.542s] [34mcolcon.colcon_core.package_identification[0m [1;30mLevel 1[0m _identify(ZEDenv) by extension 'ignore'
[1.542s] [34mcolcon.colcon_core.package_identification[0m [1;30mLevel 1[0m _identify(ZEDenv) by extension 'ignore_ament_install'
[1.543s] [34mcolcon.colcon_core.package_identification[0m [1;30mLevel 1[0m _identify(ZEDenv) by extensions ['colcon_pkg']
[1.543s] [34mcolcon.colcon_core.package_identification[0m [1;30mLevel 1[0m _identify(ZEDenv) by extension 'colcon_pkg'
[1.543s] [34mcolcon.colcon_core.package_identification[0m [1;30mLevel 1[0m _identify(ZEDenv) by extensions ['colcon_meta']
[1.543s] [34mcolcon.colcon_core.package_identification[0m [1;30mLevel 1[0m _identify(ZEDenv) by extension 'colcon_meta'
[1.544s] [34mcolcon.colcon_core.package_identification[0m [1;30mLevel 1[0m _identify(ZEDenv) by extensions ['ros']
[1.544s] [34mcolcon.colcon_core.package_identification[0m [1;30mLevel 1[0m _identify(ZEDenv) by extension 'ros'
[1.544s] [34mcolcon.colcon_core.package_identification[0m [1;30mLevel 1[0m _identify(ZEDenv) by extensions ['cmake', 'python']
[1.544s] [34mcolcon.colcon_core.package_identification[0m [1;30mLevel 1[0m _identify(ZEDenv) by extension 'cmake'
[1.545s] [34mcolcon.colcon_core.package_identification[0m [1;30mLevel 1[0m _identify(ZEDenv) by extension 'python'
[1.545s] [34mcolcon.colcon_core.package_identification[0m [1;30mLevel 1[0m _identify(ZEDenv) by extensions ['python_setup_py']
[1.545s] [34mcolcon.colcon_core.package_identification[0m [1;30mLevel 1[0m _identify(ZEDenv) by extension 'python_setup_py'
[1.545s] [34mcolcon.colcon_core.package_identification[0m [1;30mLevel 1[0m _identify(ZEDenv/ogl_viewer) by extensions ['ignore', 'ignore_ament_install']
[1.546s] [34mcolcon.colcon_core.package_identification[0m [1;30mLevel 1[0m _identify(ZEDenv/ogl_viewer) by extension 'ignore'
[1.546s] [34mcolcon.colcon_core.package_identification[0m [1;30mLevel 1[0m _identify(ZEDenv/ogl_viewer) by extension 'ignore_ament_install'
[1.547s] [34mcolcon.colcon_core.package_identification[0m [1;30mLevel 1[0m _identify(ZEDenv/ogl_viewer) by extensions ['colcon_pkg']
[1.547s] [34mcolcon.colcon_core.package_identification[0m [1;30mLevel 1[0m _identify(ZEDenv/ogl_viewer) by extension 'colcon_pkg'
[1.547s] [34mcolcon.colcon_core.package_identification[0m [1;30mLevel 1[0m _identify(ZEDenv/ogl_viewer) by extensions ['colcon_meta']
[1.547s] [34mcolcon.colcon_core.package_identification[0m [1;30mLevel 1[0m _identify(ZEDenv/ogl_viewer) by extension 'colcon_meta'
[1.547s] [34mcolcon.colcon_core.package_identification[0m [1;30mLevel 1[0m _identify(ZEDenv/ogl_viewer) by extensions ['ros']
[1.547s] [34mcolcon.colcon_core.package_identification[0m [1;30mLevel 1[0m _identify(ZEDenv/ogl_viewer) by extension 'ros'
[1.548s] [34mcolcon.colcon_core.package_identification[0m [1;30mLevel 1[0m _identify(ZEDenv/ogl_viewer) by extensions ['cmake', 'python']
[1.548s] [34mcolcon.colcon_core.package_identification[0m [1;30mLevel 1[0m _identify(ZEDenv/ogl_viewer) by extension 'cmake'
[1.548s] [34mcolcon.colcon_core.package_identification[0m [1;30mLevel 1[0m _identify(ZEDenv/ogl_viewer) by extension 'python'
[1.549s] [34mcolcon.colcon_core.package_identification[0m [1;30mLevel 1[0m _identify(ZEDenv/ogl_viewer) by extensions ['python_setup_py']
[1.549s] [34mcolcon.colcon_core.package_identification[0m [1;30mLevel 1[0m _identify(ZEDenv/ogl_viewer) by extension 'python_setup_py'
[1.549s] [34mcolcon.colcon_core.package_identification[0m [1;30mLevel 1[0m _identify(ZEDenv/zenv) by extensions ['ignore', 'ignore_ament_install']
[1.550s] [34mcolcon.colcon_core.package_identification[0m [1;30mLevel 1[0m _identify(ZEDenv/zenv) by extension 'ignore'
[1.550s] [34mcolcon.colcon_core.package_identification[0m [1;30mLevel 1[0m _identify(ZEDenv/zenv) by extension 'ignore_ament_install'
[1.550s] [34mcolcon.colcon_core.package_identification[0m [1;30mLevel 1[0m _identify(ZEDenv/zenv) by extensions ['colcon_pkg']
[1.550s] [34mcolcon.colcon_core.package_identification[0m [1;30mLevel 1[0m _identify(ZEDenv/zenv) by extension 'colcon_pkg'
[1.550s] [34mcolcon.colcon_core.package_identification[0m [1;30mLevel 1[0m _identify(ZEDenv/zenv) by extensions ['colcon_meta']
[1.551s] [34mcolcon.colcon_core.package_identification[0m [1;30mLevel 1[0m _identify(ZEDenv/zenv) by extension 'colcon_meta'
[1.551s] [34mcolcon.colcon_core.package_identification[0m [1;30mLevel 1[0m _identify(ZEDenv/zenv) by extensions ['ros']
[1.551s] [34mcolcon.colcon_core.package_identification[0m [1;30mLevel 1[0m _identify(ZEDenv/zenv) by extension 'ros'
[1.551s] [34mcolcon.colcon_core.package_identification[0m [1;30mLevel 1[0m _identify(ZEDenv/zenv) by extensions ['cmake', 'python']
[1.551s] [34mcolcon.colcon_core.package_identification[0m [1;30mLevel 1[0m _identify(ZEDenv/zenv) by extension 'cmake'
[1.552s] [34mcolcon.colcon_core.package_identification[0m [1;30mLevel 1[0m _identify(ZEDenv/zenv) by extension 'python'
[1.552s] [34mcolcon.colcon_core.package_identification[0m [1;30mLevel 1[0m _identify(ZEDenv/zenv) by extensions ['python_setup_py']
[1.552s] [34mcolcon.colcon_core.package_identification[0m [1;30mLevel 1[0m _identify(ZEDenv/zenv) by extension 'python_setup_py'
[1.552s] [34mcolcon.colcon_core.package_identification[0m [1;30mLevel 1[0m _identify(ZEDenv/zenv/bin) by extensions ['ignore', 'ignore_ament_install']
[1.552s] [34mcolcon.colcon_core.package_identification[0m [1;30mLevel 1[0m _identify(ZEDenv/zenv/bin) by extension 'ignore'
[1.552s] [34mcolcon.colcon_core.package_identification[0m [1;30mLevel 1[0m _identify(ZEDenv/zenv/bin) by extension 'ignore_ament_install'
[1.553s] [34mcolcon.colcon_core.package_identification[0m [1;30mLevel 1[0m _identify(ZEDenv/zenv/bin) by extensions ['colcon_pkg']
[1.553s] [34mcolcon.colcon_core.package_identification[0m [1;30mLevel 1[0m _identify(ZEDenv/zenv/bin) by extension 'colcon_pkg'
[1.553s] [34mcolcon.colcon_core.package_identification[0m [1;30mLevel 1[0m _identify(ZEDenv/zenv/bin) by extensions ['colcon_meta']
[1.553s] [34mcolcon.colcon_core.package_identification[0m [1;30mLevel 1[0m _identify(ZEDenv/zenv/bin) by extension 'colcon_meta'
[1.553s] [34mcolcon.colcon_core.package_identification[0m [1;30mLevel 1[0m _identify(ZEDenv/zenv/bin) by extensions ['ros']
[1.553s] [34mcolcon.colcon_core.package_identification[0m [1;30mLevel 1[0m _identify(ZEDenv/zenv/bin) by extension 'ros'
[1.553s] [34mcolcon.colcon_core.package_identification[0m [1;30mLevel 1[0m _identify(ZEDenv/zenv/bin) by extensions ['cmake', 'python']
[1.553s] [34mcolcon.colcon_core.package_identification[0m [1;30mLevel 1[0m _identify(ZEDenv/zenv/bin) by extension 'cmake'
[1.553s] [34mcolcon.colcon_core.package_identification[0m [1;30mLevel 1[0m _identify(ZEDenv/zenv/bin) by extension 'python'
[1.554s] [34mcolcon.colcon_core.package_identification[0m [1;30mLevel 1[0m _identify(ZEDenv/zenv/bin) by extensions ['python_setup_py']
[1.554s] [34mcolcon.colcon_core.package_identification[0m [1;30mLevel 1[0m _identify(ZEDenv/zenv/bin) by extension 'python_setup_py'
[1.554s] [34mcolcon.colcon_core.package_identification[0m [1;30mLevel 1[0m _identify(__pycache__) by extensions ['ignore', 'ignore_ament_install']
[1.554s] [34mcolcon.colcon_core.package_identification[0m [1;30mLevel 1[0m _identify(__pycache__) by extension 'ignore'
[1.554s] [34mcolcon.colcon_core.package_identification[0m [1;30mLevel 1[0m _identify(__pycache__) by extension 'ignore_ament_install'
[1.555s] [34mcolcon.colcon_core.package_identification[0m [1;30mLevel 1[0m _identify(__pycache__) by extensions ['colcon_pkg']
[1.555s] [34mcolcon.colcon_core.package_identification[0m [1;30mLevel 1[0m _identify(__pycache__) by extension 'colcon_pkg'
[1.555s] [34mcolcon.colcon_core.package_identification[0m [1;30mLevel 1[0m _identify(__pycache__) by extensions ['colcon_meta']
[1.555s] [34mcolcon.colcon_core.package_identification[0m [1;30mLevel 1[0m _identify(__pycache__) by extension 'colcon_meta'
[1.555s] [34mcolcon.colcon_core.package_identification[0m [1;30mLevel 1[0m _identify(__pycache__) by extensions ['ros']
[1.555s] [34mcolcon.colcon_core.package_identification[0m [1;30mLevel 1[0m _identify(__pycache__) by extension 'ros'
[1.556s] [34mcolcon.colcon_core.package_identification[0m [1;30mLevel 1[0m _identify(__pycache__) by extensions ['cmake', 'python']
[1.556s] [34mcolcon.colcon_core.package_identification[0m [1;30mLevel 1[0m _identify(__pycache__) by extension 'cmake'
[1.556s] [34mcolcon.colcon_core.package_identification[0m [1;30mLevel 1[0m _identify(__pycache__) by extension 'python'
[1.556s] [34mcolcon.colcon_core.package_identification[0m [1;30mLevel 1[0m _identify(__pycache__) by extensions ['python_setup_py']
[1.556s] [34mcolcon.colcon_core.package_identification[0m [1;30mLevel 1[0m _identify(__pycache__) by extension 'python_setup_py'
[1.557s] [34mcolcon.colcon_core.package_identification[0m [1;30mLevel 1[0m _identify(build) by extensions ['ignore', 'ignore_ament_install']
[1.557s] [34mcolcon.colcon_core.package_identification[0m [1;30mLevel 1[0m _identify(build) by extension 'ignore'
[1.557s] [34mcolcon.colcon_core.package_identification[0m [1;30mLevel 1[0m _identify(build) ignored
[1.558s] [34mcolcon.colcon_core.package_identification[0m [1;30mLevel 1[0m _identify(cavegeneration) by extensions ['ignore', 'ignore_ament_install']
[1.558s] [34mcolcon.colcon_core.package_identification[0m [1;30mLevel 1[0m _identify(cavegeneration) by extension 'ignore'
[1.558s] [34mcolcon.colcon_core.package_identification[0m [1;30mLevel 1[0m _identify(cavegeneration) by extension 'ignore_ament_install'
[1.558s] [34mcolcon.colcon_core.package_identification[0m [1;30mLevel 1[0m _identify(cavegeneration) by extensions ['colcon_pkg']
[1.559s] [34mcolcon.colcon_core.package_identification[0m [1;30mLevel 1[0m _identify(cavegeneration) by extension 'colcon_pkg'
[1.559s] [34mcolcon.colcon_core.package_identification[0m [1;30mLevel 1[0m _identify(cavegeneration) by extensions ['colcon_meta']
[1.559s] [34mcolcon.colcon_core.package_identification[0m [1;30mLevel 1[0m _identify(cavegeneration) by extension 'colcon_meta'
[1.559s] [34mcolcon.colcon_core.package_identification[0m [1;30mLevel 1[0m _identify(cavegeneration) by extensions ['ros']
[1.559s] [34mcolcon.colcon_core.package_identification[0m [1;30mLevel 1[0m _identify(cavegeneration) by extension 'ros'
[1.560s] [34mcolcon.colcon_core.package_identification[0m [1;30mLevel 1[0m _identify(cavegeneration) by extensions ['cmake', 'python']
[1.560s] [34mcolcon.colcon_core.package_identification[0m [1;30mLevel 1[0m _identify(cavegeneration) by extension 'cmake'
[1.560s] [34mcolcon.colcon_core.package_identification[0m [1;30mLevel 1[0m _identify(cavegeneration) by extension 'python'
[1.560s] [34mcolcon.colcon_core.package_identification[0m [1;30mLevel 1[0m _identify(cavegeneration) by extensions ['python_setup_py']
[1.560s] [34mcolcon.colcon_core.package_identification[0m [1;30mLevel 1[0m _identify(cavegeneration) by extension 'python_setup_py'
[1.561s] [34mcolcon.colcon_core.package_identification[0m [1;30mLevel 1[0m _identify(gz_ros2_control) by extensions ['ignore', 'ignore_ament_install']
[1.561s] [34mcolcon.colcon_core.package_identification[0m [1;30mLevel 1[0m _identify(gz_ros2_control) by extension 'ignore'
[1.561s] [34mcolcon.colcon_core.package_identification[0m [1;30mLevel 1[0m _identify(gz_ros2_control) by extension 'ignore_ament_install'
[1.562s] [34mcolcon.colcon_core.package_identification[0m [1;30mLevel 1[0m _identify(gz_ros2_control) by extensions ['colcon_pkg']
[1.562s] [34mcolcon.colcon_core.package_identification[0m [1;30mLevel 1[0m _identify(gz_ros2_control) by extension 'colcon_pkg'
[1.562s] [34mcolcon.colcon_core.package_identification[0m [1;30mLevel 1[0m _identify(gz_ros2_control) by extensions ['colcon_meta']
[1.562s] [34mcolcon.colcon_core.package_identification[0m [1;30mLevel 1[0m _identify(gz_ros2_control) by extension 'colcon_meta'
[1.562s] [34mcolcon.colcon_core.package_identification[0m [1;30mLevel 1[0m _identify(gz_ros2_control) by extensions ['ros']
[1.563s] [34mcolcon.colcon_core.package_identification[0m [1;30mLevel 1[0m _identify(gz_ros2_control) by extension 'ros'
[1.563s] [34mcolcon.colcon_core.package_identification[0m [1;30mLevel 1[0m _identify(gz_ros2_control) by extensions ['cmake', 'python']
[1.563s] [34mcolcon.colcon_core.package_identification[0m [1;30mLevel 1[0m _identify(gz_ros2_control) by extension 'cmake'
[1.563s] [34mcolcon.colcon_core.package_identification[0m [1;30mLevel 1[0m _identify(gz_ros2_control) by extension 'python'
[1.563s] [34mcolcon.colcon_core.package_identification[0m [1;30mLevel 1[0m _identify(gz_ros2_control) by extensions ['python_setup_py']
[1.564s] [34mcolcon.colcon_core.package_identification[0m [1;30mLevel 1[0m _identify(gz_ros2_control) by extension 'python_setup_py'
[1.564s] [34mcolcon.colcon_core.package_identification[0m [1;30mLevel 1[0m _identify(gz_ros2_control/Dockerfile) by extensions ['ignore', 'ignore_ament_install']
[1.564s] [34mcolcon.colcon_core.package_identification[0m [1;30mLevel 1[0m _identify(gz_ros2_control/Dockerfile) by extension 'ignore'
[1.565s] [34mcolcon.colcon_core.package_identification[0m [1;30mLevel 1[0m _identify(gz_ros2_control/Dockerfile) by extension 'ignore_ament_install'
[1.565s] [34mcolcon.colcon_core.package_identification[0m [1;30mLevel 1[0m _identify(gz_ros2_control/Dockerfile) by extensions ['colcon_pkg']
[1.565s] [34mcolcon.colcon_core.package_identification[0m [1;30mLevel 1[0m _identify(gz_ros2_control/Dockerfile) by extension 'colcon_pkg'
[1.565s] [34mcolcon.colcon_core.package_identification[0m [1;30mLevel 1[0m _identify(gz_ros2_control/Dockerfile) by extensions ['colcon_meta']
[1.565s] [34mcolcon.colcon_core.package_identification[0m [1;30mLevel 1[0m _identify(gz_ros2_control/Dockerfile) by extension 'colcon_meta'
[1.566s] [34mcolcon.colcon_core.package_identification[0m [1;30mLevel 1[0m _identify(gz_ros2_control/Dockerfile) by extensions ['ros']
[1.566s] [34mcolcon.colcon_core.package_identification[0m [1;30mLevel 1[0m _identify(gz_ros2_control/Dockerfile) by extension 'ros'
[1.566s] [34mcolcon.colcon_core.package_identification[0m [1;30mLevel 1[0m _identify(gz_ros2_control/Dockerfile) by extensions ['cmake', 'python']
[1.566s] [34mcolcon.colcon_core.package_identification[0m [1;30mLevel 1[0m _identify(gz_ros2_control/Dockerfile) by extension 'cmake'
[1.566s] [34mcolcon.colcon_core.package_identification[0m [1;30mLevel 1[0m _identify(gz_ros2_control/Dockerfile) by extension 'python'
[1.567s] [34mcolcon.colcon_core.package_identification[0m [1;30mLevel 1[0m _identify(gz_ros2_control/Dockerfile) by extensions ['python_setup_py']
[1.567s] [34mcolcon.colcon_core.package_identification[0m [1;30mLevel 1[0m _identify(gz_ros2_control/Dockerfile) by extension 'python_setup_py'
[1.567s] [34mcolcon.colcon_core.package_identification[0m [1;30mLevel 1[0m _identify(gz_ros2_control/doc) by extensions ['ignore', 'ignore_ament_install']
[1.567s] [34mcolcon.colcon_core.package_identification[0m [1;30mLevel 1[0m _identify(gz_ros2_control/doc) by extension 'ignore'
[1.568s] [34mcolcon.colcon_core.package_identification[0m [1;30mLevel 1[0m _identify(gz_ros2_control/doc) by extension 'ignore_ament_install'
[1.568s] [34mcolcon.colcon_core.package_identification[0m [1;30mLevel 1[0m _identify(gz_ros2_control/doc) by extensions ['colcon_pkg']
[1.568s] [34mcolcon.colcon_core.package_identification[0m [1;30mLevel 1[0m _identify(gz_ros2_control/doc) by extension 'colcon_pkg'
[1.568s] [34mcolcon.colcon_core.package_identification[0m [1;30mLevel 1[0m _identify(gz_ros2_control/doc) by extensions ['colcon_meta']
[1.569s] [34mcolcon.colcon_core.package_identification[0m [1;30mLevel 1[0m _identify(gz_ros2_control/doc) by extension 'colcon_meta'
[1.569s] [34mcolcon.colcon_core.package_identification[0m [1;30mLevel 1[0m _identify(gz_ros2_control/doc) by extensions ['ros']
[1.569s] [34mcolcon.colcon_core.package_identification[0m [1;30mLevel 1[0m _identify(gz_ros2_control/doc) by extension 'ros'
[1.569s] [34mcolcon.colcon_core.package_identification[0m [1;30mLevel 1[0m _identify(gz_ros2_control/doc) by extensions ['cmake', 'python']
[1.569s] [34mcolcon.colcon_core.package_identification[0m [1;30mLevel 1[0m _identify(gz_ros2_control/doc) by extension 'cmake'
[1.570s] [34mcolcon.colcon_core.package_identification[0m [1;30mLevel 1[0m _identify(gz_ros2_control/doc) by extension 'python'
[1.570s] [34mcolcon.colcon_core.package_identification[0m [1;30mLevel 1[0m _identify(gz_ros2_control/doc) by extensions ['python_setup_py']
[1.570s] [34mcolcon.colcon_core.package_identification[0m [1;30mLevel 1[0m _identify(gz_ros2_control/doc) by extension 'python_setup_py'
[1.570s] [34mcolcon.colcon_core.package_identification[0m [1;30mLevel 1[0m _identify(gz_ros2_control/doc/img) by extensions ['ignore', 'ignore_ament_install']
[1.570s] [34mcolcon.colcon_core.package_identification[0m [1;30mLevel 1[0m _identify(gz_ros2_control/doc/img) by extension 'ignore'
[1.571s] [34mcolcon.colcon_core.package_identification[0m [1;30mLevel 1[0m _identify(gz_ros2_control/doc/img) by extension 'ignore_ament_install'
[1.571s] [34mcolcon.colcon_core.package_identification[0m [1;30mLevel 1[0m _identify(gz_ros2_control/doc/img) by extensions ['colcon_pkg']
[1.571s] [34mcolcon.colcon_core.package_identification[0m [1;30mLevel 1[0m _identify(gz_ros2_control/doc/img) by extension 'colcon_pkg'
[1.571s] [34mcolcon.colcon_core.package_identification[0m [1;30mLevel 1[0m _identify(gz_ros2_control/doc/img) by extensions ['colcon_meta']
[1.571s] [34mcolcon.colcon_core.package_identification[0m [1;30mLevel 1[0m _identify(gz_ros2_control/doc/img) by extension 'colcon_meta'
[1.571s] [34mcolcon.colcon_core.package_identification[0m [1;30mLevel 1[0m _identify(gz_ros2_control/doc/img) by extensions ['ros']
[1.571s] [34mcolcon.colcon_core.package_identification[0m [1;30mLevel 1[0m _identify(gz_ros2_control/doc/img) by extension 'ros'
[1.571s] [34mcolcon.colcon_core.package_identification[0m [1;30mLevel 1[0m _identify(gz_ros2_control/doc/img) by extensions ['cmake', 'python']
[1.571s] [34mcolcon.colcon_core.package_identification[0m [1;30mLevel 1[0m _identify(gz_ros2_control/doc/img) by extension 'cmake'
[1.571s] [34mcolcon.colcon_core.package_identification[0m [1;30mLevel 1[0m _identify(gz_ros2_control/doc/img) by extension 'python'
[1.572s] [34mcolcon.colcon_core.package_identification[0m [1;30mLevel 1[0m _identify(gz_ros2_control/doc/img) by extensions ['python_setup_py']
[1.572s] [34mcolcon.colcon_core.package_identification[0m [1;30mLevel 1[0m _identify(gz_ros2_control/doc/img) by extension 'python_setup_py'
[1.572s] [34mcolcon.colcon_core.package_identification[0m [1;30mLevel 1[0m _identify(gz_ros2_control/gz_ros2_control) by extensions ['ignore', 'ignore_ament_install']
[1.573s] [34mcolcon.colcon_core.package_identification[0m [1;30mLevel 1[0m _identify(gz_ros2_control/gz_ros2_control) by extension 'ignore'
[1.573s] [34mcolcon.colcon_core.package_identification[0m [1;30mLevel 1[0m _identify(gz_ros2_control/gz_ros2_control) by extension 'ignore_ament_install'
[1.573s] [34mcolcon.colcon_core.package_identification[0m [1;30mLevel 1[0m _identify(gz_ros2_control/gz_ros2_control) by extensions ['colcon_pkg']
[1.573s] [34mcolcon.colcon_core.package_identification[0m [1;30mLevel 1[0m _identify(gz_ros2_control/gz_ros2_control) by extension 'colcon_pkg'
[1.574s] [34mcolcon.colcon_core.package_identification[0m [1;30mLevel 1[0m _identify(gz_ros2_control/gz_ros2_control) by extensions ['colcon_meta']
[1.574s] [34mcolcon.colcon_core.package_identification[0m [1;30mLevel 1[0m _identify(gz_ros2_control/gz_ros2_control) by extension 'colcon_meta'
[1.574s] [34mcolcon.colcon_core.package_identification[0m [1;30mLevel 1[0m _identify(gz_ros2_control/gz_ros2_control) by extensions ['ros']
[1.574s] [34mcolcon.colcon_core.package_identification[0m [1;30mLevel 1[0m _identify(gz_ros2_control/gz_ros2_control) by extension 'ros'
[1.606s] [34mcolcon.colcon_core.package_identification[0m [1;30mDEBUG[0m [32mPackage 'gz_ros2_control/gz_ros2_control' with type 'ros.ament_cmake' and name 'gz_ros2_control'[0m
[1.607s] [34mcolcon.colcon_core.package_identification[0m [1;30mLevel 1[0m _identify(gz_ros2_control/gz_ros2_control_demos) by extensions ['ignore', 'ignore_ament_install']
[1.607s] [34mcolcon.colcon_core.package_identification[0m [1;30mLevel 1[0m _identify(gz_ros2_control/gz_ros2_control_demos) by extension 'ignore'
[1.608s] [34mcolcon.colcon_core.package_identification[0m [1;30mLevel 1[0m _identify(gz_ros2_control/gz_ros2_control_demos) by extension 'ignore_ament_install'
[1.608s] [34mcolcon.colcon_core.package_identification[0m [1;30mLevel 1[0m _identify(gz_ros2_control/gz_ros2_control_demos) by extensions ['colcon_pkg']
[1.608s] [34mcolcon.colcon_core.package_identification[0m [1;30mLevel 1[0m _identify(gz_ros2_control/gz_ros2_control_demos) by extension 'colcon_pkg'
[1.608s] [34mcolcon.colcon_core.package_identification[0m [1;30mLevel 1[0m _identify(gz_ros2_control/gz_ros2_control_demos) by extensions ['colcon_meta']
[1.609s] [34mcolcon.colcon_core.package_identification[0m [1;30mLevel 1[0m _identify(gz_ros2_control/gz_ros2_control_demos) by extension 'colcon_meta'
[1.609s] [34mcolcon.colcon_core.package_identification[0m [1;30mLevel 1[0m _identify(gz_ros2_control/gz_ros2_control_demos) by extensions ['ros']
[1.609s] [34mcolcon.colcon_core.package_identification[0m [1;30mLevel 1[0m _identify(gz_ros2_control/gz_ros2_control_demos) by extension 'ros'
[1.624s] [34mcolcon.colcon_core.package_identification[0m [1;30mDEBUG[0m [32mPackage 'gz_ros2_control/gz_ros2_control_demos' with type 'ros.ament_cmake' and name 'gz_ros2_control_demos'[0m
[1.624s] [34mcolcon.colcon_core.package_identification[0m [1;30mLevel 1[0m _identify(gz_ros2_control/gz_ros2_control_tests) by extensions ['ignore', 'ignore_ament_install']
[1.625s] [34mcolcon.colcon_core.package_identification[0m [1;30mLevel 1[0m _identify(gz_ros2_control/gz_ros2_control_tests) by extension 'ignore'
[1.625s] [34mcolcon.colcon_core.package_identification[0m [1;30mLevel 1[0m _identify(gz_ros2_control/gz_ros2_control_tests) by extension 'ignore_ament_install'
[1.626s] [34mcolcon.colcon_core.package_identification[0m [1;30mLevel 1[0m _identify(gz_ros2_control/gz_ros2_control_tests) by extensions ['colcon_pkg']
[1.626s] [34mcolcon.colcon_core.package_identification[0m [1;30mLevel 1[0m _identify(gz_ros2_control/gz_ros2_control_tests) by extension 'colcon_pkg'
[1.626s] [34mcolcon.colcon_core.package_identification[0m [1;30mLevel 1[0m _identify(gz_ros2_control/gz_ros2_control_tests) by extensions ['colcon_meta']
[1.626s] [34mcolcon.colcon_core.package_identification[0m [1;30mLevel 1[0m _identify(gz_ros2_control/gz_ros2_control_tests) by extension 'colcon_meta'
[1.627s] [34mcolcon.colcon_core.package_identification[0m [1;30mLevel 1[0m _identify(gz_ros2_control/gz_ros2_control_tests) by extensions ['ros']
[1.627s] [34mcolcon.colcon_core.package_identification[0m [1;30mLevel 1[0m _identify(gz_ros2_control/gz_ros2_control_tests) by extension 'ros'
[1.630s] [34mcolcon.colcon_core.package_identification[0m [1;30mDEBUG[0m [32mPackage 'gz_ros2_control/gz_ros2_control_tests' with type 'ros.ament_cmake' and name 'gz_ros2_control_tests'[0m
[1.631s] [34mcolcon.colcon_core.package_identification[0m [1;30mLevel 1[0m _identify(gz_ros2_control/ign_ros2_control) by extensions ['ignore', 'ignore_ament_install']
[1.631s] [34mcolcon.colcon_core.package_identification[0m [1;30mLevel 1[0m _identify(gz_ros2_control/ign_ros2_control) by extension 'ignore'
[1.632s] [34mcolcon.colcon_core.package_identification[0m [1;30mLevel 1[0m _identify(gz_ros2_control/ign_ros2_control) by extension 'ignore_ament_install'
[1.632s] [34mcolcon.colcon_core.package_identification[0m [1;30mLevel 1[0m _identify(gz_ros2_control/ign_ros2_control) by extensions ['colcon_pkg']
[1.632s] [34mcolcon.colcon_core.package_identification[0m [1;30mLevel 1[0m _identify(gz_ros2_control/ign_ros2_control) by extension 'colcon_pkg'
[1.632s] [34mcolcon.colcon_core.package_identification[0m [1;30mLevel 1[0m _identify(gz_ros2_control/ign_ros2_control) by extensions ['colcon_meta']
[1.632s] [34mcolcon.colcon_core.package_identification[0m [1;30mLevel 1[0m _identify(gz_ros2_control/ign_ros2_control) by extension 'colcon_meta'
[1.633s] [34mcolcon.colcon_core.package_identification[0m [1;30mLevel 1[0m _identify(gz_ros2_control/ign_ros2_control) by extensions ['ros']
[1.633s] [34mcolcon.colcon_core.package_identification[0m [1;30mLevel 1[0m _identify(gz_ros2_control/ign_ros2_control) by extension 'ros'
[1.635s] [34mcolcon.colcon_core.package_identification[0m [1;30mDEBUG[0m [32mPackage 'gz_ros2_control/ign_ros2_control' with type 'ros.ament_cmake' and name 'ign_ros2_control'[0m
[1.635s] [34mcolcon.colcon_core.package_identification[0m [1;30mLevel 1[0m _identify(gz_ros2_control/ign_ros2_control_demos) by extensions ['ignore', 'ignore_ament_install']
[1.635s] [34mcolcon.colcon_core.package_identification[0m [1;30mLevel 1[0m _identify(gz_ros2_control/ign_ros2_control_demos) by extension 'ignore'
[1.636s] [34mcolcon.colcon_core.package_identification[0m [1;30mLevel 1[0m _identify(gz_ros2_control/ign_ros2_control_demos) by extension 'ignore_ament_install'
[1.636s] [34mcolcon.colcon_core.package_identification[0m [1;30mLevel 1[0m _identify(gz_ros2_control/ign_ros2_control_demos) by extensions ['colcon_pkg']
[1.636s] [34mcolcon.colcon_core.package_identification[0m [1;30mLevel 1[0m _identify(gz_ros2_control/ign_ros2_control_demos) by extension 'colcon_pkg'
[1.636s] [34mcolcon.colcon_core.package_identification[0m [1;30mLevel 1[0m _identify(gz_ros2_control/ign_ros2_control_demos) by extensions ['colcon_meta']
[1.636s] [34mcolcon.colcon_core.package_identification[0m [1;30mLevel 1[0m _identify(gz_ros2_control/ign_ros2_control_demos) by extension 'colcon_meta'
[1.636s] [34mcolcon.colcon_core.package_identification[0m [1;30mLevel 1[0m _identify(gz_ros2_control/ign_ros2_control_demos) by extensions ['ros']
[1.636s] [34mcolcon.colcon_core.package_identification[0m [1;30mLevel 1[0m _identify(gz_ros2_control/ign_ros2_control_demos) by extension 'ros'
[1.640s] [34mcolcon.colcon_core.package_identification[0m [1;30mDEBUG[0m [32mPackage 'gz_ros2_control/ign_ros2_control_demos' with type 'ros.ament_cmake' and name 'ign_ros2_control_demos'[0m
[1.640s] [34mcolcon.colcon_core.package_identification[0m [1;30mLevel 1[0m _identify(install) by extensions ['ignore', 'ignore_ament_install']
[1.641s] [34mcolcon.colcon_core.package_identification[0m [1;30mLevel 1[0m _identify(install) by extension 'ignore'
[1.641s] [34mcolcon.colcon_core.package_identification[0m [1;30mLevel 1[0m _identify(install) ignored
[1.642s] [34mcolcon.colcon_core.package_identification[0m [1;30mLevel 1[0m _identify(kinematicGait) by extensions ['ignore', 'ignore_ament_install']
[1.642s] [34mcolcon.colcon_core.package_identification[0m [1;30mLevel 1[0m _identify(kinematicGait) by extension 'ignore'
[1.642s] [34mcolcon.colcon_core.package_identification[0m [1;30mLevel 1[0m _identify(kinematicGait) by extension 'ignore_ament_install'
[1.642s] [34mcolcon.colcon_core.package_identification[0m [1;30mLevel 1[0m _identify(kinematicGait) by extensions ['colcon_pkg']
[1.643s] [34mcolcon.colcon_core.package_identification[0m [1;30mLevel 1[0m _identify(kinematicGait) by extension 'colcon_pkg'
[1.643s] [34mcolcon.colcon_core.package_identification[0m [1;30mLevel 1[0m _identify(kinematicGait) by extensions ['colcon_meta']
[1.643s] [34mcolcon.colcon_core.package_identification[0m [1;30mLevel 1[0m _identify(kinematicGait) by extension 'colcon_meta'
[1.643s] [34mcolcon.colcon_core.package_identification[0m [1;30mLevel 1[0m _identify(kinematicGait) by extensions ['ros']
[1.644s] [34mcolcon.colcon_core.package_identification[0m [1;30mLevel 1[0m _identify(kinematicGait) by extension 'ros'
[1.644s] [34mcolcon.colcon_core.package_identification[0m [1;30mLevel 1[0m _identify(kinematicGait) by extensions ['cmake', 'python']
[1.644s] [34mcolcon.colcon_core.package_identification[0m [1;30mLevel 1[0m _identify(kinematicGait) by extension 'cmake'
[1.644s] [34mcolcon.colcon_core.package_identification[0m [1;30mLevel 1[0m _identify(kinematicGait) by extension 'python'
[1.645s] [34mcolcon.colcon_core.package_identification[0m [1;30mLevel 1[0m _identify(kinematicGait) by extensions ['python_setup_py']
[1.645s] [34mcolcon.colcon_core.package_identification[0m [1;30mLevel 1[0m _identify(kinematicGait) by extension 'python_setup_py'
[1.645s] [34mcolcon.colcon_core.package_identification[0m [1;30mLevel 1[0m _identify(log) by extensions ['ignore', 'ignore_ament_install']
[1.646s] [34mcolcon.colcon_core.package_identification[0m [1;30mLevel 1[0m _identify(log) by extension 'ignore'
[1.646s] [34mcolcon.colcon_core.package_identification[0m [1;30mLevel 1[0m _identify(log) ignored
[1.646s] [34mcolcon.colcon_core.package_identification[0m [1;30mLevel 1[0m _identify(mujoco_expei) by extensions ['ignore', 'ignore_ament_install']
[1.647s] [34mcolcon.colcon_core.package_identification[0m [1;30mLevel 1[0m _identify(mujoco_expei) by extension 'ignore'
[1.647s] [34mcolcon.colcon_core.package_identification[0m [1;30mLevel 1[0m _identify(mujoco_expei) by extension 'ignore_ament_install'
[1.647s] [34mcolcon.colcon_core.package_identification[0m [1;30mLevel 1[0m _identify(mujoco_expei) by extensions ['colcon_pkg']
[1.648s] [34mcolcon.colcon_core.package_identification[0m [1;30mLevel 1[0m _identify(mujoco_expei) by extension 'colcon_pkg'
[1.648s] [34mcolcon.colcon_core.package_identification[0m [1;30mLevel 1[0m _identify(mujoco_expei) by extensions ['colcon_meta']
[1.648s] [34mcolcon.colcon_core.package_identification[0m [1;30mLevel 1[0m _identify(mujoco_expei) by extension 'colcon_meta'
[1.648s] [34mcolcon.colcon_core.package_identification[0m [1;30mLevel 1[0m _identify(mujoco_expei) by extensions ['ros']
[1.648s] [34mcolcon.colcon_core.package_identification[0m [1;30mLevel 1[0m _identify(mujoco_expei) by extension 'ros'
[1.649s] [34mcolcon.colcon_core.package_identification[0m [1;30mLevel 1[0m _identify(mujoco_expei) by extensions ['cmake', 'python']
[1.649s] [34mcolcon.colcon_core.package_identification[0m [1;30mLevel 1[0m _identify(mujoco_expei) by extension 'cmake'
[1.649s] [34mcolcon.colcon_core.package_identification[0m [1;30mLevel 1[0m _identify(mujoco_expei) by extension 'python'
[1.649s] [34mcolcon.colcon_core.package_identification[0m [1;30mLevel 1[0m _identify(mujoco_expei) by extensions ['python_setup_py']
[1.649s] [34mcolcon.colcon_core.package_identification[0m [1;30mLevel 1[0m _identify(mujoco_expei) by extension 'python_setup_py'
[1.650s] [34mcolcon.colcon_core.package_identification[0m [1;30mLevel 1[0m _identify(mujoco_expei/__pycache__) by extensions ['ignore', 'ignore_ament_install']
[1.650s] [34mcolcon.colcon_core.package_identification[0m [1;30mLevel 1[0m _identify(mujoco_expei/__pycache__) by extension 'ignore'
[1.650s] [34mcolcon.colcon_core.package_identification[0m [1;30mLevel 1[0m _identify(mujoco_expei/__pycache__) by extension 'ignore_ament_install'
[1.650s] [34mcolcon.colcon_core.package_identification[0m [1;30mLevel 1[0m _identify(mujoco_expei/__pycache__) by extensions ['colcon_pkg']
[1.651s] [34mcolcon.colcon_core.package_identification[0m [1;30mLevel 1[0m _identify(mujoco_expei/__pycache__) by extension 'colcon_pkg'
[1.651s] [34mcolcon.colcon_core.package_identification[0m [1;30mLevel 1[0m _identify(mujoco_expei/__pycache__) by extensions ['colcon_meta']
[1.651s] [34mcolcon.colcon_core.package_identification[0m [1;30mLevel 1[0m _identify(mujoco_expei/__pycache__) by extension 'colcon_meta'
[1.651s] [34mcolcon.colcon_core.package_identification[0m [1;30mLevel 1[0m _identify(mujoco_expei/__pycache__) by extensions ['ros']
[1.651s] [34mcolcon.colcon_core.package_identification[0m [1;30mLevel 1[0m _identify(mujoco_expei/__pycache__) by extension 'ros'
[1.651s] [34mcolcon.colcon_core.package_identification[0m [1;30mLevel 1[0m _identify(mujoco_expei/__pycache__) by extensions ['cmake', 'python']
[1.651s] [34mcolcon.colcon_core.package_identification[0m [1;30mLevel 1[0m _identify(mujoco_expei/__pycache__) by extension 'cmake'
[1.651s] [34mcolcon.colcon_core.package_identification[0m [1;30mLevel 1[0m _identify(mujoco_expei/__pycache__) by extension 'python'
[1.652s] [34mcolcon.colcon_core.package_identification[0m [1;30mLevel 1[0m _identify(mujoco_expei/__pycache__) by extensions ['python_setup_py']
[1.652s] [34mcolcon.colcon_core.package_identification[0m [1;30mLevel 1[0m _identify(mujoco_expei/__pycache__) by extension 'python_setup_py'
[1.652s] [34mcolcon.colcon_core.package_identification[0m [1;30mLevel 1[0m _identify(mujoco_expei/meshes) by extensions ['ignore', 'ignore_ament_install']
[1.652s] [34mcolcon.colcon_core.package_identification[0m [1;30mLevel 1[0m _identify(mujoco_expei/meshes) by extension 'ignore'
[1.652s] [34mcolcon.colcon_core.package_identification[0m [1;30mLevel 1[0m _identify(mujoco_expei/meshes) by extension 'ignore_ament_install'
[1.652s] [34mcolcon.colcon_core.package_identification[0m [1;30mLevel 1[0m _identify(mujoco_expei/meshes) by extensions ['colcon_pkg']
[1.652s] [34mcolcon.colcon_core.package_identification[0m [1;30mLevel 1[0m _identify(mujoco_expei/meshes) by extension 'colcon_pkg'
[1.652s] [34mcolcon.colcon_core.package_identification[0m [1;30mLevel 1[0m _identify(mujoco_expei/meshes) by extensions ['colcon_meta']
[1.652s] [34mcolcon.colcon_core.package_identification[0m [1;30mLevel 1[0m _identify(mujoco_expei/meshes) by extension 'colcon_meta'
[1.653s] [34mcolcon.colcon_core.package_identification[0m [1;30mLevel 1[0m _identify(mujoco_expei/meshes) by extensions ['ros']
[1.653s] [34mcolcon.colcon_core.package_identification[0m [1;30mLevel 1[0m _identify(mujoco_expei/meshes) by extension 'ros'
[1.653s] [34mcolcon.colcon_core.package_identification[0m [1;30mLevel 1[0m _identify(mujoco_expei/meshes) by extensions ['cmake', 'python']
[1.653s] [34mcolcon.colcon_core.package_identification[0m [1;30mLevel 1[0m _identify(mujoco_expei/meshes) by extension 'cmake'
[1.653s] [34mcolcon.colcon_core.package_identification[0m [1;30mLevel 1[0m _identify(mujoco_expei/meshes) by extension 'python'
[1.654s] [34mcolcon.colcon_core.package_identification[0m [1;30mLevel 1[0m _identify(mujoco_expei/meshes) by extensions ['python_setup_py']
[1.654s] [34mcolcon.colcon_core.package_identification[0m [1;30mLevel 1[0m _identify(mujoco_expei/meshes) by extension 'python_setup_py'
[1.654s] [34mcolcon.colcon_core.package_identification[0m [1;30mLevel 1[0m _identify(pointcloud) by extensions ['ignore', 'ignore_ament_install']
[1.655s] [34mcolcon.colcon_core.package_identification[0m [1;30mLevel 1[0m _identify(pointcloud) by extension 'ignore'
[1.655s] [34mcolcon.colcon_core.package_identification[0m [1;30mLevel 1[0m _identify(pointcloud) by extension 'ignore_ament_install'
[1.655s] [34mcolcon.colcon_core.package_identification[0m [1;30mLevel 1[0m _identify(pointcloud) by extensions ['colcon_pkg']
[1.655s] [34mcolcon.colcon_core.package_identification[0m [1;30mLevel 1[0m _identify(pointcloud) by extension 'colcon_pkg'
[1.655s] [34mcolcon.colcon_core.package_identification[0m [1;30mLevel 1[0m _identify(pointcloud) by extensions ['colcon_meta']
[1.655s] [34mcolcon.colcon_core.package_identification[0m [1;30mLevel 1[0m _identify(pointcloud) by extension 'colcon_meta'
[1.656s] [34mcolcon.colcon_core.package_identification[0m [1;30mLevel 1[0m _identify(pointcloud) by extensions ['ros']
[1.656s] [34mcolcon.colcon_core.package_identification[0m [1;30mLevel 1[0m _identify(pointcloud) by extension 'ros'
[1.656s] [34mcolcon.colcon_core.package_identification[0m [1;30mLevel 1[0m _identify(pointcloud) by extensions ['cmake', 'python']
[1.656s] [34mcolcon.colcon_core.package_identification[0m [1;30mLevel 1[0m _identify(pointcloud) by extension 'cmake'
[1.656s] [34mcolcon.colcon_core.package_identification[0m [1;30mLevel 1[0m _identify(pointcloud) by extension 'python'
[1.657s] [34mcolcon.colcon_core.package_identification[0m [1;30mLevel 1[0m _identify(pointcloud) by extensions ['python_setup_py']
[1.657s] [34mcolcon.colcon_core.package_identification[0m [1;30mLevel 1[0m _identify(pointcloud) by extension 'python_setup_py'
[1.657s] [34mcolcon.colcon_core.package_identification[0m [1;30mLevel 1[0m _identify(potentiometer) by extensions ['ignore', 'ignore_ament_install']
[1.658s] [34mcolcon.colcon_core.package_identification[0m [1;30mLevel 1[0m _identify(potentiometer) by extension 'ignore'
[1.658s] [34mcolcon.colcon_core.package_identification[0m [1;30mLevel 1[0m _identify(potentiometer) by extension 'ignore_ament_install'
[1.658s] [34mcolcon.colcon_core.package_identification[0m [1;30mLevel 1[0m _identify(potentiometer) by extensions ['colcon_pkg']
[1.658s] [34mcolcon.colcon_core.package_identification[0m [1;30mLevel 1[0m _identify(potentiometer) by extension 'colcon_pkg'
[1.658s] [34mcolcon.colcon_core.package_identification[0m [1;30mLevel 1[0m _identify(potentiometer) by extensions ['colcon_meta']
[1.658s] [34mcolcon.colcon_core.package_identification[0m [1;30mLevel 1[0m _identify(potentiometer) by extension 'colcon_meta'
[1.659s] [34mcolcon.colcon_core.package_identification[0m [1;30mLevel 1[0m _identify(potentiometer) by extensions ['ros']
[1.659s] [34mcolcon.colcon_core.package_identification[0m [1;30mLevel 1[0m _identify(potentiometer) by extension 'ros'
[1.659s] [34mcolcon.colcon_core.package_identification[0m [1;30mLevel 1[0m _identify(potentiometer) by extensions ['cmake', 'python']
[1.659s] [34mcolcon.colcon_core.package_identification[0m [1;30mLevel 1[0m _identify(potentiometer) by extension 'cmake'
[1.659s] [34mcolcon.colcon_core.package_identification[0m [1;30mLevel 1[0m _identify(potentiometer) by extension 'python'
[1.659s] [34mcolcon.colcon_core.package_identification[0m [1;30mLevel 1[0m _identify(potentiometer) by extensions ['python_setup_py']
[1.660s] [34mcolcon.colcon_core.package_identification[0m [1;30mLevel 1[0m _identify(potentiometer) by extension 'python_setup_py'
[1.660s] [34mcolcon.colcon_core.package_discovery[0m [1;30mLevel 1[0m discover_packages(recursive) using defaults
[1.660s] [34mcolcon.colcon_core.package_discovery[0m [1;30mLevel 1[0m discover_packages(ignore) discover
[1.660s] [34mcolcon.colcon_core.package_discovery[0m [1;30mLevel 1[0m discover_packages(ignore) using defaults
[1.661s] [34mcolcon.colcon_core.package_discovery[0m [1;30mLevel 1[0m discover_packages(path) discover
[1.661s] [34mcolcon.colcon_core.package_discovery[0m [1;30mLevel 1[0m discover_packages(path) using defaults
[1.743s] [34mcolcon.colcon_core.package_selection[0m [1;30mINFO[0m Skipping not selected package 'cheetah_ros2' in 'ROS/src/cheetah_ros2'
[1.744s] [34mcolcon.colcon_core.package_selection[0m [1;30mINFO[0m Skipping not selected package 'cpg_ros2' in 'ROS/src/cpg_ros2'
[1.744s] [34mcolcon.colcon_core.package_selection[0m [1;30mINFO[0m Skipping not selected package 'elevation_mapping' in 'ROS/src/elevation_mapping'
[1.744s] [34mcolcon.colcon_core.package_selection[0m [1;30mINFO[0m Skipping not selected package 'gz_ros2_control' in 'gz_ros2_control/gz_ros2_control'
[1.744s] [34mcolcon.colcon_core.package_selection[0m [1;30mINFO[0m Skipping not selected package 'kin_ros2' in 'ROS/src/kin_ros2'
[1.745s] [34mcolcon.colcon_core.package_selection[0m [1;30mINFO[0m Skipping not selected package 'perception' in 'ROS/src/perception'
[1.745s] [34mcolcon.colcon_core.package_selection[0m [1;30mINFO[0m Skipping not selected package 'quad_interface' in 'ROS/src/quad_interface'
[1.745s] [34mcolcon.colcon_core.package_selection[0m [1;30mINFO[0m Skipping not selected package 'rl_ros2' in 'ROS/src/rl_ros2'
[1.745s] [34mcolcon.colcon_core.package_selection[0m [1;30mINFO[0m Skipping not selected package 'rlpa_ros2' in 'ROS/src/rlpa_ros2'
[1.745s] [34mcolcon.colcon_core.package_selection[0m [1;30mINFO[0m Skipping not selected package 'sim_robot_fixed' in 'ROS/src/sim_robot_fixed'
[1.745s] [34mcolcon.colcon_core.package_selection[0m [1;30mINFO[0m Skipping not selected package 'gz_ros2_control_demos' in 'gz_ros2_control/gz_ros2_control_demos'
[1.745s] [34mcolcon.colcon_core.package_selection[0m [1;30mINFO[0m Skipping not selected package 'ign_ros2_control' in 'gz_ros2_control/ign_ros2_control'
[1.745s] [34mcolcon.colcon_core.package_selection[0m [1;30mINFO[0m Skipping not selected package 'robot_caves' in 'ROS/src/robot_caves'
[1.746s] [34mcolcon.colcon_core.package_selection[0m [1;30mINFO[0m Skipping not selected package 'ign_ros2_control_demos' in 'gz_ros2_control/ign_ros2_control_demos'
[1.746s] [34mcolcon.colcon_core.package_selection[0m [1;30mINFO[0m Skipping not selected package 'gz_ros2_control_tests' in 'gz_ros2_control/gz_ros2_control_tests'
[1.748s] [34mcolcon.colcon_core.package_discovery[0m [1;30mLevel 1[0m discover_packages(prefix_path) check parameters
[1.748s] [34mcolcon.colcon_core.package_discovery[0m [1;30mLevel 1[0m discover_packages(prefix_path) discover
[1.756s] [34mcolcon.colcon_installed_package_information.package_discovery[0m [1;30mDEBUG[0m [32mFound 7 installed packages in /home/mubashir/Documents/FYP-Legged-Robot-main/Code/install[0m
[1.760s] [34mcolcon.colcon_installed_package_information.package_discovery[0m [1;30mDEBUG[0m [32mFound 6 installed packages in /home/mubashir/Documents/FYP-Legged-Robot-main/Code/ROS/install[0m
[1.764s] [34mcolcon.colcon_installed_package_information.package_discovery[0m [1;30mDEBUG[0m [32mFound 6 installed packages in /home/mubashir/gz_control_ws/install[0m
[1.770s] [34mcolcon.colcon_installed_package_information.package_discovery[0m [1;30mDEBUG[0m [32mFound 397 installed packages in /opt/ros/humble[0m
[1.778s] [34mcolcon.colcon_core.package_discovery[0m [1;30mLevel 1[0m discover_packages(prefix_path) using defaults
[1.982s] [34mcolcon.colcon_core.verb[0m [1;30mLevel 5[0m set package 'sim_robot' build argument 'cmake_args' from command line to 'None'
[1.983s] [34mcolcon.colcon_core.verb[0m [1;30mLevel 5[0m set package 'sim_robot' build argument 'cmake_target' from command line to 'None'
[1.983s] [34mcolcon.colcon_core.verb[0m [1;30mLevel 5[0m set package 'sim_robot' build argument 'cmake_target_skip_unavailable' from command line to 'False'
[1.983s] [34mcolcon.colcon_core.verb[0m [1;30mLevel 5[0m set package 'sim_robot' build argument 'cmake_clean_cache' from command line to 'False'
[1.983s] [34mcolcon.colcon_core.verb[0m [1;30mLevel 5[0m set package 'sim_robot' build argument 'cmake_clean_first' from command line to 'False'
[1.984s] [34mcolcon.colcon_core.verb[0m [1;30mLevel 5[0m set package 'sim_robot' build argument 'cmake_force_configure' from command line to 'False'
[1.984s] [34mcolcon.colcon_core.verb[0m [1;30mLevel 5[0m set package 'sim_robot' build argument 'ament_cmake_args' from command line to 'None'
[1.984s] [34mcolcon.colcon_core.verb[0m [1;30mLevel 5[0m set package 'sim_robot' build argument 'catkin_cmake_args' from command line to 'None'
[1.984s] [34mcolcon.colcon_core.verb[0m [1;30mLevel 5[0m set package 'sim_robot' build argument 'catkin_skip_building_tests' from command line to 'False'
[1.984s] [34mcolcon.colcon_core.verb[0m [1;30mDEBUG[0m [32mBuilding package 'sim_robot' with the following arguments: {'ament_cmake_args': None, 'build_base': '/home/mubashir/Documents/FYP-Legged-Robot-main/Code/build/sim_robot', 'catkin_cmake_args': None, 'catkin_skip_building_tests': False, 'cmake_args': None, 'cmake_clean_cache': False, 'cmake_clean_first': False, 'cmake_force_configure': False, 'cmake_target': None, 'cmake_target_skip_unavailable': False, 'install_base': '/home/mubashir/Documents/FYP-Legged-Robot-main/Code/install/sim_robot', 'merge_install': False, 'path': '/home/mubashir/Documents/FYP-Legged-Robot-main/Code/ROS/src/sim_robot', 'symlink_install': False, 'test_result_base': None}[0m
[1.985s] [34mcolcon.colcon_core.executor[0m [1;30mINFO[0m Executing jobs using 'parallel' executor
[1.989s] [34mcolcon.colcon_parallel_executor.executor.parallel[0m [1;30mDEBUG[0m [32mrun_until_complete[0m
[1.990s] [34mcolcon.colcon_ros.task.ament_python.build[0m [1;30mINFO[0m Building ROS package in '/home/mubashir/Documents/FYP-Legged-Robot-main/Code/ROS/src/sim_robot' with build type 'ament_python'
[1.991s] [34mcolcon.colcon_core.shell[0m [1;30mLevel 1[0m create_environment_hook('sim_robot', 'ament_prefix_path')
[2.000s] [34mcolcon.colcon_core.plugin_system[0m [1;30mINFO[0m Skipping extension 'colcon_core.shell.bat': Not used on non-Windows systems
[2.001s] [34mcolcon.colcon_core.shell[0m [1;30mINFO[0m Creating environment hook '/home/mubashir/Documents/FYP-Legged-Robot-main/Code/install/sim_robot/share/sim_robot/hook/ament_prefix_path.ps1'
[2.005s] [34mcolcon.colcon_core.shell[0m [1;30mINFO[0m Creating environment descriptor '/home/mubashir/Documents/FYP-Legged-Robot-main/Code/install/sim_robot/share/sim_robot/hook/ament_prefix_path.dsv'
[2.008s] [34mcolcon.colcon_core.shell[0m [1;30mINFO[0m Creating environment hook '/home/mubashir/Documents/FYP-Legged-Robot-main/Code/install/sim_robot/share/sim_robot/hook/ament_prefix_path.sh'
[2.012s] [34mcolcon.colcon_core.shell[0m [1;30mINFO[0m Skip shell extension 'powershell' for command environment: Not usable outside of PowerShell
[2.013s] [34mcolcon.colcon_core.shell[0m [1;30mDEBUG[0m [32mSkip shell extension 'dsv' for command environment[0m
[3.339s] [34mcolcon.colcon_core.task.python.build[0m [1;30mINFO[0m Building Python package in '/home/mubashir/Documents/FYP-Legged-Robot-main/Code/ROS/src/sim_robot'
[3.341s] [34mcolcon.colcon_core.shell[0m [1;30mINFO[0m Skip shell extension 'powershell' for command environment: Not usable outside of PowerShell
[3.341s] [34mcolcon.colcon_core.shell[0m [1;30mDEBUG[0m [32mSkip shell extension 'dsv' for command environment[0m
[5.271s] [34mcolcon.colcon_core.event_handler.log_command[0m [1;30mDEBUG[0m [32mInvoking command in '/home/mubashir/Documents/FYP-Legged-Robot-main/Code/ROS/src/sim_robot': PYTHONPATH=/home/mubashir/Documents/FYP-Legged-Robot-main/Code/build/sim_robot/prefix_override:/usr/lib/python3/dist-packages/colcon_core/task/python/colcon_distutils_commands:/home/mubashir/Documents/FYP-Legged-Robot-main/Code/install/sim_robot/lib/python3.10/site-packages:${PYTHONPATH} /usr/bin/python3 -W ignore:setup.py install is deprecated -W ignore:easy_install command is deprecated setup.py egg_info --egg-base ../../../build/sim_robot build --build-base /home/mubashir/Documents/FYP-Legged-Robot-main/Code/build/sim_robot/build install --record /home/mubashir/Documents/FYP-Legged-Robot-main/Code/build/sim_robot/install.log --single-version-externally-managed install_data[0m
[6.801s] [34mcolcon.colcon_core.event_handler.log_command[0m [1;30mDEBUG[0m [32mInvoked command in '/home/mubashir/Documents/FYP-Legged-Robot-main/Code/ROS/src/sim_robot' returned '0': PYTHONPATH=/home/mubashir/Documents/FYP-Legged-Robot-main/Code/build/sim_robot/prefix_override:/usr/lib/python3/dist-packages/colcon_core/task/python/colcon_distutils_commands:/home/mubashir/Documents/FYP-Legged-Robot-main/Code/install/sim_robot/lib/python3.10/site-packages:${PYTHONPATH} /usr/bin/python3 -W ignore:setup.py install is deprecated -W ignore:easy_install command is deprecated setup.py egg_info --egg-base ../../../build/sim_robot build --build-base /home/mubashir/Documents/FYP-Legged-Robot-main/Code/build/sim_robot/build install --record /home/mubashir/Documents/FYP-Legged-Robot-main/Code/build/sim_robot/install.log --single-version-externally-managed install_data[0m
[6.818s] [34mcolcon.colcon_core.environment[0m [1;30mLevel 1[0m checking '/home/mubashir/Documents/FYP-Legged-Robot-main/Code/install/sim_robot' for CMake module files
[6.821s] [34mcolcon.colcon_core.environment[0m [1;30mLevel 1[0m checking '/home/mubashir/Documents/FYP-Legged-Robot-main/Code/install/sim_robot' for CMake config files
[6.826s] [34mcolcon.colcon_core.environment[0m [1;30mLevel 1[0m checking '/home/mubashir/Documents/FYP-Legged-Robot-main/Code/install/sim_robot/lib'
[6.827s] [34mcolcon.colcon_core.environment[0m [1;30mLevel 1[0m checking '/home/mubashir/Documents/FYP-Legged-Robot-main/Code/install/sim_robot/bin'
[6.827s] [34mcolcon.colcon_core.environment[0m [1;30mLevel 1[0m checking '/home/mubashir/Documents/FYP-Legged-Robot-main/Code/install/sim_robot/lib/pkgconfig/sim_robot.pc'
[6.828s] [34mcolcon.colcon_core.environment[0m [1;30mLevel 1[0m checking '/home/mubashir/Documents/FYP-Legged-Robot-main/Code/install/sim_robot/lib/python3.10/site-packages'
[6.828s] [34mcolcon.colcon_core.shell[0m [1;30mLevel 1[0m create_environment_hook('sim_robot', 'pythonpath')
[6.829s] [34mcolcon.colcon_core.shell[0m [1;30mINFO[0m Creating environment hook '/home/mubashir/Documents/FYP-Legged-Robot-main/Code/install/sim_robot/share/sim_robot/hook/pythonpath.ps1'
[6.833s] [34mcolcon.colcon_core.shell[0m [1;30mINFO[0m Creating environment descriptor '/home/mubashir/Documents/FYP-Legged-Robot-main/Code/install/sim_robot/share/sim_robot/hook/pythonpath.dsv'
[6.834s] [34mcolcon.colcon_core.shell[0m [1;30mINFO[0m Creating environment hook '/home/mubashir/Documents/FYP-Legged-Robot-main/Code/install/sim_robot/share/sim_robot/hook/pythonpath.sh'
[6.838s] [34mcolcon.colcon_core.environment[0m [1;30mLevel 1[0m checking '/home/mubashir/Documents/FYP-Legged-Robot-main/Code/install/sim_robot/bin'
[6.838s] [34mcolcon.colcon_core.environment[0m [1;30mLevel 1[0m create_environment_scripts_only(sim_robot)
[6.840s] [34mcolcon.colcon_core.shell[0m [1;30mINFO[0m Creating package script '/home/mubashir/Documents/FYP-Legged-Robot-main/Code/install/sim_robot/share/sim_robot/package.ps1'
[6.844s] [34mcolcon.colcon_core.shell[0m [1;30mINFO[0m Creating package descriptor '/home/mubashir/Documents/FYP-Legged-Robot-main/Code/install/sim_robot/share/sim_robot/package.dsv'
[6.846s] [34mcolcon.colcon_core.shell[0m [1;30mINFO[0m Creating package script '/home/mubashir/Documents/FYP-Legged-Robot-main/Code/install/sim_robot/share/sim_robot/package.sh'
[6.849s] [34mcolcon.colcon_core.shell[0m [1;30mINFO[0m Creating package script '/home/mubashir/Documents/FYP-Legged-Robot-main/Code/install/sim_robot/share/sim_robot/package.bash'
[6.852s] [34mcolcon.colcon_core.shell[0m [1;30mINFO[0m Creating package script '/home/mubashir/Documents/FYP-Legged-Robot-main/Code/install/sim_robot/share/sim_robot/package.zsh'
[6.856s] [34mcolcon.colcon_core.environment[0m [1;30mLevel 1[0m create_file_with_runtime_dependencies(/home/mubashir/Documents/FYP-Legged-Robot-main/Code/install/sim_robot/share/colcon-core/packages/sim_robot)
[6.856s] [34mcolcon.colcon_parallel_executor.executor.parallel[0m [1;30mDEBUG[0m [32mclosing loop[0m
[6.858s] [34mcolcon.colcon_parallel_executor.executor.parallel[0m [1;30mDEBUG[0m [32mloop closed[0m
[6.859s] [34mcolcon.colcon_parallel_executor.executor.parallel[0m [1;30mDEBUG[0m [32mrun_until_complete finished with '0'[0m
[6.859s] [34mcolcon.colcon_core.event_reactor[0m [1;30mDEBUG[0m [32mjoining thread[0m
[6.879s] [34mcolcon.colcon_core.plugin_system[0m [1;30mINFO[0m Skipping extension 'colcon_notification.desktop_notification.terminal_notifier': Not used on non-Darwin systems
[6.879s] [34mcolcon.colcon_core.plugin_system[0m [1;30mINFO[0m Skipping extension 'colcon_notification.desktop_notification.win32': Not used on non-Windows systems
[6.880s] [34mcolcon.colcon_notification.desktop_notification[0m [1;30mINFO[0m Sending desktop notification using 'notify2'
[6.922s] [34mcolcon.colcon_core.event_reactor[0m [1;30mDEBUG[0m [32mjoined thread[0m
[6.924s] [34mcolcon.colcon_core.shell[0m [1;30mINFO[0m Creating prefix script '/home/mubashir/Documents/FYP-Legged-Robot-main/Code/install/local_setup.ps1'
[6.927s] [34mcolcon.colcon_core.shell[0m [1;30mINFO[0m Creating prefix util module '/home/mubashir/Documents/FYP-Legged-Robot-main/Code/install/_local_setup_util_ps1.py'
[6.931s] [34mcolcon.colcon_core.shell[0m [1;30mINFO[0m Creating prefix chain script '/home/mubashir/Documents/FYP-Legged-Robot-main/Code/install/setup.ps1'
[6.937s] [34mcolcon.colcon_core.shell[0m [1;30mINFO[0m Creating prefix script '/home/mubashir/Documents/FYP-Legged-Robot-main/Code/install/local_setup.sh'
[6.938s] [34mcolcon.colcon_core.shell[0m [1;30mINFO[0m Creating prefix util module '/home/mubashir/Documents/FYP-Legged-Robot-main/Code/install/_local_setup_util_sh.py'
[6.940s] [34mcolcon.colcon_core.shell[0m [1;30mINFO[0m Creating prefix chain script '/home/mubashir/Documents/FYP-Legged-Robot-main/Code/install/setup.sh'
[6.947s] [34mcolcon.colcon_core.shell[0m [1;30mINFO[0m Creating prefix script '/home/mubashir/Documents/FYP-Legged-Robot-main/Code/install/local_setup.bash'
[6.950s] [34mcolcon.colcon_core.shell[0m [1;30mINFO[0m Creating prefix chain script '/home/mubashir/Documents/FYP-Legged-Robot-main/Code/install/setup.bash'
[6.958s] [34mcolcon.colcon_core.shell[0m [1;30mINFO[0m Creating prefix script '/home/mubashir/Documents/FYP-Legged-Robot-main/Code/install/local_setup.zsh'
[6.960s] [34mcolcon.colcon_core.shell[0m [1;30mINFO[0m Creating prefix chain script '/home/mubashir/Documents/FYP-Legged-Robot-main/Code/install/setup.zsh'
