[1.337s] Invoking command in '/home/ros/ws/ROS/src/rl_ros2': PYTHONPATH=/home/ros/ws/build/rl_ros2/prefix_override:/usr/lib/python3/dist-packages/colcon_core/task/python/colcon_distutils_commands:/home/ros/ws/install/rl_ros2/lib/python3.10/site-packages:${PYTHONPATH} /usr/bin/python3 -W ignore:setup.py install is deprecated -W ignore:easy_install command is deprecated setup.py egg_info --egg-base ../../../build/rl_ros2 build --build-base /home/ros/ws/build/rl_ros2/build install --record /home/ros/ws/build/rl_ros2/install.log --single-version-externally-managed install_data
[1.809s] running egg_info
[1.813s] writing ../../../build/rl_ros2/rl_ros2.egg-info/PKG-INFO
[1.815s] writing dependency_links to ../../../build/rl_ros2/rl_ros2.egg-info/dependency_links.txt
[1.816s] writing entry points to ../../../build/rl_ros2/rl_ros2.egg-info/entry_points.txt
[1.819s] writing requirements to ../../../build/rl_ros2/rl_ros2.egg-info/requires.txt
[1.821s] writing top-level names to ../../../build/rl_ros2/rl_ros2.egg-info/top_level.txt
[1.830s] reading manifest file '../../../build/rl_ros2/rl_ros2.egg-info/SOURCES.txt'
[1.838s] writing manifest file '../../../build/rl_ros2/rl_ros2.egg-info/SOURCES.txt'
[1.841s] running build
[1.843s] running build_py
[1.845s] copying rl_ros2/rl_policy.py -> /home/ros/ws/build/rl_ros2/build/lib/rl_ros2
[1.847s] running install
[1.849s] running install_lib
[1.853s] copying /home/ros/ws/build/rl_ros2/build/lib/rl_ros2/rl_policy.py -> /home/ros/ws/install/rl_ros2/lib/python3.10/site-packages/rl_ros2
[1.861s] byte-compiling /home/ros/ws/install/rl_ros2/lib/python3.10/site-packages/rl_ros2/rl_policy.py to rl_policy.cpython-310.pyc
[1.865s] running install_data
[1.867s] copying launch/rl_walking.launch.py -> /home/ros/ws/install/rl_ros2/share/rl_ros2/launch
[1.878s] running install_egg_info
[1.882s] removing '/home/ros/ws/install/rl_ros2/lib/python3.10/site-packages/rl_ros2-0.0.0-py3.10.egg-info' (and everything under it)
[1.886s] Copying ../../../build/rl_ros2/rl_ros2.egg-info to /home/ros/ws/install/rl_ros2/lib/python3.10/site-packages/rl_ros2-0.0.0-py3.10.egg-info
[1.907s] running install_scripts
[1.955s] Installing flight_recorder script to /home/ros/ws/install/rl_ros2/lib/rl_ros2
[1.957s] Installing rl_action script to /home/ros/ws/install/rl_ros2/lib/rl_ros2
[1.959s] Installing rl_obs script to /home/ros/ws/install/rl_ros2/lib/rl_ros2
[1.962s] Installing rl_policy script to /home/ros/ws/install/rl_ros2/lib/rl_ros2
[1.964s] Installing teleop script to /home/ros/ws/install/rl_ros2/lib/rl_ros2
[1.967s] writing list of installed files to '/home/ros/ws/build/rl_ros2/install.log'
[2.015s] Invoked command in '/home/ros/ws/ROS/src/rl_ros2' returned '0': PYTHONPATH=/home/ros/ws/build/rl_ros2/prefix_override:/usr/lib/python3/dist-packages/colcon_core/task/python/colcon_distutils_commands:/home/ros/ws/install/rl_ros2/lib/python3.10/site-packages:${PYTHONPATH} /usr/bin/python3 -W ignore:setup.py install is deprecated -W ignore:easy_install command is deprecated setup.py egg_info --egg-base ../../../build/rl_ros2 build --build-base /home/ros/ws/build/rl_ros2/build install --record /home/ros/ws/build/rl_ros2/install.log --single-version-externally-managed install_data
