running egg_info
writing ../../../build/sim_robot/sim_robot.egg-info/PKG-INFO
writing dependency_links to ../../../build/sim_robot/sim_robot.egg-info/dependency_links.txt
writing entry points to ../../../build/sim_robot/sim_robot.egg-info/entry_points.txt
writing requirements to ../../../build/sim_robot/sim_robot.egg-info/requires.txt
writing top-level names to ../../../build/sim_robot/sim_robot.egg-info/top_level.txt
reading manifest file '../../../build/sim_robot/sim_robot.egg-info/SOURCES.txt'
writing manifest file '../../../build/sim_robot/sim_robot.egg-info/SOURCES.txt'
running build
running build_py
running install
running install_lib
running install_data
copying models/THex_Quadruped/model.sdf -> /home/mubashir/Documents/FYP-Legged-Robot-main/Code/install/sim_robot/share/sim_robot/models/THex_Quadruped
running install_egg_info
removing '/home/mubashir/Documents/FYP-Legged-Robot-main/Code/install/sim_robot/lib/python3.10/site-packages/sim_robot-0.0.0-py3.10.egg-info' (and everything under it)
Copying ../../../build/sim_robot/sim_robot.egg-info to /home/mubashir/Documents/FYP-Legged-Robot-main/Code/install/sim_robot/lib/python3.10/site-packages/sim_robot-0.0.0-py3.10.egg-info
running install_scripts
Installing flight_recorder script to /home/mubashir/Documents/FYP-Legged-Robot-main/Code/install/sim_robot/lib/sim_robot
Installing kinematic_gait script to /home/mubashir/Documents/FYP-Legged-Robot-main/Code/install/sim_robot/lib/sim_robot
Installing rl_action script to /home/mubashir/Documents/FYP-Legged-Robot-main/Code/install/sim_robot/lib/sim_robot
Installing rl_obs script to /home/mubashir/Documents/FYP-Legged-Robot-main/Code/install/sim_robot/lib/sim_robot
Installing rl_policy script to /home/mubashir/Documents/FYP-Legged-Robot-main/Code/install/sim_robot/lib/sim_robot
Installing teleop script to /home/mubashir/Documents/FYP-Legged-Robot-main/Code/install/sim_robot/lib/sim_robot
writing list of installed files to '/home/mubashir/Documents/FYP-Legged-Robot-main/Code/build/sim_robot/install.log'
