[0.298s] colcon DEBUG Command line arguments: ['/usr/bin/colcon', 'build', '--symlink-install', '--packages-select', 'sim_robot', 'gz_joint_torsional_spring']
[0.298s] colcon DEBUG Parsed command line arguments: Namespace(log_base=None, log_level=None, verb_name='build', build_base='build', install_base='install', merge_install=False, symlink_install=True, test_result_base=None, continue_on_error=False, executor='parallel', parallel_workers=8, event_handlers=None, ignore_user_meta=False, metas=['./colcon.meta'], base_paths=['.'], packages_ignore=None, packages_ignore_regex=None, paths=None, packages_up_to=None, packages_up_to_regex=None, packages_above=None, packages_above_and_dependencies=None, packages_above_depth=None, packages_select_by_dep=None, packages_skip_by_dep=None, packages_skip_up_to=None, packages_select_build_failed=False, packages_skip_build_finished=False, packages_select_test_failures=False, packages_skip_test_passed=False, packages_select=['sim_robot', 'gz_joint_torsional_spring'], packages_skip=None, packages_select_regex=None, packages_skip_regex=None, packages_start=None, packages_end=None, allow_overriding=[], cmake_args=None, cmake_target=None, cmake_target_skip_unavailable=False, cmake_clean_cache=False, cmake_clean_first=False, cmake_force_configure=False, ament_cmake_args=None, catkin_cmake_args=None, catkin_skip_building_tests=False, mixin_files=None, mixin=None, verb_parser=<colcon_mixin.mixin.mixin_argument.MixinArgumentDecorator object at 0x7e88a1b33160>, verb_extension=<colcon_core.verb.build.BuildVerb object at 0x7e88a1c787c0>, main=<bound method BuildVerb.main of <colcon_core.verb.build.BuildVerb object at 0x7e88a1c787c0>>, mixin_verb=('build',))
[0.752s] colcon.colcon_core.package_discovery Level 1 discover_packages(colcon_meta) check parameters
[0.752s] colcon.colcon_core.package_discovery Level 1 discover_packages(recursive) check parameters
[0.752s] colcon.colcon_core.package_discovery Level 1 discover_packages(ignore) check parameters
[0.752s] colcon.colcon_core.package_discovery Level 1 discover_packages(path) check parameters
[0.752s] colcon.colcon_core.package_discovery Level 1 discover_packages(colcon_meta) discover
[0.752s] colcon.colcon_core.package_discovery Level 1 discover_packages(recursive) discover
[0.752s] colcon.colcon_core.package_discovery INFO Crawling recursively for packages in '/home/mubashir/Pictures/FYP-Legged-Robot-main/Code/ROS'
[0.753s] colcon.colcon_core.package_identification Level 1 _identify(.) by extensions ['ignore', 'ignore_ament_install']
[0.753s] colcon.colcon_core.package_identification Level 1 _identify(.) by extension 'ignore'
[0.753s] colcon.colcon_core.package_identification Level 1 _identify(.) by extension 'ignore_ament_install'
[0.753s] colcon.colcon_core.package_identification Level 1 _identify(.) by extensions ['colcon_pkg']
[0.753s] colcon.colcon_core.package_identification Level 1 _identify(.) by extension 'colcon_pkg'
[0.753s] colcon.colcon_core.package_identification Level 1 _identify(.) by extensions ['colcon_meta']
[0.753s] colcon.colcon_core.package_identification Level 1 _identify(.) by extension 'colcon_meta'
[0.753s] colcon.colcon_core.package_identification Level 1 _identify(.) by extensions ['ros']
[0.753s] colcon.colcon_core.package_identification Level 1 _identify(.) by extension 'ros'
[0.787s] colcon.colcon_core.package_identification Level 1 _identify(.) by extensions ['cmake', 'python']
[0.787s] colcon.colcon_core.package_identification Level 1 _identify(.) by extension 'cmake'
[0.787s] colcon.colcon_core.package_identification Level 1 _identify(.) by extension 'python'
[0.788s] colcon.colcon_core.package_identification Level 1 _identify(.) by extensions ['python_setup_py']
[0.788s] colcon.colcon_core.package_identification Level 1 _identify(.) by extension 'python_setup_py'
[0.788s] colcon.colcon_core.package_identification Level 1 _identify(build) by extensions ['ignore', 'ignore_ament_install']
[0.788s] colcon.colcon_core.package_identification Level 1 _identify(build) by extension 'ignore'
[0.788s] colcon.colcon_core.package_identification Level 1 _identify(build) ignored
[0.788s] colcon.colcon_core.package_identification Level 1 _identify(install) by extensions ['ignore', 'ignore_ament_install']
[0.788s] colcon.colcon_core.package_identification Level 1 _identify(install) by extension 'ignore'
[0.789s] colcon.colcon_core.package_identification Level 1 _identify(install) ignored
[0.789s] colcon.colcon_core.package_identification Level 1 _identify(log) by extensions ['ignore', 'ignore_ament_install']
[0.789s] colcon.colcon_core.package_identification Level 1 _identify(log) by extension 'ignore'
[0.789s] colcon.colcon_core.package_identification Level 1 _identify(log) ignored
[0.789s] colcon.colcon_core.package_identification Level 1 _identify(src) by extensions ['ignore', 'ignore_ament_install']
[0.789s] colcon.colcon_core.package_identification Level 1 _identify(src) by extension 'ignore'
[0.789s] colcon.colcon_core.package_identification Level 1 _identify(src) by extension 'ignore_ament_install'
[0.789s] colcon.colcon_core.package_identification Level 1 _identify(src) by extensions ['colcon_pkg']
[0.789s] colcon.colcon_core.package_identification Level 1 _identify(src) by extension 'colcon_pkg'
[0.790s] colcon.colcon_core.package_identification Level 1 _identify(src) by extensions ['colcon_meta']
[0.790s] colcon.colcon_core.package_identification Level 1 _identify(src) by extension 'colcon_meta'
[0.790s] colcon.colcon_core.package_identification Level 1 _identify(src) by extensions ['ros']
[0.790s] colcon.colcon_core.package_identification Level 1 _identify(src) by extension 'ros'
[0.790s] colcon.colcon_core.package_identification Level 1 _identify(src) by extensions ['cmake', 'python']
[0.790s] colcon.colcon_core.package_identification Level 1 _identify(src) by extension 'cmake'
[0.790s] colcon.colcon_core.package_identification Level 1 _identify(src) by extension 'python'
[0.790s] colcon.colcon_core.package_identification Level 1 _identify(src) by extensions ['python_setup_py']
[0.790s] colcon.colcon_core.package_identification Level 1 _identify(src) by extension 'python_setup_py'
[0.790s] colcon.colcon_core.package_identification Level 1 _identify(src/cheetah_ros2) by extensions ['ignore', 'ignore_ament_install']
[0.790s] colcon.colcon_core.package_identification Level 1 _identify(src/cheetah_ros2) by extension 'ignore'
[0.790s] colcon.colcon_core.package_identification Level 1 _identify(src/cheetah_ros2) by extension 'ignore_ament_install'
[0.791s] colcon.colcon_core.package_identification Level 1 _identify(src/cheetah_ros2) by extensions ['colcon_pkg']
[0.791s] colcon.colcon_core.package_identification Level 1 _identify(src/cheetah_ros2) by extension 'colcon_pkg'
[0.791s] colcon.colcon_core.package_identification Level 1 _identify(src/cheetah_ros2) by extensions ['colcon_meta']
[0.791s] colcon.colcon_core.package_identification Level 1 _identify(src/cheetah_ros2) by extension 'colcon_meta'
[0.791s] colcon.colcon_core.package_identification Level 1 _identify(src/cheetah_ros2) by extensions ['ros']
[0.791s] colcon.colcon_core.package_identification Level 1 _identify(src/cheetah_ros2) by extension 'ros'
[0.796s] colcon.colcon_core.package_identification DEBUG Package 'src/cheetah_ros2' with type 'ros.ament_python' and name 'cheetah_ros2'
[0.796s] colcon.colcon_core.package_identification Level 1 _identify(src/cpg_ros2) by extensions ['ignore', 'ignore_ament_install']
[0.796s] colcon.colcon_core.package_identification Level 1 _identify(src/cpg_ros2) by extension 'ignore'
[0.796s] colcon.colcon_core.package_identification Level 1 _identify(src/cpg_ros2) by extension 'ignore_ament_install'
[0.796s] colcon.colcon_core.package_identification Level 1 _identify(src/cpg_ros2) by extensions ['colcon_pkg']
[0.796s] colcon.colcon_core.package_identification Level 1 _identify(src/cpg_ros2) by extension 'colcon_pkg'
[0.796s] colcon.colcon_core.package_identification Level 1 _identify(src/cpg_ros2) by extensions ['colcon_meta']
[0.796s] colcon.colcon_core.package_identification Level 1 _identify(src/cpg_ros2) by extension 'colcon_meta'
[0.796s] colcon.colcon_core.package_identification Level 1 _identify(src/cpg_ros2) by extensions ['ros']
[0.796s] colcon.colcon_core.package_identification Level 1 _identify(src/cpg_ros2) by extension 'ros'
[0.797s] colcon.colcon_core.package_identification DEBUG Package 'src/cpg_ros2' with type 'ros.ament_python' and name 'cpg_ros2'
[0.798s] colcon.colcon_core.package_identification Level 1 _identify(src/elevation_mapping) by extensions ['ignore', 'ignore_ament_install']
[0.798s] colcon.colcon_core.package_identification Level 1 _identify(src/elevation_mapping) by extension 'ignore'
[0.798s] colcon.colcon_core.package_identification Level 1 _identify(src/elevation_mapping) by extension 'ignore_ament_install'
[0.798s] colcon.colcon_core.package_identification Level 1 _identify(src/elevation_mapping) by extensions ['colcon_pkg']
[0.798s] colcon.colcon_core.package_identification Level 1 _identify(src/elevation_mapping) by extension 'colcon_pkg'
[0.798s] colcon.colcon_core.package_identification Level 1 _identify(src/elevation_mapping) by extensions ['colcon_meta']
[0.798s] colcon.colcon_core.package_identification Level 1 _identify(src/elevation_mapping) by extension 'colcon_meta'
[0.798s] colcon.colcon_core.package_identification Level 1 _identify(src/elevation_mapping) by extensions ['ros']
[0.798s] colcon.colcon_core.package_identification Level 1 _identify(src/elevation_mapping) by extension 'ros'
[0.801s] colcon.colcon_core.package_identification DEBUG Package 'src/elevation_mapping' with type 'ros.ament_cmake' and name 'elevation_mapping'
[0.802s] colcon.colcon_core.package_identification Level 1 _identify(src/gz_joint_torsional_spring) by extensions ['ignore', 'ignore_ament_install']
[0.802s] colcon.colcon_core.package_identification Level 1 _identify(src/gz_joint_torsional_spring) by extension 'ignore'
[0.802s] colcon.colcon_core.package_identification Level 1 _identify(src/gz_joint_torsional_spring) by extension 'ignore_ament_install'
[0.802s] colcon.colcon_core.package_identification Level 1 _identify(src/gz_joint_torsional_spring) by extensions ['colcon_pkg']
[0.802s] colcon.colcon_core.package_identification Level 1 _identify(src/gz_joint_torsional_spring) by extension 'colcon_pkg'
[0.802s] colcon.colcon_core.package_identification Level 1 _identify(src/gz_joint_torsional_spring) by extensions ['colcon_meta']
[0.802s] colcon.colcon_core.package_identification Level 1 _identify(src/gz_joint_torsional_spring) by extension 'colcon_meta'
[0.802s] colcon.colcon_core.package_identification Level 1 _identify(src/gz_joint_torsional_spring) by extensions ['ros']
[0.802s] colcon.colcon_core.package_identification Level 1 _identify(src/gz_joint_torsional_spring) by extension 'ros'
[0.803s] colcon.colcon_core.package_identification DEBUG Package 'src/gz_joint_torsional_spring' with type 'ros.ament_cmake' and name 'gz_joint_torsional_spring'
[0.803s] colcon.colcon_core.package_identification Level 1 _identify(src/kin_ros2) by extensions ['ignore', 'ignore_ament_install']
[0.804s] colcon.colcon_core.package_identification Level 1 _identify(src/kin_ros2) by extension 'ignore'
[0.804s] colcon.colcon_core.package_identification Level 1 _identify(src/kin_ros2) by extension 'ignore_ament_install'
[0.804s] colcon.colcon_core.package_identification Level 1 _identify(src/kin_ros2) by extensions ['colcon_pkg']
[0.804s] colcon.colcon_core.package_identification Level 1 _identify(src/kin_ros2) by extension 'colcon_pkg'
[0.804s] colcon.colcon_core.package_identification Level 1 _identify(src/kin_ros2) by extensions ['colcon_meta']
[0.804s] colcon.colcon_core.package_identification Level 1 _identify(src/kin_ros2) by extension 'colcon_meta'
[0.804s] colcon.colcon_core.package_identification Level 1 _identify(src/kin_ros2) by extensions ['ros']
[0.804s] colcon.colcon_core.package_identification Level 1 _identify(src/kin_ros2) by extension 'ros'
[0.805s] colcon.colcon_core.package_identification DEBUG Package 'src/kin_ros2' with type 'ros.ament_python' and name 'kin_ros2'
[0.805s] colcon.colcon_core.package_identification Level 1 _identify(src/perception) by extensions ['ignore', 'ignore_ament_install']
[0.805s] colcon.colcon_core.package_identification Level 1 _identify(src/perception) by extension 'ignore'
[0.805s] colcon.colcon_core.package_identification Level 1 _identify(src/perception) by extension 'ignore_ament_install'
[0.806s] colcon.colcon_core.package_identification Level 1 _identify(src/perception) by extensions ['colcon_pkg']
[0.806s] colcon.colcon_core.package_identification Level 1 _identify(src/perception) by extension 'colcon_pkg'
[0.806s] colcon.colcon_core.package_identification Level 1 _identify(src/perception) by extensions ['colcon_meta']
[0.806s] colcon.colcon_core.package_identification Level 1 _identify(src/perception) by extension 'colcon_meta'
[0.806s] colcon.colcon_core.package_identification Level 1 _identify(src/perception) by extensions ['ros']
[0.806s] colcon.colcon_core.package_identification Level 1 _identify(src/perception) by extension 'ros'
[0.807s] colcon.colcon_core.package_identification DEBUG Package 'src/perception' with type 'ros.ament_python' and name 'perception'
[0.807s] colcon.colcon_core.package_identification Level 1 _identify(src/quad_interface) by extensions ['ignore', 'ignore_ament_install']
[0.807s] colcon.colcon_core.package_identification Level 1 _identify(src/quad_interface) by extension 'ignore'
[0.807s] colcon.colcon_core.package_identification Level 1 _identify(src/quad_interface) by extension 'ignore_ament_install'
[0.807s] colcon.colcon_core.package_identification Level 1 _identify(src/quad_interface) by extensions ['colcon_pkg']
[0.808s] colcon.colcon_core.package_identification Level 1 _identify(src/quad_interface) by extension 'colcon_pkg'
[0.808s] colcon.colcon_core.package_identification Level 1 _identify(src/quad_interface) by extensions ['colcon_meta']
[0.808s] colcon.colcon_core.package_identification Level 1 _identify(src/quad_interface) by extension 'colcon_meta'
[0.808s] colcon.colcon_core.package_identification Level 1 _identify(src/quad_interface) by extensions ['ros']
[0.808s] colcon.colcon_core.package_identification Level 1 _identify(src/quad_interface) by extension 'ros'
[0.809s] colcon.colcon_core.package_identification DEBUG Package 'src/quad_interface' with type 'ros.ament_cmake' and name 'quad_interface'
[0.809s] colcon.colcon_core.package_identification Level 1 _identify(src/rl_ros2) by extensions ['ignore', 'ignore_ament_install']
[0.809s] colcon.colcon_core.package_identification Level 1 _identify(src/rl_ros2) by extension 'ignore'
[0.810s] colcon.colcon_core.package_identification Level 1 _identify(src/rl_ros2) by extension 'ignore_ament_install'
[0.810s] colcon.colcon_core.package_identification Level 1 _identify(src/rl_ros2) by extensions ['colcon_pkg']
[0.810s] colcon.colcon_core.package_identification Level 1 _identify(src/rl_ros2) by extension 'colcon_pkg'
[0.810s] colcon.colcon_core.package_identification Level 1 _identify(src/rl_ros2) by extensions ['colcon_meta']
[0.810s] colcon.colcon_core.package_identification Level 1 _identify(src/rl_ros2) by extension 'colcon_meta'
[0.810s] colcon.colcon_core.package_identification Level 1 _identify(src/rl_ros2) by extensions ['ros']
[0.810s] colcon.colcon_core.package_identification Level 1 _identify(src/rl_ros2) by extension 'ros'
[0.811s] colcon.colcon_core.package_identification DEBUG Package 'src/rl_ros2' with type 'ros.ament_python' and name 'rl_ros2'
[0.811s] colcon.colcon_core.package_identification Level 1 _identify(src/rlpa_ros2) by extensions ['ignore', 'ignore_ament_install']
[0.811s] colcon.colcon_core.package_identification Level 1 _identify(src/rlpa_ros2) by extension 'ignore'
[0.811s] colcon.colcon_core.package_identification Level 1 _identify(src/rlpa_ros2) by extension 'ignore_ament_install'
[0.811s] colcon.colcon_core.package_identification Level 1 _identify(src/rlpa_ros2) by extensions ['colcon_pkg']
[0.811s] colcon.colcon_core.package_identification Level 1 _identify(src/rlpa_ros2) by extension 'colcon_pkg'
[0.811s] colcon.colcon_core.package_identification Level 1 _identify(src/rlpa_ros2) by extensions ['colcon_meta']
[0.811s] colcon.colcon_core.package_identification Level 1 _identify(src/rlpa_ros2) by extension 'colcon_meta'
[0.811s] colcon.colcon_core.package_identification Level 1 _identify(src/rlpa_ros2) by extensions ['ros']
[0.812s] colcon.colcon_core.package_identification Level 1 _identify(src/rlpa_ros2) by extension 'ros'
[0.812s] colcon.colcon_core.package_identification DEBUG Package 'src/rlpa_ros2' with type 'ros.ament_python' and name 'rlpa_ros2'
[0.813s] colcon.colcon_core.package_identification Level 1 _identify(src/robot_caves) by extensions ['ignore', 'ignore_ament_install']
[0.813s] colcon.colcon_core.package_identification Level 1 _identify(src/robot_caves) by extension 'ignore'
[0.813s] colcon.colcon_core.package_identification Level 1 _identify(src/robot_caves) by extension 'ignore_ament_install'
[0.813s] colcon.colcon_core.package_identification Level 1 _identify(src/robot_caves) by extensions ['colcon_pkg']
[0.813s] colcon.colcon_core.package_identification Level 1 _identify(src/robot_caves) by extension 'colcon_pkg'
[0.813s] colcon.colcon_core.package_identification Level 1 _identify(src/robot_caves) by extensions ['colcon_meta']
[0.813s] colcon.colcon_core.package_identification Level 1 _identify(src/robot_caves) by extension 'colcon_meta'
[0.813s] colcon.colcon_core.package_identification Level 1 _identify(src/robot_caves) by extensions ['ros']
[0.813s] colcon.colcon_core.package_identification Level 1 _identify(src/robot_caves) by extension 'ros'
[0.814s] colcon.colcon_core.package_identification DEBUG Package 'src/robot_caves' with type 'ros.ament_python' and name 'robot_caves'
[0.814s] colcon.colcon_core.package_identification Level 1 _identify(src/sim_robot) by extensions ['ignore', 'ignore_ament_install']
[0.814s] colcon.colcon_core.package_identification Level 1 _identify(src/sim_robot) by extension 'ignore'
[0.814s] colcon.colcon_core.package_identification Level 1 _identify(src/sim_robot) by extension 'ignore_ament_install'
[0.814s] colcon.colcon_core.package_identification Level 1 _identify(src/sim_robot) by extensions ['colcon_pkg']
[0.814s] colcon.colcon_core.package_identification Level 1 _identify(src/sim_robot) by extension 'colcon_pkg'
[0.815s] colcon.colcon_core.package_identification Level 1 _identify(src/sim_robot) by extensions ['colcon_meta']
[0.815s] colcon.colcon_core.package_identification Level 1 _identify(src/sim_robot) by extension 'colcon_meta'
[0.815s] colcon.colcon_core.package_identification Level 1 _identify(src/sim_robot) by extensions ['ros']
[0.815s] colcon.colcon_core.package_identification Level 1 _identify(src/sim_robot) by extension 'ros'
[0.816s] colcon.colcon_core.package_identification DEBUG Package 'src/sim_robot' with type 'ros.ament_python' and name 'sim_robot'
[0.816s] colcon.colcon_core.package_identification Level 1 _identify(src/venv) by extensions ['ignore', 'ignore_ament_install']
[0.816s] colcon.colcon_core.package_identification Level 1 _identify(src/venv) by extension 'ignore'
[0.816s] colcon.colcon_core.package_identification Level 1 _identify(src/venv) ignored
[0.816s] colcon.colcon_core.package_discovery Level 1 discover_packages(recursive) using defaults
[0.816s] colcon.colcon_core.package_discovery Level 1 discover_packages(ignore) discover
[0.816s] colcon.colcon_core.package_discovery Level 1 discover_packages(ignore) using defaults
[0.816s] colcon.colcon_core.package_discovery Level 1 discover_packages(path) discover
[0.816s] colcon.colcon_core.package_discovery Level 1 discover_packages(path) using defaults
[0.847s] colcon.colcon_core.package_selection INFO Skipping not selected package 'cheetah_ros2' in 'src/cheetah_ros2'
[0.847s] colcon.colcon_core.package_selection INFO Skipping not selected package 'cpg_ros2' in 'src/cpg_ros2'
[0.847s] colcon.colcon_core.package_selection INFO Skipping not selected package 'elevation_mapping' in 'src/elevation_mapping'
[0.847s] colcon.colcon_core.package_selection INFO Skipping not selected package 'kin_ros2' in 'src/kin_ros2'
[0.847s] colcon.colcon_core.package_selection INFO Skipping not selected package 'perception' in 'src/perception'
[0.847s] colcon.colcon_core.package_selection INFO Skipping not selected package 'quad_interface' in 'src/quad_interface'
[0.847s] colcon.colcon_core.package_selection INFO Skipping not selected package 'rl_ros2' in 'src/rl_ros2'
[0.847s] colcon.colcon_core.package_selection INFO Skipping not selected package 'rlpa_ros2' in 'src/rlpa_ros2'
[0.847s] colcon.colcon_core.package_selection INFO Skipping not selected package 'robot_caves' in 'src/robot_caves'
[0.848s] colcon.colcon_core.package_discovery Level 1 discover_packages(prefix_path) check parameters
[0.848s] colcon.colcon_core.package_discovery Level 1 discover_packages(prefix_path) discover
[0.850s] colcon.colcon_installed_package_information.package_discovery DEBUG Found 1 installed packages in /home/mubashir/gz_control_ws/install
[0.853s] colcon.colcon_installed_package_information.package_discovery DEBUG Found 397 installed packages in /opt/ros/humble
[0.857s] colcon.colcon_core.package_discovery Level 1 discover_packages(prefix_path) using defaults
[0.934s] colcon.colcon_core.verb Level 5 set package 'gz_joint_torsional_spring' build argument 'cmake_args' from command line to 'None'
[0.934s] colcon.colcon_core.verb Level 5 set package 'gz_joint_torsional_spring' build argument 'cmake_target' from command line to 'None'
[0.934s] colcon.colcon_core.verb Level 5 set package 'gz_joint_torsional_spring' build argument 'cmake_target_skip_unavailable' from command line to 'False'
[0.934s] colcon.colcon_core.verb Level 5 set package 'gz_joint_torsional_spring' build argument 'cmake_clean_cache' from command line to 'False'
[0.935s] colcon.colcon_core.verb Level 5 set package 'gz_joint_torsional_spring' build argument 'cmake_clean_first' from command line to 'False'
[0.935s] colcon.colcon_core.verb Level 5 set package 'gz_joint_torsional_spring' build argument 'cmake_force_configure' from command line to 'False'
[0.935s] colcon.colcon_core.verb Level 5 set package 'gz_joint_torsional_spring' build argument 'ament_cmake_args' from command line to 'None'
[0.935s] colcon.colcon_core.verb Level 5 set package 'gz_joint_torsional_spring' build argument 'catkin_cmake_args' from command line to 'None'
[0.935s] colcon.colcon_core.verb Level 5 set package 'gz_joint_torsional_spring' build argument 'catkin_skip_building_tests' from command line to 'False'
[0.935s] colcon.colcon_core.verb DEBUG Building package 'gz_joint_torsional_spring' with the following arguments: {'ament_cmake_args': None, 'build_base': '/home/mubashir/Pictures/FYP-Legged-Robot-main/Code/ROS/build/gz_joint_torsional_spring', 'catkin_cmake_args': None, 'catkin_skip_building_tests': False, 'cmake_args': None, 'cmake_clean_cache': False, 'cmake_clean_first': False, 'cmake_force_configure': False, 'cmake_target': None, 'cmake_target_skip_unavailable': False, 'install_base': '/home/mubashir/Pictures/FYP-Legged-Robot-main/Code/ROS/install/gz_joint_torsional_spring', 'merge_install': False, 'path': '/home/mubashir/Pictures/FYP-Legged-Robot-main/Code/ROS/src/gz_joint_torsional_spring', 'symlink_install': True, 'test_result_base': None}
[0.935s] colcon.colcon_core.verb Level 5 set package 'sim_robot' build argument 'cmake_args' from command line to 'None'
[0.935s] colcon.colcon_core.verb Level 5 set package 'sim_robot' build argument 'cmake_target' from command line to 'None'
[0.935s] colcon.colcon_core.verb Level 5 set package 'sim_robot' build argument 'cmake_target_skip_unavailable' from command line to 'False'
[0.935s] colcon.colcon_core.verb Level 5 set package 'sim_robot' build argument 'cmake_clean_cache' from command line to 'False'
[0.935s] colcon.colcon_core.verb Level 5 set package 'sim_robot' build argument 'cmake_clean_first' from command line to 'False'
[0.935s] colcon.colcon_core.verb Level 5 set package 'sim_robot' build argument 'cmake_force_configure' from command line to 'False'
[0.935s] colcon.colcon_core.verb Level 5 set package 'sim_robot' build argument 'ament_cmake_args' from command line to 'None'
[0.935s] colcon.colcon_core.verb Level 5 set package 'sim_robot' build argument 'catkin_cmake_args' from command line to 'None'
[0.935s] colcon.colcon_core.verb Level 5 set package 'sim_robot' build argument 'catkin_skip_building_tests' from command line to 'False'
[0.936s] colcon.colcon_core.verb DEBUG Building package 'sim_robot' with the following arguments: {'ament_cmake_args': None, 'build_base': '/home/mubashir/Pictures/FYP-Legged-Robot-main/Code/ROS/build/sim_robot', 'catkin_cmake_args': None, 'catkin_skip_building_tests': False, 'cmake_args': None, 'cmake_clean_cache': False, 'cmake_clean_first': False, 'cmake_force_configure': False, 'cmake_target': None, 'cmake_target_skip_unavailable': False, 'install_base': '/home/mubashir/Pictures/FYP-Legged-Robot-main/Code/ROS/install/sim_robot', 'merge_install': False, 'path': '/home/mubashir/Pictures/FYP-Legged-Robot-main/Code/ROS/src/sim_robot', 'symlink_install': True, 'test_result_base': None}
[0.936s] colcon.colcon_core.executor INFO Executing jobs using 'parallel' executor
[0.937s] colcon.colcon_parallel_executor.executor.parallel DEBUG run_until_complete
[0.938s] colcon.colcon_ros.task.ament_cmake.build INFO Building ROS package in '/home/mubashir/Pictures/FYP-Legged-Robot-main/Code/ROS/src/gz_joint_torsional_spring' with build type 'ament_cmake'
[0.938s] colcon.colcon_cmake.task.cmake.build INFO Building CMake package in '/home/mubashir/Pictures/FYP-Legged-Robot-main/Code/ROS/src/gz_joint_torsional_spring'
[0.941s] colcon.colcon_core.plugin_system INFO Skipping extension 'colcon_core.shell.bat': Not used on non-Windows systems
[0.942s] colcon.colcon_core.shell INFO Skip shell extension 'powershell' for command environment: Not usable outside of PowerShell
[0.942s] colcon.colcon_core.shell DEBUG Skip shell extension 'dsv' for command environment
[0.948s] colcon.colcon_ros.task.ament_python.build INFO Building ROS package in '/home/mubashir/Pictures/FYP-Legged-Robot-main/Code/ROS/src/sim_robot' with build type 'ament_python'
[0.948s] colcon.colcon_core.shell Level 1 create_environment_hook('sim_robot', 'ament_prefix_path')
[0.949s] colcon.colcon_core.shell INFO Creating environment hook '/home/mubashir/Pictures/FYP-Legged-Robot-main/Code/ROS/install/sim_robot/share/sim_robot/hook/ament_prefix_path.ps1'
[0.950s] colcon.colcon_core.shell INFO Creating environment descriptor '/home/mubashir/Pictures/FYP-Legged-Robot-main/Code/ROS/install/sim_robot/share/sim_robot/hook/ament_prefix_path.dsv'
[0.951s] colcon.colcon_core.shell INFO Creating environment hook '/home/mubashir/Pictures/FYP-Legged-Robot-main/Code/ROS/install/sim_robot/share/sim_robot/hook/ament_prefix_path.sh'
[0.952s] colcon.colcon_core.shell INFO Skip shell extension 'powershell' for command environment: Not usable outside of PowerShell
[0.952s] colcon.colcon_core.shell DEBUG Skip shell extension 'dsv' for command environment
[0.965s] colcon.colcon_core.event_handler.log_command DEBUG Invoking command in '/home/mubashir/Pictures/FYP-Legged-Robot-main/Code/ROS/build/gz_joint_torsional_spring': CMAKE_PREFIX_PATH=${CMAKE_PREFIX_PATH}:/opt/ros/humble /usr/bin/cmake /home/mubashir/Pictures/FYP-Legged-Robot-main/Code/ROS/src/gz_joint_torsional_spring -DAMENT_CMAKE_SYMLINK_INSTALL=1 -DCMAKE_INSTALL_PREFIX=/home/mubashir/Pictures/FYP-Legged-Robot-main/Code/ROS/install/gz_joint_torsional_spring
[1.626s] colcon.colcon_core.task.python.build INFO Building Python package in '/home/mubashir/Pictures/FYP-Legged-Robot-main/Code/ROS/src/sim_robot'
[1.626s] colcon.colcon_core.shell INFO Skip shell extension 'powershell' for command environment: Not usable outside of PowerShell
[1.626s] colcon.colcon_core.shell DEBUG Skip shell extension 'dsv' for command environment
[2.423s] colcon.colcon_core.event_handler.log_command DEBUG Invoking command in '/home/mubashir/Pictures/FYP-Legged-Robot-main/Code/ROS/build/sim_robot': PYTHONPATH=/home/mubashir/Pictures/FYP-Legged-Robot-main/Code/ROS/build/sim_robot/prefix_override:/usr/lib/python3/dist-packages/colcon_core/task/python/colcon_distutils_commands:/home/mubashir/Pictures/FYP-Legged-Robot-main/Code/ROS/install/sim_robot/lib/python3.10/site-packages:${PYTHONPATH} /usr/bin/python3 -W ignore:setup.py install is deprecated -W ignore:easy_install command is deprecated setup.py develop --editable --build-directory /home/mubashir/Pictures/FYP-Legged-Robot-main/Code/ROS/build/sim_robot/build --no-deps symlink_data
[3.458s] colcon.colcon_core.shell Level 1 create_environment_hook('sim_robot', 'pythonpath_develop')
[3.459s] colcon.colcon_core.event_handler.log_command DEBUG Invoked command in '/home/mubashir/Pictures/FYP-Legged-Robot-main/Code/ROS/build/sim_robot' returned '0': PYTHONPATH=/home/mubashir/Pictures/FYP-Legged-Robot-main/Code/ROS/build/sim_robot/prefix_override:/usr/lib/python3/dist-packages/colcon_core/task/python/colcon_distutils_commands:/home/mubashir/Pictures/FYP-Legged-Robot-main/Code/ROS/install/sim_robot/lib/python3.10/site-packages:${PYTHONPATH} /usr/bin/python3 -W ignore:setup.py install is deprecated -W ignore:easy_install command is deprecated setup.py develop --editable --build-directory /home/mubashir/Pictures/FYP-Legged-Robot-main/Code/ROS/build/sim_robot/build --no-deps symlink_data
[3.460s] colcon.colcon_core.shell INFO Creating environment hook '/home/mubashir/Pictures/FYP-Legged-Robot-main/Code/ROS/build/sim_robot/share/sim_robot/hook/pythonpath_develop.ps1'
[3.462s] colcon.colcon_core.shell INFO Creating environment descriptor '/home/mubashir/Pictures/FYP-Legged-Robot-main/Code/ROS/build/sim_robot/share/sim_robot/hook/pythonpath_develop.dsv'
[3.462s] colcon.colcon_core.shell INFO Creating environment hook '/home/mubashir/Pictures/FYP-Legged-Robot-main/Code/ROS/build/sim_robot/share/sim_robot/hook/pythonpath_develop.sh'
[3.467s] colcon.colcon_core.environment Level 1 checking '/home/mubashir/Pictures/FYP-Legged-Robot-main/Code/ROS/install/sim_robot' for CMake module files
[3.467s] colcon.colcon_core.environment Level 1 checking '/home/mubashir/Pictures/FYP-Legged-Robot-main/Code/ROS/install/sim_robot' for CMake config files
[3.470s] colcon.colcon_core.environment Level 1 checking '/home/mubashir/Pictures/FYP-Legged-Robot-main/Code/ROS/install/sim_robot/lib'
[3.470s] colcon.colcon_core.environment Level 1 checking '/home/mubashir/Pictures/FYP-Legged-Robot-main/Code/ROS/install/sim_robot/bin'
[3.470s] colcon.colcon_core.environment Level 1 checking '/home/mubashir/Pictures/FYP-Legged-Robot-main/Code/ROS/install/sim_robot/lib/pkgconfig/sim_robot.pc'
[3.471s] colcon.colcon_core.environment Level 1 checking '/home/mubashir/Pictures/FYP-Legged-Robot-main/Code/ROS/install/sim_robot/lib/python3.10/site-packages'
[3.471s] colcon.colcon_core.shell Level 1 create_environment_hook('sim_robot', 'pythonpath')
[3.471s] colcon.colcon_core.shell INFO Creating environment hook '/home/mubashir/Pictures/FYP-Legged-Robot-main/Code/ROS/install/sim_robot/share/sim_robot/hook/pythonpath.ps1'
[3.472s] colcon.colcon_core.shell INFO Creating environment descriptor '/home/mubashir/Pictures/FYP-Legged-Robot-main/Code/ROS/install/sim_robot/share/sim_robot/hook/pythonpath.dsv'
[3.473s] colcon.colcon_core.shell INFO Creating environment hook '/home/mubashir/Pictures/FYP-Legged-Robot-main/Code/ROS/install/sim_robot/share/sim_robot/hook/pythonpath.sh'
[3.474s] colcon.colcon_core.environment Level 1 checking '/home/mubashir/Pictures/FYP-Legged-Robot-main/Code/ROS/install/sim_robot/bin'
[3.474s] colcon.colcon_core.environment Level 1 create_environment_scripts_only(sim_robot)
[3.475s] colcon.colcon_core.shell INFO Creating package script '/home/mubashir/Pictures/FYP-Legged-Robot-main/Code/ROS/install/sim_robot/share/sim_robot/package.ps1'
[3.477s] colcon.colcon_core.shell INFO Creating package descriptor '/home/mubashir/Pictures/FYP-Legged-Robot-main/Code/ROS/install/sim_robot/share/sim_robot/package.dsv'
[3.478s] colcon.colcon_core.shell INFO Creating package script '/home/mubashir/Pictures/FYP-Legged-Robot-main/Code/ROS/install/sim_robot/share/sim_robot/package.sh'
[3.479s] colcon.colcon_core.shell INFO Creating package script '/home/mubashir/Pictures/FYP-Legged-Robot-main/Code/ROS/install/sim_robot/share/sim_robot/package.bash'
[3.481s] colcon.colcon_core.shell INFO Creating package script '/home/mubashir/Pictures/FYP-Legged-Robot-main/Code/ROS/install/sim_robot/share/sim_robot/package.zsh'
[3.482s] colcon.colcon_core.environment Level 1 create_file_with_runtime_dependencies(/home/mubashir/Pictures/FYP-Legged-Robot-main/Code/ROS/install/sim_robot/share/colcon-core/packages/sim_robot)
[4.330s] colcon.colcon_core.event_handler.log_command DEBUG Invoked command in '/home/mubashir/Pictures/FYP-Legged-Robot-main/Code/ROS/build/gz_joint_torsional_spring' returned '0': CMAKE_PREFIX_PATH=${CMAKE_PREFIX_PATH}:/opt/ros/humble /usr/bin/cmake /home/mubashir/Pictures/FYP-Legged-Robot-main/Code/ROS/src/gz_joint_torsional_spring -DAMENT_CMAKE_SYMLINK_INSTALL=1 -DCMAKE_INSTALL_PREFIX=/home/mubashir/Pictures/FYP-Legged-Robot-main/Code/ROS/install/gz_joint_torsional_spring
[4.332s] colcon.colcon_core.event_handler.log_command DEBUG Invoking command in '/home/mubashir/Pictures/FYP-Legged-Robot-main/Code/ROS/build/gz_joint_torsional_spring': CMAKE_PREFIX_PATH=${CMAKE_PREFIX_PATH}:/opt/ros/humble /usr/bin/cmake --build /home/mubashir/Pictures/FYP-Legged-Robot-main/Code/ROS/build/gz_joint_torsional_spring -- -j8 -l8
[15.159s] colcon.colcon_core.event_handler.log_command DEBUG Invoked command in '/home/mubashir/Pictures/FYP-Legged-Robot-main/Code/ROS/build/gz_joint_torsional_spring' returned '0': CMAKE_PREFIX_PATH=${CMAKE_PREFIX_PATH}:/opt/ros/humble /usr/bin/cmake --build /home/mubashir/Pictures/FYP-Legged-Robot-main/Code/ROS/build/gz_joint_torsional_spring -- -j8 -l8
[15.180s] colcon.colcon_core.event_handler.log_command DEBUG Invoking command in '/home/mubashir/Pictures/FYP-Legged-Robot-main/Code/ROS/build/gz_joint_torsional_spring': CMAKE_PREFIX_PATH=${CMAKE_PREFIX_PATH}:/opt/ros/humble /usr/bin/cmake --install /home/mubashir/Pictures/FYP-Legged-Robot-main/Code/ROS/build/gz_joint_torsional_spring
[15.519s] colcon.colcon_core.environment Level 1 create_environment_scripts_only(gz_joint_torsional_spring)
[15.519s] colcon.colcon_core.environment Level 1 checking '/home/mubashir/Pictures/FYP-Legged-Robot-main/Code/ROS/install/gz_joint_torsional_spring' for CMake module files
[15.521s] colcon.colcon_core.event_handler.log_command DEBUG Invoked command in '/home/mubashir/Pictures/FYP-Legged-Robot-main/Code/ROS/build/gz_joint_torsional_spring' returned '0': CMAKE_PREFIX_PATH=${CMAKE_PREFIX_PATH}:/opt/ros/humble /usr/bin/cmake --install /home/mubashir/Pictures/FYP-Legged-Robot-main/Code/ROS/build/gz_joint_torsional_spring
[15.521s] colcon.colcon_core.environment Level 1 checking '/home/mubashir/Pictures/FYP-Legged-Robot-main/Code/ROS/install/gz_joint_torsional_spring' for CMake config files
[15.522s] colcon.colcon_core.shell Level 1 create_environment_hook('gz_joint_torsional_spring', 'cmake_prefix_path')
[15.522s] colcon.colcon_core.shell INFO Creating environment hook '/home/mubashir/Pictures/FYP-Legged-Robot-main/Code/ROS/install/gz_joint_torsional_spring/share/gz_joint_torsional_spring/hook/cmake_prefix_path.ps1'
[15.523s] colcon.colcon_core.shell INFO Creating environment descriptor '/home/mubashir/Pictures/FYP-Legged-Robot-main/Code/ROS/install/gz_joint_torsional_spring/share/gz_joint_torsional_spring/hook/cmake_prefix_path.dsv'
[15.524s] colcon.colcon_core.shell INFO Creating environment hook '/home/mubashir/Pictures/FYP-Legged-Robot-main/Code/ROS/install/gz_joint_torsional_spring/share/gz_joint_torsional_spring/hook/cmake_prefix_path.sh'
[15.525s] colcon.colcon_core.environment Level 1 checking '/home/mubashir/Pictures/FYP-Legged-Robot-main/Code/ROS/install/gz_joint_torsional_spring/lib'
[15.525s] colcon.colcon_core.shell Level 1 create_environment_hook('gz_joint_torsional_spring', 'ld_library_path_lib')
[15.525s] colcon.colcon_core.shell INFO Creating environment hook '/home/mubashir/Pictures/FYP-Legged-Robot-main/Code/ROS/install/gz_joint_torsional_spring/share/gz_joint_torsional_spring/hook/ld_library_path_lib.ps1'
[15.526s] colcon.colcon_core.shell INFO Creating environment descriptor '/home/mubashir/Pictures/FYP-Legged-Robot-main/Code/ROS/install/gz_joint_torsional_spring/share/gz_joint_torsional_spring/hook/ld_library_path_lib.dsv'
[15.527s] colcon.colcon_core.shell INFO Creating environment hook '/home/mubashir/Pictures/FYP-Legged-Robot-main/Code/ROS/install/gz_joint_torsional_spring/share/gz_joint_torsional_spring/hook/ld_library_path_lib.sh'
[15.527s] colcon.colcon_core.environment Level 1 checking '/home/mubashir/Pictures/FYP-Legged-Robot-main/Code/ROS/install/gz_joint_torsional_spring/bin'
[15.527s] colcon.colcon_core.environment Level 1 checking '/home/mubashir/Pictures/FYP-Legged-Robot-main/Code/ROS/install/gz_joint_torsional_spring/lib/pkgconfig/gz_joint_torsional_spring.pc'
[15.528s] colcon.colcon_core.environment Level 1 checking '/home/mubashir/Pictures/FYP-Legged-Robot-main/Code/ROS/install/gz_joint_torsional_spring/lib/python3.10/site-packages'
[15.528s] colcon.colcon_core.environment Level 1 checking '/home/mubashir/Pictures/FYP-Legged-Robot-main/Code/ROS/install/gz_joint_torsional_spring/bin'
[15.529s] colcon.colcon_core.shell INFO Creating package script '/home/mubashir/Pictures/FYP-Legged-Robot-main/Code/ROS/install/gz_joint_torsional_spring/share/gz_joint_torsional_spring/package.ps1'
[15.530s] colcon.colcon_core.shell INFO Creating package descriptor '/home/mubashir/Pictures/FYP-Legged-Robot-main/Code/ROS/install/gz_joint_torsional_spring/share/gz_joint_torsional_spring/package.dsv'
[15.531s] colcon.colcon_core.shell INFO Creating package script '/home/mubashir/Pictures/FYP-Legged-Robot-main/Code/ROS/install/gz_joint_torsional_spring/share/gz_joint_torsional_spring/package.sh'
[15.532s] colcon.colcon_core.shell INFO Creating package script '/home/mubashir/Pictures/FYP-Legged-Robot-main/Code/ROS/install/gz_joint_torsional_spring/share/gz_joint_torsional_spring/package.bash'
[15.532s] colcon.colcon_core.shell INFO Creating package script '/home/mubashir/Pictures/FYP-Legged-Robot-main/Code/ROS/install/gz_joint_torsional_spring/share/gz_joint_torsional_spring/package.zsh'
[15.533s] colcon.colcon_core.environment Level 1 create_file_with_runtime_dependencies(/home/mubashir/Pictures/FYP-Legged-Robot-main/Code/ROS/install/gz_joint_torsional_spring/share/colcon-core/packages/gz_joint_torsional_spring)
[15.534s] colcon.colcon_core.environment Level 1 create_environment_scripts_only(gz_joint_torsional_spring)
[15.534s] colcon.colcon_core.environment Level 1 checking '/home/mubashir/Pictures/FYP-Legged-Robot-main/Code/ROS/install/gz_joint_torsional_spring' for CMake module files
[15.535s] colcon.colcon_core.environment Level 1 checking '/home/mubashir/Pictures/FYP-Legged-Robot-main/Code/ROS/install/gz_joint_torsional_spring' for CMake config files
[15.535s] colcon.colcon_core.shell Level 1 create_environment_hook('gz_joint_torsional_spring', 'cmake_prefix_path')
[15.535s] colcon.colcon_core.shell INFO Creating environment hook '/home/mubashir/Pictures/FYP-Legged-Robot-main/Code/ROS/install/gz_joint_torsional_spring/share/gz_joint_torsional_spring/hook/cmake_prefix_path.ps1'
[15.536s] colcon.colcon_core.shell INFO Creating environment descriptor '/home/mubashir/Pictures/FYP-Legged-Robot-main/Code/ROS/install/gz_joint_torsional_spring/share/gz_joint_torsional_spring/hook/cmake_prefix_path.dsv'
[15.537s] colcon.colcon_core.shell INFO Creating environment hook '/home/mubashir/Pictures/FYP-Legged-Robot-main/Code/ROS/install/gz_joint_torsional_spring/share/gz_joint_torsional_spring/hook/cmake_prefix_path.sh'
[15.538s] colcon.colcon_core.environment Level 1 checking '/home/mubashir/Pictures/FYP-Legged-Robot-main/Code/ROS/install/gz_joint_torsional_spring/lib'
[15.538s] colcon.colcon_core.shell Level 1 create_environment_hook('gz_joint_torsional_spring', 'ld_library_path_lib')
[15.538s] colcon.colcon_core.shell INFO Creating environment hook '/home/mubashir/Pictures/FYP-Legged-Robot-main/Code/ROS/install/gz_joint_torsional_spring/share/gz_joint_torsional_spring/hook/ld_library_path_lib.ps1'
[15.539s] colcon.colcon_core.shell INFO Creating environment descriptor '/home/mubashir/Pictures/FYP-Legged-Robot-main/Code/ROS/install/gz_joint_torsional_spring/share/gz_joint_torsional_spring/hook/ld_library_path_lib.dsv'
[15.540s] colcon.colcon_core.shell INFO Creating environment hook '/home/mubashir/Pictures/FYP-Legged-Robot-main/Code/ROS/install/gz_joint_torsional_spring/share/gz_joint_torsional_spring/hook/ld_library_path_lib.sh'
[15.541s] colcon.colcon_core.environment Level 1 checking '/home/mubashir/Pictures/FYP-Legged-Robot-main/Code/ROS/install/gz_joint_torsional_spring/bin'
[15.541s] colcon.colcon_core.environment Level 1 checking '/home/mubashir/Pictures/FYP-Legged-Robot-main/Code/ROS/install/gz_joint_torsional_spring/lib/pkgconfig/gz_joint_torsional_spring.pc'
[15.541s] colcon.colcon_core.environment Level 1 checking '/home/mubashir/Pictures/FYP-Legged-Robot-main/Code/ROS/install/gz_joint_torsional_spring/lib/python3.10/site-packages'
[15.542s] colcon.colcon_core.environment Level 1 checking '/home/mubashir/Pictures/FYP-Legged-Robot-main/Code/ROS/install/gz_joint_torsional_spring/bin'
[15.543s] colcon.colcon_core.shell INFO Creating package script '/home/mubashir/Pictures/FYP-Legged-Robot-main/Code/ROS/install/gz_joint_torsional_spring/share/gz_joint_torsional_spring/package.ps1'
[15.545s] colcon.colcon_core.shell INFO Creating package descriptor '/home/mubashir/Pictures/FYP-Legged-Robot-main/Code/ROS/install/gz_joint_torsional_spring/share/gz_joint_torsional_spring/package.dsv'
[15.547s] colcon.colcon_core.shell INFO Creating package script '/home/mubashir/Pictures/FYP-Legged-Robot-main/Code/ROS/install/gz_joint_torsional_spring/share/gz_joint_torsional_spring/package.sh'
[15.548s] colcon.colcon_core.shell INFO Creating package script '/home/mubashir/Pictures/FYP-Legged-Robot-main/Code/ROS/install/gz_joint_torsional_spring/share/gz_joint_torsional_spring/package.bash'
[15.549s] colcon.colcon_core.shell INFO Creating package script '/home/mubashir/Pictures/FYP-Legged-Robot-main/Code/ROS/install/gz_joint_torsional_spring/share/gz_joint_torsional_spring/package.zsh'
[15.550s] colcon.colcon_core.environment Level 1 create_file_with_runtime_dependencies(/home/mubashir/Pictures/FYP-Legged-Robot-main/Code/ROS/install/gz_joint_torsional_spring/share/colcon-core/packages/gz_joint_torsional_spring)
[15.550s] colcon.colcon_parallel_executor.executor.parallel DEBUG closing loop
[15.551s] colcon.colcon_parallel_executor.executor.parallel DEBUG loop closed
[15.551s] colcon.colcon_parallel_executor.executor.parallel DEBUG run_until_complete finished with '0'
[15.551s] colcon.colcon_core.event_reactor DEBUG joining thread
[15.569s] colcon.colcon_core.plugin_system INFO Skipping extension 'colcon_notification.desktop_notification.terminal_notifier': Not used on non-Darwin systems
[15.570s] colcon.colcon_core.plugin_system INFO Skipping extension 'colcon_notification.desktop_notification.win32': Not used on non-Windows systems
[15.570s] colcon.colcon_notification.desktop_notification INFO Sending desktop notification using 'notify2'
[15.599s] colcon.colcon_core.event_reactor DEBUG joined thread
[15.600s] colcon.colcon_core.shell INFO Creating prefix script '/home/mubashir/Pictures/FYP-Legged-Robot-main/Code/ROS/install/local_setup.ps1'
[15.602s] colcon.colcon_core.shell INFO Creating prefix util module '/home/mubashir/Pictures/FYP-Legged-Robot-main/Code/ROS/install/_local_setup_util_ps1.py'
[15.605s] colcon.colcon_core.shell INFO Creating prefix chain script '/home/mubashir/Pictures/FYP-Legged-Robot-main/Code/ROS/install/setup.ps1'
[15.607s] colcon.colcon_core.shell INFO Creating prefix script '/home/mubashir/Pictures/FYP-Legged-Robot-main/Code/ROS/install/local_setup.sh'
[15.609s] colcon.colcon_core.shell INFO Creating prefix util module '/home/mubashir/Pictures/FYP-Legged-Robot-main/Code/ROS/install/_local_setup_util_sh.py'
[15.610s] colcon.colcon_core.shell INFO Creating prefix chain script '/home/mubashir/Pictures/FYP-Legged-Robot-main/Code/ROS/install/setup.sh'
[15.613s] colcon.colcon_core.shell INFO Creating prefix script '/home/mubashir/Pictures/FYP-Legged-Robot-main/Code/ROS/install/local_setup.bash'
[15.614s] colcon.colcon_core.shell INFO Creating prefix chain script '/home/mubashir/Pictures/FYP-Legged-Robot-main/Code/ROS/install/setup.bash'
[15.616s] colcon.colcon_core.shell INFO Creating prefix script '/home/mubashir/Pictures/FYP-Legged-Robot-main/Code/ROS/install/local_setup.zsh'
[15.618s] colcon.colcon_core.shell INFO Creating prefix chain script '/home/mubashir/Pictures/FYP-Legged-Robot-main/Code/ROS/install/setup.zsh'
