running egg_info
creating ../../../build/rlpa_ros2/rlpa_ros2.egg-info
writing ../../../build/rlpa_ros2/rlpa_ros2.egg-info/PKG-INFO
writing dependency_links to ../../../build/rlpa_ros2/rlpa_ros2.egg-info/dependency_links.txt
writing entry points to ../../../build/rlpa_ros2/rlpa_ros2.egg-info/entry_points.txt
writing requirements to ../../../build/rlpa_ros2/rlpa_ros2.egg-info/requires.txt
writing top-level names to ../../../build/rlpa_ros2/rlpa_ros2.egg-info/top_level.txt
writing manifest file '../../../build/rlpa_ros2/rlpa_ros2.egg-info/SOURCES.txt'
reading manifest file '../../../build/rlpa_ros2/rlpa_ros2.egg-info/SOURCES.txt'
writing manifest file '../../../build/rlpa_ros2/rlpa_ros2.egg-info/SOURCES.txt'
running build
running build_py
creating /home/mubashir/Documents/FYP-Legged-Robot-main/Code/build/rlpa_ros2/build
creating /home/mubashir/Documents/FYP-Legged-Robot-main/Code/build/rlpa_ros2/build/lib
creating /home/mubashir/Documents/FYP-Legged-Robot-main/Code/build/rlpa_ros2/build/lib/rlpa_ros2
copying rlpa_ros2/ceiling_filter_node.py -> /home/mubashir/Documents/FYP-Legged-Robot-main/Code/build/rlpa_ros2/build/lib/rlpa_ros2
copying rlpa_ros2/apf_planner.py -> /home/mubashir/Documents/FYP-Legged-Robot-main/Code/build/rlpa_ros2/build/lib/rlpa_ros2
copying rlpa_ros2/apf_perception_node.py -> /home/mubashir/Documents/FYP-Legged-Robot-main/Code/build/rlpa_ros2/build/lib/rlpa_ros2
copying rlpa_ros2/ceiling_flipper_node.py -> /home/mubashir/Documents/FYP-Legged-Robot-main/Code/build/rlpa_ros2/build/lib/rlpa_ros2
copying rlpa_ros2/rl_obs.py -> /home/mubashir/Documents/FYP-Legged-Robot-main/Code/build/rlpa_ros2/build/lib/rlpa_ros2
copying rlpa_ros2/teleop.py -> /home/mubashir/Documents/FYP-Legged-Robot-main/Code/build/rlpa_ros2/build/lib/rlpa_ros2
copying rlpa_ros2/rl_action.py -> /home/mubashir/Documents/FYP-Legged-Robot-main/Code/build/rlpa_ros2/build/lib/rlpa_ros2
copying rlpa_ros2/flight_recorder.py -> /home/mubashir/Documents/FYP-Legged-Robot-main/Code/build/rlpa_ros2/build/lib/rlpa_ros2
copying rlpa_ros2/perception_preprocessor.py -> /home/mubashir/Documents/FYP-Legged-Robot-main/Code/build/rlpa_ros2/build/lib/rlpa_ros2
copying rlpa_ros2/__init__.py -> /home/mubashir/Documents/FYP-Legged-Robot-main/Code/build/rlpa_ros2/build/lib/rlpa_ros2
copying rlpa_ros2/rl_policy.py -> /home/mubashir/Documents/FYP-Legged-Robot-main/Code/build/rlpa_ros2/build/lib/rlpa_ros2
copying rlpa_ros2/map_flipper_node.py -> /home/mubashir/Documents/FYP-Legged-Robot-main/Code/build/rlpa_ros2/build/lib/rlpa_ros2
copying rlpa_ros2/apf_planner2.py -> /home/mubashir/Documents/FYP-Legged-Robot-main/Code/build/rlpa_ros2/build/lib/rlpa_ros2
running install
running install_lib
creating /home/mubashir/Documents/FYP-Legged-Robot-main/Code/install/rlpa_ros2/lib/python3.10/site-packages/rlpa_ros2
copying /home/mubashir/Documents/FYP-Legged-Robot-main/Code/build/rlpa_ros2/build/lib/rlpa_ros2/ceiling_filter_node.py -> /home/mubashir/Documents/FYP-Legged-Robot-main/Code/install/rlpa_ros2/lib/python3.10/site-packages/rlpa_ros2
copying /home/mubashir/Documents/FYP-Legged-Robot-main/Code/build/rlpa_ros2/build/lib/rlpa_ros2/apf_planner.py -> /home/mubashir/Documents/FYP-Legged-Robot-main/Code/install/rlpa_ros2/lib/python3.10/site-packages/rlpa_ros2
copying /home/mubashir/Documents/FYP-Legged-Robot-main/Code/build/rlpa_ros2/build/lib/rlpa_ros2/apf_perception_node.py -> /home/mubashir/Documents/FYP-Legged-Robot-main/Code/install/rlpa_ros2/lib/python3.10/site-packages/rlpa_ros2
copying /home/mubashir/Documents/FYP-Legged-Robot-main/Code/build/rlpa_ros2/build/lib/rlpa_ros2/ceiling_flipper_node.py -> /home/mubashir/Documents/FYP-Legged-Robot-main/Code/install/rlpa_ros2/lib/python3.10/site-packages/rlpa_ros2
copying /home/mubashir/Documents/FYP-Legged-Robot-main/Code/build/rlpa_ros2/build/lib/rlpa_ros2/rl_obs.py -> /home/mubashir/Documents/FYP-Legged-Robot-main/Code/install/rlpa_ros2/lib/python3.10/site-packages/rlpa_ros2
copying /home/mubashir/Documents/FYP-Legged-Robot-main/Code/build/rlpa_ros2/build/lib/rlpa_ros2/teleop.py -> /home/mubashir/Documents/FYP-Legged-Robot-main/Code/install/rlpa_ros2/lib/python3.10/site-packages/rlpa_ros2
copying /home/mubashir/Documents/FYP-Legged-Robot-main/Code/build/rlpa_ros2/build/lib/rlpa_ros2/rl_action.py -> /home/mubashir/Documents/FYP-Legged-Robot-main/Code/install/rlpa_ros2/lib/python3.10/site-packages/rlpa_ros2
copying /home/mubashir/Documents/FYP-Legged-Robot-main/Code/build/rlpa_ros2/build/lib/rlpa_ros2/flight_recorder.py -> /home/mubashir/Documents/FYP-Legged-Robot-main/Code/install/rlpa_ros2/lib/python3.10/site-packages/rlpa_ros2
copying /home/mubashir/Documents/FYP-Legged-Robot-main/Code/build/rlpa_ros2/build/lib/rlpa_ros2/perception_preprocessor.py -> /home/mubashir/Documents/FYP-Legged-Robot-main/Code/install/rlpa_ros2/lib/python3.10/site-packages/rlpa_ros2
copying /home/mubashir/Documents/FYP-Legged-Robot-main/Code/build/rlpa_ros2/build/lib/rlpa_ros2/__init__.py -> /home/mubashir/Documents/FYP-Legged-Robot-main/Code/install/rlpa_ros2/lib/python3.10/site-packages/rlpa_ros2
copying /home/mubashir/Documents/FYP-Legged-Robot-main/Code/build/rlpa_ros2/build/lib/rlpa_ros2/rl_policy.py -> /home/mubashir/Documents/FYP-Legged-Robot-main/Code/install/rlpa_ros2/lib/python3.10/site-packages/rlpa_ros2
copying /home/mubashir/Documents/FYP-Legged-Robot-main/Code/build/rlpa_ros2/build/lib/rlpa_ros2/map_flipper_node.py -> /home/mubashir/Documents/FYP-Legged-Robot-main/Code/install/rlpa_ros2/lib/python3.10/site-packages/rlpa_ros2
copying /home/mubashir/Documents/FYP-Legged-Robot-main/Code/build/rlpa_ros2/build/lib/rlpa_ros2/apf_planner2.py -> /home/mubashir/Documents/FYP-Legged-Robot-main/Code/install/rlpa_ros2/lib/python3.10/site-packages/rlpa_ros2
byte-compiling /home/mubashir/Documents/FYP-Legged-Robot-main/Code/install/rlpa_ros2/lib/python3.10/site-packages/rlpa_ros2/ceiling_filter_node.py to ceiling_filter_node.cpython-310.pyc
byte-compiling /home/mubashir/Documents/FYP-Legged-Robot-main/Code/install/rlpa_ros2/lib/python3.10/site-packages/rlpa_ros2/apf_planner.py to apf_planner.cpython-310.pyc
byte-compiling /home/mubashir/Documents/FYP-Legged-Robot-main/Code/install/rlpa_ros2/lib/python3.10/site-packages/rlpa_ros2/apf_perception_node.py to apf_perception_node.cpython-310.pyc
byte-compiling /home/mubashir/Documents/FYP-Legged-Robot-main/Code/install/rlpa_ros2/lib/python3.10/site-packages/rlpa_ros2/ceiling_flipper_node.py to ceiling_flipper_node.cpython-310.pyc
byte-compiling /home/mubashir/Documents/FYP-Legged-Robot-main/Code/install/rlpa_ros2/lib/python3.10/site-packages/rlpa_ros2/rl_obs.py to rl_obs.cpython-310.pyc
byte-compiling /home/mubashir/Documents/FYP-Legged-Robot-main/Code/install/rlpa_ros2/lib/python3.10/site-packages/rlpa_ros2/teleop.py to teleop.cpython-310.pyc
byte-compiling /home/mubashir/Documents/FYP-Legged-Robot-main/Code/install/rlpa_ros2/lib/python3.10/site-packages/rlpa_ros2/rl_action.py to rl_action.cpython-310.pyc
byte-compiling /home/mubashir/Documents/FYP-Legged-Robot-main/Code/install/rlpa_ros2/lib/python3.10/site-packages/rlpa_ros2/flight_recorder.py to flight_recorder.cpython-310.pyc
byte-compiling /home/mubashir/Documents/FYP-Legged-Robot-main/Code/install/rlpa_ros2/lib/python3.10/site-packages/rlpa_ros2/perception_preprocessor.py to perception_preprocessor.cpython-310.pyc
byte-compiling /home/mubashir/Documents/FYP-Legged-Robot-main/Code/install/rlpa_ros2/lib/python3.10/site-packages/rlpa_ros2/__init__.py to __init__.cpython-310.pyc
byte-compiling /home/mubashir/Documents/FYP-Legged-Robot-main/Code/install/rlpa_ros2/lib/python3.10/site-packages/rlpa_ros2/rl_policy.py to rl_policy.cpython-310.pyc
byte-compiling /home/mubashir/Documents/FYP-Legged-Robot-main/Code/install/rlpa_ros2/lib/python3.10/site-packages/rlpa_ros2/map_flipper_node.py to map_flipper_node.cpython-310.pyc
byte-compiling /home/mubashir/Documents/FYP-Legged-Robot-main/Code/install/rlpa_ros2/lib/python3.10/site-packages/rlpa_ros2/apf_planner2.py to apf_planner2.cpython-310.pyc
running install_data
creating /home/mubashir/Documents/FYP-Legged-Robot-main/Code/install/rlpa_ros2/share/ament_index
creating /home/mubashir/Documents/FYP-Legged-Robot-main/Code/install/rlpa_ros2/share/ament_index/resource_index
creating /home/mubashir/Documents/FYP-Legged-Robot-main/Code/install/rlpa_ros2/share/ament_index/resource_index/packages
copying resource/rlpa_ros2 -> /home/mubashir/Documents/FYP-Legged-Robot-main/Code/install/rlpa_ros2/share/ament_index/resource_index/packages
copying package.xml -> /home/mubashir/Documents/FYP-Legged-Robot-main/Code/install/rlpa_ros2/share/rlpa_ros2
creating /home/mubashir/Documents/FYP-Legged-Robot-main/Code/install/rlpa_ros2/share/rlpa_ros2/launch
copying launch/rlpa_L.launch.py -> /home/mubashir/Documents/FYP-Legged-Robot-main/Code/install/rlpa_ros2/share/rlpa_ros2/launch
copying launch/rlpa_flat.launch.py -> /home/mubashir/Documents/FYP-Legged-Robot-main/Code/install/rlpa_ros2/share/rlpa_ros2/launch
copying launch/apf_controltube.launch.py -> /home/mubashir/Documents/FYP-Legged-Robot-main/Code/install/rlpa_ros2/share/rlpa_ros2/launch
copying launch/rlpa_flat_advanced.launch.py -> /home/mubashir/Documents/FYP-Legged-Robot-main/Code/install/rlpa_ros2/share/rlpa_ros2/launch
creating /home/mubashir/Documents/FYP-Legged-Robot-main/Code/install/rlpa_ros2/share/rlpa_ros2/config
copying config/ceiling_converter_params.yaml -> /home/mubashir/Documents/FYP-Legged-Robot-main/Code/install/rlpa_ros2/share/rlpa_ros2/config
copying config/floor_elev_map_20cm.yaml -> /home/mubashir/Documents/FYP-Legged-Robot-main/Code/install/rlpa_ros2/share/rlpa_ros2/config
copying config/controllers.yaml -> /home/mubashir/Documents/FYP-Legged-Robot-main/Code/install/rlpa_ros2/share/rlpa_ros2/config
copying config/converter_params.yaml -> /home/mubashir/Documents/FYP-Legged-Robot-main/Code/install/rlpa_ros2/share/rlpa_ros2/config
copying config/ros_gz_bridge.yaml -> /home/mubashir/Documents/FYP-Legged-Robot-main/Code/install/rlpa_ros2/share/rlpa_ros2/config
copying config/ceiling_elev_map_20cm.yaml -> /home/mubashir/Documents/FYP-Legged-Robot-main/Code/install/rlpa_ros2/share/rlpa_ros2/config
creating /home/mubashir/Documents/FYP-Legged-Robot-main/Code/install/rlpa_ros2/share/rlpa_ros2/rviz
copying rviz/rviz_config.rviz -> /home/mubashir/Documents/FYP-Legged-Robot-main/Code/install/rlpa_ros2/share/rlpa_ros2/rviz
creating /home/mubashir/Documents/FYP-Legged-Robot-main/Code/install/rlpa_ros2/share/rlpa_ros2/worlds
copying worlds/friction_world.sdf -> /home/mubashir/Documents/FYP-Legged-Robot-main/Code/install/rlpa_ros2/share/rlpa_ros2/worlds
copying worlds/flat_cave.sdf -> /home/mubashir/Documents/FYP-Legged-Robot-main/Code/install/rlpa_ros2/share/rlpa_ros2/worlds
copying worlds/ControlTube.sdf -> /home/mubashir/Documents/FYP-Legged-Robot-main/Code/install/rlpa_ros2/share/rlpa_ros2/worlds
creating /home/mubashir/Documents/FYP-Legged-Robot-main/Code/install/rlpa_ros2/share/rlpa_ros2/worlds/my_cave_model
copying worlds/my_cave_model/model.config -> /home/mubashir/Documents/FYP-Legged-Robot-main/Code/install/rlpa_ros2/share/rlpa_ros2/worlds/my_cave_model
copying worlds/my_cave_model/model.sdf -> /home/mubashir/Documents/FYP-Legged-Robot-main/Code/install/rlpa_ros2/share/rlpa_ros2/worlds/my_cave_model
creating /home/mubashir/Documents/FYP-Legged-Robot-main/Code/install/rlpa_ros2/share/rlpa_ros2/worlds/my_cave_model/meshes
copying worlds/my_cave_model/meshes/color_texture_Underground.png -> /home/mubashir/Documents/FYP-Legged-Robot-main/Code/install/rlpa_ros2/share/rlpa_ros2/worlds/my_cave_model/meshes
copying worlds/my_cave_model/meshes/mesh.obj -> /home/mubashir/Documents/FYP-Legged-Robot-main/Code/install/rlpa_ros2/share/rlpa_ros2/worlds/my_cave_model/meshes
copying worlds/my_cave_model/meshes/roughness_texture_Underground.png -> /home/mubashir/Documents/FYP-Legged-Robot-main/Code/install/rlpa_ros2/share/rlpa_ros2/worlds/my_cave_model/meshes
copying worlds/my_cave_model/meshes/mesh.mtl -> /home/mubashir/Documents/FYP-Legged-Robot-main/Code/install/rlpa_ros2/share/rlpa_ros2/worlds/my_cave_model/meshes
copying worlds/my_cave_model/meshes/normal_texture_Underground.png -> /home/mubashir/Documents/FYP-Legged-Robot-main/Code/install/rlpa_ros2/share/rlpa_ros2/worlds/my_cave_model/meshes
creating /home/mubashir/Documents/FYP-Legged-Robot-main/Code/install/rlpa_ros2/share/rlpa_ros2/models
creating /home/mubashir/Documents/FYP-Legged-Robot-main/Code/install/rlpa_ros2/share/rlpa_ros2/models/THex_Quadruped
copying models/THex_Quadruped/model_sim.urdf -> /home/mubashir/Documents/FYP-Legged-Robot-main/Code/install/rlpa_ros2/share/rlpa_ros2/models/THex_Quadruped
copying models/THex_Quadruped/model.config -> /home/mubashir/Documents/FYP-Legged-Robot-main/Code/install/rlpa_ros2/share/rlpa_ros2/models/THex_Quadruped
creating /home/mubashir/Documents/FYP-Legged-Robot-main/Code/install/rlpa_ros2/share/rlpa_ros2/models/THex_Quadruped/meshes
copying models/THex_Quadruped/meshes/bl_knee.STL -> /home/mubashir/Documents/FYP-Legged-Robot-main/Code/install/rlpa_ros2/share/rlpa_ros2/models/THex_Quadruped/meshes
copying models/THex_Quadruped/meshes/br_foot.STL -> /home/mubashir/Documents/FYP-Legged-Robot-main/Code/install/rlpa_ros2/share/rlpa_ros2/models/THex_Quadruped/meshes
copying models/THex_Quadruped/meshes/bl_foot_collision.STL -> /home/mubashir/Documents/FYP-Legged-Robot-main/Code/install/rlpa_ros2/share/rlpa_ros2/models/THex_Quadruped/meshes
copying models/THex_Quadruped/meshes/fr_hip.STL -> /home/mubashir/Documents/FYP-Legged-Robot-main/Code/install/rlpa_ros2/share/rlpa_ros2/models/THex_Quadruped/meshes
copying models/THex_Quadruped/meshes/bl_hip.STL -> /home/mubashir/Documents/FYP-Legged-Robot-main/Code/install/rlpa_ros2/share/rlpa_ros2/models/THex_Quadruped/meshes
copying models/THex_Quadruped/meshes/base_link.STL -> /home/mubashir/Documents/FYP-Legged-Robot-main/Code/install/rlpa_ros2/share/rlpa_ros2/models/THex_Quadruped/meshes
copying models/THex_Quadruped/meshes/fr_knee.STL -> /home/mubashir/Documents/FYP-Legged-Robot-main/Code/install/rlpa_ros2/share/rlpa_ros2/models/THex_Quadruped/meshes
copying models/THex_Quadruped/meshes/fl_hip_collision.STL -> /home/mubashir/Documents/FYP-Legged-Robot-main/Code/install/rlpa_ros2/share/rlpa_ros2/models/THex_Quadruped/meshes
copying models/THex_Quadruped/meshes/br_foot_collision.STL -> /home/mubashir/Documents/FYP-Legged-Robot-main/Code/install/rlpa_ros2/share/rlpa_ros2/models/THex_Quadruped/meshes
copying models/THex_Quadruped/meshes/br_hip_collision.STL -> /home/mubashir/Documents/FYP-Legged-Robot-main/Code/install/rlpa_ros2/share/rlpa_ros2/models/THex_Quadruped/meshes
copying models/THex_Quadruped/meshes/fr_foot_collision.STL -> /home/mubashir/Documents/FYP-Legged-Robot-main/Code/install/rlpa_ros2/share/rlpa_ros2/models/THex_Quadruped/meshes
copying models/THex_Quadruped/meshes/fr_foot.STL -> /home/mubashir/Documents/FYP-Legged-Robot-main/Code/install/rlpa_ros2/share/rlpa_ros2/models/THex_Quadruped/meshes
copying models/THex_Quadruped/meshes/fl_foot.STL -> /home/mubashir/Documents/FYP-Legged-Robot-main/Code/install/rlpa_ros2/share/rlpa_ros2/models/THex_Quadruped/meshes
copying models/THex_Quadruped/meshes/base_link_collision.STL -> /home/mubashir/Documents/FYP-Legged-Robot-main/Code/install/rlpa_ros2/share/rlpa_ros2/models/THex_Quadruped/meshes
copying models/THex_Quadruped/meshes/fl_hip.STL -> /home/mubashir/Documents/FYP-Legged-Robot-main/Code/install/rlpa_ros2/share/rlpa_ros2/models/THex_Quadruped/meshes
copying models/THex_Quadruped/meshes/fl_knee.STL -> /home/mubashir/Documents/FYP-Legged-Robot-main/Code/install/rlpa_ros2/share/rlpa_ros2/models/THex_Quadruped/meshes
copying models/THex_Quadruped/meshes/fr_knee_collision.STL -> /home/mubashir/Documents/FYP-Legged-Robot-main/Code/install/rlpa_ros2/share/rlpa_ros2/models/THex_Quadruped/meshes
copying models/THex_Quadruped/meshes/bl_hip_collision.STL -> /home/mubashir/Documents/FYP-Legged-Robot-main/Code/install/rlpa_ros2/share/rlpa_ros2/models/THex_Quadruped/meshes
copying models/THex_Quadruped/meshes/fl_foot_collision.STL -> /home/mubashir/Documents/FYP-Legged-Robot-main/Code/install/rlpa_ros2/share/rlpa_ros2/models/THex_Quadruped/meshes
copying models/THex_Quadruped/meshes/bl_foot.STL -> /home/mubashir/Documents/FYP-Legged-Robot-main/Code/install/rlpa_ros2/share/rlpa_ros2/models/THex_Quadruped/meshes
copying models/THex_Quadruped/meshes/br_knee.STL -> /home/mubashir/Documents/FYP-Legged-Robot-main/Code/install/rlpa_ros2/share/rlpa_ros2/models/THex_Quadruped/meshes
copying models/THex_Quadruped/meshes/fl_knee_collision.STL -> /home/mubashir/Documents/FYP-Legged-Robot-main/Code/install/rlpa_ros2/share/rlpa_ros2/models/THex_Quadruped/meshes
copying models/THex_Quadruped/meshes/fr_hip_collision.STL -> /home/mubashir/Documents/FYP-Legged-Robot-main/Code/install/rlpa_ros2/share/rlpa_ros2/models/THex_Quadruped/meshes
copying models/THex_Quadruped/meshes/br_knee_collision.STL -> /home/mubashir/Documents/FYP-Legged-Robot-main/Code/install/rlpa_ros2/share/rlpa_ros2/models/THex_Quadruped/meshes
copying models/THex_Quadruped/meshes/br_hip.STL -> /home/mubashir/Documents/FYP-Legged-Robot-main/Code/install/rlpa_ros2/share/rlpa_ros2/models/THex_Quadruped/meshes
copying models/THex_Quadruped/meshes/bl_knee_collision.STL -> /home/mubashir/Documents/FYP-Legged-Robot-main/Code/install/rlpa_ros2/share/rlpa_ros2/models/THex_Quadruped/meshes
running install_egg_info
Copying ../../../build/rlpa_ros2/rlpa_ros2.egg-info to /home/mubashir/Documents/FYP-Legged-Robot-main/Code/install/rlpa_ros2/lib/python3.10/site-packages/rlpa_ros2-0.0.0-py3.10.egg-info
running install_scripts
Installing apf_perception_node script to /home/mubashir/Documents/FYP-Legged-Robot-main/Code/install/rlpa_ros2/lib/rlpa_ros2
Installing apf_planner script to /home/mubashir/Documents/FYP-Legged-Robot-main/Code/install/rlpa_ros2/lib/rlpa_ros2
Installing apf_planner2 script to /home/mubashir/Documents/FYP-Legged-Robot-main/Code/install/rlpa_ros2/lib/rlpa_ros2
Installing ceiling_filter_node script to /home/mubashir/Documents/FYP-Legged-Robot-main/Code/install/rlpa_ros2/lib/rlpa_ros2
Installing ceiling_flipper_node script to /home/mubashir/Documents/FYP-Legged-Robot-main/Code/install/rlpa_ros2/lib/rlpa_ros2
Installing flight_recorder script to /home/mubashir/Documents/FYP-Legged-Robot-main/Code/install/rlpa_ros2/lib/rlpa_ros2
Installing map_flipper_node script to /home/mubashir/Documents/FYP-Legged-Robot-main/Code/install/rlpa_ros2/lib/rlpa_ros2
Installing perception_preprocessor script to /home/mubashir/Documents/FYP-Legged-Robot-main/Code/install/rlpa_ros2/lib/rlpa_ros2
Installing rl_action script to /home/mubashir/Documents/FYP-Legged-Robot-main/Code/install/rlpa_ros2/lib/rlpa_ros2
Installing rl_obs script to /home/mubashir/Documents/FYP-Legged-Robot-main/Code/install/rlpa_ros2/lib/rlpa_ros2
Installing rl_policy script to /home/mubashir/Documents/FYP-Legged-Robot-main/Code/install/rlpa_ros2/lib/rlpa_ros2
Installing teleop script to /home/mubashir/Documents/FYP-Legged-Robot-main/Code/install/rlpa_ros2/lib/rlpa_ros2
writing list of installed files to '/home/mubashir/Documents/FYP-Legged-Robot-main/Code/build/rlpa_ros2/install.log'
