[6.888s] Invoking command in '/home/mubashir/Documents/FYP-Legged-Robot-main/Code/ROS/src/rlpa_ros2': PYTHONPATH=/home/mubashir/Documents/FYP-Legged-Robot-main/Code/build/rlpa_ros2/prefix_override:/usr/lib/python3/dist-packages/colcon_core/task/python/colcon_distutils_commands:/home/mubashir/Documents/FYP-Legged-Robot-main/Code/install/rlpa_ros2/lib/python3.10/site-packages:${PYTHONPATH} /usr/bin/python3 -W ignore:setup.py install is deprecated -W ignore:easy_install command is deprecated setup.py egg_info --egg-base ../../../build/rlpa_ros2 build --build-base /home/mubashir/Documents/FYP-Legged-Robot-main/Code/build/rlpa_ros2/build install --record /home/mubashir/Documents/FYP-Legged-Robot-main/Code/build/rlpa_ros2/install.log --single-version-externally-managed install_data
[8.796s] running egg_info
[8.799s] creating ../../../build/rlpa_ros2/rlpa_ros2.egg-info
[8.799s] writing ../../../build/rlpa_ros2/rlpa_ros2.egg-info/PKG-INFO
[8.800s] writing dependency_links to ../../../build/rlpa_ros2/rlpa_ros2.egg-info/dependency_links.txt
[8.805s] writing entry points to ../../../build/rlpa_ros2/rlpa_ros2.egg-info/entry_points.txt
[8.805s] writing requirements to ../../../build/rlpa_ros2/rlpa_ros2.egg-info/requires.txt
[8.805s] writing top-level names to ../../../build/rlpa_ros2/rlpa_ros2.egg-info/top_level.txt
[8.805s] writing manifest file '../../../build/rlpa_ros2/rlpa_ros2.egg-info/SOURCES.txt'
[8.810s] reading manifest file '../../../build/rlpa_ros2/rlpa_ros2.egg-info/SOURCES.txt'
[8.810s] writing manifest file '../../../build/rlpa_ros2/rlpa_ros2.egg-info/SOURCES.txt'
[8.811s] running build
[8.812s] running build_py
[8.813s] creating /home/mubashir/Documents/FYP-Legged-Robot-main/Code/build/rlpa_ros2/build
[8.813s] creating /home/mubashir/Documents/FYP-Legged-Robot-main/Code/build/rlpa_ros2/build/lib
[8.813s] creating /home/mubashir/Documents/FYP-Legged-Robot-main/Code/build/rlpa_ros2/build/lib/rlpa_ros2
[8.820s] copying rlpa_ros2/ceiling_filter_node.py -> /home/mubashir/Documents/FYP-Legged-Robot-main/Code/build/rlpa_ros2/build/lib/rlpa_ros2
[8.821s] copying rlpa_ros2/apf_planner.py -> /home/mubashir/Documents/FYP-Legged-Robot-main/Code/build/rlpa_ros2/build/lib/rlpa_ros2
[8.822s] copying rlpa_ros2/apf_perception_node.py -> /home/mubashir/Documents/FYP-Legged-Robot-main/Code/build/rlpa_ros2/build/lib/rlpa_ros2
[8.826s] copying rlpa_ros2/ceiling_flipper_node.py -> /home/mubashir/Documents/FYP-Legged-Robot-main/Code/build/rlpa_ros2/build/lib/rlpa_ros2
[8.839s] copying rlpa_ros2/rl_obs.py -> /home/mubashir/Documents/FYP-Legged-Robot-main/Code/build/rlpa_ros2/build/lib/rlpa_ros2
[8.842s] copying rlpa_ros2/teleop.py -> /home/mubashir/Documents/FYP-Legged-Robot-main/Code/build/rlpa_ros2/build/lib/rlpa_ros2
[8.847s] copying rlpa_ros2/rl_action.py -> /home/mubashir/Documents/FYP-Legged-Robot-main/Code/build/rlpa_ros2/build/lib/rlpa_ros2
[8.853s] copying rlpa_ros2/flight_recorder.py -> /home/mubashir/Documents/FYP-Legged-Robot-main/Code/build/rlpa_ros2/build/lib/rlpa_ros2
[8.859s] copying rlpa_ros2/perception_preprocessor.py -> /home/mubashir/Documents/FYP-Legged-Robot-main/Code/build/rlpa_ros2/build/lib/rlpa_ros2
[8.871s] copying rlpa_ros2/__init__.py -> /home/mubashir/Documents/FYP-Legged-Robot-main/Code/build/rlpa_ros2/build/lib/rlpa_ros2
[8.872s] copying rlpa_ros2/rl_policy.py -> /home/mubashir/Documents/FYP-Legged-Robot-main/Code/build/rlpa_ros2/build/lib/rlpa_ros2
[8.878s] copying rlpa_ros2/map_flipper_node.py -> /home/mubashir/Documents/FYP-Legged-Robot-main/Code/build/rlpa_ros2/build/lib/rlpa_ros2
[8.886s] copying rlpa_ros2/apf_planner2.py -> /home/mubashir/Documents/FYP-Legged-Robot-main/Code/build/rlpa_ros2/build/lib/rlpa_ros2
[8.892s] running install
[8.894s] running install_lib
[8.897s] creating /home/mubashir/Documents/FYP-Legged-Robot-main/Code/install/rlpa_ros2/lib/python3.10/site-packages/rlpa_ros2
[8.897s] copying /home/mubashir/Documents/FYP-Legged-Robot-main/Code/build/rlpa_ros2/build/lib/rlpa_ros2/ceiling_filter_node.py -> /home/mubashir/Documents/FYP-Legged-Robot-main/Code/install/rlpa_ros2/lib/python3.10/site-packages/rlpa_ros2
[8.898s] copying /home/mubashir/Documents/FYP-Legged-Robot-main/Code/build/rlpa_ros2/build/lib/rlpa_ros2/apf_planner.py -> /home/mubashir/Documents/FYP-Legged-Robot-main/Code/install/rlpa_ros2/lib/python3.10/site-packages/rlpa_ros2
[8.898s] copying /home/mubashir/Documents/FYP-Legged-Robot-main/Code/build/rlpa_ros2/build/lib/rlpa_ros2/apf_perception_node.py -> /home/mubashir/Documents/FYP-Legged-Robot-main/Code/install/rlpa_ros2/lib/python3.10/site-packages/rlpa_ros2
[8.899s] copying /home/mubashir/Documents/FYP-Legged-Robot-main/Code/build/rlpa_ros2/build/lib/rlpa_ros2/ceiling_flipper_node.py -> /home/mubashir/Documents/FYP-Legged-Robot-main/Code/install/rlpa_ros2/lib/python3.10/site-packages/rlpa_ros2
[8.899s] copying /home/mubashir/Documents/FYP-Legged-Robot-main/Code/build/rlpa_ros2/build/lib/rlpa_ros2/rl_obs.py -> /home/mubashir/Documents/FYP-Legged-Robot-main/Code/install/rlpa_ros2/lib/python3.10/site-packages/rlpa_ros2
[8.899s] copying /home/mubashir/Documents/FYP-Legged-Robot-main/Code/build/rlpa_ros2/build/lib/rlpa_ros2/teleop.py -> /home/mubashir/Documents/FYP-Legged-Robot-main/Code/install/rlpa_ros2/lib/python3.10/site-packages/rlpa_ros2
[8.899s] copying /home/mubashir/Documents/FYP-Legged-Robot-main/Code/build/rlpa_ros2/build/lib/rlpa_ros2/rl_action.py -> /home/mubashir/Documents/FYP-Legged-Robot-main/Code/install/rlpa_ros2/lib/python3.10/site-packages/rlpa_ros2
[8.911s] copying /home/mubashir/Documents/FYP-Legged-Robot-main/Code/build/rlpa_ros2/build/lib/rlpa_ros2/flight_recorder.py -> /home/mubashir/Documents/FYP-Legged-Robot-main/Code/install/rlpa_ros2/lib/python3.10/site-packages/rlpa_ros2
[8.912s] copying /home/mubashir/Documents/FYP-Legged-Robot-main/Code/build/rlpa_ros2/build/lib/rlpa_ros2/perception_preprocessor.py -> /home/mubashir/Documents/FYP-Legged-Robot-main/Code/install/rlpa_ros2/lib/python3.10/site-packages/rlpa_ros2
[8.912s] copying /home/mubashir/Documents/FYP-Legged-Robot-main/Code/build/rlpa_ros2/build/lib/rlpa_ros2/__init__.py -> /home/mubashir/Documents/FYP-Legged-Robot-main/Code/install/rlpa_ros2/lib/python3.10/site-packages/rlpa_ros2
[8.913s] copying /home/mubashir/Documents/FYP-Legged-Robot-main/Code/build/rlpa_ros2/build/lib/rlpa_ros2/rl_policy.py -> /home/mubashir/Documents/FYP-Legged-Robot-main/Code/install/rlpa_ros2/lib/python3.10/site-packages/rlpa_ros2
[8.913s] copying /home/mubashir/Documents/FYP-Legged-Robot-main/Code/build/rlpa_ros2/build/lib/rlpa_ros2/map_flipper_node.py -> /home/mubashir/Documents/FYP-Legged-Robot-main/Code/install/rlpa_ros2/lib/python3.10/site-packages/rlpa_ros2
[8.913s] copying /home/mubashir/Documents/FYP-Legged-Robot-main/Code/build/rlpa_ros2/build/lib/rlpa_ros2/apf_planner2.py -> /home/mubashir/Documents/FYP-Legged-Robot-main/Code/install/rlpa_ros2/lib/python3.10/site-packages/rlpa_ros2
[8.916s] byte-compiling /home/mubashir/Documents/FYP-Legged-Robot-main/Code/install/rlpa_ros2/lib/python3.10/site-packages/rlpa_ros2/ceiling_filter_node.py to ceiling_filter_node.cpython-310.pyc
[8.916s] byte-compiling /home/mubashir/Documents/FYP-Legged-Robot-main/Code/install/rlpa_ros2/lib/python3.10/site-packages/rlpa_ros2/apf_planner.py to apf_planner.cpython-310.pyc
[8.925s] byte-compiling /home/mubashir/Documents/FYP-Legged-Robot-main/Code/install/rlpa_ros2/lib/python3.10/site-packages/rlpa_ros2/apf_perception_node.py to apf_perception_node.cpython-310.pyc
[8.938s] byte-compiling /home/mubashir/Documents/FYP-Legged-Robot-main/Code/install/rlpa_ros2/lib/python3.10/site-packages/rlpa_ros2/ceiling_flipper_node.py to ceiling_flipper_node.cpython-310.pyc
[8.939s] byte-compiling /home/mubashir/Documents/FYP-Legged-Robot-main/Code/install/rlpa_ros2/lib/python3.10/site-packages/rlpa_ros2/rl_obs.py to rl_obs.cpython-310.pyc
[8.942s] byte-compiling /home/mubashir/Documents/FYP-Legged-Robot-main/Code/install/rlpa_ros2/lib/python3.10/site-packages/rlpa_ros2/teleop.py to teleop.cpython-310.pyc
[8.943s] byte-compiling /home/mubashir/Documents/FYP-Legged-Robot-main/Code/install/rlpa_ros2/lib/python3.10/site-packages/rlpa_ros2/rl_action.py to rl_action.cpython-310.pyc
[8.948s] byte-compiling /home/mubashir/Documents/FYP-Legged-Robot-main/Code/install/rlpa_ros2/lib/python3.10/site-packages/rlpa_ros2/flight_recorder.py to flight_recorder.cpython-310.pyc
[8.948s] byte-compiling /home/mubashir/Documents/FYP-Legged-Robot-main/Code/install/rlpa_ros2/lib/python3.10/site-packages/rlpa_ros2/perception_preprocessor.py to perception_preprocessor.cpython-310.pyc
[8.957s] byte-compiling /home/mubashir/Documents/FYP-Legged-Robot-main/Code/install/rlpa_ros2/lib/python3.10/site-packages/rlpa_ros2/__init__.py to __init__.cpython-310.pyc
[8.957s] byte-compiling /home/mubashir/Documents/FYP-Legged-Robot-main/Code/install/rlpa_ros2/lib/python3.10/site-packages/rlpa_ros2/rl_policy.py to rl_policy.cpython-310.pyc
[8.957s] byte-compiling /home/mubashir/Documents/FYP-Legged-Robot-main/Code/install/rlpa_ros2/lib/python3.10/site-packages/rlpa_ros2/map_flipper_node.py to map_flipper_node.cpython-310.pyc
[8.958s] byte-compiling /home/mubashir/Documents/FYP-Legged-Robot-main/Code/install/rlpa_ros2/lib/python3.10/site-packages/rlpa_ros2/apf_planner2.py to apf_planner2.cpython-310.pyc
[8.968s] running install_data
[8.969s] creating /home/mubashir/Documents/FYP-Legged-Robot-main/Code/install/rlpa_ros2/share/ament_index
[8.971s] creating /home/mubashir/Documents/FYP-Legged-Robot-main/Code/install/rlpa_ros2/share/ament_index/resource_index
[8.971s] creating /home/mubashir/Documents/FYP-Legged-Robot-main/Code/install/rlpa_ros2/share/ament_index/resource_index/packages
[8.971s] copying resource/rlpa_ros2 -> /home/mubashir/Documents/FYP-Legged-Robot-main/Code/install/rlpa_ros2/share/ament_index/resource_index/packages
[8.973s] copying package.xml -> /home/mubashir/Documents/FYP-Legged-Robot-main/Code/install/rlpa_ros2/share/rlpa_ros2
[8.973s] creating /home/mubashir/Documents/FYP-Legged-Robot-main/Code/install/rlpa_ros2/share/rlpa_ros2/launch
[8.973s] copying launch/rlpa_L.launch.py -> /home/mubashir/Documents/FYP-Legged-Robot-main/Code/install/rlpa_ros2/share/rlpa_ros2/launch
[8.981s] copying launch/rlpa_flat.launch.py -> /home/mubashir/Documents/FYP-Legged-Robot-main/Code/install/rlpa_ros2/share/rlpa_ros2/launch
[8.982s] copying launch/apf_controltube.launch.py -> /home/mubashir/Documents/FYP-Legged-Robot-main/Code/install/rlpa_ros2/share/rlpa_ros2/launch
[8.988s] copying launch/rlpa_flat_advanced.launch.py -> /home/mubashir/Documents/FYP-Legged-Robot-main/Code/install/rlpa_ros2/share/rlpa_ros2/launch
[8.988s] creating /home/mubashir/Documents/FYP-Legged-Robot-main/Code/install/rlpa_ros2/share/rlpa_ros2/config
[8.995s] copying config/ceiling_converter_params.yaml -> /home/mubashir/Documents/FYP-Legged-Robot-main/Code/install/rlpa_ros2/share/rlpa_ros2/config
[8.995s] copying config/floor_elev_map_20cm.yaml -> /home/mubashir/Documents/FYP-Legged-Robot-main/Code/install/rlpa_ros2/share/rlpa_ros2/config
[8.995s] copying config/controllers.yaml -> /home/mubashir/Documents/FYP-Legged-Robot-main/Code/install/rlpa_ros2/share/rlpa_ros2/config
[8.996s] copying config/converter_params.yaml -> /home/mubashir/Documents/FYP-Legged-Robot-main/Code/install/rlpa_ros2/share/rlpa_ros2/config
[8.996s] copying config/ros_gz_bridge.yaml -> /home/mubashir/Documents/FYP-Legged-Robot-main/Code/install/rlpa_ros2/share/rlpa_ros2/config
[8.996s] copying config/ceiling_elev_map_20cm.yaml -> /home/mubashir/Documents/FYP-Legged-Robot-main/Code/install/rlpa_ros2/share/rlpa_ros2/config
[8.996s] creating /home/mubashir/Documents/FYP-Legged-Robot-main/Code/install/rlpa_ros2/share/rlpa_ros2/rviz
[8.996s] copying rviz/rviz_config.rviz -> /home/mubashir/Documents/FYP-Legged-Robot-main/Code/install/rlpa_ros2/share/rlpa_ros2/rviz
[8.996s] creating /home/mubashir/Documents/FYP-Legged-Robot-main/Code/install/rlpa_ros2/share/rlpa_ros2/worlds
[8.997s] copying worlds/friction_world.sdf -> /home/mubashir/Documents/FYP-Legged-Robot-main/Code/install/rlpa_ros2/share/rlpa_ros2/worlds
[8.997s] copying worlds/flat_cave.sdf -> /home/mubashir/Documents/FYP-Legged-Robot-main/Code/install/rlpa_ros2/share/rlpa_ros2/worlds
[9.006s] copying worlds/ControlTube.sdf -> /home/mubashir/Documents/FYP-Legged-Robot-main/Code/install/rlpa_ros2/share/rlpa_ros2/worlds
[9.007s] creating /home/mubashir/Documents/FYP-Legged-Robot-main/Code/install/rlpa_ros2/share/rlpa_ros2/worlds/my_cave_model
[9.007s] copying worlds/my_cave_model/model.config -> /home/mubashir/Documents/FYP-Legged-Robot-main/Code/install/rlpa_ros2/share/rlpa_ros2/worlds/my_cave_model
[9.007s] copying worlds/my_cave_model/model.sdf -> /home/mubashir/Documents/FYP-Legged-Robot-main/Code/install/rlpa_ros2/share/rlpa_ros2/worlds/my_cave_model
[9.007s] creating /home/mubashir/Documents/FYP-Legged-Robot-main/Code/install/rlpa_ros2/share/rlpa_ros2/worlds/my_cave_model/meshes
[9.007s] copying worlds/my_cave_model/meshes/color_texture_Underground.png -> /home/mubashir/Documents/FYP-Legged-Robot-main/Code/install/rlpa_ros2/share/rlpa_ros2/worlds/my_cave_model/meshes
[9.017s] copying worlds/my_cave_model/meshes/mesh.obj -> /home/mubashir/Documents/FYP-Legged-Robot-main/Code/install/rlpa_ros2/share/rlpa_ros2/worlds/my_cave_model/meshes
[9.479s] copying worlds/my_cave_model/meshes/roughness_texture_Underground.png -> /home/mubashir/Documents/FYP-Legged-Robot-main/Code/install/rlpa_ros2/share/rlpa_ros2/worlds/my_cave_model/meshes
[9.487s] copying worlds/my_cave_model/meshes/mesh.mtl -> /home/mubashir/Documents/FYP-Legged-Robot-main/Code/install/rlpa_ros2/share/rlpa_ros2/worlds/my_cave_model/meshes
[9.487s] copying worlds/my_cave_model/meshes/normal_texture_Underground.png -> /home/mubashir/Documents/FYP-Legged-Robot-main/Code/install/rlpa_ros2/share/rlpa_ros2/worlds/my_cave_model/meshes
[9.511s] creating /home/mubashir/Documents/FYP-Legged-Robot-main/Code/install/rlpa_ros2/share/rlpa_ros2/models
[9.511s] creating /home/mubashir/Documents/FYP-Legged-Robot-main/Code/install/rlpa_ros2/share/rlpa_ros2/models/THex_Quadruped
[9.512s] copying models/THex_Quadruped/model_sim.urdf -> /home/mubashir/Documents/FYP-Legged-Robot-main/Code/install/rlpa_ros2/share/rlpa_ros2/models/THex_Quadruped
[9.520s] copying models/THex_Quadruped/model.config -> /home/mubashir/Documents/FYP-Legged-Robot-main/Code/install/rlpa_ros2/share/rlpa_ros2/models/THex_Quadruped
[9.520s] creating /home/mubashir/Documents/FYP-Legged-Robot-main/Code/install/rlpa_ros2/share/rlpa_ros2/models/THex_Quadruped/meshes
[9.522s] copying models/THex_Quadruped/meshes/bl_knee.STL -> /home/mubashir/Documents/FYP-Legged-Robot-main/Code/install/rlpa_ros2/share/rlpa_ros2/models/THex_Quadruped/meshes
[9.537s] copying models/THex_Quadruped/meshes/br_foot.STL -> /home/mubashir/Documents/FYP-Legged-Robot-main/Code/install/rlpa_ros2/share/rlpa_ros2/models/THex_Quadruped/meshes
[9.550s] copying models/THex_Quadruped/meshes/bl_foot_collision.STL -> /home/mubashir/Documents/FYP-Legged-Robot-main/Code/install/rlpa_ros2/share/rlpa_ros2/models/THex_Quadruped/meshes
[9.552s] copying models/THex_Quadruped/meshes/fr_hip.STL -> /home/mubashir/Documents/FYP-Legged-Robot-main/Code/install/rlpa_ros2/share/rlpa_ros2/models/THex_Quadruped/meshes
[9.621s] copying models/THex_Quadruped/meshes/bl_hip.STL -> /home/mubashir/Documents/FYP-Legged-Robot-main/Code/install/rlpa_ros2/share/rlpa_ros2/models/THex_Quadruped/meshes
[9.744s] copying models/THex_Quadruped/meshes/base_link.STL -> /home/mubashir/Documents/FYP-Legged-Robot-main/Code/install/rlpa_ros2/share/rlpa_ros2/models/THex_Quadruped/meshes
[9.823s] copying models/THex_Quadruped/meshes/fr_knee.STL -> /home/mubashir/Documents/FYP-Legged-Robot-main/Code/install/rlpa_ros2/share/rlpa_ros2/models/THex_Quadruped/meshes
[9.836s] copying models/THex_Quadruped/meshes/fl_hip_collision.STL -> /home/mubashir/Documents/FYP-Legged-Robot-main/Code/install/rlpa_ros2/share/rlpa_ros2/models/THex_Quadruped/meshes
[9.838s] copying models/THex_Quadruped/meshes/br_foot_collision.STL -> /home/mubashir/Documents/FYP-Legged-Robot-main/Code/install/rlpa_ros2/share/rlpa_ros2/models/THex_Quadruped/meshes
[9.842s] copying models/THex_Quadruped/meshes/br_hip_collision.STL -> /home/mubashir/Documents/FYP-Legged-Robot-main/Code/install/rlpa_ros2/share/rlpa_ros2/models/THex_Quadruped/meshes
[9.842s] copying models/THex_Quadruped/meshes/fr_foot_collision.STL -> /home/mubashir/Documents/FYP-Legged-Robot-main/Code/install/rlpa_ros2/share/rlpa_ros2/models/THex_Quadruped/meshes
[9.845s] copying models/THex_Quadruped/meshes/fr_foot.STL -> /home/mubashir/Documents/FYP-Legged-Robot-main/Code/install/rlpa_ros2/share/rlpa_ros2/models/THex_Quadruped/meshes
[9.858s] copying models/THex_Quadruped/meshes/fl_foot.STL -> /home/mubashir/Documents/FYP-Legged-Robot-main/Code/install/rlpa_ros2/share/rlpa_ros2/models/THex_Quadruped/meshes
[9.871s] copying models/THex_Quadruped/meshes/base_link_collision.STL -> /home/mubashir/Documents/FYP-Legged-Robot-main/Code/install/rlpa_ros2/share/rlpa_ros2/models/THex_Quadruped/meshes
[9.873s] copying models/THex_Quadruped/meshes/fl_hip.STL -> /home/mubashir/Documents/FYP-Legged-Robot-main/Code/install/rlpa_ros2/share/rlpa_ros2/models/THex_Quadruped/meshes
[9.903s] copying models/THex_Quadruped/meshes/fl_knee.STL -> /home/mubashir/Documents/FYP-Legged-Robot-main/Code/install/rlpa_ros2/share/rlpa_ros2/models/THex_Quadruped/meshes
[9.972s] copying models/THex_Quadruped/meshes/fr_knee_collision.STL -> /home/mubashir/Documents/FYP-Legged-Robot-main/Code/install/rlpa_ros2/share/rlpa_ros2/models/THex_Quadruped/meshes
[9.988s] copying models/THex_Quadruped/meshes/bl_hip_collision.STL -> /home/mubashir/Documents/FYP-Legged-Robot-main/Code/install/rlpa_ros2/share/rlpa_ros2/models/THex_Quadruped/meshes
[10.000s] copying models/THex_Quadruped/meshes/fl_foot_collision.STL -> /home/mubashir/Documents/FYP-Legged-Robot-main/Code/install/rlpa_ros2/share/rlpa_ros2/models/THex_Quadruped/meshes
[10.020s] copying models/THex_Quadruped/meshes/bl_foot.STL -> /home/mubashir/Documents/FYP-Legged-Robot-main/Code/install/rlpa_ros2/share/rlpa_ros2/models/THex_Quadruped/meshes
[10.062s] copying models/THex_Quadruped/meshes/br_knee.STL -> /home/mubashir/Documents/FYP-Legged-Robot-main/Code/install/rlpa_ros2/share/rlpa_ros2/models/THex_Quadruped/meshes
[10.073s] copying models/THex_Quadruped/meshes/fl_knee_collision.STL -> /home/mubashir/Documents/FYP-Legged-Robot-main/Code/install/rlpa_ros2/share/rlpa_ros2/models/THex_Quadruped/meshes
[10.075s] copying models/THex_Quadruped/meshes/fr_hip_collision.STL -> /home/mubashir/Documents/FYP-Legged-Robot-main/Code/install/rlpa_ros2/share/rlpa_ros2/models/THex_Quadruped/meshes
[10.076s] copying models/THex_Quadruped/meshes/br_knee_collision.STL -> /home/mubashir/Documents/FYP-Legged-Robot-main/Code/install/rlpa_ros2/share/rlpa_ros2/models/THex_Quadruped/meshes
[10.077s] copying models/THex_Quadruped/meshes/br_hip.STL -> /home/mubashir/Documents/FYP-Legged-Robot-main/Code/install/rlpa_ros2/share/rlpa_ros2/models/THex_Quadruped/meshes
[10.100s] copying models/THex_Quadruped/meshes/bl_knee_collision.STL -> /home/mubashir/Documents/FYP-Legged-Robot-main/Code/install/rlpa_ros2/share/rlpa_ros2/models/THex_Quadruped/meshes
[10.103s] running install_egg_info
[10.107s] Copying ../../../build/rlpa_ros2/rlpa_ros2.egg-info to /home/mubashir/Documents/FYP-Legged-Robot-main/Code/install/rlpa_ros2/lib/python3.10/site-packages/rlpa_ros2-0.0.0-py3.10.egg-info
[10.110s] running install_scripts
[10.167s] Installing apf_perception_node script to /home/mubashir/Documents/FYP-Legged-Robot-main/Code/install/rlpa_ros2/lib/rlpa_ros2
[10.172s] Installing apf_planner script to /home/mubashir/Documents/FYP-Legged-Robot-main/Code/install/rlpa_ros2/lib/rlpa_ros2
[10.173s] Installing apf_planner2 script to /home/mubashir/Documents/FYP-Legged-Robot-main/Code/install/rlpa_ros2/lib/rlpa_ros2
[10.173s] Installing ceiling_filter_node script to /home/mubashir/Documents/FYP-Legged-Robot-main/Code/install/rlpa_ros2/lib/rlpa_ros2
[10.173s] Installing ceiling_flipper_node script to /home/mubashir/Documents/FYP-Legged-Robot-main/Code/install/rlpa_ros2/lib/rlpa_ros2
[10.173s] Installing flight_recorder script to /home/mubashir/Documents/FYP-Legged-Robot-main/Code/install/rlpa_ros2/lib/rlpa_ros2
[10.173s] Installing map_flipper_node script to /home/mubashir/Documents/FYP-Legged-Robot-main/Code/install/rlpa_ros2/lib/rlpa_ros2
[10.173s] Installing perception_preprocessor script to /home/mubashir/Documents/FYP-Legged-Robot-main/Code/install/rlpa_ros2/lib/rlpa_ros2
[10.174s] Installing rl_action script to /home/mubashir/Documents/FYP-Legged-Robot-main/Code/install/rlpa_ros2/lib/rlpa_ros2
[10.174s] Installing rl_obs script to /home/mubashir/Documents/FYP-Legged-Robot-main/Code/install/rlpa_ros2/lib/rlpa_ros2
[10.174s] Installing rl_policy script to /home/mubashir/Documents/FYP-Legged-Robot-main/Code/install/rlpa_ros2/lib/rlpa_ros2
[10.174s] Installing teleop script to /home/mubashir/Documents/FYP-Legged-Robot-main/Code/install/rlpa_ros2/lib/rlpa_ros2
[10.174s] writing list of installed files to '/home/mubashir/Documents/FYP-Legged-Robot-main/Code/build/rlpa_ros2/install.log'
