/home/mubashir/Pictures/FYP-Legged-Robot-main/Code/install/sim_robot/lib/python3.10/site-packages/sim_robot/torque_peaks.py
/home/mubashir/Pictures/FYP-Legged-Robot-main/Code/install/sim_robot/lib/python3.10/site-packages/sim_robot/rl_obs.py
/home/mubashir/Pictures/FYP-Legged-Robot-main/Code/install/sim_robot/lib/python3.10/site-packages/sim_robot/teleop.py
/home/mubashir/Pictures/FYP-Legged-Robot-main/Code/install/sim_robot/lib/python3.10/site-packages/sim_robot/rl_action.py
/home/mubashir/Pictures/FYP-Legged-Robot-main/Code/install/sim_robot/lib/python3.10/site-packages/sim_robot/flight_recorder.py
/home/mubashir/Pictures/FYP-Legged-Robot-main/Code/install/sim_robot/lib/python3.10/site-packages/sim_robot/kinematics.py
/home/mubashir/Pictures/FYP-Legged-Robot-main/Code/install/sim_robot/lib/python3.10/site-packages/sim_robot/camera_recorder.py
/home/mubashir/Pictures/FYP-Legged-Robot-main/Code/install/sim_robot/lib/python3.10/site-packages/sim_robot/__init__.py
/home/mubashir/Pictures/FYP-Legged-Robot-main/Code/install/sim_robot/lib/python3.10/site-packages/sim_robot/kinematic_gait.py
/home/mubashir/Pictures/FYP-Legged-Robot-main/Code/install/sim_robot/lib/python3.10/site-packages/sim_robot/rl_policy.py
/home/mubashir/Pictures/FYP-Legged-Robot-main/Code/install/sim_robot/lib/python3.10/site-packages/sim_robot/compare_runs.py
/home/mubashir/Pictures/FYP-Legged-Robot-main/Code/install/sim_robot/lib/python3.10/site-packages/sim_robot/__pycache__/torque_peaks.cpython-310.pyc
/home/mubashir/Pictures/FYP-Legged-Robot-main/Code/install/sim_robot/lib/python3.10/site-packages/sim_robot/__pycache__/rl_obs.cpython-310.pyc
/home/mubashir/Pictures/FYP-Legged-Robot-main/Code/install/sim_robot/lib/python3.10/site-packages/sim_robot/__pycache__/teleop.cpython-310.pyc
/home/mubashir/Pictures/FYP-Legged-Robot-main/Code/install/sim_robot/lib/python3.10/site-packages/sim_robot/__pycache__/rl_action.cpython-310.pyc
/home/mubashir/Pictures/FYP-Legged-Robot-main/Code/install/sim_robot/lib/python3.10/site-packages/sim_robot/__pycache__/flight_recorder.cpython-310.pyc
/home/mubashir/Pictures/FYP-Legged-Robot-main/Code/install/sim_robot/lib/python3.10/site-packages/sim_robot/__pycache__/kinematics.cpython-310.pyc
/home/mubashir/Pictures/FYP-Legged-Robot-main/Code/install/sim_robot/lib/python3.10/site-packages/sim_robot/__pycache__/camera_recorder.cpython-310.pyc
/home/mubashir/Pictures/FYP-Legged-Robot-main/Code/install/sim_robot/lib/python3.10/site-packages/sim_robot/__pycache__/__init__.cpython-310.pyc
/home/mubashir/Pictures/FYP-Legged-Robot-main/Code/install/sim_robot/lib/python3.10/site-packages/sim_robot/__pycache__/kinematic_gait.cpython-310.pyc
/home/mubashir/Pictures/FYP-Legged-Robot-main/Code/install/sim_robot/lib/python3.10/site-packages/sim_robot/__pycache__/rl_policy.cpython-310.pyc
/home/mubashir/Pictures/FYP-Legged-Robot-main/Code/install/sim_robot/lib/python3.10/site-packages/sim_robot/__pycache__/compare_runs.cpython-310.pyc
/home/mubashir/Pictures/FYP-Legged-Robot-main/Code/install/sim_robot/share/ament_index/resource_index/packages/sim_robot
/home/mubashir/Pictures/FYP-Legged-Robot-main/Code/install/sim_robot/share/sim_robot/package.xml
/home/mubashir/Pictures/FYP-Legged-Robot-main/Code/install/sim_robot/share/sim_robot/launch/rl_walking.launch.py
/home/mubashir/Pictures/FYP-Legged-Robot-main/Code/install/sim_robot/share/sim_robot/launch/spring_experiment.launch.py
/home/mubashir/Pictures/FYP-Legged-Robot-main/Code/install/sim_robot/share/sim_robot/launch/start_world.launch.py
/home/mubashir/Pictures/FYP-Legged-Robot-main/Code/install/sim_robot/share/sim_robot/launch/rl_cave.launch.py
/home/mubashir/Pictures/FYP-Legged-Robot-main/Code/install/sim_robot/share/sim_robot/config/ros_gz_bridge_cave.yaml
/home/mubashir/Pictures/FYP-Legged-Robot-main/Code/install/sim_robot/share/sim_robot/config/ros_gz_bridge.yaml
/home/mubashir/Pictures/FYP-Legged-Robot-main/Code/install/sim_robot/share/sim_robot/config/ros_gz_bridge_spring.yaml
/home/mubashir/Pictures/FYP-Legged-Robot-main/Code/install/sim_robot/share/sim_robot/worlds/friction_world_cam.sdf
/home/mubashir/Pictures/FYP-Legged-Robot-main/Code/install/sim_robot/share/sim_robot/worlds/friction_world.sdf
/home/mubashir/Pictures/FYP-Legged-Robot-main/Code/install/sim_robot/share/sim_robot/worlds/my_cave_model/model.config
/home/mubashir/Pictures/FYP-Legged-Robot-main/Code/install/sim_robot/share/sim_robot/worlds/my_cave_model/model.sdf
/home/mubashir/Pictures/FYP-Legged-Robot-main/Code/install/sim_robot/share/sim_robot/worlds/my_cave_model/meshes/color_texture_Underground.png
/home/mubashir/Pictures/FYP-Legged-Robot-main/Code/install/sim_robot/share/sim_robot/worlds/my_cave_model/meshes/mesh.obj
/home/mubashir/Pictures/FYP-Legged-Robot-main/Code/install/sim_robot/share/sim_robot/worlds/my_cave_model/meshes/roughness_texture_Underground.png
/home/mubashir/Pictures/FYP-Legged-Robot-main/Code/install/sim_robot/share/sim_robot/worlds/my_cave_model/meshes/mesh.mtl
/home/mubashir/Pictures/FYP-Legged-Robot-main/Code/install/sim_robot/share/sim_robot/worlds/my_cave_model/meshes/normal_texture_Underground.png
/home/mubashir/Pictures/FYP-Legged-Robot-main/Code/install/sim_robot/share/sim_robot/models
/home/mubashir/Pictures/FYP-Legged-Robot-main/Code/install/sim_robot/share/sim_robot/models/THex_Quadruped/model_spring_native.sdf
/home/mubashir/Pictures/FYP-Legged-Robot-main/Code/install/sim_robot/share/sim_robot/models/THex_Quadruped/model.urdf
/home/mubashir/Pictures/FYP-Legged-Robot-main/Code/install/sim_robot/share/sim_robot/models/THex_Quadruped/model.config
/home/mubashir/Pictures/FYP-Legged-Robot-main/Code/install/sim_robot/share/sim_robot/models/THex_Quadruped/model.sdf
/home/mubashir/Pictures/FYP-Legged-Robot-main/Code/install/sim_robot/share/sim_robot/models/THex_Quadruped/make_spring_models.py
/home/mubashir/Pictures/FYP-Legged-Robot-main/Code/install/sim_robot/share/sim_robot/models/THex_Quadruped/model_effort.sdf
/home/mubashir/Pictures/FYP-Legged-Robot-main/Code/install/sim_robot/share/sim_robot/models/THex_Quadruped/model_spring_plugin.sdf
/home/mubashir/Pictures/FYP-Legged-Robot-main/Code/install/sim_robot/share/sim_robot/models/THex_Quadruped/__pycache__/make_spring_models.cpython-310.pyc
/home/mubashir/Pictures/FYP-Legged-Robot-main/Code/install/sim_robot/share/sim_robot/models/THex_Quadruped/meshes/bl_knee.STL
/home/mubashir/Pictures/FYP-Legged-Robot-main/Code/install/sim_robot/share/sim_robot/models/THex_Quadruped/meshes/br_foot.STL
/home/mubashir/Pictures/FYP-Legged-Robot-main/Code/install/sim_robot/share/sim_robot/models/THex_Quadruped/meshes/bl_foot_collision.STL
/home/mubashir/Pictures/FYP-Legged-Robot-main/Code/install/sim_robot/share/sim_robot/models/THex_Quadruped/meshes/fr_hip.STL
/home/mubashir/Pictures/FYP-Legged-Robot-main/Code/install/sim_robot/share/sim_robot/models/THex_Quadruped/meshes/bl_hip.STL
/home/mubashir/Pictures/FYP-Legged-Robot-main/Code/install/sim_robot/share/sim_robot/models/THex_Quadruped/meshes/base_link.STL
/home/mubashir/Pictures/FYP-Legged-Robot-main/Code/install/sim_robot/share/sim_robot/models/THex_Quadruped/meshes/fr_knee.STL
/home/mubashir/Pictures/FYP-Legged-Robot-main/Code/install/sim_robot/share/sim_robot/models/THex_Quadruped/meshes/fl_hip_collision.STL
/home/mubashir/Pictures/FYP-Legged-Robot-main/Code/install/sim_robot/share/sim_robot/models/THex_Quadruped/meshes/br_foot_collision.STL
/home/mubashir/Pictures/FYP-Legged-Robot-main/Code/install/sim_robot/share/sim_robot/models/THex_Quadruped/meshes/br_hip_collision.STL
/home/mubashir/Pictures/FYP-Legged-Robot-main/Code/install/sim_robot/share/sim_robot/models/THex_Quadruped/meshes/fr_foot_collision.STL
/home/mubashir/Pictures/FYP-Legged-Robot-main/Code/install/sim_robot/share/sim_robot/models/THex_Quadruped/meshes/fr_foot.STL
/home/mubashir/Pictures/FYP-Legged-Robot-main/Code/install/sim_robot/share/sim_robot/models/THex_Quadruped/meshes/fl_foot.STL
/home/mubashir/Pictures/FYP-Legged-Robot-main/Code/install/sim_robot/share/sim_robot/models/THex_Quadruped/meshes/base_link_collision.STL
/home/mubashir/Pictures/FYP-Legged-Robot-main/Code/install/sim_robot/share/sim_robot/models/THex_Quadruped/meshes/fl_hip.STL
/home/mubashir/Pictures/FYP-Legged-Robot-main/Code/install/sim_robot/share/sim_robot/models/THex_Quadruped/meshes/fl_knee.STL
/home/mubashir/Pictures/FYP-Legged-Robot-main/Code/install/sim_robot/share/sim_robot/models/THex_Quadruped/meshes/fr_knee_collision.STL
/home/mubashir/Pictures/FYP-Legged-Robot-main/Code/install/sim_robot/share/sim_robot/models/THex_Quadruped/meshes/bl_hip_collision.STL
/home/mubashir/Pictures/FYP-Legged-Robot-main/Code/install/sim_robot/share/sim_robot/models/THex_Quadruped/meshes/fl_foot_collision.STL
/home/mubashir/Pictures/FYP-Legged-Robot-main/Code/install/sim_robot/share/sim_robot/models/THex_Quadruped/meshes/bl_foot.STL
/home/mubashir/Pictures/FYP-Legged-Robot-main/Code/install/sim_robot/share/sim_robot/models/THex_Quadruped/meshes/br_knee.STL
/home/mubashir/Pictures/FYP-Legged-Robot-main/Code/install/sim_robot/share/sim_robot/models/THex_Quadruped/meshes/fl_knee_collision.STL
/home/mubashir/Pictures/FYP-Legged-Robot-main/Code/install/sim_robot/share/sim_robot/models/THex_Quadruped/meshes/fr_hip_collision.STL
/home/mubashir/Pictures/FYP-Legged-Robot-main/Code/install/sim_robot/share/sim_robot/models/THex_Quadruped/meshes/br_knee_collision.STL
/home/mubashir/Pictures/FYP-Legged-Robot-main/Code/install/sim_robot/share/sim_robot/models/THex_Quadruped/meshes/br_hip.STL
/home/mubashir/Pictures/FYP-Legged-Robot-main/Code/install/sim_robot/share/sim_robot/models/THex_Quadruped/meshes/bl_knee_collision.STL
/home/mubashir/Pictures/FYP-Legged-Robot-main/Code/install/sim_robot/share/sim_robot/models/Cube/model.sdf
/home/mubashir/Pictures/FYP-Legged-Robot-main/Code/install/sim_robot/lib/python3.10/site-packages/sim_robot-0.0.0-py3.10.egg-info/requires.txt
/home/mubashir/Pictures/FYP-Legged-Robot-main/Code/install/sim_robot/lib/python3.10/site-packages/sim_robot-0.0.0-py3.10.egg-info/PKG-INFO
/home/mubashir/Pictures/FYP-Legged-Robot-main/Code/install/sim_robot/lib/python3.10/site-packages/sim_robot-0.0.0-py3.10.egg-info/entry_points.txt
/home/mubashir/Pictures/FYP-Legged-Robot-main/Code/install/sim_robot/lib/python3.10/site-packages/sim_robot-0.0.0-py3.10.egg-info/SOURCES.txt
/home/mubashir/Pictures/FYP-Legged-Robot-main/Code/install/sim_robot/lib/python3.10/site-packages/sim_robot-0.0.0-py3.10.egg-info/top_level.txt
/home/mubashir/Pictures/FYP-Legged-Robot-main/Code/install/sim_robot/lib/python3.10/site-packages/sim_robot-0.0.0-py3.10.egg-info/dependency_links.txt
/home/mubashir/Pictures/FYP-Legged-Robot-main/Code/install/sim_robot/lib/python3.10/site-packages/sim_robot-0.0.0-py3.10.egg-info/zip-safe
/home/mubashir/Pictures/FYP-Legged-Robot-main/Code/install/sim_robot/lib/sim_robot/camera_recorder
/home/mubashir/Pictures/FYP-Legged-Robot-main/Code/install/sim_robot/lib/sim_robot/compare_runs
/home/mubashir/Pictures/FYP-Legged-Robot-main/Code/install/sim_robot/lib/sim_robot/flight_recorder
/home/mubashir/Pictures/FYP-Legged-Robot-main/Code/install/sim_robot/lib/sim_robot/kinematic_gait
/home/mubashir/Pictures/FYP-Legged-Robot-main/Code/install/sim_robot/lib/sim_robot/rl_action
/home/mubashir/Pictures/FYP-Legged-Robot-main/Code/install/sim_robot/lib/sim_robot/rl_obs
/home/mubashir/Pictures/FYP-Legged-Robot-main/Code/install/sim_robot/lib/sim_robot/rl_policy
/home/mubashir/Pictures/FYP-Legged-Robot-main/Code/install/sim_robot/lib/sim_robot/teleop
/home/mubashir/Pictures/FYP-Legged-Robot-main/Code/install/sim_robot/lib/sim_robot/torque_peaks
