/home/mubashir/Documents/FYP-Legged-Robot-main/Code/install/sim_robot_copy/lib/python3.10/site-packages/sim_robot_copy/rl_obs.py
/home/mubashir/Documents/FYP-Legged-Robot-main/Code/install/sim_robot_copy/lib/python3.10/site-packages/sim_robot_copy/teleop.py
/home/mubashir/Documents/FYP-Legged-Robot-main/Code/install/sim_robot_copy/lib/python3.10/site-packages/sim_robot_copy/rl_action.py
/home/mubashir/Documents/FYP-Legged-Robot-main/Code/install/sim_robot_copy/lib/python3.10/site-packages/sim_robot_copy/flight_recorder.py
/home/mubashir/Documents/FYP-Legged-Robot-main/Code/install/sim_robot_copy/lib/python3.10/site-packages/sim_robot_copy/kinematics.py
/home/mubashir/Documents/FYP-Legged-Robot-main/Code/install/sim_robot_copy/lib/python3.10/site-packages/sim_robot_copy/__init__.py
/home/mubashir/Documents/FYP-Legged-Robot-main/Code/install/sim_robot_copy/lib/python3.10/site-packages/sim_robot_copy/kinematic_gait.py
/home/mubashir/Documents/FYP-Legged-Robot-main/Code/install/sim_robot_copy/lib/python3.10/site-packages/sim_robot_copy/rl_policy.py
/home/mubashir/Documents/FYP-Legged-Robot-main/Code/install/sim_robot_copy/lib/python3.10/site-packages/sim_robot_copy/__pycache__/rl_obs.cpython-310.pyc
/home/mubashir/Documents/FYP-Legged-Robot-main/Code/install/sim_robot_copy/lib/python3.10/site-packages/sim_robot_copy/__pycache__/teleop.cpython-310.pyc
/home/mubashir/Documents/FYP-Legged-Robot-main/Code/install/sim_robot_copy/lib/python3.10/site-packages/sim_robot_copy/__pycache__/rl_action.cpython-310.pyc
/home/mubashir/Documents/FYP-Legged-Robot-main/Code/install/sim_robot_copy/lib/python3.10/site-packages/sim_robot_copy/__pycache__/flight_recorder.cpython-310.pyc
/home/mubashir/Documents/FYP-Legged-Robot-main/Code/install/sim_robot_copy/lib/python3.10/site-packages/sim_robot_copy/__pycache__/kinematics.cpython-310.pyc
/home/mubashir/Documents/FYP-Legged-Robot-main/Code/install/sim_robot_copy/lib/python3.10/site-packages/sim_robot_copy/__pycache__/__init__.cpython-310.pyc
/home/mubashir/Documents/FYP-Legged-Robot-main/Code/install/sim_robot_copy/lib/python3.10/site-packages/sim_robot_copy/__pycache__/kinematic_gait.cpython-310.pyc
/home/mubashir/Documents/FYP-Legged-Robot-main/Code/install/sim_robot_copy/lib/python3.10/site-packages/sim_robot_copy/__pycache__/rl_policy.cpython-310.pyc
/home/mubashir/Documents/FYP-Legged-Robot-main/Code/install/sim_robot_copy/share/ament_index/resource_index/packages/sim_robot_copy
/home/mubashir/Documents/FYP-Legged-Robot-main/Code/install/sim_robot_copy/share/sim_robot_copy/package.xml
/home/mubashir/Documents/FYP-Legged-Robot-main/Code/install/sim_robot_copy/share/sim_robot_copy/launch/rl_walking.launch.py
/home/mubashir/Documents/FYP-Legged-Robot-main/Code/install/sim_robot_copy/share/sim_robot_copy/launch/start_world.launch.py
/home/mubashir/Documents/FYP-Legged-Robot-main/Code/install/sim_robot_copy/share/sim_robot_copy/launch/rl_cave.launch.py
/home/mubashir/Documents/FYP-Legged-Robot-main/Code/install/sim_robot_copy/share/sim_robot_copy/config/ros_gz_bridge_cave.yaml
/home/mubashir/Documents/FYP-Legged-Robot-main/Code/install/sim_robot_copy/share/sim_robot_copy/config/ros_gz_bridge.yaml
/home/mubashir/Documents/FYP-Legged-Robot-main/Code/install/sim_robot_copy/share/sim_robot_copy/worlds/friction_world.sdf
/home/mubashir/Documents/FYP-Legged-Robot-main/Code/install/sim_robot_copy/share/sim_robot_copy/worlds/my_cave_model/model.config
/home/mubashir/Documents/FYP-Legged-Robot-main/Code/install/sim_robot_copy/share/sim_robot_copy/worlds/my_cave_model/model.sdf
/home/mubashir/Documents/FYP-Legged-Robot-main/Code/install/sim_robot_copy/share/sim_robot_copy/worlds/my_cave_model/meshes/color_texture_Underground.png
/home/mubashir/Documents/FYP-Legged-Robot-main/Code/install/sim_robot_copy/share/sim_robot_copy/worlds/my_cave_model/meshes/mesh.obj
/home/mubashir/Documents/FYP-Legged-Robot-main/Code/install/sim_robot_copy/share/sim_robot_copy/worlds/my_cave_model/meshes/roughness_texture_Underground.png
/home/mubashir/Documents/FYP-Legged-Robot-main/Code/install/sim_robot_copy/share/sim_robot_copy/worlds/my_cave_model/meshes/mesh.mtl
/home/mubashir/Documents/FYP-Legged-Robot-main/Code/install/sim_robot_copy/share/sim_robot_copy/worlds/my_cave_model/meshes/normal_texture_Underground.png
/home/mubashir/Documents/FYP-Legged-Robot-main/Code/install/sim_robot_copy/share/sim_robot_copy/models
/home/mubashir/Documents/FYP-Legged-Robot-main/Code/install/sim_robot_copy/share/sim_robot_copy/models/THex_Quadruped/model.urdf
/home/mubashir/Documents/FYP-Legged-Robot-main/Code/install/sim_robot_copy/share/sim_robot_copy/models/THex_Quadruped/model.config
/home/mubashir/Documents/FYP-Legged-Robot-main/Code/install/sim_robot_copy/share/sim_robot_copy/models/THex_Quadruped/model.sdf
/home/mubashir/Documents/FYP-Legged-Robot-main/Code/install/sim_robot_copy/share/sim_robot_copy/models/THex_Quadruped/meshes/bl_knee.STL
/home/mubashir/Documents/FYP-Legged-Robot-main/Code/install/sim_robot_copy/share/sim_robot_copy/models/THex_Quadruped/meshes/br_foot.STL
/home/mubashir/Documents/FYP-Legged-Robot-main/Code/install/sim_robot_copy/share/sim_robot_copy/models/THex_Quadruped/meshes/bl_foot_collision.STL
/home/mubashir/Documents/FYP-Legged-Robot-main/Code/install/sim_robot_copy/share/sim_robot_copy/models/THex_Quadruped/meshes/fr_hip.STL
/home/mubashir/Documents/FYP-Legged-Robot-main/Code/install/sim_robot_copy/share/sim_robot_copy/models/THex_Quadruped/meshes/bl_hip.STL
/home/mubashir/Documents/FYP-Legged-Robot-main/Code/install/sim_robot_copy/share/sim_robot_copy/models/THex_Quadruped/meshes/base_link.STL
/home/mubashir/Documents/FYP-Legged-Robot-main/Code/install/sim_robot_copy/share/sim_robot_copy/models/THex_Quadruped/meshes/fr_knee.STL
/home/mubashir/Documents/FYP-Legged-Robot-main/Code/install/sim_robot_copy/share/sim_robot_copy/models/THex_Quadruped/meshes/fl_hip_collision.STL
/home/mubashir/Documents/FYP-Legged-Robot-main/Code/install/sim_robot_copy/share/sim_robot_copy/models/THex_Quadruped/meshes/br_foot_collision.STL
/home/mubashir/Documents/FYP-Legged-Robot-main/Code/install/sim_robot_copy/share/sim_robot_copy/models/THex_Quadruped/meshes/br_hip_collision.STL
/home/mubashir/Documents/FYP-Legged-Robot-main/Code/install/sim_robot_copy/share/sim_robot_copy/models/THex_Quadruped/meshes/fr_foot_collision.STL
/home/mubashir/Documents/FYP-Legged-Robot-main/Code/install/sim_robot_copy/share/sim_robot_copy/models/THex_Quadruped/meshes/fr_foot.STL
/home/mubashir/Documents/FYP-Legged-Robot-main/Code/install/sim_robot_copy/share/sim_robot_copy/models/THex_Quadruped/meshes/fl_foot.STL
/home/mubashir/Documents/FYP-Legged-Robot-main/Code/install/sim_robot_copy/share/sim_robot_copy/models/THex_Quadruped/meshes/base_link_collision.STL
/home/mubashir/Documents/FYP-Legged-Robot-main/Code/install/sim_robot_copy/share/sim_robot_copy/models/THex_Quadruped/meshes/fl_hip.STL
/home/mubashir/Documents/FYP-Legged-Robot-main/Code/install/sim_robot_copy/share/sim_robot_copy/models/THex_Quadruped/meshes/fl_knee.STL
/home/mubashir/Documents/FYP-Legged-Robot-main/Code/install/sim_robot_copy/share/sim_robot_copy/models/THex_Quadruped/meshes/fr_knee_collision.STL
/home/mubashir/Documents/FYP-Legged-Robot-main/Code/install/sim_robot_copy/share/sim_robot_copy/models/THex_Quadruped/meshes/bl_hip_collision.STL
/home/mubashir/Documents/FYP-Legged-Robot-main/Code/install/sim_robot_copy/share/sim_robot_copy/models/THex_Quadruped/meshes/fl_foot_collision.STL
/home/mubashir/Documents/FYP-Legged-Robot-main/Code/install/sim_robot_copy/share/sim_robot_copy/models/THex_Quadruped/meshes/bl_foot.STL
/home/mubashir/Documents/FYP-Legged-Robot-main/Code/install/sim_robot_copy/share/sim_robot_copy/models/THex_Quadruped/meshes/br_knee.STL
/home/mubashir/Documents/FYP-Legged-Robot-main/Code/install/sim_robot_copy/share/sim_robot_copy/models/THex_Quadruped/meshes/fl_knee_collision.STL
/home/mubashir/Documents/FYP-Legged-Robot-main/Code/install/sim_robot_copy/share/sim_robot_copy/models/THex_Quadruped/meshes/fr_hip_collision.STL
/home/mubashir/Documents/FYP-Legged-Robot-main/Code/install/sim_robot_copy/share/sim_robot_copy/models/THex_Quadruped/meshes/br_knee_collision.STL
/home/mubashir/Documents/FYP-Legged-Robot-main/Code/install/sim_robot_copy/share/sim_robot_copy/models/THex_Quadruped/meshes/br_hip.STL
/home/mubashir/Documents/FYP-Legged-Robot-main/Code/install/sim_robot_copy/share/sim_robot_copy/models/THex_Quadruped/meshes/bl_knee_collision.STL
/home/mubashir/Documents/FYP-Legged-Robot-main/Code/install/sim_robot_copy/share/sim_robot_copy/models/Cube/model.sdf
/home/mubashir/Documents/FYP-Legged-Robot-main/Code/install/sim_robot_copy/lib/python3.10/site-packages/sim_robot_copy-0.0.0-py3.10.egg-info/requires.txt
/home/mubashir/Documents/FYP-Legged-Robot-main/Code/install/sim_robot_copy/lib/python3.10/site-packages/sim_robot_copy-0.0.0-py3.10.egg-info/PKG-INFO
/home/mubashir/Documents/FYP-Legged-Robot-main/Code/install/sim_robot_copy/lib/python3.10/site-packages/sim_robot_copy-0.0.0-py3.10.egg-info/entry_points.txt
/home/mubashir/Documents/FYP-Legged-Robot-main/Code/install/sim_robot_copy/lib/python3.10/site-packages/sim_robot_copy-0.0.0-py3.10.egg-info/SOURCES.txt
/home/mubashir/Documents/FYP-Legged-Robot-main/Code/install/sim_robot_copy/lib/python3.10/site-packages/sim_robot_copy-0.0.0-py3.10.egg-info/top_level.txt
/home/mubashir/Documents/FYP-Legged-Robot-main/Code/install/sim_robot_copy/lib/python3.10/site-packages/sim_robot_copy-0.0.0-py3.10.egg-info/dependency_links.txt
/home/mubashir/Documents/FYP-Legged-Robot-main/Code/install/sim_robot_copy/lib/python3.10/site-packages/sim_robot_copy-0.0.0-py3.10.egg-info/zip-safe
/home/mubashir/Documents/FYP-Legged-Robot-main/Code/install/sim_robot_copy/lib/sim_robot_copy/flight_recorder
/home/mubashir/Documents/FYP-Legged-Robot-main/Code/install/sim_robot_copy/lib/sim_robot_copy/kinematic_gait
/home/mubashir/Documents/FYP-Legged-Robot-main/Code/install/sim_robot_copy/lib/sim_robot_copy/rl_action
/home/mubashir/Documents/FYP-Legged-Robot-main/Code/install/sim_robot_copy/lib/sim_robot_copy/rl_obs
/home/mubashir/Documents/FYP-Legged-Robot-main/Code/install/sim_robot_copy/lib/sim_robot_copy/rl_policy
/home/mubashir/Documents/FYP-Legged-Robot-main/Code/install/sim_robot_copy/lib/sim_robot_copy/teleop
