[3.008s] Invoking command in '/home/mubashir/Documents/FYP-Legged-Robot-main/Code/ROS/src/sim_robot': PYTHONPATH=/home/mubashir/Documents/FYP-Legged-Robot-main/Code/build/sim_robot/prefix_override:/usr/lib/python3/dist-packages/colcon_core/task/python/colcon_distutils_commands:/home/mubashir/Documents/FYP-Legged-Robot-main/Code/install/sim_robot/lib/python3.10/site-packages:${PYTHONPATH} /usr/bin/python3 -W ignore:setup.py install is deprecated -W ignore:easy_install command is deprecated setup.py egg_info --egg-base ../../../build/sim_robot build --build-base /home/mubashir/Documents/FYP-Legged-Robot-main/Code/build/sim_robot/build install --record /home/mubashir/Documents/FYP-Legged-Robot-main/Code/build/sim_robot/install.log --single-version-externally-managed install_data
[4.191s] running egg_info
[4.197s] writing ../../../build/sim_robot/sim_robot.egg-info/PKG-INFO
[4.198s] writing dependency_links to ../../../build/sim_robot/sim_robot.egg-info/dependency_links.txt
[4.199s] writing entry points to ../../../build/sim_robot/sim_robot.egg-info/entry_points.txt
[4.199s] writing requirements to ../../../build/sim_robot/sim_robot.egg-info/requires.txt
[4.200s] writing top-level names to ../../../build/sim_robot/sim_robot.egg-info/top_level.txt
[4.210s] reading manifest file '../../../build/sim_robot/sim_robot.egg-info/SOURCES.txt'
[4.214s] writing manifest file '../../../build/sim_robot/sim_robot.egg-info/SOURCES.txt'
[4.214s] running build
[4.215s] running build_py
[4.215s] copying sim_robot/kinematic_gait.py -> /home/mubashir/Documents/FYP-Legged-Robot-main/Code/build/sim_robot/build/lib/sim_robot
[4.216s] running install
[4.217s] running install_lib
[4.220s] copying /home/mubashir/Documents/FYP-Legged-Robot-main/Code/build/sim_robot/build/lib/sim_robot/kinematic_gait.py -> /home/mubashir/Documents/FYP-Legged-Robot-main/Code/install/sim_robot/lib/python3.10/site-packages/sim_robot
[4.222s] byte-compiling /home/mubashir/Documents/FYP-Legged-Robot-main/Code/install/sim_robot/lib/python3.10/site-packages/sim_robot/kinematic_gait.py to kinematic_gait.cpython-310.pyc
[4.232s] running install_data
[4.234s] copying launch/start_world.launch.py -> /home/mubashir/Documents/FYP-Legged-Robot-main/Code/install/sim_robot/share/sim_robot/launch
[4.237s] running install_egg_info
[4.243s] removing '/home/mubashir/Documents/FYP-Legged-Robot-main/Code/install/sim_robot/lib/python3.10/site-packages/sim_robot-0.0.0-py3.10.egg-info' (and everything under it)
[4.244s] Copying ../../../build/sim_robot/sim_robot.egg-info to /home/mubashir/Documents/FYP-Legged-Robot-main/Code/install/sim_robot/lib/python3.10/site-packages/sim_robot-0.0.0-py3.10.egg-info
[4.249s] running install_scripts
[4.325s] Installing flight_recorder script to /home/mubashir/Documents/FYP-Legged-Robot-main/Code/install/sim_robot/lib/sim_robot
[4.325s] Installing kinematic_gait script to /home/mubashir/Documents/FYP-Legged-Robot-main/Code/install/sim_robot/lib/sim_robot
[4.326s] Installing rl_action script to /home/mubashir/Documents/FYP-Legged-Robot-main/Code/install/sim_robot/lib/sim_robot
[4.326s] Installing rl_obs script to /home/mubashir/Documents/FYP-Legged-Robot-main/Code/install/sim_robot/lib/sim_robot
[4.327s] Installing rl_policy script to /home/mubashir/Documents/FYP-Legged-Robot-main/Code/install/sim_robot/lib/sim_robot
[4.327s] Installing teleop script to /home/mubashir/Documents/FYP-Legged-Robot-main/Code/install/sim_robot/lib/sim_robot
[4.328s] writing list of installed files to '/home/mubashir/Documents/FYP-Legged-Robot-main/Code/build/sim_robot/install.log'
[4.419s] Invoked command in '/home/mubashir/Documents/FYP-Legged-Robot-main/Code/ROS/src/sim_robot' returned '0': PYTHONPATH=/home/mubashir/Documents/FYP-Legged-Robot-main/Code/build/sim_robot/prefix_override:/usr/lib/python3/dist-packages/colcon_core/task/python/colcon_distutils_commands:/home/mubashir/Documents/FYP-Legged-Robot-main/Code/install/sim_robot/lib/python3.10/site-packages:${PYTHONPATH} /usr/bin/python3 -W ignore:setup.py install is deprecated -W ignore:easy_install command is deprecated setup.py egg_info --egg-base ../../../build/sim_robot build --build-base /home/mubashir/Documents/FYP-Legged-Robot-main/Code/build/sim_robot/build install --record /home/mubashir/Documents/FYP-Legged-Robot-main/Code/build/sim_robot/install.log --single-version-externally-managed install_data
