[1.639s] Invoking command in '/home/ros/ws/ROS/src/rl_ros2': PYTHONPATH=/home/ros/ws/build/rl_ros2/prefix_override:/usr/lib/python3/dist-packages/colcon_core/task/python/colcon_distutils_commands:/home/ros/ws/install/rl_ros2/lib/python3.10/site-packages:${PYTHONPATH} /usr/bin/python3 -W ignore:setup.py install is deprecated -W ignore:easy_install command is deprecated setup.py egg_info --egg-base ../../../build/rl_ros2 build --build-base /home/ros/ws/build/rl_ros2/build install --record /home/ros/ws/build/rl_ros2/install.log --single-version-externally-managed install_data
[2.176s] running egg_info
[2.179s] writing ../../../build/rl_ros2/rl_ros2.egg-info/PKG-INFO
[2.182s] writing dependency_links to ../../../build/rl_ros2/rl_ros2.egg-info/dependency_links.txt
[2.185s] writing entry points to ../../../build/rl_ros2/rl_ros2.egg-info/entry_points.txt
[2.188s] writing requirements to ../../../build/rl_ros2/rl_ros2.egg-info/requires.txt
[2.189s] writing top-level names to ../../../build/rl_ros2/rl_ros2.egg-info/top_level.txt
[2.203s] reading manifest file '../../../build/rl_ros2/rl_ros2.egg-info/SOURCES.txt'
[2.209s] writing manifest file '../../../build/rl_ros2/rl_ros2.egg-info/SOURCES.txt'
[2.210s] running build
[2.212s] running build_py
[2.217s] running install
[2.219s] running install_lib
[2.234s] running install_data
[2.257s] running install_egg_info
[2.261s] removing '/home/ros/ws/install/rl_ros2/lib/python3.10/site-packages/rl_ros2-0.0.0-py3.10.egg-info' (and everything under it)
[2.268s] Copying ../../../build/rl_ros2/rl_ros2.egg-info to /home/ros/ws/install/rl_ros2/lib/python3.10/site-packages/rl_ros2-0.0.0-py3.10.egg-info
[2.286s] running install_scripts
[2.330s] Installing flight_recorder script to /home/ros/ws/install/rl_ros2/lib/rl_ros2
[2.332s] Installing rl_action script to /home/ros/ws/install/rl_ros2/lib/rl_ros2
[2.335s] Installing rl_obs script to /home/ros/ws/install/rl_ros2/lib/rl_ros2
[2.338s] Installing rl_policy script to /home/ros/ws/install/rl_ros2/lib/rl_ros2
[2.341s] Installing teleop script to /home/ros/ws/install/rl_ros2/lib/rl_ros2
[2.345s] writing list of installed files to '/home/ros/ws/build/rl_ros2/install.log'
[2.392s] Invoked command in '/home/ros/ws/ROS/src/rl_ros2' returned '0': PYTHONPATH=/home/ros/ws/build/rl_ros2/prefix_override:/usr/lib/python3/dist-packages/colcon_core/task/python/colcon_distutils_commands:/home/ros/ws/install/rl_ros2/lib/python3.10/site-packages:${PYTHONPATH} /usr/bin/python3 -W ignore:setup.py install is deprecated -W ignore:easy_install command is deprecated setup.py egg_info --egg-base ../../../build/rl_ros2 build --build-base /home/ros/ws/build/rl_ros2/build install --record /home/ros/ws/build/rl_ros2/install.log --single-version-externally-managed install_data
