[2.278s] Invoking command in '/home/mubashir/Pictures/FYP-Legged-Robot-main/Code/ROS/src/sim_robot': PYTHONPATH=/home/mubashir/Pictures/FYP-Legged-Robot-main/Code/build/sim_robot/prefix_override:/usr/lib/python3/dist-packages/colcon_core/task/python/colcon_distutils_commands:/home/mubashir/Pictures/FYP-Legged-Robot-main/Code/install/sim_robot/lib/python3.10/site-packages:${PYTHONPATH} /usr/bin/python3 -W ignore:setup.py install is deprecated -W ignore:easy_install command is deprecated setup.py egg_info --egg-base ../../../build/sim_robot build --build-base /home/mubashir/Pictures/FYP-Legged-Robot-main/Code/build/sim_robot/build install --record /home/mubashir/Pictures/FYP-Legged-Robot-main/Code/build/sim_robot/install.log --single-version-externally-managed install_data
[2.813s] running egg_info
[2.813s] creating ../../../build/sim_robot/sim_robot.egg-info
[2.813s] writing ../../../build/sim_robot/sim_robot.egg-info/PKG-INFO
[2.814s] writing dependency_links to ../../../build/sim_robot/sim_robot.egg-info/dependency_links.txt
[2.814s] writing entry points to ../../../build/sim_robot/sim_robot.egg-info/entry_points.txt
[2.814s] writing requirements to ../../../build/sim_robot/sim_robot.egg-info/requires.txt
[2.814s] writing top-level names to ../../../build/sim_robot/sim_robot.egg-info/top_level.txt
[2.814s] writing manifest file '../../../build/sim_robot/sim_robot.egg-info/SOURCES.txt'
[2.818s] reading manifest file '../../../build/sim_robot/sim_robot.egg-info/SOURCES.txt'
[2.824s] writing manifest file '../../../build/sim_robot/sim_robot.egg-info/SOURCES.txt'
[2.825s] running build
[2.825s] running build_py
[2.825s] creating /home/mubashir/Pictures/FYP-Legged-Robot-main/Code/build/sim_robot/build
[2.825s] creating /home/mubashir/Pictures/FYP-Legged-Robot-main/Code/build/sim_robot/build/lib
[2.825s] creating /home/mubashir/Pictures/FYP-Legged-Robot-main/Code/build/sim_robot/build/lib/sim_robot
[2.826s] copying sim_robot/torque_peaks.py -> /home/mubashir/Pictures/FYP-Legged-Robot-main/Code/build/sim_robot/build/lib/sim_robot
[2.826s] copying sim_robot/rl_obs.py -> /home/mubashir/Pictures/FYP-Legged-Robot-main/Code/build/sim_robot/build/lib/sim_robot
[2.826s] copying sim_robot/teleop.py -> /home/mubashir/Pictures/FYP-Legged-Robot-main/Code/build/sim_robot/build/lib/sim_robot
[2.826s] copying sim_robot/rl_action.py -> /home/mubashir/Pictures/FYP-Legged-Robot-main/Code/build/sim_robot/build/lib/sim_robot
[2.826s] copying sim_robot/flight_recorder.py -> /home/mubashir/Pictures/FYP-Legged-Robot-main/Code/build/sim_robot/build/lib/sim_robot
[2.826s] copying sim_robot/kinematics.py -> /home/mubashir/Pictures/FYP-Legged-Robot-main/Code/build/sim_robot/build/lib/sim_robot
[2.827s] copying sim_robot/camera_recorder.py -> /home/mubashir/Pictures/FYP-Legged-Robot-main/Code/build/sim_robot/build/lib/sim_robot
[2.827s] copying sim_robot/__init__.py -> /home/mubashir/Pictures/FYP-Legged-Robot-main/Code/build/sim_robot/build/lib/sim_robot
[2.828s] copying sim_robot/kinematic_gait.py -> /home/mubashir/Pictures/FYP-Legged-Robot-main/Code/build/sim_robot/build/lib/sim_robot
[2.828s] copying sim_robot/rl_policy.py -> /home/mubashir/Pictures/FYP-Legged-Robot-main/Code/build/sim_robot/build/lib/sim_robot
[2.828s] copying sim_robot/compare_runs.py -> /home/mubashir/Pictures/FYP-Legged-Robot-main/Code/build/sim_robot/build/lib/sim_robot
[2.828s] running install
[2.828s] running install_lib
[2.828s] creating /home/mubashir/Pictures/FYP-Legged-Robot-main/Code/install/sim_robot/lib/python3.10/site-packages/sim_robot
[2.829s] copying /home/mubashir/Pictures/FYP-Legged-Robot-main/Code/build/sim_robot/build/lib/sim_robot/torque_peaks.py -> /home/mubashir/Pictures/FYP-Legged-Robot-main/Code/install/sim_robot/lib/python3.10/site-packages/sim_robot
[2.829s] copying /home/mubashir/Pictures/FYP-Legged-Robot-main/Code/build/sim_robot/build/lib/sim_robot/rl_obs.py -> /home/mubashir/Pictures/FYP-Legged-Robot-main/Code/install/sim_robot/lib/python3.10/site-packages/sim_robot
[2.829s] copying /home/mubashir/Pictures/FYP-Legged-Robot-main/Code/build/sim_robot/build/lib/sim_robot/teleop.py -> /home/mubashir/Pictures/FYP-Legged-Robot-main/Code/install/sim_robot/lib/python3.10/site-packages/sim_robot
[2.830s] copying /home/mubashir/Pictures/FYP-Legged-Robot-main/Code/build/sim_robot/build/lib/sim_robot/rl_action.py -> /home/mubashir/Pictures/FYP-Legged-Robot-main/Code/install/sim_robot/lib/python3.10/site-packages/sim_robot
[2.830s] copying /home/mubashir/Pictures/FYP-Legged-Robot-main/Code/build/sim_robot/build/lib/sim_robot/flight_recorder.py -> /home/mubashir/Pictures/FYP-Legged-Robot-main/Code/install/sim_robot/lib/python3.10/site-packages/sim_robot
[2.830s] copying /home/mubashir/Pictures/FYP-Legged-Robot-main/Code/build/sim_robot/build/lib/sim_robot/kinematics.py -> /home/mubashir/Pictures/FYP-Legged-Robot-main/Code/install/sim_robot/lib/python3.10/site-packages/sim_robot
[2.830s] copying /home/mubashir/Pictures/FYP-Legged-Robot-main/Code/build/sim_robot/build/lib/sim_robot/camera_recorder.py -> /home/mubashir/Pictures/FYP-Legged-Robot-main/Code/install/sim_robot/lib/python3.10/site-packages/sim_robot
[2.830s] copying /home/mubashir/Pictures/FYP-Legged-Robot-main/Code/build/sim_robot/build/lib/sim_robot/__init__.py -> /home/mubashir/Pictures/FYP-Legged-Robot-main/Code/install/sim_robot/lib/python3.10/site-packages/sim_robot
[2.831s] copying /home/mubashir/Pictures/FYP-Legged-Robot-main/Code/build/sim_robot/build/lib/sim_robot/kinematic_gait.py -> /home/mubashir/Pictures/FYP-Legged-Robot-main/Code/install/sim_robot/lib/python3.10/site-packages/sim_robot
[2.831s] copying /home/mubashir/Pictures/FYP-Legged-Robot-main/Code/build/sim_robot/build/lib/sim_robot/rl_policy.py -> /home/mubashir/Pictures/FYP-Legged-Robot-main/Code/install/sim_robot/lib/python3.10/site-packages/sim_robot
[2.831s] copying /home/mubashir/Pictures/FYP-Legged-Robot-main/Code/build/sim_robot/build/lib/sim_robot/compare_runs.py -> /home/mubashir/Pictures/FYP-Legged-Robot-main/Code/install/sim_robot/lib/python3.10/site-packages/sim_robot
[2.831s] byte-compiling /home/mubashir/Pictures/FYP-Legged-Robot-main/Code/install/sim_robot/lib/python3.10/site-packages/sim_robot/torque_peaks.py to torque_peaks.cpython-310.pyc
[2.833s] byte-compiling /home/mubashir/Pictures/FYP-Legged-Robot-main/Code/install/sim_robot/lib/python3.10/site-packages/sim_robot/rl_obs.py to rl_obs.cpython-310.pyc
[2.836s] byte-compiling /home/mubashir/Pictures/FYP-Legged-Robot-main/Code/install/sim_robot/lib/python3.10/site-packages/sim_robot/teleop.py to teleop.cpython-310.pyc
[2.841s] byte-compiling /home/mubashir/Pictures/FYP-Legged-Robot-main/Code/install/sim_robot/lib/python3.10/site-packages/sim_robot/rl_action.py to rl_action.cpython-310.pyc
[2.841s] byte-compiling /home/mubashir/Pictures/FYP-Legged-Robot-main/Code/install/sim_robot/lib/python3.10/site-packages/sim_robot/flight_recorder.py to flight_recorder.cpython-310.pyc
[2.842s] byte-compiling /home/mubashir/Pictures/FYP-Legged-Robot-main/Code/install/sim_robot/lib/python3.10/site-packages/sim_robot/kinematics.py to kinematics.cpython-310.pyc
[2.846s] byte-compiling /home/mubashir/Pictures/FYP-Legged-Robot-main/Code/install/sim_robot/lib/python3.10/site-packages/sim_robot/camera_recorder.py to camera_recorder.cpython-310.pyc
[2.851s] byte-compiling /home/mubashir/Pictures/FYP-Legged-Robot-main/Code/install/sim_robot/lib/python3.10/site-packages/sim_robot/__init__.py to __init__.cpython-310.pyc
[2.851s] byte-compiling /home/mubashir/Pictures/FYP-Legged-Robot-main/Code/install/sim_robot/lib/python3.10/site-packages/sim_robot/kinematic_gait.py to kinematic_gait.cpython-310.pyc
[2.865s] byte-compiling /home/mubashir/Pictures/FYP-Legged-Robot-main/Code/install/sim_robot/lib/python3.10/site-packages/sim_robot/rl_policy.py to rl_policy.cpython-310.pyc
[2.868s] byte-compiling /home/mubashir/Pictures/FYP-Legged-Robot-main/Code/install/sim_robot/lib/python3.10/site-packages/sim_robot/compare_runs.py to compare_runs.cpython-310.pyc
[2.868s] running install_data
[2.870s] creating /home/mubashir/Pictures/FYP-Legged-Robot-main/Code/install/sim_robot/share/ament_index
[2.870s] creating /home/mubashir/Pictures/FYP-Legged-Robot-main/Code/install/sim_robot/share/ament_index/resource_index
[2.870s] creating /home/mubashir/Pictures/FYP-Legged-Robot-main/Code/install/sim_robot/share/ament_index/resource_index/packages
[2.870s] copying resource/sim_robot -> /home/mubashir/Pictures/FYP-Legged-Robot-main/Code/install/sim_robot/share/ament_index/resource_index/packages
[2.870s] copying package.xml -> /home/mubashir/Pictures/FYP-Legged-Robot-main/Code/install/sim_robot/share/sim_robot
[2.871s] creating /home/mubashir/Pictures/FYP-Legged-Robot-main/Code/install/sim_robot/share/sim_robot/launch
[2.871s] copying launch/rl_walking.launch.py -> /home/mubashir/Pictures/FYP-Legged-Robot-main/Code/install/sim_robot/share/sim_robot/launch
[2.871s] copying launch/spring_experiment.launch.py -> /home/mubashir/Pictures/FYP-Legged-Robot-main/Code/install/sim_robot/share/sim_robot/launch
[2.871s] copying launch/start_world.launch.py -> /home/mubashir/Pictures/FYP-Legged-Robot-main/Code/install/sim_robot/share/sim_robot/launch
[2.871s] copying launch/rl_cave.launch.py -> /home/mubashir/Pictures/FYP-Legged-Robot-main/Code/install/sim_robot/share/sim_robot/launch
[2.872s] creating /home/mubashir/Pictures/FYP-Legged-Robot-main/Code/install/sim_robot/share/sim_robot/config
[2.873s] copying config/ros_gz_bridge_cave.yaml -> /home/mubashir/Pictures/FYP-Legged-Robot-main/Code/install/sim_robot/share/sim_robot/config
[2.873s] copying config/ros_gz_bridge.yaml -> /home/mubashir/Pictures/FYP-Legged-Robot-main/Code/install/sim_robot/share/sim_robot/config
[2.873s] copying config/ros_gz_bridge_spring.yaml -> /home/mubashir/Pictures/FYP-Legged-Robot-main/Code/install/sim_robot/share/sim_robot/config
[2.873s] creating /home/mubashir/Pictures/FYP-Legged-Robot-main/Code/install/sim_robot/share/sim_robot/worlds
[2.874s] copying worlds/friction_world_cam.sdf -> /home/mubashir/Pictures/FYP-Legged-Robot-main/Code/install/sim_robot/share/sim_robot/worlds
[2.874s] copying worlds/friction_world.sdf -> /home/mubashir/Pictures/FYP-Legged-Robot-main/Code/install/sim_robot/share/sim_robot/worlds
[2.874s] creating /home/mubashir/Pictures/FYP-Legged-Robot-main/Code/install/sim_robot/share/sim_robot/worlds/my_cave_model
[2.874s] copying worlds/my_cave_model/model.config -> /home/mubashir/Pictures/FYP-Legged-Robot-main/Code/install/sim_robot/share/sim_robot/worlds/my_cave_model
[2.874s] copying worlds/my_cave_model/model.sdf -> /home/mubashir/Pictures/FYP-Legged-Robot-main/Code/install/sim_robot/share/sim_robot/worlds/my_cave_model
[2.874s] creating /home/mubashir/Pictures/FYP-Legged-Robot-main/Code/install/sim_robot/share/sim_robot/worlds/my_cave_model/meshes
[2.875s] copying worlds/my_cave_model/meshes/color_texture_Underground.png -> /home/mubashir/Pictures/FYP-Legged-Robot-main/Code/install/sim_robot/share/sim_robot/worlds/my_cave_model/meshes
[2.876s] copying worlds/my_cave_model/meshes/mesh.obj -> /home/mubashir/Pictures/FYP-Legged-Robot-main/Code/install/sim_robot/share/sim_robot/worlds/my_cave_model/meshes
[2.914s] copying worlds/my_cave_model/meshes/roughness_texture_Underground.png -> /home/mubashir/Pictures/FYP-Legged-Robot-main/Code/install/sim_robot/share/sim_robot/worlds/my_cave_model/meshes
[2.914s] copying worlds/my_cave_model/meshes/mesh.mtl -> /home/mubashir/Pictures/FYP-Legged-Robot-main/Code/install/sim_robot/share/sim_robot/worlds/my_cave_model/meshes
[2.914s] copying worlds/my_cave_model/meshes/normal_texture_Underground.png -> /home/mubashir/Pictures/FYP-Legged-Robot-main/Code/install/sim_robot/share/sim_robot/worlds/my_cave_model/meshes
[2.922s] creating /home/mubashir/Pictures/FYP-Legged-Robot-main/Code/install/sim_robot/share/sim_robot/models
[2.922s] creating /home/mubashir/Pictures/FYP-Legged-Robot-main/Code/install/sim_robot/share/sim_robot/models/THex_Quadruped
[2.922s] copying models/THex_Quadruped/model_spring_native.sdf -> /home/mubashir/Pictures/FYP-Legged-Robot-main/Code/install/sim_robot/share/sim_robot/models/THex_Quadruped
[2.922s] copying models/THex_Quadruped/model.urdf -> /home/mubashir/Pictures/FYP-Legged-Robot-main/Code/install/sim_robot/share/sim_robot/models/THex_Quadruped
[2.922s] copying models/THex_Quadruped/model.config -> /home/mubashir/Pictures/FYP-Legged-Robot-main/Code/install/sim_robot/share/sim_robot/models/THex_Quadruped
[2.923s] copying models/THex_Quadruped/model.sdf -> /home/mubashir/Pictures/FYP-Legged-Robot-main/Code/install/sim_robot/share/sim_robot/models/THex_Quadruped
[2.923s] copying models/THex_Quadruped/make_spring_models.py -> /home/mubashir/Pictures/FYP-Legged-Robot-main/Code/install/sim_robot/share/sim_robot/models/THex_Quadruped
[2.923s] copying models/THex_Quadruped/model_effort.sdf -> /home/mubashir/Pictures/FYP-Legged-Robot-main/Code/install/sim_robot/share/sim_robot/models/THex_Quadruped
[2.923s] copying models/THex_Quadruped/model_spring_plugin.sdf -> /home/mubashir/Pictures/FYP-Legged-Robot-main/Code/install/sim_robot/share/sim_robot/models/THex_Quadruped
[2.924s] creating /home/mubashir/Pictures/FYP-Legged-Robot-main/Code/install/sim_robot/share/sim_robot/models/THex_Quadruped/__pycache__
[2.924s] copying models/THex_Quadruped/__pycache__/make_spring_models.cpython-310.pyc -> /home/mubashir/Pictures/FYP-Legged-Robot-main/Code/install/sim_robot/share/sim_robot/models/THex_Quadruped/__pycache__
[2.924s] creating /home/mubashir/Pictures/FYP-Legged-Robot-main/Code/install/sim_robot/share/sim_robot/models/THex_Quadruped/meshes
[2.924s] copying models/THex_Quadruped/meshes/bl_knee.STL -> /home/mubashir/Pictures/FYP-Legged-Robot-main/Code/install/sim_robot/share/sim_robot/models/THex_Quadruped/meshes
[2.926s] copying models/THex_Quadruped/meshes/br_foot.STL -> /home/mubashir/Pictures/FYP-Legged-Robot-main/Code/install/sim_robot/share/sim_robot/models/THex_Quadruped/meshes
[2.930s] copying models/THex_Quadruped/meshes/bl_foot_collision.STL -> /home/mubashir/Pictures/FYP-Legged-Robot-main/Code/install/sim_robot/share/sim_robot/models/THex_Quadruped/meshes
[2.930s] copying models/THex_Quadruped/meshes/fr_hip.STL -> /home/mubashir/Pictures/FYP-Legged-Robot-main/Code/install/sim_robot/share/sim_robot/models/THex_Quadruped/meshes
[2.932s] copying models/THex_Quadruped/meshes/bl_hip.STL -> /home/mubashir/Pictures/FYP-Legged-Robot-main/Code/install/sim_robot/share/sim_robot/models/THex_Quadruped/meshes
[2.936s] copying models/THex_Quadruped/meshes/base_link.STL -> /home/mubashir/Pictures/FYP-Legged-Robot-main/Code/install/sim_robot/share/sim_robot/models/THex_Quadruped/meshes
[2.947s] copying models/THex_Quadruped/meshes/fr_knee.STL -> /home/mubashir/Pictures/FYP-Legged-Robot-main/Code/install/sim_robot/share/sim_robot/models/THex_Quadruped/meshes
[2.950s] copying models/THex_Quadruped/meshes/fl_hip_collision.STL -> /home/mubashir/Pictures/FYP-Legged-Robot-main/Code/install/sim_robot/share/sim_robot/models/THex_Quadruped/meshes
[2.951s] copying models/THex_Quadruped/meshes/br_foot_collision.STL -> /home/mubashir/Pictures/FYP-Legged-Robot-main/Code/install/sim_robot/share/sim_robot/models/THex_Quadruped/meshes
[2.951s] copying models/THex_Quadruped/meshes/br_hip_collision.STL -> /home/mubashir/Pictures/FYP-Legged-Robot-main/Code/install/sim_robot/share/sim_robot/models/THex_Quadruped/meshes
[2.951s] copying models/THex_Quadruped/meshes/fr_foot_collision.STL -> /home/mubashir/Pictures/FYP-Legged-Robot-main/Code/install/sim_robot/share/sim_robot/models/THex_Quadruped/meshes
[2.951s] copying models/THex_Quadruped/meshes/fr_foot.STL -> /home/mubashir/Pictures/FYP-Legged-Robot-main/Code/install/sim_robot/share/sim_robot/models/THex_Quadruped/meshes
[2.954s] copying models/THex_Quadruped/meshes/fl_foot.STL -> /home/mubashir/Pictures/FYP-Legged-Robot-main/Code/install/sim_robot/share/sim_robot/models/THex_Quadruped/meshes
[2.956s] copying models/THex_Quadruped/meshes/base_link_collision.STL -> /home/mubashir/Pictures/FYP-Legged-Robot-main/Code/install/sim_robot/share/sim_robot/models/THex_Quadruped/meshes
[2.956s] copying models/THex_Quadruped/meshes/fl_hip.STL -> /home/mubashir/Pictures/FYP-Legged-Robot-main/Code/install/sim_robot/share/sim_robot/models/THex_Quadruped/meshes
[2.961s] copying models/THex_Quadruped/meshes/fl_knee.STL -> /home/mubashir/Pictures/FYP-Legged-Robot-main/Code/install/sim_robot/share/sim_robot/models/THex_Quadruped/meshes
[2.962s] copying models/THex_Quadruped/meshes/fr_knee_collision.STL -> /home/mubashir/Pictures/FYP-Legged-Robot-main/Code/install/sim_robot/share/sim_robot/models/THex_Quadruped/meshes
[2.963s] copying models/THex_Quadruped/meshes/bl_hip_collision.STL -> /home/mubashir/Pictures/FYP-Legged-Robot-main/Code/install/sim_robot/share/sim_robot/models/THex_Quadruped/meshes
[2.963s] copying models/THex_Quadruped/meshes/fl_foot_collision.STL -> /home/mubashir/Pictures/FYP-Legged-Robot-main/Code/install/sim_robot/share/sim_robot/models/THex_Quadruped/meshes
[2.963s] copying models/THex_Quadruped/meshes/bl_foot.STL -> /home/mubashir/Pictures/FYP-Legged-Robot-main/Code/install/sim_robot/share/sim_robot/models/THex_Quadruped/meshes
[2.965s] copying models/THex_Quadruped/meshes/br_knee.STL -> /home/mubashir/Pictures/FYP-Legged-Robot-main/Code/install/sim_robot/share/sim_robot/models/THex_Quadruped/meshes
[2.967s] copying models/THex_Quadruped/meshes/fl_knee_collision.STL -> /home/mubashir/Pictures/FYP-Legged-Robot-main/Code/install/sim_robot/share/sim_robot/models/THex_Quadruped/meshes
[2.968s] copying models/THex_Quadruped/meshes/fr_hip_collision.STL -> /home/mubashir/Pictures/FYP-Legged-Robot-main/Code/install/sim_robot/share/sim_robot/models/THex_Quadruped/meshes
[2.968s] copying models/THex_Quadruped/meshes/br_knee_collision.STL -> /home/mubashir/Pictures/FYP-Legged-Robot-main/Code/install/sim_robot/share/sim_robot/models/THex_Quadruped/meshes
[2.968s] copying models/THex_Quadruped/meshes/br_hip.STL -> /home/mubashir/Pictures/FYP-Legged-Robot-main/Code/install/sim_robot/share/sim_robot/models/THex_Quadruped/meshes
[2.970s] copying models/THex_Quadruped/meshes/bl_knee_collision.STL -> /home/mubashir/Pictures/FYP-Legged-Robot-main/Code/install/sim_robot/share/sim_robot/models/THex_Quadruped/meshes
[2.971s] creating /home/mubashir/Pictures/FYP-Legged-Robot-main/Code/install/sim_robot/share/sim_robot/models/Cube
[2.971s] copying models/Cube/model.sdf -> /home/mubashir/Pictures/FYP-Legged-Robot-main/Code/install/sim_robot/share/sim_robot/models/Cube
[2.971s] running install_egg_info
[2.976s] Copying ../../../build/sim_robot/sim_robot.egg-info to /home/mubashir/Pictures/FYP-Legged-Robot-main/Code/install/sim_robot/lib/python3.10/site-packages/sim_robot-0.0.0-py3.10.egg-info
[2.978s] running install_scripts
[3.021s] Installing camera_recorder script to /home/mubashir/Pictures/FYP-Legged-Robot-main/Code/install/sim_robot/lib/sim_robot
[3.022s] Installing compare_runs script to /home/mubashir/Pictures/FYP-Legged-Robot-main/Code/install/sim_robot/lib/sim_robot
[3.022s] Installing flight_recorder script to /home/mubashir/Pictures/FYP-Legged-Robot-main/Code/install/sim_robot/lib/sim_robot
[3.022s] Installing kinematic_gait script to /home/mubashir/Pictures/FYP-Legged-Robot-main/Code/install/sim_robot/lib/sim_robot
[3.022s] Installing rl_action script to /home/mubashir/Pictures/FYP-Legged-Robot-main/Code/install/sim_robot/lib/sim_robot
[3.023s] Installing rl_obs script to /home/mubashir/Pictures/FYP-Legged-Robot-main/Code/install/sim_robot/lib/sim_robot
[3.023s] Installing rl_policy script to /home/mubashir/Pictures/FYP-Legged-Robot-main/Code/install/sim_robot/lib/sim_robot
[3.023s] Installing teleop script to /home/mubashir/Pictures/FYP-Legged-Robot-main/Code/install/sim_robot/lib/sim_robot
[3.023s] Installing torque_peaks script to /home/mubashir/Pictures/FYP-Legged-Robot-main/Code/install/sim_robot/lib/sim_robot
[3.024s] writing list of installed files to '/home/mubashir/Pictures/FYP-Legged-Robot-main/Code/build/sim_robot/install.log'
[3.070s] Invoked command in '/home/mubashir/Pictures/FYP-Legged-Robot-main/Code/ROS/src/sim_robot' returned '0': PYTHONPATH=/home/mubashir/Pictures/FYP-Legged-Robot-main/Code/build/sim_robot/prefix_override:/usr/lib/python3/dist-packages/colcon_core/task/python/colcon_distutils_commands:/home/mubashir/Pictures/FYP-Legged-Robot-main/Code/install/sim_robot/lib/python3.10/site-packages:${PYTHONPATH} /usr/bin/python3 -W ignore:setup.py install is deprecated -W ignore:easy_install command is deprecated setup.py egg_info --egg-base ../../../build/sim_robot build --build-base /home/mubashir/Pictures/FYP-Legged-Robot-main/Code/build/sim_robot/build install --record /home/mubashir/Pictures/FYP-Legged-Robot-main/Code/build/sim_robot/install.log --single-version-externally-managed install_data
