/home/ros/ws/install/rl_ros2/lib/python3.10/site-packages/rl_ros2/rl_obs.py
/home/ros/ws/install/rl_ros2/lib/python3.10/site-packages/rl_ros2/teleop.py
/home/ros/ws/install/rl_ros2/lib/python3.10/site-packages/rl_ros2/rl_action.py
/home/ros/ws/install/rl_ros2/lib/python3.10/site-packages/rl_ros2/flight_recorder.py
/home/ros/ws/install/rl_ros2/lib/python3.10/site-packages/rl_ros2/__init__.py
/home/ros/ws/install/rl_ros2/lib/python3.10/site-packages/rl_ros2/rl_policy.py
/home/ros/ws/install/rl_ros2/lib/python3.10/site-packages/rl_ros2/__pycache__/rl_obs.cpython-310.pyc
/home/ros/ws/install/rl_ros2/lib/python3.10/site-packages/rl_ros2/__pycache__/teleop.cpython-310.pyc
/home/ros/ws/install/rl_ros2/lib/python3.10/site-packages/rl_ros2/__pycache__/rl_action.cpython-310.pyc
/home/ros/ws/install/rl_ros2/lib/python3.10/site-packages/rl_ros2/__pycache__/flight_recorder.cpython-310.pyc
/home/ros/ws/install/rl_ros2/lib/python3.10/site-packages/rl_ros2/__pycache__/__init__.cpython-310.pyc
/home/ros/ws/install/rl_ros2/lib/python3.10/site-packages/rl_ros2/__pycache__/rl_policy.cpython-310.pyc
/home/ros/ws/install/rl_ros2/share/ament_index/resource_index/packages/rl_ros2
/home/ros/ws/install/rl_ros2/share/rl_ros2/package.xml
/home/ros/ws/install/rl_ros2/share/rl_ros2/launch/launch_flat_cave.launch.py
/home/ros/ws/install/rl_ros2/share/rl_ros2/launch/rl_walking.launch.py
/home/ros/ws/install/rl_ros2/share/rl_ros2/launch/rl_hw.launch.py
/home/ros/ws/install/rl_ros2/share/rl_ros2/launch/launch_rough_floor_medium.launch.py
/home/ros/ws/install/rl_ros2/share/rl_ros2/launch/launch_rough_floor_hard.launch.py
/home/ros/ws/install/rl_ros2/share/rl_ros2/launch/launch_rough_floor_easy.launch.py
/home/ros/ws/install/rl_ros2/share/rl_ros2/launch/rl_cave.launch.py
/home/ros/ws/install/rl_ros2/share/rl_ros2/config/controllers.yaml
/home/ros/ws/install/rl_ros2/share/rl_ros2/config/ros_gz_bridge.yaml
/home/ros/ws/install/rl_ros2/share/rl_ros2/worlds/rough_floor_easy.sdf
/home/ros/ws/install/rl_ros2/share/rl_ros2/worlds/rough_floor_medium.sdf
/home/ros/ws/install/rl_ros2/share/rl_ros2/worlds/friction_world.sdf
/home/ros/ws/install/rl_ros2/share/rl_ros2/worlds/rough_floor_hard.sdf
/home/ros/ws/install/rl_ros2/share/rl_ros2/worlds/flat_cave.sdf
/home/ros/ws/install/rl_ros2/share/rl_ros2/worlds/my_cave_model/model.config
/home/ros/ws/install/rl_ros2/share/rl_ros2/worlds/my_cave_model/model.sdf
/home/ros/ws/install/rl_ros2/share/rl_ros2/worlds/my_cave_model/meshes/color_texture_Underground.png
/home/ros/ws/install/rl_ros2/share/rl_ros2/worlds/my_cave_model/meshes/mesh.obj
/home/ros/ws/install/rl_ros2/share/rl_ros2/worlds/my_cave_model/meshes/roughness_texture_Underground.png
/home/ros/ws/install/rl_ros2/share/rl_ros2/worlds/my_cave_model/meshes/mesh.mtl
/home/ros/ws/install/rl_ros2/share/rl_ros2/worlds/my_cave_model/meshes/normal_texture_Underground.png
/home/ros/ws/install/rl_ros2/share/rl_ros2/worlds/floors/hard3.obj
/home/ros/ws/install/rl_ros2/share/rl_ros2/worlds/floors/medium4.mtl
/home/ros/ws/install/rl_ros2/share/rl_ros2/worlds/floors/death2.obj
/home/ros/ws/install/rl_ros2/share/rl_ros2/worlds/floors/hard4.obj
/home/ros/ws/install/rl_ros2/share/rl_ros2/worlds/floors/medium2.mtl
/home/ros/ws/install/rl_ros2/share/rl_ros2/worlds/floors/hard2.obj
/home/ros/ws/install/rl_ros2/share/rl_ros2/worlds/floors/hard2.mtl
/home/ros/ws/install/rl_ros2/share/rl_ros2/worlds/floors/medium2.obj
/home/ros/ws/install/rl_ros2/share/rl_ros2/worlds/floors/medium4.obj
/home/ros/ws/install/rl_ros2/share/rl_ros2/worlds/floors/hard3.mtl
/home/ros/ws/install/rl_ros2/share/rl_ros2/worlds/floors/cave.mtl
/home/ros/ws/install/rl_ros2/share/rl_ros2/worlds/floors/easy4.obj
/home/ros/ws/install/rl_ros2/share/rl_ros2/worlds/floors/death2.mtl
/home/ros/ws/install/rl_ros2/share/rl_ros2/worlds/floors/easy2.mtl
/home/ros/ws/install/rl_ros2/share/rl_ros2/worlds/floors/easy2.obj
/home/ros/ws/install/rl_ros2/share/rl_ros2/worlds/floors/cave.obj
/home/ros/ws/install/rl_ros2/share/rl_ros2/worlds/floors/easy4.mtl
/home/ros/ws/install/rl_ros2/share/rl_ros2/worlds/floors/hard4.mtl
/home/ros/ws/install/rl_ros2/share/rl_ros2/models
/home/ros/ws/install/rl_ros2/share/rl_ros2/models/THex_Quadruped/model_hw.urdf
/home/ros/ws/install/rl_ros2/share/rl_ros2/models/THex_Quadruped/model_sim.urdf
/home/ros/ws/install/rl_ros2/share/rl_ros2/models/THex_Quadruped/model.config
/home/ros/ws/install/rl_ros2/share/rl_ros2/models/THex_Quadruped/meshes/bl_knee.STL
/home/ros/ws/install/rl_ros2/share/rl_ros2/models/THex_Quadruped/meshes/br_foot.STL
/home/ros/ws/install/rl_ros2/share/rl_ros2/models/THex_Quadruped/meshes/bl_foot_collision.STL
/home/ros/ws/install/rl_ros2/share/rl_ros2/models/THex_Quadruped/meshes/fr_hip.STL
/home/ros/ws/install/rl_ros2/share/rl_ros2/models/THex_Quadruped/meshes/bl_hip.STL
/home/ros/ws/install/rl_ros2/share/rl_ros2/models/THex_Quadruped/meshes/base_link.STL
/home/ros/ws/install/rl_ros2/share/rl_ros2/models/THex_Quadruped/meshes/fr_knee.STL
/home/ros/ws/install/rl_ros2/share/rl_ros2/models/THex_Quadruped/meshes/fl_hip_collision.STL
/home/ros/ws/install/rl_ros2/share/rl_ros2/models/THex_Quadruped/meshes/br_foot_collision.STL
/home/ros/ws/install/rl_ros2/share/rl_ros2/models/THex_Quadruped/meshes/br_hip_collision.STL
/home/ros/ws/install/rl_ros2/share/rl_ros2/models/THex_Quadruped/meshes/fr_foot_collision.STL
/home/ros/ws/install/rl_ros2/share/rl_ros2/models/THex_Quadruped/meshes/fr_foot.STL
/home/ros/ws/install/rl_ros2/share/rl_ros2/models/THex_Quadruped/meshes/fl_foot.STL
/home/ros/ws/install/rl_ros2/share/rl_ros2/models/THex_Quadruped/meshes/base_link_collision.STL
/home/ros/ws/install/rl_ros2/share/rl_ros2/models/THex_Quadruped/meshes/fl_hip.STL
/home/ros/ws/install/rl_ros2/share/rl_ros2/models/THex_Quadruped/meshes/fl_knee.STL
/home/ros/ws/install/rl_ros2/share/rl_ros2/models/THex_Quadruped/meshes/fr_knee_collision.STL
/home/ros/ws/install/rl_ros2/share/rl_ros2/models/THex_Quadruped/meshes/bl_hip_collision.STL
/home/ros/ws/install/rl_ros2/share/rl_ros2/models/THex_Quadruped/meshes/fl_foot_collision.STL
/home/ros/ws/install/rl_ros2/share/rl_ros2/models/THex_Quadruped/meshes/bl_foot.STL
/home/ros/ws/install/rl_ros2/share/rl_ros2/models/THex_Quadruped/meshes/br_knee.STL
/home/ros/ws/install/rl_ros2/share/rl_ros2/models/THex_Quadruped/meshes/fl_knee_collision.STL
/home/ros/ws/install/rl_ros2/share/rl_ros2/models/THex_Quadruped/meshes/fr_hip_collision.STL
/home/ros/ws/install/rl_ros2/share/rl_ros2/models/THex_Quadruped/meshes/br_knee_collision.STL
/home/ros/ws/install/rl_ros2/share/rl_ros2/models/THex_Quadruped/meshes/br_hip.STL
/home/ros/ws/install/rl_ros2/share/rl_ros2/models/THex_Quadruped/meshes/bl_knee_collision.STL
/home/ros/ws/install/rl_ros2/lib/python3.10/site-packages/rl_ros2-0.0.0-py3.10.egg-info/requires.txt
/home/ros/ws/install/rl_ros2/lib/python3.10/site-packages/rl_ros2-0.0.0-py3.10.egg-info/PKG-INFO
/home/ros/ws/install/rl_ros2/lib/python3.10/site-packages/rl_ros2-0.0.0-py3.10.egg-info/entry_points.txt
/home/ros/ws/install/rl_ros2/lib/python3.10/site-packages/rl_ros2-0.0.0-py3.10.egg-info/SOURCES.txt
/home/ros/ws/install/rl_ros2/lib/python3.10/site-packages/rl_ros2-0.0.0-py3.10.egg-info/top_level.txt
/home/ros/ws/install/rl_ros2/lib/python3.10/site-packages/rl_ros2-0.0.0-py3.10.egg-info/dependency_links.txt
/home/ros/ws/install/rl_ros2/lib/python3.10/site-packages/rl_ros2-0.0.0-py3.10.egg-info/zip-safe
/home/ros/ws/install/rl_ros2/lib/rl_ros2/flight_recorder
/home/ros/ws/install/rl_ros2/lib/rl_ros2/rl_action
/home/ros/ws/install/rl_ros2/lib/rl_ros2/rl_obs
/home/ros/ws/install/rl_ros2/lib/rl_ros2/rl_policy
/home/ros/ws/install/rl_ros2/lib/rl_ros2/teleop
