[2.134s] Invoking command in '/home/mubashir/Documents/FYP-Legged-Robot-main/Code/ROS/src/sim_robot': PYTHONPATH=/home/mubashir/Documents/FYP-Legged-Robot-main/Code/build/sim_robot/prefix_override:/usr/lib/python3/dist-packages/colcon_core/task/python/colcon_distutils_commands:/home/mubashir/Documents/FYP-Legged-Robot-main/Code/install/sim_robot/lib/python3.10/site-packages:${PYTHONPATH} /usr/bin/python3 -W ignore:setup.py install is deprecated -W ignore:easy_install command is deprecated setup.py egg_info --egg-base ../../../build/sim_robot build --build-base /home/mubashir/Documents/FYP-Legged-Robot-main/Code/build/sim_robot/build install --record /home/mubashir/Documents/FYP-Legged-Robot-main/Code/build/sim_robot/install.log --single-version-externally-managed install_data
[2.793s] running egg_info
[2.796s] writing ../../../build/sim_robot/sim_robot.egg-info/PKG-INFO
[2.797s] writing dependency_links to ../../../build/sim_robot/sim_robot.egg-info/dependency_links.txt
[2.797s] writing entry points to ../../../build/sim_robot/sim_robot.egg-info/entry_points.txt
[2.797s] writing requirements to ../../../build/sim_robot/sim_robot.egg-info/requires.txt
[2.798s] writing top-level names to ../../../build/sim_robot/sim_robot.egg-info/top_level.txt
[2.808s] reading manifest file '../../../build/sim_robot/sim_robot.egg-info/SOURCES.txt'
[2.813s] writing manifest file '../../../build/sim_robot/sim_robot.egg-info/SOURCES.txt'
[2.814s] running build
[2.815s] running build_py
[2.815s] copying sim_robot/kinematic_gait.py -> /home/mubashir/Documents/FYP-Legged-Robot-main/Code/build/sim_robot/build/lib/sim_robot
[2.819s] running install
[2.819s] running install_lib
[2.820s] copying /home/mubashir/Documents/FYP-Legged-Robot-main/Code/build/sim_robot/build/lib/sim_robot/kinematic_gait.py -> /home/mubashir/Documents/FYP-Legged-Robot-main/Code/install/sim_robot/lib/python3.10/site-packages/sim_robot
[2.822s] byte-compiling /home/mubashir/Documents/FYP-Legged-Robot-main/Code/install/sim_robot/lib/python3.10/site-packages/sim_robot/kinematic_gait.py to kinematic_gait.cpython-310.pyc
[2.832s] running install_data
[2.834s] running install_egg_info
[2.838s] removing '/home/mubashir/Documents/FYP-Legged-Robot-main/Code/install/sim_robot/lib/python3.10/site-packages/sim_robot-0.0.0-py3.10.egg-info' (and everything under it)
[2.839s] Copying ../../../build/sim_robot/sim_robot.egg-info to /home/mubashir/Documents/FYP-Legged-Robot-main/Code/install/sim_robot/lib/python3.10/site-packages/sim_robot-0.0.0-py3.10.egg-info
[2.840s] running install_scripts
[2.885s] Installing flight_recorder script to /home/mubashir/Documents/FYP-Legged-Robot-main/Code/install/sim_robot/lib/sim_robot
[2.886s] Installing kinematic_gait script to /home/mubashir/Documents/FYP-Legged-Robot-main/Code/install/sim_robot/lib/sim_robot
[2.886s] Installing rl_action script to /home/mubashir/Documents/FYP-Legged-Robot-main/Code/install/sim_robot/lib/sim_robot
[2.886s] Installing rl_obs script to /home/mubashir/Documents/FYP-Legged-Robot-main/Code/install/sim_robot/lib/sim_robot
[2.886s] Installing rl_policy script to /home/mubashir/Documents/FYP-Legged-Robot-main/Code/install/sim_robot/lib/sim_robot
[2.887s] Installing teleop script to /home/mubashir/Documents/FYP-Legged-Robot-main/Code/install/sim_robot/lib/sim_robot
[2.887s] writing list of installed files to '/home/mubashir/Documents/FYP-Legged-Robot-main/Code/build/sim_robot/install.log'
[2.936s] Invoked command in '/home/mubashir/Documents/FYP-Legged-Robot-main/Code/ROS/src/sim_robot' returned '0': PYTHONPATH=/home/mubashir/Documents/FYP-Legged-Robot-main/Code/build/sim_robot/prefix_override:/usr/lib/python3/dist-packages/colcon_core/task/python/colcon_distutils_commands:/home/mubashir/Documents/FYP-Legged-Robot-main/Code/install/sim_robot/lib/python3.10/site-packages:${PYTHONPATH} /usr/bin/python3 -W ignore:setup.py install is deprecated -W ignore:easy_install command is deprecated setup.py egg_info --egg-base ../../../build/sim_robot build --build-base /home/mubashir/Documents/FYP-Legged-Robot-main/Code/build/sim_robot/build install --record /home/mubashir/Documents/FYP-Legged-Robot-main/Code/build/sim_robot/install.log --single-version-externally-managed install_data
