[2.820s] Invoking command in '/home/mubashir/Documents/FYP-Legged-Robot-main/Code/ROS/src/sim_robot': PYTHONPATH=/home/mubashir/Documents/FYP-Legged-Robot-main/Code/build/sim_robot/prefix_override:/usr/lib/python3/dist-packages/colcon_core/task/python/colcon_distutils_commands:/home/mubashir/Documents/FYP-Legged-Robot-main/Code/install/sim_robot/lib/python3.10/site-packages:${PYTHONPATH} /usr/bin/python3 -W ignore:setup.py install is deprecated -W ignore:easy_install command is deprecated setup.py egg_info --egg-base ../../../build/sim_robot build --build-base /home/mubashir/Documents/FYP-Legged-Robot-main/Code/build/sim_robot/build install --record /home/mubashir/Documents/FYP-Legged-Robot-main/Code/build/sim_robot/install.log --single-version-externally-managed install_data
[3.962s] running egg_info
[3.966s] writing ../../../build/sim_robot/sim_robot.egg-info/PKG-INFO
[3.967s] writing dependency_links to ../../../build/sim_robot/sim_robot.egg-info/dependency_links.txt
[3.968s] writing entry points to ../../../build/sim_robot/sim_robot.egg-info/entry_points.txt
[3.969s] writing requirements to ../../../build/sim_robot/sim_robot.egg-info/requires.txt
[3.969s] writing top-level names to ../../../build/sim_robot/sim_robot.egg-info/top_level.txt
[3.976s] reading manifest file '../../../build/sim_robot/sim_robot.egg-info/SOURCES.txt'
[3.984s] writing manifest file '../../../build/sim_robot/sim_robot.egg-info/SOURCES.txt'
[3.985s] running build
[3.986s] running build_py
[3.987s] running install
[3.988s] running install_lib
[3.996s] running install_data
[4.000s] running install_egg_info
[4.008s] removing '/home/mubashir/Documents/FYP-Legged-Robot-main/Code/install/sim_robot/lib/python3.10/site-packages/sim_robot-0.0.0-py3.10.egg-info' (and everything under it)
[4.009s] Copying ../../../build/sim_robot/sim_robot.egg-info to /home/mubashir/Documents/FYP-Legged-Robot-main/Code/install/sim_robot/lib/python3.10/site-packages/sim_robot-0.0.0-py3.10.egg-info
[4.013s] running install_scripts
[4.105s] Installing flight_recorder script to /home/mubashir/Documents/FYP-Legged-Robot-main/Code/install/sim_robot/lib/sim_robot
[4.107s] Installing kinematic_gait script to /home/mubashir/Documents/FYP-Legged-Robot-main/Code/install/sim_robot/lib/sim_robot
[4.108s] Installing rl_action script to /home/mubashir/Documents/FYP-Legged-Robot-main/Code/install/sim_robot/lib/sim_robot
[4.108s] Installing rl_obs script to /home/mubashir/Documents/FYP-Legged-Robot-main/Code/install/sim_robot/lib/sim_robot
[4.108s] Installing rl_policy script to /home/mubashir/Documents/FYP-Legged-Robot-main/Code/install/sim_robot/lib/sim_robot
[4.108s] Installing teleop script to /home/mubashir/Documents/FYP-Legged-Robot-main/Code/install/sim_robot/lib/sim_robot
[4.110s] writing list of installed files to '/home/mubashir/Documents/FYP-Legged-Robot-main/Code/build/sim_robot/install.log'
[4.197s] Invoked command in '/home/mubashir/Documents/FYP-Legged-Robot-main/Code/ROS/src/sim_robot' returned '0': PYTHONPATH=/home/mubashir/Documents/FYP-Legged-Robot-main/Code/build/sim_robot/prefix_override:/usr/lib/python3/dist-packages/colcon_core/task/python/colcon_distutils_commands:/home/mubashir/Documents/FYP-Legged-Robot-main/Code/install/sim_robot/lib/python3.10/site-packages:${PYTHONPATH} /usr/bin/python3 -W ignore:setup.py install is deprecated -W ignore:easy_install command is deprecated setup.py egg_info --egg-base ../../../build/sim_robot build --build-base /home/mubashir/Documents/FYP-Legged-Robot-main/Code/build/sim_robot/build install --record /home/mubashir/Documents/FYP-Legged-Robot-main/Code/build/sim_robot/install.log --single-version-externally-managed install_data
