[1.634s] Invoking command in '/home/mubashir/Documents/FYP-Legged-Robot-main/Code/ROS/src/rl_ros2': PYTHONPATH=/home/mubashir/Documents/FYP-Legged-Robot-main/Code/build/rl_ros2/prefix_override:/usr/lib/python3/dist-packages/colcon_core/task/python/colcon_distutils_commands:/home/mubashir/Documents/FYP-Legged-Robot-main/Code/install/rl_ros2/lib/python3.10/site-packages:${PYTHONPATH} /usr/bin/python3 -W ignore:setup.py install is deprecated -W ignore:easy_install command is deprecated setup.py egg_info --egg-base ../../../build/rl_ros2 build --build-base /home/mubashir/Documents/FYP-Legged-Robot-main/Code/build/rl_ros2/build install --record /home/mubashir/Documents/FYP-Legged-Robot-main/Code/build/rl_ros2/install.log --single-version-externally-managed install_data
[2.213s] running egg_info
[2.214s] creating ../../../build/rl_ros2/rl_ros2.egg-info
[2.215s] writing ../../../build/rl_ros2/rl_ros2.egg-info/PKG-INFO
[2.215s] writing dependency_links to ../../../build/rl_ros2/rl_ros2.egg-info/dependency_links.txt
[2.216s] writing entry points to ../../../build/rl_ros2/rl_ros2.egg-info/entry_points.txt
[2.216s] writing requirements to ../../../build/rl_ros2/rl_ros2.egg-info/requires.txt
[2.216s] writing top-level names to ../../../build/rl_ros2/rl_ros2.egg-info/top_level.txt
[2.216s] writing manifest file '../../../build/rl_ros2/rl_ros2.egg-info/SOURCES.txt'
[2.222s] reading manifest file '../../../build/rl_ros2/rl_ros2.egg-info/SOURCES.txt'
[2.225s] writing manifest file '../../../build/rl_ros2/rl_ros2.egg-info/SOURCES.txt'
[2.225s] running build
[2.225s] running build_py
[2.225s] creating /home/mubashir/Documents/FYP-Legged-Robot-main/Code/build/rl_ros2/build
[2.226s] creating /home/mubashir/Documents/FYP-Legged-Robot-main/Code/build/rl_ros2/build/lib
[2.226s] creating /home/mubashir/Documents/FYP-Legged-Robot-main/Code/build/rl_ros2/build/lib/rl_ros2
[2.226s] copying rl_ros2/rl_obs.py -> /home/mubashir/Documents/FYP-Legged-Robot-main/Code/build/rl_ros2/build/lib/rl_ros2
[2.226s] copying rl_ros2/teleop.py -> /home/mubashir/Documents/FYP-Legged-Robot-main/Code/build/rl_ros2/build/lib/rl_ros2
[2.227s] copying rl_ros2/rl_action.py -> /home/mubashir/Documents/FYP-Legged-Robot-main/Code/build/rl_ros2/build/lib/rl_ros2
[2.228s] copying rl_ros2/flight_recorder.py -> /home/mubashir/Documents/FYP-Legged-Robot-main/Code/build/rl_ros2/build/lib/rl_ros2
[2.229s] copying rl_ros2/__init__.py -> /home/mubashir/Documents/FYP-Legged-Robot-main/Code/build/rl_ros2/build/lib/rl_ros2
[2.230s] copying rl_ros2/rl_policy.py -> /home/mubashir/Documents/FYP-Legged-Robot-main/Code/build/rl_ros2/build/lib/rl_ros2
[2.230s] running install
[2.231s] running install_lib
[2.234s] creating /home/mubashir/Documents/FYP-Legged-Robot-main/Code/install/rl_ros2/lib/python3.10/site-packages/rl_ros2
[2.234s] copying /home/mubashir/Documents/FYP-Legged-Robot-main/Code/build/rl_ros2/build/lib/rl_ros2/rl_obs.py -> /home/mubashir/Documents/FYP-Legged-Robot-main/Code/install/rl_ros2/lib/python3.10/site-packages/rl_ros2
[2.234s] copying /home/mubashir/Documents/FYP-Legged-Robot-main/Code/build/rl_ros2/build/lib/rl_ros2/teleop.py -> /home/mubashir/Documents/FYP-Legged-Robot-main/Code/install/rl_ros2/lib/python3.10/site-packages/rl_ros2
[2.235s] copying /home/mubashir/Documents/FYP-Legged-Robot-main/Code/build/rl_ros2/build/lib/rl_ros2/rl_action.py -> /home/mubashir/Documents/FYP-Legged-Robot-main/Code/install/rl_ros2/lib/python3.10/site-packages/rl_ros2
[2.235s] copying /home/mubashir/Documents/FYP-Legged-Robot-main/Code/build/rl_ros2/build/lib/rl_ros2/flight_recorder.py -> /home/mubashir/Documents/FYP-Legged-Robot-main/Code/install/rl_ros2/lib/python3.10/site-packages/rl_ros2
[2.235s] copying /home/mubashir/Documents/FYP-Legged-Robot-main/Code/build/rl_ros2/build/lib/rl_ros2/__init__.py -> /home/mubashir/Documents/FYP-Legged-Robot-main/Code/install/rl_ros2/lib/python3.10/site-packages/rl_ros2
[2.235s] copying /home/mubashir/Documents/FYP-Legged-Robot-main/Code/build/rl_ros2/build/lib/rl_ros2/rl_policy.py -> /home/mubashir/Documents/FYP-Legged-Robot-main/Code/install/rl_ros2/lib/python3.10/site-packages/rl_ros2
[2.236s] byte-compiling /home/mubashir/Documents/FYP-Legged-Robot-main/Code/install/rl_ros2/lib/python3.10/site-packages/rl_ros2/rl_obs.py to rl_obs.cpython-310.pyc
[2.240s] byte-compiling /home/mubashir/Documents/FYP-Legged-Robot-main/Code/install/rl_ros2/lib/python3.10/site-packages/rl_ros2/teleop.py to teleop.cpython-310.pyc
[2.243s] byte-compiling /home/mubashir/Documents/FYP-Legged-Robot-main/Code/install/rl_ros2/lib/python3.10/site-packages/rl_ros2/rl_action.py to rl_action.cpython-310.pyc
[2.245s] byte-compiling /home/mubashir/Documents/FYP-Legged-Robot-main/Code/install/rl_ros2/lib/python3.10/site-packages/rl_ros2/flight_recorder.py to flight_recorder.cpython-310.pyc
[2.247s] byte-compiling /home/mubashir/Documents/FYP-Legged-Robot-main/Code/install/rl_ros2/lib/python3.10/site-packages/rl_ros2/__init__.py to __init__.cpython-310.pyc
[2.247s] byte-compiling /home/mubashir/Documents/FYP-Legged-Robot-main/Code/install/rl_ros2/lib/python3.10/site-packages/rl_ros2/rl_policy.py to rl_policy.cpython-310.pyc
[2.250s] running install_data
[2.250s] creating /home/mubashir/Documents/FYP-Legged-Robot-main/Code/install/rl_ros2/share/ament_index
[2.250s] creating /home/mubashir/Documents/FYP-Legged-Robot-main/Code/install/rl_ros2/share/ament_index/resource_index
[2.250s] creating /home/mubashir/Documents/FYP-Legged-Robot-main/Code/install/rl_ros2/share/ament_index/resource_index/packages
[2.250s] copying resource/rl_ros2 -> /home/mubashir/Documents/FYP-Legged-Robot-main/Code/install/rl_ros2/share/ament_index/resource_index/packages
[2.250s] copying package.xml -> /home/mubashir/Documents/FYP-Legged-Robot-main/Code/install/rl_ros2/share/rl_ros2
[2.251s] creating /home/mubashir/Documents/FYP-Legged-Robot-main/Code/install/rl_ros2/share/rl_ros2/launch
[2.251s] copying launch/launch_flat_cave.launch.py -> /home/mubashir/Documents/FYP-Legged-Robot-main/Code/install/rl_ros2/share/rl_ros2/launch
[2.251s] copying launch/rl_walking.launch.py -> /home/mubashir/Documents/FYP-Legged-Robot-main/Code/install/rl_ros2/share/rl_ros2/launch
[2.252s] copying launch/rl_hw.launch.py -> /home/mubashir/Documents/FYP-Legged-Robot-main/Code/install/rl_ros2/share/rl_ros2/launch
[2.252s] copying launch/launch_rough_floor_medium.launch.py -> /home/mubashir/Documents/FYP-Legged-Robot-main/Code/install/rl_ros2/share/rl_ros2/launch
[2.252s] copying launch/launch_rough_floor_hard.launch.py -> /home/mubashir/Documents/FYP-Legged-Robot-main/Code/install/rl_ros2/share/rl_ros2/launch
[2.252s] copying launch/launch_rough_floor_easy.launch.py -> /home/mubashir/Documents/FYP-Legged-Robot-main/Code/install/rl_ros2/share/rl_ros2/launch
[2.254s] copying launch/rl_cave.launch.py -> /home/mubashir/Documents/FYP-Legged-Robot-main/Code/install/rl_ros2/share/rl_ros2/launch
[2.254s] creating /home/mubashir/Documents/FYP-Legged-Robot-main/Code/install/rl_ros2/share/rl_ros2/config
[2.254s] copying config/controllers.yaml -> /home/mubashir/Documents/FYP-Legged-Robot-main/Code/install/rl_ros2/share/rl_ros2/config
[2.255s] copying config/ros_gz_bridge.yaml -> /home/mubashir/Documents/FYP-Legged-Robot-main/Code/install/rl_ros2/share/rl_ros2/config
[2.255s] creating /home/mubashir/Documents/FYP-Legged-Robot-main/Code/install/rl_ros2/share/rl_ros2/worlds
[2.255s] copying worlds/rough_floor_easy.sdf -> /home/mubashir/Documents/FYP-Legged-Robot-main/Code/install/rl_ros2/share/rl_ros2/worlds
[2.255s] copying worlds/rough_floor_medium.sdf -> /home/mubashir/Documents/FYP-Legged-Robot-main/Code/install/rl_ros2/share/rl_ros2/worlds
[2.256s] copying worlds/friction_world.sdf -> /home/mubashir/Documents/FYP-Legged-Robot-main/Code/install/rl_ros2/share/rl_ros2/worlds
[2.257s] copying worlds/rough_floor_hard.sdf -> /home/mubashir/Documents/FYP-Legged-Robot-main/Code/install/rl_ros2/share/rl_ros2/worlds
[2.257s] copying worlds/flat_cave.sdf -> /home/mubashir/Documents/FYP-Legged-Robot-main/Code/install/rl_ros2/share/rl_ros2/worlds
[2.258s] creating /home/mubashir/Documents/FYP-Legged-Robot-main/Code/install/rl_ros2/share/rl_ros2/worlds/my_cave_model
[2.259s] copying worlds/my_cave_model/model.config -> /home/mubashir/Documents/FYP-Legged-Robot-main/Code/install/rl_ros2/share/rl_ros2/worlds/my_cave_model
[2.259s] copying worlds/my_cave_model/model.sdf -> /home/mubashir/Documents/FYP-Legged-Robot-main/Code/install/rl_ros2/share/rl_ros2/worlds/my_cave_model
[2.259s] creating /home/mubashir/Documents/FYP-Legged-Robot-main/Code/install/rl_ros2/share/rl_ros2/worlds/my_cave_model/meshes
[2.259s] copying worlds/my_cave_model/meshes/color_texture_Underground.png -> /home/mubashir/Documents/FYP-Legged-Robot-main/Code/install/rl_ros2/share/rl_ros2/worlds/my_cave_model/meshes
[2.265s] copying worlds/my_cave_model/meshes/mesh.obj -> /home/mubashir/Documents/FYP-Legged-Robot-main/Code/install/rl_ros2/share/rl_ros2/worlds/my_cave_model/meshes
[2.271s] copying worlds/my_cave_model/meshes/roughness_texture_Underground.png -> /home/mubashir/Documents/FYP-Legged-Robot-main/Code/install/rl_ros2/share/rl_ros2/worlds/my_cave_model/meshes
[2.274s] copying worlds/my_cave_model/meshes/mesh.mtl -> /home/mubashir/Documents/FYP-Legged-Robot-main/Code/install/rl_ros2/share/rl_ros2/worlds/my_cave_model/meshes
[2.275s] copying worlds/my_cave_model/meshes/normal_texture_Underground.png -> /home/mubashir/Documents/FYP-Legged-Robot-main/Code/install/rl_ros2/share/rl_ros2/worlds/my_cave_model/meshes
[2.281s] creating /home/mubashir/Documents/FYP-Legged-Robot-main/Code/install/rl_ros2/share/rl_ros2/worlds/floors
[2.282s] copying worlds/floors/hard3.obj -> /home/mubashir/Documents/FYP-Legged-Robot-main/Code/install/rl_ros2/share/rl_ros2/worlds/floors
[2.286s] copying worlds/floors/medium4.mtl -> /home/mubashir/Documents/FYP-Legged-Robot-main/Code/install/rl_ros2/share/rl_ros2/worlds/floors
[2.287s] copying worlds/floors/death2.obj -> /home/mubashir/Documents/FYP-Legged-Robot-main/Code/install/rl_ros2/share/rl_ros2/worlds/floors
[2.297s] copying worlds/floors/hard4.obj -> /home/mubashir/Documents/FYP-Legged-Robot-main/Code/install/rl_ros2/share/rl_ros2/worlds/floors
[2.303s] copying worlds/floors/medium2.mtl -> /home/mubashir/Documents/FYP-Legged-Robot-main/Code/install/rl_ros2/share/rl_ros2/worlds/floors
[2.303s] copying worlds/floors/hard2.obj -> /home/mubashir/Documents/FYP-Legged-Robot-main/Code/install/rl_ros2/share/rl_ros2/worlds/floors
[2.417s] copying worlds/floors/hard2.mtl -> /home/mubashir/Documents/FYP-Legged-Robot-main/Code/install/rl_ros2/share/rl_ros2/worlds/floors
[2.418s] copying worlds/floors/medium2.obj -> /home/mubashir/Documents/FYP-Legged-Robot-main/Code/install/rl_ros2/share/rl_ros2/worlds/floors
[2.532s] copying worlds/floors/medium4.obj -> /home/mubashir/Documents/FYP-Legged-Robot-main/Code/install/rl_ros2/share/rl_ros2/worlds/floors
[2.538s] copying worlds/floors/hard3.mtl -> /home/mubashir/Documents/FYP-Legged-Robot-main/Code/install/rl_ros2/share/rl_ros2/worlds/floors
[2.538s] copying worlds/floors/cave.mtl -> /home/mubashir/Documents/FYP-Legged-Robot-main/Code/install/rl_ros2/share/rl_ros2/worlds/floors
[2.538s] copying worlds/floors/easy4.obj -> /home/mubashir/Documents/FYP-Legged-Robot-main/Code/install/rl_ros2/share/rl_ros2/worlds/floors
[2.544s] copying worlds/floors/death2.mtl -> /home/mubashir/Documents/FYP-Legged-Robot-main/Code/install/rl_ros2/share/rl_ros2/worlds/floors
[2.545s] copying worlds/floors/easy2.mtl -> /home/mubashir/Documents/FYP-Legged-Robot-main/Code/install/rl_ros2/share/rl_ros2/worlds/floors
[2.545s] copying worlds/floors/easy2.obj -> /home/mubashir/Documents/FYP-Legged-Robot-main/Code/install/rl_ros2/share/rl_ros2/worlds/floors
[2.673s] copying worlds/floors/cave.obj -> /home/mubashir/Documents/FYP-Legged-Robot-main/Code/install/rl_ros2/share/rl_ros2/worlds/floors
[2.684s] copying worlds/floors/easy4.mtl -> /home/mubashir/Documents/FYP-Legged-Robot-main/Code/install/rl_ros2/share/rl_ros2/worlds/floors
[2.685s] copying worlds/floors/hard4.mtl -> /home/mubashir/Documents/FYP-Legged-Robot-main/Code/install/rl_ros2/share/rl_ros2/worlds/floors
[2.685s] creating /home/mubashir/Documents/FYP-Legged-Robot-main/Code/install/rl_ros2/share/rl_ros2/models
[2.685s] creating /home/mubashir/Documents/FYP-Legged-Robot-main/Code/install/rl_ros2/share/rl_ros2/models/THex_Quadruped
[2.686s] copying models/THex_Quadruped/model_hw.urdf -> /home/mubashir/Documents/FYP-Legged-Robot-main/Code/install/rl_ros2/share/rl_ros2/models/THex_Quadruped
[2.686s] copying models/THex_Quadruped/model_sim.urdf -> /home/mubashir/Documents/FYP-Legged-Robot-main/Code/install/rl_ros2/share/rl_ros2/models/THex_Quadruped
[2.686s] copying models/THex_Quadruped/model.config -> /home/mubashir/Documents/FYP-Legged-Robot-main/Code/install/rl_ros2/share/rl_ros2/models/THex_Quadruped
[2.687s] creating /home/mubashir/Documents/FYP-Legged-Robot-main/Code/install/rl_ros2/share/rl_ros2/models/THex_Quadruped/meshes
[2.687s] copying models/THex_Quadruped/meshes/bl_knee.STL -> /home/mubashir/Documents/FYP-Legged-Robot-main/Code/install/rl_ros2/share/rl_ros2/models/THex_Quadruped/meshes
[2.692s] copying models/THex_Quadruped/meshes/br_foot.STL -> /home/mubashir/Documents/FYP-Legged-Robot-main/Code/install/rl_ros2/share/rl_ros2/models/THex_Quadruped/meshes
[2.696s] copying models/THex_Quadruped/meshes/bl_foot_collision.STL -> /home/mubashir/Documents/FYP-Legged-Robot-main/Code/install/rl_ros2/share/rl_ros2/models/THex_Quadruped/meshes
[2.696s] copying models/THex_Quadruped/meshes/fr_hip.STL -> /home/mubashir/Documents/FYP-Legged-Robot-main/Code/install/rl_ros2/share/rl_ros2/models/THex_Quadruped/meshes
[2.703s] copying models/THex_Quadruped/meshes/bl_hip.STL -> /home/mubashir/Documents/FYP-Legged-Robot-main/Code/install/rl_ros2/share/rl_ros2/models/THex_Quadruped/meshes
[2.710s] copying models/THex_Quadruped/meshes/base_link.STL -> /home/mubashir/Documents/FYP-Legged-Robot-main/Code/install/rl_ros2/share/rl_ros2/models/THex_Quadruped/meshes
[2.729s] copying models/THex_Quadruped/meshes/fr_knee.STL -> /home/mubashir/Documents/FYP-Legged-Robot-main/Code/install/rl_ros2/share/rl_ros2/models/THex_Quadruped/meshes
[2.734s] copying models/THex_Quadruped/meshes/fl_hip_collision.STL -> /home/mubashir/Documents/FYP-Legged-Robot-main/Code/install/rl_ros2/share/rl_ros2/models/THex_Quadruped/meshes
[2.734s] copying models/THex_Quadruped/meshes/br_foot_collision.STL -> /home/mubashir/Documents/FYP-Legged-Robot-main/Code/install/rl_ros2/share/rl_ros2/models/THex_Quadruped/meshes
[2.735s] copying models/THex_Quadruped/meshes/br_hip_collision.STL -> /home/mubashir/Documents/FYP-Legged-Robot-main/Code/install/rl_ros2/share/rl_ros2/models/THex_Quadruped/meshes
[2.735s] copying models/THex_Quadruped/meshes/fr_foot_collision.STL -> /home/mubashir/Documents/FYP-Legged-Robot-main/Code/install/rl_ros2/share/rl_ros2/models/THex_Quadruped/meshes
[2.736s] copying models/THex_Quadruped/meshes/fr_foot.STL -> /home/mubashir/Documents/FYP-Legged-Robot-main/Code/install/rl_ros2/share/rl_ros2/models/THex_Quadruped/meshes
[2.741s] copying models/THex_Quadruped/meshes/fl_foot.STL -> /home/mubashir/Documents/FYP-Legged-Robot-main/Code/install/rl_ros2/share/rl_ros2/models/THex_Quadruped/meshes
[2.745s] copying models/THex_Quadruped/meshes/base_link_collision.STL -> /home/mubashir/Documents/FYP-Legged-Robot-main/Code/install/rl_ros2/share/rl_ros2/models/THex_Quadruped/meshes
[2.746s] copying models/THex_Quadruped/meshes/fl_hip.STL -> /home/mubashir/Documents/FYP-Legged-Robot-main/Code/install/rl_ros2/share/rl_ros2/models/THex_Quadruped/meshes
[2.753s] copying models/THex_Quadruped/meshes/fl_knee.STL -> /home/mubashir/Documents/FYP-Legged-Robot-main/Code/install/rl_ros2/share/rl_ros2/models/THex_Quadruped/meshes
[2.758s] copying models/THex_Quadruped/meshes/fr_knee_collision.STL -> /home/mubashir/Documents/FYP-Legged-Robot-main/Code/install/rl_ros2/share/rl_ros2/models/THex_Quadruped/meshes
[2.758s] copying models/THex_Quadruped/meshes/bl_hip_collision.STL -> /home/mubashir/Documents/FYP-Legged-Robot-main/Code/install/rl_ros2/share/rl_ros2/models/THex_Quadruped/meshes
[2.759s] copying models/THex_Quadruped/meshes/fl_foot_collision.STL -> /home/mubashir/Documents/FYP-Legged-Robot-main/Code/install/rl_ros2/share/rl_ros2/models/THex_Quadruped/meshes
[2.759s] copying models/THex_Quadruped/meshes/bl_foot.STL -> /home/mubashir/Documents/FYP-Legged-Robot-main/Code/install/rl_ros2/share/rl_ros2/models/THex_Quadruped/meshes
[2.763s] copying models/THex_Quadruped/meshes/br_knee.STL -> /home/mubashir/Documents/FYP-Legged-Robot-main/Code/install/rl_ros2/share/rl_ros2/models/THex_Quadruped/meshes
[2.767s] copying models/THex_Quadruped/meshes/fl_knee_collision.STL -> /home/mubashir/Documents/FYP-Legged-Robot-main/Code/install/rl_ros2/share/rl_ros2/models/THex_Quadruped/meshes
[2.768s] copying models/THex_Quadruped/meshes/fr_hip_collision.STL -> /home/mubashir/Documents/FYP-Legged-Robot-main/Code/install/rl_ros2/share/rl_ros2/models/THex_Quadruped/meshes
[2.768s] copying models/THex_Quadruped/meshes/br_knee_collision.STL -> /home/mubashir/Documents/FYP-Legged-Robot-main/Code/install/rl_ros2/share/rl_ros2/models/THex_Quadruped/meshes
[2.769s] copying models/THex_Quadruped/meshes/br_hip.STL -> /home/mubashir/Documents/FYP-Legged-Robot-main/Code/install/rl_ros2/share/rl_ros2/models/THex_Quadruped/meshes
[2.774s] copying models/THex_Quadruped/meshes/bl_knee_collision.STL -> /home/mubashir/Documents/FYP-Legged-Robot-main/Code/install/rl_ros2/share/rl_ros2/models/THex_Quadruped/meshes
[2.774s] running install_egg_info
[2.780s] Copying ../../../build/rl_ros2/rl_ros2.egg-info to /home/mubashir/Documents/FYP-Legged-Robot-main/Code/install/rl_ros2/lib/python3.10/site-packages/rl_ros2-0.0.0-py3.10.egg-info
[2.781s] running install_scripts
[2.830s] Installing flight_recorder script to /home/mubashir/Documents/FYP-Legged-Robot-main/Code/install/rl_ros2/lib/rl_ros2
[2.831s] Installing rl_action script to /home/mubashir/Documents/FYP-Legged-Robot-main/Code/install/rl_ros2/lib/rl_ros2
[2.831s] Installing rl_obs script to /home/mubashir/Documents/FYP-Legged-Robot-main/Code/install/rl_ros2/lib/rl_ros2
[2.831s] Installing rl_policy script to /home/mubashir/Documents/FYP-Legged-Robot-main/Code/install/rl_ros2/lib/rl_ros2
[2.831s] Installing teleop script to /home/mubashir/Documents/FYP-Legged-Robot-main/Code/install/rl_ros2/lib/rl_ros2
[2.831s] writing list of installed files to '/home/mubashir/Documents/FYP-Legged-Robot-main/Code/build/rl_ros2/install.log'
[2.881s] Invoked command in '/home/mubashir/Documents/FYP-Legged-Robot-main/Code/ROS/src/rl_ros2' returned '0': PYTHONPATH=/home/mubashir/Documents/FYP-Legged-Robot-main/Code/build/rl_ros2/prefix_override:/usr/lib/python3/dist-packages/colcon_core/task/python/colcon_distutils_commands:/home/mubashir/Documents/FYP-Legged-Robot-main/Code/install/rl_ros2/lib/python3.10/site-packages:${PYTHONPATH} /usr/bin/python3 -W ignore:setup.py install is deprecated -W ignore:easy_install command is deprecated setup.py egg_info --egg-base ../../../build/rl_ros2 build --build-base /home/mubashir/Documents/FYP-Legged-Robot-main/Code/build/rl_ros2/build install --record /home/mubashir/Documents/FYP-Legged-Robot-main/Code/build/rl_ros2/install.log --single-version-externally-managed install_data
