[1.650s] Invoking command in '/home/mubashir/Documents/FYP-Legged-Robot-main/Code/ROS/src/sim_robot_copy': PYTHONPATH=/home/mubashir/Documents/FYP-Legged-Robot-main/Code/build/sim_robot_copy/prefix_override:/usr/lib/python3/dist-packages/colcon_core/task/python/colcon_distutils_commands:/home/mubashir/Documents/FYP-Legged-Robot-main/Code/install/sim_robot_copy/lib/python3.10/site-packages:${PYTHONPATH} /usr/bin/python3 -W ignore:setup.py install is deprecated -W ignore:easy_install command is deprecated setup.py egg_info --egg-base ../../../build/sim_robot_copy build --build-base /home/mubashir/Documents/FYP-Legged-Robot-main/Code/build/sim_robot_copy/build install --record /home/mubashir/Documents/FYP-Legged-Robot-main/Code/build/sim_robot_copy/install.log --single-version-externally-managed install_data
[2.316s] running egg_info
[2.318s] creating ../../../build/sim_robot_copy/sim_robot_copy.egg-info
[2.318s] writing ../../../build/sim_robot_copy/sim_robot_copy.egg-info/PKG-INFO
[2.319s] writing dependency_links to ../../../build/sim_robot_copy/sim_robot_copy.egg-info/dependency_links.txt
[2.319s] writing entry points to ../../../build/sim_robot_copy/sim_robot_copy.egg-info/entry_points.txt
[2.319s] writing requirements to ../../../build/sim_robot_copy/sim_robot_copy.egg-info/requires.txt
[2.319s] writing top-level names to ../../../build/sim_robot_copy/sim_robot_copy.egg-info/top_level.txt
[2.320s] writing manifest file '../../../build/sim_robot_copy/sim_robot_copy.egg-info/SOURCES.txt'
[2.324s] reading manifest file '../../../build/sim_robot_copy/sim_robot_copy.egg-info/SOURCES.txt'
[2.326s] writing manifest file '../../../build/sim_robot_copy/sim_robot_copy.egg-info/SOURCES.txt'
[2.326s] running build
[2.327s] running build_py
[2.327s] creating /home/mubashir/Documents/FYP-Legged-Robot-main/Code/build/sim_robot_copy/build
[2.327s] creating /home/mubashir/Documents/FYP-Legged-Robot-main/Code/build/sim_robot_copy/build/lib
[2.328s] creating /home/mubashir/Documents/FYP-Legged-Robot-main/Code/build/sim_robot_copy/build/lib/sim_robot_copy
[2.329s] copying sim_robot_copy/rl_obs.py -> /home/mubashir/Documents/FYP-Legged-Robot-main/Code/build/sim_robot_copy/build/lib/sim_robot_copy
[2.329s] copying sim_robot_copy/teleop.py -> /home/mubashir/Documents/FYP-Legged-Robot-main/Code/build/sim_robot_copy/build/lib/sim_robot_copy
[2.329s] copying sim_robot_copy/rl_action.py -> /home/mubashir/Documents/FYP-Legged-Robot-main/Code/build/sim_robot_copy/build/lib/sim_robot_copy
[2.329s] copying sim_robot_copy/flight_recorder.py -> /home/mubashir/Documents/FYP-Legged-Robot-main/Code/build/sim_robot_copy/build/lib/sim_robot_copy
[2.330s] copying sim_robot_copy/kinematics.py -> /home/mubashir/Documents/FYP-Legged-Robot-main/Code/build/sim_robot_copy/build/lib/sim_robot_copy
[2.330s] copying sim_robot_copy/__init__.py -> /home/mubashir/Documents/FYP-Legged-Robot-main/Code/build/sim_robot_copy/build/lib/sim_robot_copy
[2.330s] copying sim_robot_copy/kinematic_gait.py -> /home/mubashir/Documents/FYP-Legged-Robot-main/Code/build/sim_robot_copy/build/lib/sim_robot_copy
[2.330s] copying sim_robot_copy/rl_policy.py -> /home/mubashir/Documents/FYP-Legged-Robot-main/Code/build/sim_robot_copy/build/lib/sim_robot_copy
[2.330s] running install
[2.331s] running install_lib
[2.334s] creating /home/mubashir/Documents/FYP-Legged-Robot-main/Code/install/sim_robot_copy/lib/python3.10/site-packages/sim_robot_copy
[2.334s] copying /home/mubashir/Documents/FYP-Legged-Robot-main/Code/build/sim_robot_copy/build/lib/sim_robot_copy/rl_obs.py -> /home/mubashir/Documents/FYP-Legged-Robot-main/Code/install/sim_robot_copy/lib/python3.10/site-packages/sim_robot_copy
[2.335s] copying /home/mubashir/Documents/FYP-Legged-Robot-main/Code/build/sim_robot_copy/build/lib/sim_robot_copy/teleop.py -> /home/mubashir/Documents/FYP-Legged-Robot-main/Code/install/sim_robot_copy/lib/python3.10/site-packages/sim_robot_copy
[2.336s] copying /home/mubashir/Documents/FYP-Legged-Robot-main/Code/build/sim_robot_copy/build/lib/sim_robot_copy/rl_action.py -> /home/mubashir/Documents/FYP-Legged-Robot-main/Code/install/sim_robot_copy/lib/python3.10/site-packages/sim_robot_copy
[2.336s] copying /home/mubashir/Documents/FYP-Legged-Robot-main/Code/build/sim_robot_copy/build/lib/sim_robot_copy/flight_recorder.py -> /home/mubashir/Documents/FYP-Legged-Robot-main/Code/install/sim_robot_copy/lib/python3.10/site-packages/sim_robot_copy
[2.336s] copying /home/mubashir/Documents/FYP-Legged-Robot-main/Code/build/sim_robot_copy/build/lib/sim_robot_copy/kinematics.py -> /home/mubashir/Documents/FYP-Legged-Robot-main/Code/install/sim_robot_copy/lib/python3.10/site-packages/sim_robot_copy
[2.336s] copying /home/mubashir/Documents/FYP-Legged-Robot-main/Code/build/sim_robot_copy/build/lib/sim_robot_copy/__init__.py -> /home/mubashir/Documents/FYP-Legged-Robot-main/Code/install/sim_robot_copy/lib/python3.10/site-packages/sim_robot_copy
[2.336s] copying /home/mubashir/Documents/FYP-Legged-Robot-main/Code/build/sim_robot_copy/build/lib/sim_robot_copy/kinematic_gait.py -> /home/mubashir/Documents/FYP-Legged-Robot-main/Code/install/sim_robot_copy/lib/python3.10/site-packages/sim_robot_copy
[2.336s] copying /home/mubashir/Documents/FYP-Legged-Robot-main/Code/build/sim_robot_copy/build/lib/sim_robot_copy/rl_policy.py -> /home/mubashir/Documents/FYP-Legged-Robot-main/Code/install/sim_robot_copy/lib/python3.10/site-packages/sim_robot_copy
[2.337s] byte-compiling /home/mubashir/Documents/FYP-Legged-Robot-main/Code/install/sim_robot_copy/lib/python3.10/site-packages/sim_robot_copy/rl_obs.py to rl_obs.cpython-310.pyc
[2.340s] byte-compiling /home/mubashir/Documents/FYP-Legged-Robot-main/Code/install/sim_robot_copy/lib/python3.10/site-packages/sim_robot_copy/teleop.py to teleop.cpython-310.pyc
[2.342s] byte-compiling /home/mubashir/Documents/FYP-Legged-Robot-main/Code/install/sim_robot_copy/lib/python3.10/site-packages/sim_robot_copy/rl_action.py to rl_action.cpython-310.pyc
[2.342s] byte-compiling /home/mubashir/Documents/FYP-Legged-Robot-main/Code/install/sim_robot_copy/lib/python3.10/site-packages/sim_robot_copy/flight_recorder.py to flight_recorder.cpython-310.pyc
[2.345s] byte-compiling /home/mubashir/Documents/FYP-Legged-Robot-main/Code/install/sim_robot_copy/lib/python3.10/site-packages/sim_robot_copy/kinematics.py to kinematics.cpython-310.pyc
[2.347s] byte-compiling /home/mubashir/Documents/FYP-Legged-Robot-main/Code/install/sim_robot_copy/lib/python3.10/site-packages/sim_robot_copy/__init__.py to __init__.cpython-310.pyc
[2.347s] byte-compiling /home/mubashir/Documents/FYP-Legged-Robot-main/Code/install/sim_robot_copy/lib/python3.10/site-packages/sim_robot_copy/kinematic_gait.py to kinematic_gait.cpython-310.pyc
[2.351s] byte-compiling /home/mubashir/Documents/FYP-Legged-Robot-main/Code/install/sim_robot_copy/lib/python3.10/site-packages/sim_robot_copy/rl_policy.py to rl_policy.cpython-310.pyc
[2.352s] running install_data
[2.353s] creating /home/mubashir/Documents/FYP-Legged-Robot-main/Code/install/sim_robot_copy/share/ament_index
[2.356s] creating /home/mubashir/Documents/FYP-Legged-Robot-main/Code/install/sim_robot_copy/share/ament_index/resource_index
[2.356s] creating /home/mubashir/Documents/FYP-Legged-Robot-main/Code/install/sim_robot_copy/share/ament_index/resource_index/packages
[2.357s] copying resource/sim_robot_copy -> /home/mubashir/Documents/FYP-Legged-Robot-main/Code/install/sim_robot_copy/share/ament_index/resource_index/packages
[2.357s] copying package.xml -> /home/mubashir/Documents/FYP-Legged-Robot-main/Code/install/sim_robot_copy/share/sim_robot_copy
[2.357s] creating /home/mubashir/Documents/FYP-Legged-Robot-main/Code/install/sim_robot_copy/share/sim_robot_copy/launch
[2.357s] copying launch/rl_walking.launch.py -> /home/mubashir/Documents/FYP-Legged-Robot-main/Code/install/sim_robot_copy/share/sim_robot_copy/launch
[2.357s] copying launch/start_world.launch.py -> /home/mubashir/Documents/FYP-Legged-Robot-main/Code/install/sim_robot_copy/share/sim_robot_copy/launch
[2.358s] copying launch/rl_cave.launch.py -> /home/mubashir/Documents/FYP-Legged-Robot-main/Code/install/sim_robot_copy/share/sim_robot_copy/launch
[2.358s] creating /home/mubashir/Documents/FYP-Legged-Robot-main/Code/install/sim_robot_copy/share/sim_robot_copy/config
[2.358s] copying config/ros_gz_bridge_cave.yaml -> /home/mubashir/Documents/FYP-Legged-Robot-main/Code/install/sim_robot_copy/share/sim_robot_copy/config
[2.358s] copying config/ros_gz_bridge.yaml -> /home/mubashir/Documents/FYP-Legged-Robot-main/Code/install/sim_robot_copy/share/sim_robot_copy/config
[2.358s] creating /home/mubashir/Documents/FYP-Legged-Robot-main/Code/install/sim_robot_copy/share/sim_robot_copy/worlds
[2.359s] copying worlds/friction_world.sdf -> /home/mubashir/Documents/FYP-Legged-Robot-main/Code/install/sim_robot_copy/share/sim_robot_copy/worlds
[2.359s] creating /home/mubashir/Documents/FYP-Legged-Robot-main/Code/install/sim_robot_copy/share/sim_robot_copy/worlds/my_cave_model
[2.359s] copying worlds/my_cave_model/model.config -> /home/mubashir/Documents/FYP-Legged-Robot-main/Code/install/sim_robot_copy/share/sim_robot_copy/worlds/my_cave_model
[2.359s] copying worlds/my_cave_model/model.sdf -> /home/mubashir/Documents/FYP-Legged-Robot-main/Code/install/sim_robot_copy/share/sim_robot_copy/worlds/my_cave_model
[2.359s] creating /home/mubashir/Documents/FYP-Legged-Robot-main/Code/install/sim_robot_copy/share/sim_robot_copy/worlds/my_cave_model/meshes
[2.359s] copying worlds/my_cave_model/meshes/color_texture_Underground.png -> /home/mubashir/Documents/FYP-Legged-Robot-main/Code/install/sim_robot_copy/share/sim_robot_copy/worlds/my_cave_model/meshes
[2.361s] copying worlds/my_cave_model/meshes/mesh.obj -> /home/mubashir/Documents/FYP-Legged-Robot-main/Code/install/sim_robot_copy/share/sim_robot_copy/worlds/my_cave_model/meshes
[2.416s] copying worlds/my_cave_model/meshes/roughness_texture_Underground.png -> /home/mubashir/Documents/FYP-Legged-Robot-main/Code/install/sim_robot_copy/share/sim_robot_copy/worlds/my_cave_model/meshes
[2.418s] copying worlds/my_cave_model/meshes/mesh.mtl -> /home/mubashir/Documents/FYP-Legged-Robot-main/Code/install/sim_robot_copy/share/sim_robot_copy/worlds/my_cave_model/meshes
[2.419s] copying worlds/my_cave_model/meshes/normal_texture_Underground.png -> /home/mubashir/Documents/FYP-Legged-Robot-main/Code/install/sim_robot_copy/share/sim_robot_copy/worlds/my_cave_model/meshes
[2.427s] creating /home/mubashir/Documents/FYP-Legged-Robot-main/Code/install/sim_robot_copy/share/sim_robot_copy/models
[2.427s] creating /home/mubashir/Documents/FYP-Legged-Robot-main/Code/install/sim_robot_copy/share/sim_robot_copy/models/THex_Quadruped
[2.427s] copying models/THex_Quadruped/model.urdf -> /home/mubashir/Documents/FYP-Legged-Robot-main/Code/install/sim_robot_copy/share/sim_robot_copy/models/THex_Quadruped
[2.428s] copying models/THex_Quadruped/model.config -> /home/mubashir/Documents/FYP-Legged-Robot-main/Code/install/sim_robot_copy/share/sim_robot_copy/models/THex_Quadruped
[2.428s] copying models/THex_Quadruped/model.sdf -> /home/mubashir/Documents/FYP-Legged-Robot-main/Code/install/sim_robot_copy/share/sim_robot_copy/models/THex_Quadruped
[2.428s] creating /home/mubashir/Documents/FYP-Legged-Robot-main/Code/install/sim_robot_copy/share/sim_robot_copy/models/THex_Quadruped/meshes
[2.428s] copying models/THex_Quadruped/meshes/bl_knee.STL -> /home/mubashir/Documents/FYP-Legged-Robot-main/Code/install/sim_robot_copy/share/sim_robot_copy/models/THex_Quadruped/meshes
[2.430s] copying models/THex_Quadruped/meshes/br_foot.STL -> /home/mubashir/Documents/FYP-Legged-Robot-main/Code/install/sim_robot_copy/share/sim_robot_copy/models/THex_Quadruped/meshes
[2.434s] copying models/THex_Quadruped/meshes/bl_foot_collision.STL -> /home/mubashir/Documents/FYP-Legged-Robot-main/Code/install/sim_robot_copy/share/sim_robot_copy/models/THex_Quadruped/meshes
[2.434s] copying models/THex_Quadruped/meshes/fr_hip.STL -> /home/mubashir/Documents/FYP-Legged-Robot-main/Code/install/sim_robot_copy/share/sim_robot_copy/models/THex_Quadruped/meshes
[2.440s] copying models/THex_Quadruped/meshes/bl_hip.STL -> /home/mubashir/Documents/FYP-Legged-Robot-main/Code/install/sim_robot_copy/share/sim_robot_copy/models/THex_Quadruped/meshes
[2.447s] copying models/THex_Quadruped/meshes/base_link.STL -> /home/mubashir/Documents/FYP-Legged-Robot-main/Code/install/sim_robot_copy/share/sim_robot_copy/models/THex_Quadruped/meshes
[2.466s] copying models/THex_Quadruped/meshes/fr_knee.STL -> /home/mubashir/Documents/FYP-Legged-Robot-main/Code/install/sim_robot_copy/share/sim_robot_copy/models/THex_Quadruped/meshes
[2.469s] copying models/THex_Quadruped/meshes/fl_hip_collision.STL -> /home/mubashir/Documents/FYP-Legged-Robot-main/Code/install/sim_robot_copy/share/sim_robot_copy/models/THex_Quadruped/meshes
[2.470s] copying models/THex_Quadruped/meshes/br_foot_collision.STL -> /home/mubashir/Documents/FYP-Legged-Robot-main/Code/install/sim_robot_copy/share/sim_robot_copy/models/THex_Quadruped/meshes
[2.471s] copying models/THex_Quadruped/meshes/br_hip_collision.STL -> /home/mubashir/Documents/FYP-Legged-Robot-main/Code/install/sim_robot_copy/share/sim_robot_copy/models/THex_Quadruped/meshes
[2.471s] copying models/THex_Quadruped/meshes/fr_foot_collision.STL -> /home/mubashir/Documents/FYP-Legged-Robot-main/Code/install/sim_robot_copy/share/sim_robot_copy/models/THex_Quadruped/meshes
[2.472s] copying models/THex_Quadruped/meshes/fr_foot.STL -> /home/mubashir/Documents/FYP-Legged-Robot-main/Code/install/sim_robot_copy/share/sim_robot_copy/models/THex_Quadruped/meshes
[2.477s] copying models/THex_Quadruped/meshes/fl_foot.STL -> /home/mubashir/Documents/FYP-Legged-Robot-main/Code/install/sim_robot_copy/share/sim_robot_copy/models/THex_Quadruped/meshes
[2.480s] copying models/THex_Quadruped/meshes/base_link_collision.STL -> /home/mubashir/Documents/FYP-Legged-Robot-main/Code/install/sim_robot_copy/share/sim_robot_copy/models/THex_Quadruped/meshes
[2.480s] copying models/THex_Quadruped/meshes/fl_hip.STL -> /home/mubashir/Documents/FYP-Legged-Robot-main/Code/install/sim_robot_copy/share/sim_robot_copy/models/THex_Quadruped/meshes
[2.487s] copying models/THex_Quadruped/meshes/fl_knee.STL -> /home/mubashir/Documents/FYP-Legged-Robot-main/Code/install/sim_robot_copy/share/sim_robot_copy/models/THex_Quadruped/meshes
[2.492s] copying models/THex_Quadruped/meshes/fr_knee_collision.STL -> /home/mubashir/Documents/FYP-Legged-Robot-main/Code/install/sim_robot_copy/share/sim_robot_copy/models/THex_Quadruped/meshes
[2.492s] copying models/THex_Quadruped/meshes/bl_hip_collision.STL -> /home/mubashir/Documents/FYP-Legged-Robot-main/Code/install/sim_robot_copy/share/sim_robot_copy/models/THex_Quadruped/meshes
[2.492s] copying models/THex_Quadruped/meshes/fl_foot_collision.STL -> /home/mubashir/Documents/FYP-Legged-Robot-main/Code/install/sim_robot_copy/share/sim_robot_copy/models/THex_Quadruped/meshes
[2.493s] copying models/THex_Quadruped/meshes/bl_foot.STL -> /home/mubashir/Documents/FYP-Legged-Robot-main/Code/install/sim_robot_copy/share/sim_robot_copy/models/THex_Quadruped/meshes
[2.498s] copying models/THex_Quadruped/meshes/br_knee.STL -> /home/mubashir/Documents/FYP-Legged-Robot-main/Code/install/sim_robot_copy/share/sim_robot_copy/models/THex_Quadruped/meshes
[2.500s] copying models/THex_Quadruped/meshes/fl_knee_collision.STL -> /home/mubashir/Documents/FYP-Legged-Robot-main/Code/install/sim_robot_copy/share/sim_robot_copy/models/THex_Quadruped/meshes
[2.500s] copying models/THex_Quadruped/meshes/fr_hip_collision.STL -> /home/mubashir/Documents/FYP-Legged-Robot-main/Code/install/sim_robot_copy/share/sim_robot_copy/models/THex_Quadruped/meshes
[2.501s] copying models/THex_Quadruped/meshes/br_knee_collision.STL -> /home/mubashir/Documents/FYP-Legged-Robot-main/Code/install/sim_robot_copy/share/sim_robot_copy/models/THex_Quadruped/meshes
[2.501s] copying models/THex_Quadruped/meshes/br_hip.STL -> /home/mubashir/Documents/FYP-Legged-Robot-main/Code/install/sim_robot_copy/share/sim_robot_copy/models/THex_Quadruped/meshes
[2.506s] copying models/THex_Quadruped/meshes/bl_knee_collision.STL -> /home/mubashir/Documents/FYP-Legged-Robot-main/Code/install/sim_robot_copy/share/sim_robot_copy/models/THex_Quadruped/meshes
[2.507s] creating /home/mubashir/Documents/FYP-Legged-Robot-main/Code/install/sim_robot_copy/share/sim_robot_copy/models/Cube
[2.507s] copying models/Cube/model.sdf -> /home/mubashir/Documents/FYP-Legged-Robot-main/Code/install/sim_robot_copy/share/sim_robot_copy/models/Cube
[2.507s] running install_egg_info
[2.512s] Copying ../../../build/sim_robot_copy/sim_robot_copy.egg-info to /home/mubashir/Documents/FYP-Legged-Robot-main/Code/install/sim_robot_copy/lib/python3.10/site-packages/sim_robot_copy-0.0.0-py3.10.egg-info
[2.514s] running install_scripts
[2.563s] Installing flight_recorder script to /home/mubashir/Documents/FYP-Legged-Robot-main/Code/install/sim_robot_copy/lib/sim_robot_copy
[2.563s] Installing kinematic_gait script to /home/mubashir/Documents/FYP-Legged-Robot-main/Code/install/sim_robot_copy/lib/sim_robot_copy
[2.563s] Installing rl_action script to /home/mubashir/Documents/FYP-Legged-Robot-main/Code/install/sim_robot_copy/lib/sim_robot_copy
[2.564s] Installing rl_obs script to /home/mubashir/Documents/FYP-Legged-Robot-main/Code/install/sim_robot_copy/lib/sim_robot_copy
[2.564s] Installing rl_policy script to /home/mubashir/Documents/FYP-Legged-Robot-main/Code/install/sim_robot_copy/lib/sim_robot_copy
[2.564s] Installing teleop script to /home/mubashir/Documents/FYP-Legged-Robot-main/Code/install/sim_robot_copy/lib/sim_robot_copy
[2.565s] writing list of installed files to '/home/mubashir/Documents/FYP-Legged-Robot-main/Code/build/sim_robot_copy/install.log'
[2.621s] Invoked command in '/home/mubashir/Documents/FYP-Legged-Robot-main/Code/ROS/src/sim_robot_copy' returned '0': PYTHONPATH=/home/mubashir/Documents/FYP-Legged-Robot-main/Code/build/sim_robot_copy/prefix_override:/usr/lib/python3/dist-packages/colcon_core/task/python/colcon_distutils_commands:/home/mubashir/Documents/FYP-Legged-Robot-main/Code/install/sim_robot_copy/lib/python3.10/site-packages:${PYTHONPATH} /usr/bin/python3 -W ignore:setup.py install is deprecated -W ignore:easy_install command is deprecated setup.py egg_info --egg-base ../../../build/sim_robot_copy build --build-base /home/mubashir/Documents/FYP-Legged-Robot-main/Code/build/sim_robot_copy/build install --record /home/mubashir/Documents/FYP-Legged-Robot-main/Code/build/sim_robot_copy/install.log --single-version-externally-managed install_data
