/home/mubashir/Documents/FYP-Legged-Robot-main/Code/install/rlpa_ros2/lib/python3.10/site-packages/rlpa_ros2/ceiling_filter_node.py
/home/mubashir/Documents/FYP-Legged-Robot-main/Code/install/rlpa_ros2/lib/python3.10/site-packages/rlpa_ros2/apf_planner.py
/home/mubashir/Documents/FYP-Legged-Robot-main/Code/install/rlpa_ros2/lib/python3.10/site-packages/rlpa_ros2/apf_perception_node.py
/home/mubashir/Documents/FYP-Legged-Robot-main/Code/install/rlpa_ros2/lib/python3.10/site-packages/rlpa_ros2/ceiling_flipper_node.py
/home/mubashir/Documents/FYP-Legged-Robot-main/Code/install/rlpa_ros2/lib/python3.10/site-packages/rlpa_ros2/rl_obs.py
/home/mubashir/Documents/FYP-Legged-Robot-main/Code/install/rlpa_ros2/lib/python3.10/site-packages/rlpa_ros2/teleop.py
/home/mubashir/Documents/FYP-Legged-Robot-main/Code/install/rlpa_ros2/lib/python3.10/site-packages/rlpa_ros2/rl_action.py
/home/mubashir/Documents/FYP-Legged-Robot-main/Code/install/rlpa_ros2/lib/python3.10/site-packages/rlpa_ros2/flight_recorder.py
/home/mubashir/Documents/FYP-Legged-Robot-main/Code/install/rlpa_ros2/lib/python3.10/site-packages/rlpa_ros2/perception_preprocessor.py
/home/mubashir/Documents/FYP-Legged-Robot-main/Code/install/rlpa_ros2/lib/python3.10/site-packages/rlpa_ros2/__init__.py
/home/mubashir/Documents/FYP-Legged-Robot-main/Code/install/rlpa_ros2/lib/python3.10/site-packages/rlpa_ros2/rl_policy.py
/home/mubashir/Documents/FYP-Legged-Robot-main/Code/install/rlpa_ros2/lib/python3.10/site-packages/rlpa_ros2/map_flipper_node.py
/home/mubashir/Documents/FYP-Legged-Robot-main/Code/install/rlpa_ros2/lib/python3.10/site-packages/rlpa_ros2/apf_planner2.py
/home/mubashir/Documents/FYP-Legged-Robot-main/Code/install/rlpa_ros2/lib/python3.10/site-packages/rlpa_ros2/__pycache__/ceiling_filter_node.cpython-310.pyc
/home/mubashir/Documents/FYP-Legged-Robot-main/Code/install/rlpa_ros2/lib/python3.10/site-packages/rlpa_ros2/__pycache__/apf_planner.cpython-310.pyc
/home/mubashir/Documents/FYP-Legged-Robot-main/Code/install/rlpa_ros2/lib/python3.10/site-packages/rlpa_ros2/__pycache__/apf_perception_node.cpython-310.pyc
/home/mubashir/Documents/FYP-Legged-Robot-main/Code/install/rlpa_ros2/lib/python3.10/site-packages/rlpa_ros2/__pycache__/ceiling_flipper_node.cpython-310.pyc
/home/mubashir/Documents/FYP-Legged-Robot-main/Code/install/rlpa_ros2/lib/python3.10/site-packages/rlpa_ros2/__pycache__/rl_obs.cpython-310.pyc
/home/mubashir/Documents/FYP-Legged-Robot-main/Code/install/rlpa_ros2/lib/python3.10/site-packages/rlpa_ros2/__pycache__/teleop.cpython-310.pyc
/home/mubashir/Documents/FYP-Legged-Robot-main/Code/install/rlpa_ros2/lib/python3.10/site-packages/rlpa_ros2/__pycache__/rl_action.cpython-310.pyc
/home/mubashir/Documents/FYP-Legged-Robot-main/Code/install/rlpa_ros2/lib/python3.10/site-packages/rlpa_ros2/__pycache__/flight_recorder.cpython-310.pyc
/home/mubashir/Documents/FYP-Legged-Robot-main/Code/install/rlpa_ros2/lib/python3.10/site-packages/rlpa_ros2/__pycache__/perception_preprocessor.cpython-310.pyc
/home/mubashir/Documents/FYP-Legged-Robot-main/Code/install/rlpa_ros2/lib/python3.10/site-packages/rlpa_ros2/__pycache__/__init__.cpython-310.pyc
/home/mubashir/Documents/FYP-Legged-Robot-main/Code/install/rlpa_ros2/lib/python3.10/site-packages/rlpa_ros2/__pycache__/rl_policy.cpython-310.pyc
/home/mubashir/Documents/FYP-Legged-Robot-main/Code/install/rlpa_ros2/lib/python3.10/site-packages/rlpa_ros2/__pycache__/map_flipper_node.cpython-310.pyc
/home/mubashir/Documents/FYP-Legged-Robot-main/Code/install/rlpa_ros2/lib/python3.10/site-packages/rlpa_ros2/__pycache__/apf_planner2.cpython-310.pyc
/home/mubashir/Documents/FYP-Legged-Robot-main/Code/install/rlpa_ros2/share/ament_index/resource_index/packages/rlpa_ros2
/home/mubashir/Documents/FYP-Legged-Robot-main/Code/install/rlpa_ros2/share/rlpa_ros2/package.xml
/home/mubashir/Documents/FYP-Legged-Robot-main/Code/install/rlpa_ros2/share/rlpa_ros2/launch/rlpa_L.launch.py
/home/mubashir/Documents/FYP-Legged-Robot-main/Code/install/rlpa_ros2/share/rlpa_ros2/launch/rlpa_flat.launch.py
/home/mubashir/Documents/FYP-Legged-Robot-main/Code/install/rlpa_ros2/share/rlpa_ros2/launch/apf_controltube.launch.py
/home/mubashir/Documents/FYP-Legged-Robot-main/Code/install/rlpa_ros2/share/rlpa_ros2/launch/rlpa_flat_advanced.launch.py
/home/mubashir/Documents/FYP-Legged-Robot-main/Code/install/rlpa_ros2/share/rlpa_ros2/config/ceiling_converter_params.yaml
/home/mubashir/Documents/FYP-Legged-Robot-main/Code/install/rlpa_ros2/share/rlpa_ros2/config/floor_elev_map_20cm.yaml
/home/mubashir/Documents/FYP-Legged-Robot-main/Code/install/rlpa_ros2/share/rlpa_ros2/config/controllers.yaml
/home/mubashir/Documents/FYP-Legged-Robot-main/Code/install/rlpa_ros2/share/rlpa_ros2/config/converter_params.yaml
/home/mubashir/Documents/FYP-Legged-Robot-main/Code/install/rlpa_ros2/share/rlpa_ros2/config/ros_gz_bridge.yaml
/home/mubashir/Documents/FYP-Legged-Robot-main/Code/install/rlpa_ros2/share/rlpa_ros2/config/ceiling_elev_map_20cm.yaml
/home/mubashir/Documents/FYP-Legged-Robot-main/Code/install/rlpa_ros2/share/rlpa_ros2/rviz/rviz_config.rviz
/home/mubashir/Documents/FYP-Legged-Robot-main/Code/install/rlpa_ros2/share/rlpa_ros2/worlds/friction_world.sdf
/home/mubashir/Documents/FYP-Legged-Robot-main/Code/install/rlpa_ros2/share/rlpa_ros2/worlds/flat_cave.sdf
/home/mubashir/Documents/FYP-Legged-Robot-main/Code/install/rlpa_ros2/share/rlpa_ros2/worlds/ControlTube.sdf
/home/mubashir/Documents/FYP-Legged-Robot-main/Code/install/rlpa_ros2/share/rlpa_ros2/worlds/my_cave_model/model.config
/home/mubashir/Documents/FYP-Legged-Robot-main/Code/install/rlpa_ros2/share/rlpa_ros2/worlds/my_cave_model/model.sdf
/home/mubashir/Documents/FYP-Legged-Robot-main/Code/install/rlpa_ros2/share/rlpa_ros2/worlds/my_cave_model/meshes/color_texture_Underground.png
/home/mubashir/Documents/FYP-Legged-Robot-main/Code/install/rlpa_ros2/share/rlpa_ros2/worlds/my_cave_model/meshes/mesh.obj
/home/mubashir/Documents/FYP-Legged-Robot-main/Code/install/rlpa_ros2/share/rlpa_ros2/worlds/my_cave_model/meshes/roughness_texture_Underground.png
/home/mubashir/Documents/FYP-Legged-Robot-main/Code/install/rlpa_ros2/share/rlpa_ros2/worlds/my_cave_model/meshes/mesh.mtl
/home/mubashir/Documents/FYP-Legged-Robot-main/Code/install/rlpa_ros2/share/rlpa_ros2/worlds/my_cave_model/meshes/normal_texture_Underground.png
/home/mubashir/Documents/FYP-Legged-Robot-main/Code/install/rlpa_ros2/share/rlpa_ros2/models
/home/mubashir/Documents/FYP-Legged-Robot-main/Code/install/rlpa_ros2/share/rlpa_ros2/models/THex_Quadruped/model_sim.urdf
/home/mubashir/Documents/FYP-Legged-Robot-main/Code/install/rlpa_ros2/share/rlpa_ros2/models/THex_Quadruped/model.config
/home/mubashir/Documents/FYP-Legged-Robot-main/Code/install/rlpa_ros2/share/rlpa_ros2/models/THex_Quadruped/meshes/bl_knee.STL
/home/mubashir/Documents/FYP-Legged-Robot-main/Code/install/rlpa_ros2/share/rlpa_ros2/models/THex_Quadruped/meshes/br_foot.STL
/home/mubashir/Documents/FYP-Legged-Robot-main/Code/install/rlpa_ros2/share/rlpa_ros2/models/THex_Quadruped/meshes/bl_foot_collision.STL
/home/mubashir/Documents/FYP-Legged-Robot-main/Code/install/rlpa_ros2/share/rlpa_ros2/models/THex_Quadruped/meshes/fr_hip.STL
/home/mubashir/Documents/FYP-Legged-Robot-main/Code/install/rlpa_ros2/share/rlpa_ros2/models/THex_Quadruped/meshes/bl_hip.STL
/home/mubashir/Documents/FYP-Legged-Robot-main/Code/install/rlpa_ros2/share/rlpa_ros2/models/THex_Quadruped/meshes/base_link.STL
/home/mubashir/Documents/FYP-Legged-Robot-main/Code/install/rlpa_ros2/share/rlpa_ros2/models/THex_Quadruped/meshes/fr_knee.STL
/home/mubashir/Documents/FYP-Legged-Robot-main/Code/install/rlpa_ros2/share/rlpa_ros2/models/THex_Quadruped/meshes/fl_hip_collision.STL
/home/mubashir/Documents/FYP-Legged-Robot-main/Code/install/rlpa_ros2/share/rlpa_ros2/models/THex_Quadruped/meshes/br_foot_collision.STL
/home/mubashir/Documents/FYP-Legged-Robot-main/Code/install/rlpa_ros2/share/rlpa_ros2/models/THex_Quadruped/meshes/br_hip_collision.STL
/home/mubashir/Documents/FYP-Legged-Robot-main/Code/install/rlpa_ros2/share/rlpa_ros2/models/THex_Quadruped/meshes/fr_foot_collision.STL
/home/mubashir/Documents/FYP-Legged-Robot-main/Code/install/rlpa_ros2/share/rlpa_ros2/models/THex_Quadruped/meshes/fr_foot.STL
/home/mubashir/Documents/FYP-Legged-Robot-main/Code/install/rlpa_ros2/share/rlpa_ros2/models/THex_Quadruped/meshes/fl_foot.STL
/home/mubashir/Documents/FYP-Legged-Robot-main/Code/install/rlpa_ros2/share/rlpa_ros2/models/THex_Quadruped/meshes/base_link_collision.STL
/home/mubashir/Documents/FYP-Legged-Robot-main/Code/install/rlpa_ros2/share/rlpa_ros2/models/THex_Quadruped/meshes/fl_hip.STL
/home/mubashir/Documents/FYP-Legged-Robot-main/Code/install/rlpa_ros2/share/rlpa_ros2/models/THex_Quadruped/meshes/fl_knee.STL
/home/mubashir/Documents/FYP-Legged-Robot-main/Code/install/rlpa_ros2/share/rlpa_ros2/models/THex_Quadruped/meshes/fr_knee_collision.STL
/home/mubashir/Documents/FYP-Legged-Robot-main/Code/install/rlpa_ros2/share/rlpa_ros2/models/THex_Quadruped/meshes/bl_hip_collision.STL
/home/mubashir/Documents/FYP-Legged-Robot-main/Code/install/rlpa_ros2/share/rlpa_ros2/models/THex_Quadruped/meshes/fl_foot_collision.STL
/home/mubashir/Documents/FYP-Legged-Robot-main/Code/install/rlpa_ros2/share/rlpa_ros2/models/THex_Quadruped/meshes/bl_foot.STL
/home/mubashir/Documents/FYP-Legged-Robot-main/Code/install/rlpa_ros2/share/rlpa_ros2/models/THex_Quadruped/meshes/br_knee.STL
/home/mubashir/Documents/FYP-Legged-Robot-main/Code/install/rlpa_ros2/share/rlpa_ros2/models/THex_Quadruped/meshes/fl_knee_collision.STL
/home/mubashir/Documents/FYP-Legged-Robot-main/Code/install/rlpa_ros2/share/rlpa_ros2/models/THex_Quadruped/meshes/fr_hip_collision.STL
/home/mubashir/Documents/FYP-Legged-Robot-main/Code/install/rlpa_ros2/share/rlpa_ros2/models/THex_Quadruped/meshes/br_knee_collision.STL
/home/mubashir/Documents/FYP-Legged-Robot-main/Code/install/rlpa_ros2/share/rlpa_ros2/models/THex_Quadruped/meshes/br_hip.STL
/home/mubashir/Documents/FYP-Legged-Robot-main/Code/install/rlpa_ros2/share/rlpa_ros2/models/THex_Quadruped/meshes/bl_knee_collision.STL
/home/mubashir/Documents/FYP-Legged-Robot-main/Code/install/rlpa_ros2/lib/python3.10/site-packages/rlpa_ros2-0.0.0-py3.10.egg-info/requires.txt
/home/mubashir/Documents/FYP-Legged-Robot-main/Code/install/rlpa_ros2/lib/python3.10/site-packages/rlpa_ros2-0.0.0-py3.10.egg-info/PKG-INFO
/home/mubashir/Documents/FYP-Legged-Robot-main/Code/install/rlpa_ros2/lib/python3.10/site-packages/rlpa_ros2-0.0.0-py3.10.egg-info/entry_points.txt
/home/mubashir/Documents/FYP-Legged-Robot-main/Code/install/rlpa_ros2/lib/python3.10/site-packages/rlpa_ros2-0.0.0-py3.10.egg-info/SOURCES.txt
/home/mubashir/Documents/FYP-Legged-Robot-main/Code/install/rlpa_ros2/lib/python3.10/site-packages/rlpa_ros2-0.0.0-py3.10.egg-info/top_level.txt
/home/mubashir/Documents/FYP-Legged-Robot-main/Code/install/rlpa_ros2/lib/python3.10/site-packages/rlpa_ros2-0.0.0-py3.10.egg-info/dependency_links.txt
/home/mubashir/Documents/FYP-Legged-Robot-main/Code/install/rlpa_ros2/lib/python3.10/site-packages/rlpa_ros2-0.0.0-py3.10.egg-info/zip-safe
/home/mubashir/Documents/FYP-Legged-Robot-main/Code/install/rlpa_ros2/lib/rlpa_ros2/apf_perception_node
/home/mubashir/Documents/FYP-Legged-Robot-main/Code/install/rlpa_ros2/lib/rlpa_ros2/apf_planner
/home/mubashir/Documents/FYP-Legged-Robot-main/Code/install/rlpa_ros2/lib/rlpa_ros2/apf_planner2
/home/mubashir/Documents/FYP-Legged-Robot-main/Code/install/rlpa_ros2/lib/rlpa_ros2/ceiling_filter_node
/home/mubashir/Documents/FYP-Legged-Robot-main/Code/install/rlpa_ros2/lib/rlpa_ros2/ceiling_flipper_node
/home/mubashir/Documents/FYP-Legged-Robot-main/Code/install/rlpa_ros2/lib/rlpa_ros2/flight_recorder
/home/mubashir/Documents/FYP-Legged-Robot-main/Code/install/rlpa_ros2/lib/rlpa_ros2/map_flipper_node
/home/mubashir/Documents/FYP-Legged-Robot-main/Code/install/rlpa_ros2/lib/rlpa_ros2/perception_preprocessor
/home/mubashir/Documents/FYP-Legged-Robot-main/Code/install/rlpa_ros2/lib/rlpa_ros2/rl_action
/home/mubashir/Documents/FYP-Legged-Robot-main/Code/install/rlpa_ros2/lib/rlpa_ros2/rl_obs
/home/mubashir/Documents/FYP-Legged-Robot-main/Code/install/rlpa_ros2/lib/rlpa_ros2/rl_policy
/home/mubashir/Documents/FYP-Legged-Robot-main/Code/install/rlpa_ros2/lib/rlpa_ros2/teleop
