[2.281s] Invoking command in '/home/mubashir/Documents/FYP-Legged-Robot-main/Code/build/elevation_mapping': CMAKE_PREFIX_PATH=/opt/ros/humble /usr/bin/cmake /home/mubashir/Documents/FYP-Legged-Robot-main/Code/ROS/src/elevation_mapping -DCMAKE_INSTALL_PREFIX=/home/mubashir/Documents/FYP-Legged-Robot-main/Code/install/elevation_mapping
[3.881s] -- The C compiler identification is GNU 11.4.0
[3.881s] -- The CXX compiler identification is GNU 11.4.0
[3.881s] -- Detecting C compiler ABI info
[3.881s] -- Detecting C compiler ABI info - done
[3.886s] -- Check for working C compiler: /usr/bin/cc - skipped
[3.887s] -- Detecting C compile features
[3.887s] -- Detecting C compile features - done
[3.887s] -- Detecting CXX compiler ABI info
[3.887s] -- Detecting CXX compiler ABI info - done
[3.887s] -- Check for working CXX compiler: /usr/bin/c++ - skipped
[3.896s] -- Detecting CXX compile features
[3.899s] -- Detecting CXX compile features - done
[3.899s] -- Found ament_cmake: 1.3.12 (/opt/ros/humble/share/ament_cmake/cmake)
[3.900s] -- Found Python3: /usr/bin/python3 (found version "3.10.12") found components: Interpreter 
[3.902s] -- Found grid_map_core: 2.0.1 (/opt/ros/humble/share/grid_map_core/cmake)
[3.903s] -- Found grid_map_ros: 2.0.1 (/opt/ros/humble/share/grid_map_ros/cmake)
[3.911s] -- Found rosidl_generator_c: 3.1.7 (/opt/ros/humble/share/rosidl_generator_c/cmake)
[3.914s] -- Found rosidl_adapter: 3.1.7 (/opt/ros/humble/share/rosidl_adapter/cmake)
[3.942s] -- Found rosidl_generator_cpp: 3.1.7 (/opt/ros/humble/share/rosidl_generator_cpp/cmake)
[3.974s] -- Using all available rosidl_typesupport_c: rosidl_typesupport_fastrtps_c;rosidl_typesupport_introspection_c
[4.058s] -- Using all available rosidl_typesupport_cpp: rosidl_typesupport_fastrtps_cpp;rosidl_typesupport_introspection_cpp
[5.353s] -- Found rmw_implementation_cmake: 6.1.2 (/opt/ros/humble/share/rmw_implementation_cmake/cmake)
[5.364s] -- Found rmw_fastrtps_cpp: 6.2.9 (/opt/ros/humble/share/rmw_fastrtps_cpp/cmake)
[5.485s] -- Found TinyXML2 via Config file: TinyXML2_DIR-NOTFOUND
[5.687s] -- Found OpenSSL: /usr/lib/x86_64-linux-gnu/libcrypto.so (found version "3.0.2")  
[5.695s] -- Found TinyXML2 via Config file: TinyXML2_DIR-NOTFOUND
[5.776s] -- Found FastRTPS: /opt/ros/humble/include  
[5.777s] -- Found TinyXML2 via Config file: TinyXML2_DIR-NOTFOUND
[5.823s] -- Found TinyXML2 via Config file: TinyXML2_DIR-NOTFOUND
[5.877s] -- Using RMW implementation 'rmw_fastrtps_cpp' as default
[5.923s] -- Looking for pthread.h
[6.561s] -- Looking for pthread.h - found
[6.571s] -- Performing Test CMAKE_HAVE_LIBC_PTHREAD
[7.030s] -- Performing Test CMAKE_HAVE_LIBC_PTHREAD - Success
[7.047s] -- Found Threads: TRUE  
[8.485s] -- Configuring incomplete, errors occurred!
[8.486s] See also "/home/mubashir/Documents/FYP-Legged-Robot-main/Code/build/elevation_mapping/CMakeFiles/CMakeOutput.log".
[8.490s] [31mCMake Error at CMakeLists.txt:22 (find_package):
[8.491s]   By not providing "Findkindr.cmake" in CMAKE_MODULE_PATH this project has
[8.491s]   asked CMake to find a package configuration file provided by "kindr", but
[8.491s]   CMake did not find one.
[8.491s] 
[8.491s]   Could not find a package configuration file provided by "kindr" with any of
[8.491s]   the following names:
[8.491s] 
[8.492s]     kindrConfig.cmake
[8.492s]     kindr-config.cmake
[8.496s] 
[8.499s]   Add the installation prefix of "kindr" to CMAKE_PREFIX_PATH or set
[8.500s]   "kindr_DIR" to a directory containing one of the above files.  If "kindr"
[8.503s]   provides a separate development package or SDK, be sure it has been
[8.504s]   installed.
[8.504s] 
[8.504s] [0m
[8.710s] Invoked command in '/home/mubashir/Documents/FYP-Legged-Robot-main/Code/build/elevation_mapping' returned '1': CMAKE_PREFIX_PATH=/opt/ros/humble /usr/bin/cmake /home/mubashir/Documents/FYP-Legged-Robot-main/Code/ROS/src/elevation_mapping -DCMAKE_INSTALL_PREFIX=/home/mubashir/Documents/FYP-Legged-Robot-main/Code/install/elevation_mapping
