[1.483s] Invoking command in '/home/mubashir/Documents/FYP-Legged-Robot-main/Code/ROS/src/sim_robot': PYTHONPATH=/home/mubashir/Documents/FYP-Legged-Robot-main/Code/build/sim_robot/prefix_override:/usr/lib/python3/dist-packages/colcon_core/task/python/colcon_distutils_commands:/home/mubashir/Documents/FYP-Legged-Robot-main/Code/install/sim_robot/lib/python3.10/site-packages:${PYTHONPATH} /usr/bin/python3 -W ignore:setup.py install is deprecated -W ignore:easy_install command is deprecated setup.py egg_info --egg-base ../../../build/sim_robot build --build-base /home/mubashir/Documents/FYP-Legged-Robot-main/Code/build/sim_robot/build install --record /home/mubashir/Documents/FYP-Legged-Robot-main/Code/build/sim_robot/install.log --single-version-externally-managed install_data
[2.020s] running egg_info
[2.021s] creating ../../../build/sim_robot/sim_robot.egg-info
[2.021s] writing ../../../build/sim_robot/sim_robot.egg-info/PKG-INFO
[2.022s] writing dependency_links to ../../../build/sim_robot/sim_robot.egg-info/dependency_links.txt
[2.022s] writing entry points to ../../../build/sim_robot/sim_robot.egg-info/entry_points.txt
[2.022s] writing requirements to ../../../build/sim_robot/sim_robot.egg-info/requires.txt
[2.022s] writing top-level names to ../../../build/sim_robot/sim_robot.egg-info/top_level.txt
[2.023s] writing manifest file '../../../build/sim_robot/sim_robot.egg-info/SOURCES.txt'
[2.027s] reading manifest file '../../../build/sim_robot/sim_robot.egg-info/SOURCES.txt'
[2.029s] writing manifest file '../../../build/sim_robot/sim_robot.egg-info/SOURCES.txt'
[2.029s] running build
[2.030s] running build_py
[2.031s] creating /home/mubashir/Documents/FYP-Legged-Robot-main/Code/build/sim_robot/build
[2.031s] creating /home/mubashir/Documents/FYP-Legged-Robot-main/Code/build/sim_robot/build/lib
[2.032s] creating /home/mubashir/Documents/FYP-Legged-Robot-main/Code/build/sim_robot/build/lib/sim_robot
[2.032s] copying sim_robot/rl_obs.py -> /home/mubashir/Documents/FYP-Legged-Robot-main/Code/build/sim_robot/build/lib/sim_robot
[2.032s] copying sim_robot/teleop.py -> /home/mubashir/Documents/FYP-Legged-Robot-main/Code/build/sim_robot/build/lib/sim_robot
[2.033s] copying sim_robot/rl_action.py -> /home/mubashir/Documents/FYP-Legged-Robot-main/Code/build/sim_robot/build/lib/sim_robot
[2.033s] copying sim_robot/flight_recorder.py -> /home/mubashir/Documents/FYP-Legged-Robot-main/Code/build/sim_robot/build/lib/sim_robot
[2.033s] copying sim_robot/kinematics.py -> /home/mubashir/Documents/FYP-Legged-Robot-main/Code/build/sim_robot/build/lib/sim_robot
[2.034s] copying sim_robot/__init__.py -> /home/mubashir/Documents/FYP-Legged-Robot-main/Code/build/sim_robot/build/lib/sim_robot
[2.034s] copying sim_robot/kinematic_gait.py -> /home/mubashir/Documents/FYP-Legged-Robot-main/Code/build/sim_robot/build/lib/sim_robot
[2.035s] copying sim_robot/rl_policy.py -> /home/mubashir/Documents/FYP-Legged-Robot-main/Code/build/sim_robot/build/lib/sim_robot
[2.037s] running install
[2.038s] running install_lib
[2.040s] creating /home/mubashir/Documents/FYP-Legged-Robot-main/Code/install/sim_robot/lib/python3.10/site-packages/sim_robot
[2.040s] copying /home/mubashir/Documents/FYP-Legged-Robot-main/Code/build/sim_robot/build/lib/sim_robot/rl_obs.py -> /home/mubashir/Documents/FYP-Legged-Robot-main/Code/install/sim_robot/lib/python3.10/site-packages/sim_robot
[2.040s] copying /home/mubashir/Documents/FYP-Legged-Robot-main/Code/build/sim_robot/build/lib/sim_robot/teleop.py -> /home/mubashir/Documents/FYP-Legged-Robot-main/Code/install/sim_robot/lib/python3.10/site-packages/sim_robot
[2.041s] copying /home/mubashir/Documents/FYP-Legged-Robot-main/Code/build/sim_robot/build/lib/sim_robot/rl_action.py -> /home/mubashir/Documents/FYP-Legged-Robot-main/Code/install/sim_robot/lib/python3.10/site-packages/sim_robot
[2.041s] copying /home/mubashir/Documents/FYP-Legged-Robot-main/Code/build/sim_robot/build/lib/sim_robot/flight_recorder.py -> /home/mubashir/Documents/FYP-Legged-Robot-main/Code/install/sim_robot/lib/python3.10/site-packages/sim_robot
[2.041s] copying /home/mubashir/Documents/FYP-Legged-Robot-main/Code/build/sim_robot/build/lib/sim_robot/kinematics.py -> /home/mubashir/Documents/FYP-Legged-Robot-main/Code/install/sim_robot/lib/python3.10/site-packages/sim_robot
[2.041s] copying /home/mubashir/Documents/FYP-Legged-Robot-main/Code/build/sim_robot/build/lib/sim_robot/__init__.py -> /home/mubashir/Documents/FYP-Legged-Robot-main/Code/install/sim_robot/lib/python3.10/site-packages/sim_robot
[2.042s] copying /home/mubashir/Documents/FYP-Legged-Robot-main/Code/build/sim_robot/build/lib/sim_robot/kinematic_gait.py -> /home/mubashir/Documents/FYP-Legged-Robot-main/Code/install/sim_robot/lib/python3.10/site-packages/sim_robot
[2.042s] copying /home/mubashir/Documents/FYP-Legged-Robot-main/Code/build/sim_robot/build/lib/sim_robot/rl_policy.py -> /home/mubashir/Documents/FYP-Legged-Robot-main/Code/install/sim_robot/lib/python3.10/site-packages/sim_robot
[2.042s] byte-compiling /home/mubashir/Documents/FYP-Legged-Robot-main/Code/install/sim_robot/lib/python3.10/site-packages/sim_robot/rl_obs.py to rl_obs.cpython-310.pyc
[2.045s] byte-compiling /home/mubashir/Documents/FYP-Legged-Robot-main/Code/install/sim_robot/lib/python3.10/site-packages/sim_robot/teleop.py to teleop.cpython-310.pyc
[2.048s] byte-compiling /home/mubashir/Documents/FYP-Legged-Robot-main/Code/install/sim_robot/lib/python3.10/site-packages/sim_robot/rl_action.py to rl_action.cpython-310.pyc
[2.049s] byte-compiling /home/mubashir/Documents/FYP-Legged-Robot-main/Code/install/sim_robot/lib/python3.10/site-packages/sim_robot/flight_recorder.py to flight_recorder.cpython-310.pyc
[2.053s] byte-compiling /home/mubashir/Documents/FYP-Legged-Robot-main/Code/install/sim_robot/lib/python3.10/site-packages/sim_robot/kinematics.py to kinematics.cpython-310.pyc
[2.057s] byte-compiling /home/mubashir/Documents/FYP-Legged-Robot-main/Code/install/sim_robot/lib/python3.10/site-packages/sim_robot/__init__.py to __init__.cpython-310.pyc
[2.058s] byte-compiling /home/mubashir/Documents/FYP-Legged-Robot-main/Code/install/sim_robot/lib/python3.10/site-packages/sim_robot/kinematic_gait.py to kinematic_gait.cpython-310.pyc
[2.064s] byte-compiling /home/mubashir/Documents/FYP-Legged-Robot-main/Code/install/sim_robot/lib/python3.10/site-packages/sim_robot/rl_policy.py to rl_policy.cpython-310.pyc
[2.066s] running install_data
[2.068s] creating /home/mubashir/Documents/FYP-Legged-Robot-main/Code/install/sim_robot/share/ament_index
[2.068s] creating /home/mubashir/Documents/FYP-Legged-Robot-main/Code/install/sim_robot/share/ament_index/resource_index
[2.068s] creating /home/mubashir/Documents/FYP-Legged-Robot-main/Code/install/sim_robot/share/ament_index/resource_index/packages
[2.069s] copying resource/sim_robot -> /home/mubashir/Documents/FYP-Legged-Robot-main/Code/install/sim_robot/share/ament_index/resource_index/packages
[2.069s] copying package.xml -> /home/mubashir/Documents/FYP-Legged-Robot-main/Code/install/sim_robot/share/sim_robot
[2.069s] creating /home/mubashir/Documents/FYP-Legged-Robot-main/Code/install/sim_robot/share/sim_robot/launch
[2.069s] copying launch/rl_walking.launch.py -> /home/mubashir/Documents/FYP-Legged-Robot-main/Code/install/sim_robot/share/sim_robot/launch
[2.103s] copying launch/start_world.launch.py -> /home/mubashir/Documents/FYP-Legged-Robot-main/Code/install/sim_robot/share/sim_robot/launch
[2.110s] copying launch/rl_cave.launch.py -> /home/mubashir/Documents/FYP-Legged-Robot-main/Code/install/sim_robot/share/sim_robot/launch
[2.111s] creating /home/mubashir/Documents/FYP-Legged-Robot-main/Code/install/sim_robot/share/sim_robot/config
[2.111s] copying config/ros_gz_bridge_cave.yaml -> /home/mubashir/Documents/FYP-Legged-Robot-main/Code/install/sim_robot/share/sim_robot/config
[2.111s] copying config/ros_gz_bridge.yaml -> /home/mubashir/Documents/FYP-Legged-Robot-main/Code/install/sim_robot/share/sim_robot/config
[2.115s] creating /home/mubashir/Documents/FYP-Legged-Robot-main/Code/install/sim_robot/share/sim_robot/worlds
[2.115s] copying worlds/friction_world.sdf -> /home/mubashir/Documents/FYP-Legged-Robot-main/Code/install/sim_robot/share/sim_robot/worlds
[2.116s] creating /home/mubashir/Documents/FYP-Legged-Robot-main/Code/install/sim_robot/share/sim_robot/worlds/my_cave_model
[2.117s] copying worlds/my_cave_model/model.config -> /home/mubashir/Documents/FYP-Legged-Robot-main/Code/install/sim_robot/share/sim_robot/worlds/my_cave_model
[2.117s] copying worlds/my_cave_model/model.sdf -> /home/mubashir/Documents/FYP-Legged-Robot-main/Code/install/sim_robot/share/sim_robot/worlds/my_cave_model
[2.117s] creating /home/mubashir/Documents/FYP-Legged-Robot-main/Code/install/sim_robot/share/sim_robot/worlds/my_cave_model/meshes
[2.117s] copying worlds/my_cave_model/meshes/color_texture_Underground.png -> /home/mubashir/Documents/FYP-Legged-Robot-main/Code/install/sim_robot/share/sim_robot/worlds/my_cave_model/meshes
[2.122s] copying worlds/my_cave_model/meshes/mesh.obj -> /home/mubashir/Documents/FYP-Legged-Robot-main/Code/install/sim_robot/share/sim_robot/worlds/my_cave_model/meshes
[2.177s] copying worlds/my_cave_model/meshes/roughness_texture_Underground.png -> /home/mubashir/Documents/FYP-Legged-Robot-main/Code/install/sim_robot/share/sim_robot/worlds/my_cave_model/meshes
[2.180s] copying worlds/my_cave_model/meshes/mesh.mtl -> /home/mubashir/Documents/FYP-Legged-Robot-main/Code/install/sim_robot/share/sim_robot/worlds/my_cave_model/meshes
[2.180s] copying worlds/my_cave_model/meshes/normal_texture_Underground.png -> /home/mubashir/Documents/FYP-Legged-Robot-main/Code/install/sim_robot/share/sim_robot/worlds/my_cave_model/meshes
[2.187s] creating /home/mubashir/Documents/FYP-Legged-Robot-main/Code/install/sim_robot/share/sim_robot/models
[2.187s] creating /home/mubashir/Documents/FYP-Legged-Robot-main/Code/install/sim_robot/share/sim_robot/models/THex_Quadruped
[2.188s] copying models/THex_Quadruped/model.urdf -> /home/mubashir/Documents/FYP-Legged-Robot-main/Code/install/sim_robot/share/sim_robot/models/THex_Quadruped
[2.188s] copying models/THex_Quadruped/model.config -> /home/mubashir/Documents/FYP-Legged-Robot-main/Code/install/sim_robot/share/sim_robot/models/THex_Quadruped
[2.188s] copying models/THex_Quadruped/model.sdf -> /home/mubashir/Documents/FYP-Legged-Robot-main/Code/install/sim_robot/share/sim_robot/models/THex_Quadruped
[2.188s] creating /home/mubashir/Documents/FYP-Legged-Robot-main/Code/install/sim_robot/share/sim_robot/models/THex_Quadruped/meshes
[2.189s] copying models/THex_Quadruped/meshes/bl_knee.STL -> /home/mubashir/Documents/FYP-Legged-Robot-main/Code/install/sim_robot/share/sim_robot/models/THex_Quadruped/meshes
[2.193s] copying models/THex_Quadruped/meshes/br_foot.STL -> /home/mubashir/Documents/FYP-Legged-Robot-main/Code/install/sim_robot/share/sim_robot/models/THex_Quadruped/meshes
[2.197s] copying models/THex_Quadruped/meshes/bl_foot_collision.STL -> /home/mubashir/Documents/FYP-Legged-Robot-main/Code/install/sim_robot/share/sim_robot/models/THex_Quadruped/meshes
[2.198s] copying models/THex_Quadruped/meshes/fr_hip.STL -> /home/mubashir/Documents/FYP-Legged-Robot-main/Code/install/sim_robot/share/sim_robot/models/THex_Quadruped/meshes
[2.204s] copying models/THex_Quadruped/meshes/bl_hip.STL -> /home/mubashir/Documents/FYP-Legged-Robot-main/Code/install/sim_robot/share/sim_robot/models/THex_Quadruped/meshes
[2.213s] copying models/THex_Quadruped/meshes/base_link.STL -> /home/mubashir/Documents/FYP-Legged-Robot-main/Code/install/sim_robot/share/sim_robot/models/THex_Quadruped/meshes
[2.231s] copying models/THex_Quadruped/meshes/fr_knee.STL -> /home/mubashir/Documents/FYP-Legged-Robot-main/Code/install/sim_robot/share/sim_robot/models/THex_Quadruped/meshes
[2.235s] copying models/THex_Quadruped/meshes/fl_hip_collision.STL -> /home/mubashir/Documents/FYP-Legged-Robot-main/Code/install/sim_robot/share/sim_robot/models/THex_Quadruped/meshes
[2.235s] copying models/THex_Quadruped/meshes/br_foot_collision.STL -> /home/mubashir/Documents/FYP-Legged-Robot-main/Code/install/sim_robot/share/sim_robot/models/THex_Quadruped/meshes
[2.236s] copying models/THex_Quadruped/meshes/br_hip_collision.STL -> /home/mubashir/Documents/FYP-Legged-Robot-main/Code/install/sim_robot/share/sim_robot/models/THex_Quadruped/meshes
[2.237s] copying models/THex_Quadruped/meshes/fr_foot_collision.STL -> /home/mubashir/Documents/FYP-Legged-Robot-main/Code/install/sim_robot/share/sim_robot/models/THex_Quadruped/meshes
[2.237s] copying models/THex_Quadruped/meshes/fr_foot.STL -> /home/mubashir/Documents/FYP-Legged-Robot-main/Code/install/sim_robot/share/sim_robot/models/THex_Quadruped/meshes
[2.242s] copying models/THex_Quadruped/meshes/fl_foot.STL -> /home/mubashir/Documents/FYP-Legged-Robot-main/Code/install/sim_robot/share/sim_robot/models/THex_Quadruped/meshes
[2.246s] copying models/THex_Quadruped/meshes/base_link_collision.STL -> /home/mubashir/Documents/FYP-Legged-Robot-main/Code/install/sim_robot/share/sim_robot/models/THex_Quadruped/meshes
[2.246s] copying models/THex_Quadruped/meshes/fl_hip.STL -> /home/mubashir/Documents/FYP-Legged-Robot-main/Code/install/sim_robot/share/sim_robot/models/THex_Quadruped/meshes
[2.255s] copying models/THex_Quadruped/meshes/fl_knee.STL -> /home/mubashir/Documents/FYP-Legged-Robot-main/Code/install/sim_robot/share/sim_robot/models/THex_Quadruped/meshes
[2.259s] copying models/THex_Quadruped/meshes/fr_knee_collision.STL -> /home/mubashir/Documents/FYP-Legged-Robot-main/Code/install/sim_robot/share/sim_robot/models/THex_Quadruped/meshes
[2.260s] copying models/THex_Quadruped/meshes/bl_hip_collision.STL -> /home/mubashir/Documents/FYP-Legged-Robot-main/Code/install/sim_robot/share/sim_robot/models/THex_Quadruped/meshes
[2.260s] copying models/THex_Quadruped/meshes/fl_foot_collision.STL -> /home/mubashir/Documents/FYP-Legged-Robot-main/Code/install/sim_robot/share/sim_robot/models/THex_Quadruped/meshes
[2.261s] copying models/THex_Quadruped/meshes/bl_foot.STL -> /home/mubashir/Documents/FYP-Legged-Robot-main/Code/install/sim_robot/share/sim_robot/models/THex_Quadruped/meshes
[2.265s] copying models/THex_Quadruped/meshes/br_knee.STL -> /home/mubashir/Documents/FYP-Legged-Robot-main/Code/install/sim_robot/share/sim_robot/models/THex_Quadruped/meshes
[2.269s] copying models/THex_Quadruped/meshes/fl_knee_collision.STL -> /home/mubashir/Documents/FYP-Legged-Robot-main/Code/install/sim_robot/share/sim_robot/models/THex_Quadruped/meshes
[2.270s] copying models/THex_Quadruped/meshes/fr_hip_collision.STL -> /home/mubashir/Documents/FYP-Legged-Robot-main/Code/install/sim_robot/share/sim_robot/models/THex_Quadruped/meshes
[2.270s] copying models/THex_Quadruped/meshes/br_knee_collision.STL -> /home/mubashir/Documents/FYP-Legged-Robot-main/Code/install/sim_robot/share/sim_robot/models/THex_Quadruped/meshes
[2.271s] copying models/THex_Quadruped/meshes/br_hip.STL -> /home/mubashir/Documents/FYP-Legged-Robot-main/Code/install/sim_robot/share/sim_robot/models/THex_Quadruped/meshes
[2.277s] copying models/THex_Quadruped/meshes/bl_knee_collision.STL -> /home/mubashir/Documents/FYP-Legged-Robot-main/Code/install/sim_robot/share/sim_robot/models/THex_Quadruped/meshes
[2.277s] creating /home/mubashir/Documents/FYP-Legged-Robot-main/Code/install/sim_robot/share/sim_robot/models/Cube
[2.278s] copying models/Cube/model.sdf -> /home/mubashir/Documents/FYP-Legged-Robot-main/Code/install/sim_robot/share/sim_robot/models/Cube
[2.279s] running install_egg_info
[2.282s] Copying ../../../build/sim_robot/sim_robot.egg-info to /home/mubashir/Documents/FYP-Legged-Robot-main/Code/install/sim_robot/lib/python3.10/site-packages/sim_robot-0.0.0-py3.10.egg-info
[2.285s] running install_scripts
[2.328s] Installing flight_recorder script to /home/mubashir/Documents/FYP-Legged-Robot-main/Code/install/sim_robot/lib/sim_robot
[2.328s] Installing kinematic_gait script to /home/mubashir/Documents/FYP-Legged-Robot-main/Code/install/sim_robot/lib/sim_robot
[2.328s] Installing rl_action script to /home/mubashir/Documents/FYP-Legged-Robot-main/Code/install/sim_robot/lib/sim_robot
[2.329s] Installing rl_obs script to /home/mubashir/Documents/FYP-Legged-Robot-main/Code/install/sim_robot/lib/sim_robot
[2.330s] Installing rl_policy script to /home/mubashir/Documents/FYP-Legged-Robot-main/Code/install/sim_robot/lib/sim_robot
[2.330s] Installing teleop script to /home/mubashir/Documents/FYP-Legged-Robot-main/Code/install/sim_robot/lib/sim_robot
[2.330s] writing list of installed files to '/home/mubashir/Documents/FYP-Legged-Robot-main/Code/build/sim_robot/install.log'
[2.383s] Invoked command in '/home/mubashir/Documents/FYP-Legged-Robot-main/Code/ROS/src/sim_robot' returned '0': PYTHONPATH=/home/mubashir/Documents/FYP-Legged-Robot-main/Code/build/sim_robot/prefix_override:/usr/lib/python3/dist-packages/colcon_core/task/python/colcon_distutils_commands:/home/mubashir/Documents/FYP-Legged-Robot-main/Code/install/sim_robot/lib/python3.10/site-packages:${PYTHONPATH} /usr/bin/python3 -W ignore:setup.py install is deprecated -W ignore:easy_install command is deprecated setup.py egg_info --egg-base ../../../build/sim_robot build --build-base /home/mubashir/Documents/FYP-Legged-Robot-main/Code/build/sim_robot/build install --record /home/mubashir/Documents/FYP-Legged-Robot-main/Code/build/sim_robot/install.log --single-version-externally-managed install_data
