[0.638s] Invoking command in '/home/mubashir/Documents/FYP-Legged-Robot-main/Code/ROS/src/cheetah_ros2': PYTHONPATH=/home/mubashir/Documents/FYP-Legged-Robot-main/Code/build/cheetah_ros2/prefix_override:/usr/lib/python3/dist-packages/colcon_core/task/python/colcon_distutils_commands:/home/mubashir/Documents/FYP-Legged-Robot-main/Code/install/cheetah_ros2/lib/python3.10/site-packages:${PYTHONPATH} /usr/bin/python3 -W ignore:setup.py install is deprecated -W ignore:easy_install command is deprecated setup.py egg_info --egg-base ../../../build/cheetah_ros2 build --build-base /home/mubashir/Documents/FYP-Legged-Robot-main/Code/build/cheetah_ros2/build install --record /home/mubashir/Documents/FYP-Legged-Robot-main/Code/build/cheetah_ros2/install.log --single-version-externally-managed install_data
[0.855s] running egg_info
[0.855s] writing ../../../build/cheetah_ros2/cheetah_ros2.egg-info/PKG-INFO
[0.856s] writing dependency_links to ../../../build/cheetah_ros2/cheetah_ros2.egg-info/dependency_links.txt
[0.856s] writing entry points to ../../../build/cheetah_ros2/cheetah_ros2.egg-info/entry_points.txt
[0.856s] writing requirements to ../../../build/cheetah_ros2/cheetah_ros2.egg-info/requires.txt
[0.856s] writing top-level names to ../../../build/cheetah_ros2/cheetah_ros2.egg-info/top_level.txt
[0.858s] reading manifest file '../../../build/cheetah_ros2/cheetah_ros2.egg-info/SOURCES.txt'
[0.860s] writing manifest file '../../../build/cheetah_ros2/cheetah_ros2.egg-info/SOURCES.txt'
[0.860s] running build
[0.860s] running build_py
[0.861s] running install
[0.861s] running install_lib
[0.862s] running install_data
[0.864s] running install_egg_info
[0.865s] removing '/home/mubashir/Documents/FYP-Legged-Robot-main/Code/install/cheetah_ros2/lib/python3.10/site-packages/cheetah_ros2-0.0.0-py3.10.egg-info' (and everything under it)
[0.866s] Copying ../../../build/cheetah_ros2/cheetah_ros2.egg-info to /home/mubashir/Documents/FYP-Legged-Robot-main/Code/install/cheetah_ros2/lib/python3.10/site-packages/cheetah_ros2-0.0.0-py3.10.egg-info
[0.867s] running install_scripts
[0.883s] Installing effort_controller script to /home/mubashir/Documents/FYP-Legged-Robot-main/Code/install/cheetah_ros2/lib/cheetah_ros2
[0.883s] Installing estimator_node script to /home/mubashir/Documents/FYP-Legged-Robot-main/Code/install/cheetah_ros2/lib/cheetah_ros2
[0.884s] Installing fsm_node script to /home/mubashir/Documents/FYP-Legged-Robot-main/Code/install/cheetah_ros2/lib/cheetah_ros2
[0.884s] Installing gait_node script to /home/mubashir/Documents/FYP-Legged-Robot-main/Code/install/cheetah_ros2/lib/cheetah_ros2
[0.884s] Installing stance_controller script to /home/mubashir/Documents/FYP-Legged-Robot-main/Code/install/cheetah_ros2/lib/cheetah_ros2
[0.884s] Installing swing_controller script to /home/mubashir/Documents/FYP-Legged-Robot-main/Code/install/cheetah_ros2/lib/cheetah_ros2
[0.884s] Installing teleop_node script to /home/mubashir/Documents/FYP-Legged-Robot-main/Code/install/cheetah_ros2/lib/cheetah_ros2
[0.884s] writing list of installed files to '/home/mubashir/Documents/FYP-Legged-Robot-main/Code/build/cheetah_ros2/install.log'
[0.903s] Invoked command in '/home/mubashir/Documents/FYP-Legged-Robot-main/Code/ROS/src/cheetah_ros2' returned '0': PYTHONPATH=/home/mubashir/Documents/FYP-Legged-Robot-main/Code/build/cheetah_ros2/prefix_override:/usr/lib/python3/dist-packages/colcon_core/task/python/colcon_distutils_commands:/home/mubashir/Documents/FYP-Legged-Robot-main/Code/install/cheetah_ros2/lib/python3.10/site-packages:${PYTHONPATH} /usr/bin/python3 -W ignore:setup.py install is deprecated -W ignore:easy_install command is deprecated setup.py egg_info --egg-base ../../../build/cheetah_ros2 build --build-base /home/mubashir/Documents/FYP-Legged-Robot-main/Code/build/cheetah_ros2/build install --record /home/mubashir/Documents/FYP-Legged-Robot-main/Code/build/cheetah_ros2/install.log --single-version-externally-managed install_data
