running egg_info
creating ../../../build/cheetah_ros2/cheetah_ros2.egg-info
writing ../../../build/cheetah_ros2/cheetah_ros2.egg-info/PKG-INFO
writing dependency_links to ../../../build/cheetah_ros2/cheetah_ros2.egg-info/dependency_links.txt
writing entry points to ../../../build/cheetah_ros2/cheetah_ros2.egg-info/entry_points.txt
writing requirements to ../../../build/cheetah_ros2/cheetah_ros2.egg-info/requires.txt
writing top-level names to ../../../build/cheetah_ros2/cheetah_ros2.egg-info/top_level.txt
writing manifest file '../../../build/cheetah_ros2/cheetah_ros2.egg-info/SOURCES.txt'
reading manifest file '../../../build/cheetah_ros2/cheetah_ros2.egg-info/SOURCES.txt'
writing manifest file '../../../build/cheetah_ros2/cheetah_ros2.egg-info/SOURCES.txt'
running build
running build_py
creating /home/mubashir/Pictures/FYP-Legged-Robot-main/Code/build/cheetah_ros2/build
creating /home/mubashir/Pictures/FYP-Legged-Robot-main/Code/build/cheetah_ros2/build/lib
creating /home/mubashir/Pictures/FYP-Legged-Robot-main/Code/build/cheetah_ros2/build/lib/cheetah_ros2
copying cheetah_ros2/gait_node.py -> /home/mubashir/Pictures/FYP-Legged-Robot-main/Code/build/cheetah_ros2/build/lib/cheetah_ros2
copying cheetah_ros2/swing_controller_node.py -> /home/mubashir/Pictures/FYP-Legged-Robot-main/Code/build/cheetah_ros2/build/lib/cheetah_ros2
copying cheetah_ros2/teleop_node.py -> /home/mubashir/Pictures/FYP-Legged-Robot-main/Code/build/cheetah_ros2/build/lib/cheetah_ros2
copying cheetah_ros2/effort_controller.py -> /home/mubashir/Pictures/FYP-Legged-Robot-main/Code/build/cheetah_ros2/build/lib/cheetah_ros2
copying cheetah_ros2/robot_configs.py -> /home/mubashir/Pictures/FYP-Legged-Robot-main/Code/build/cheetah_ros2/build/lib/cheetah_ros2
copying cheetah_ros2/stance_controller_node.py -> /home/mubashir/Pictures/FYP-Legged-Robot-main/Code/build/cheetah_ros2/build/lib/cheetah_ros2
copying cheetah_ros2/kinematics.py -> /home/mubashir/Pictures/FYP-Legged-Robot-main/Code/build/cheetah_ros2/build/lib/cheetah_ros2
copying cheetah_ros2/estimator_node.py -> /home/mubashir/Pictures/FYP-Legged-Robot-main/Code/build/cheetah_ros2/build/lib/cheetah_ros2
copying cheetah_ros2/__init__.py -> /home/mubashir/Pictures/FYP-Legged-Robot-main/Code/build/cheetah_ros2/build/lib/cheetah_ros2
copying cheetah_ros2/fsm_node.py -> /home/mubashir/Pictures/FYP-Legged-Robot-main/Code/build/cheetah_ros2/build/lib/cheetah_ros2
copying cheetah_ros2/linear_mpc_configs.py -> /home/mubashir/Pictures/FYP-Legged-Robot-main/Code/build/cheetah_ros2/build/lib/cheetah_ros2
running install
running install_lib
creating /home/mubashir/Pictures/FYP-Legged-Robot-main/Code/install/cheetah_ros2/lib/python3.10/site-packages/cheetah_ros2
copying /home/mubashir/Pictures/FYP-Legged-Robot-main/Code/build/cheetah_ros2/build/lib/cheetah_ros2/gait_node.py -> /home/mubashir/Pictures/FYP-Legged-Robot-main/Code/install/cheetah_ros2/lib/python3.10/site-packages/cheetah_ros2
copying /home/mubashir/Pictures/FYP-Legged-Robot-main/Code/build/cheetah_ros2/build/lib/cheetah_ros2/swing_controller_node.py -> /home/mubashir/Pictures/FYP-Legged-Robot-main/Code/install/cheetah_ros2/lib/python3.10/site-packages/cheetah_ros2
copying /home/mubashir/Pictures/FYP-Legged-Robot-main/Code/build/cheetah_ros2/build/lib/cheetah_ros2/teleop_node.py -> /home/mubashir/Pictures/FYP-Legged-Robot-main/Code/install/cheetah_ros2/lib/python3.10/site-packages/cheetah_ros2
copying /home/mubashir/Pictures/FYP-Legged-Robot-main/Code/build/cheetah_ros2/build/lib/cheetah_ros2/effort_controller.py -> /home/mubashir/Pictures/FYP-Legged-Robot-main/Code/install/cheetah_ros2/lib/python3.10/site-packages/cheetah_ros2
copying /home/mubashir/Pictures/FYP-Legged-Robot-main/Code/build/cheetah_ros2/build/lib/cheetah_ros2/robot_configs.py -> /home/mubashir/Pictures/FYP-Legged-Robot-main/Code/install/cheetah_ros2/lib/python3.10/site-packages/cheetah_ros2
copying /home/mubashir/Pictures/FYP-Legged-Robot-main/Code/build/cheetah_ros2/build/lib/cheetah_ros2/stance_controller_node.py -> /home/mubashir/Pictures/FYP-Legged-Robot-main/Code/install/cheetah_ros2/lib/python3.10/site-packages/cheetah_ros2
copying /home/mubashir/Pictures/FYP-Legged-Robot-main/Code/build/cheetah_ros2/build/lib/cheetah_ros2/kinematics.py -> /home/mubashir/Pictures/FYP-Legged-Robot-main/Code/install/cheetah_ros2/lib/python3.10/site-packages/cheetah_ros2
copying /home/mubashir/Pictures/FYP-Legged-Robot-main/Code/build/cheetah_ros2/build/lib/cheetah_ros2/estimator_node.py -> /home/mubashir/Pictures/FYP-Legged-Robot-main/Code/install/cheetah_ros2/lib/python3.10/site-packages/cheetah_ros2
copying /home/mubashir/Pictures/FYP-Legged-Robot-main/Code/build/cheetah_ros2/build/lib/cheetah_ros2/__init__.py -> /home/mubashir/Pictures/FYP-Legged-Robot-main/Code/install/cheetah_ros2/lib/python3.10/site-packages/cheetah_ros2
copying /home/mubashir/Pictures/FYP-Legged-Robot-main/Code/build/cheetah_ros2/build/lib/cheetah_ros2/fsm_node.py -> /home/mubashir/Pictures/FYP-Legged-Robot-main/Code/install/cheetah_ros2/lib/python3.10/site-packages/cheetah_ros2
copying /home/mubashir/Pictures/FYP-Legged-Robot-main/Code/build/cheetah_ros2/build/lib/cheetah_ros2/linear_mpc_configs.py -> /home/mubashir/Pictures/FYP-Legged-Robot-main/Code/install/cheetah_ros2/lib/python3.10/site-packages/cheetah_ros2
byte-compiling /home/mubashir/Pictures/FYP-Legged-Robot-main/Code/install/cheetah_ros2/lib/python3.10/site-packages/cheetah_ros2/gait_node.py to gait_node.cpython-310.pyc
byte-compiling /home/mubashir/Pictures/FYP-Legged-Robot-main/Code/install/cheetah_ros2/lib/python3.10/site-packages/cheetah_ros2/swing_controller_node.py to swing_controller_node.cpython-310.pyc
byte-compiling /home/mubashir/Pictures/FYP-Legged-Robot-main/Code/install/cheetah_ros2/lib/python3.10/site-packages/cheetah_ros2/teleop_node.py to teleop_node.cpython-310.pyc
byte-compiling /home/mubashir/Pictures/FYP-Legged-Robot-main/Code/install/cheetah_ros2/lib/python3.10/site-packages/cheetah_ros2/effort_controller.py to effort_controller.cpython-310.pyc
byte-compiling /home/mubashir/Pictures/FYP-Legged-Robot-main/Code/install/cheetah_ros2/lib/python3.10/site-packages/cheetah_ros2/robot_configs.py to robot_configs.cpython-310.pyc
byte-compiling /home/mubashir/Pictures/FYP-Legged-Robot-main/Code/install/cheetah_ros2/lib/python3.10/site-packages/cheetah_ros2/stance_controller_node.py to stance_controller_node.cpython-310.pyc
byte-compiling /home/mubashir/Pictures/FYP-Legged-Robot-main/Code/install/cheetah_ros2/lib/python3.10/site-packages/cheetah_ros2/kinematics.py to kinematics.cpython-310.pyc
byte-compiling /home/mubashir/Pictures/FYP-Legged-Robot-main/Code/install/cheetah_ros2/lib/python3.10/site-packages/cheetah_ros2/estimator_node.py to estimator_node.cpython-310.pyc
byte-compiling /home/mubashir/Pictures/FYP-Legged-Robot-main/Code/install/cheetah_ros2/lib/python3.10/site-packages/cheetah_ros2/__init__.py to __init__.cpython-310.pyc
byte-compiling /home/mubashir/Pictures/FYP-Legged-Robot-main/Code/install/cheetah_ros2/lib/python3.10/site-packages/cheetah_ros2/fsm_node.py to fsm_node.cpython-310.pyc
byte-compiling /home/mubashir/Pictures/FYP-Legged-Robot-main/Code/install/cheetah_ros2/lib/python3.10/site-packages/cheetah_ros2/linear_mpc_configs.py to linear_mpc_configs.cpython-310.pyc
running install_data
creating /home/mubashir/Pictures/FYP-Legged-Robot-main/Code/install/cheetah_ros2/share/ament_index
creating /home/mubashir/Pictures/FYP-Legged-Robot-main/Code/install/cheetah_ros2/share/ament_index/resource_index
creating /home/mubashir/Pictures/FYP-Legged-Robot-main/Code/install/cheetah_ros2/share/ament_index/resource_index/packages
copying resource/cheetah_ros2 -> /home/mubashir/Pictures/FYP-Legged-Robot-main/Code/install/cheetah_ros2/share/ament_index/resource_index/packages
copying package.xml -> /home/mubashir/Pictures/FYP-Legged-Robot-main/Code/install/cheetah_ros2/share/cheetah_ros2
creating /home/mubashir/Pictures/FYP-Legged-Robot-main/Code/install/cheetah_ros2/share/cheetah_ros2/launch
copying launch/cheetah_sim.launch.py -> /home/mubashir/Pictures/FYP-Legged-Robot-main/Code/install/cheetah_ros2/share/cheetah_ros2/launch
copying launch/cheetah_cave.launch.py -> /home/mubashir/Pictures/FYP-Legged-Robot-main/Code/install/cheetah_ros2/share/cheetah_ros2/launch
copying launch/launch_rough_floor_medium.launch.py -> /home/mubashir/Pictures/FYP-Legged-Robot-main/Code/install/cheetah_ros2/share/cheetah_ros2/launch
copying launch/launch_rough_floor_hard.launch.py -> /home/mubashir/Pictures/FYP-Legged-Robot-main/Code/install/cheetah_ros2/share/cheetah_ros2/launch
copying launch/cheetah_cube.launch.py -> /home/mubashir/Pictures/FYP-Legged-Robot-main/Code/install/cheetah_ros2/share/cheetah_ros2/launch
copying launch/launch_rough_floor_easy.launch.py -> /home/mubashir/Pictures/FYP-Legged-Robot-main/Code/install/cheetah_ros2/share/cheetah_ros2/launch
creating /home/mubashir/Pictures/FYP-Legged-Robot-main/Code/install/cheetah_ros2/share/cheetah_ros2/config
copying config/cheetah_controllers.yaml -> /home/mubashir/Pictures/FYP-Legged-Robot-main/Code/install/cheetah_ros2/share/cheetah_ros2/config
creating /home/mubashir/Pictures/FYP-Legged-Robot-main/Code/install/cheetah_ros2/share/cheetah_ros2/rviz
copying rviz/rviz_config.rviz -> /home/mubashir/Pictures/FYP-Legged-Robot-main/Code/install/cheetah_ros2/share/cheetah_ros2/rviz
creating /home/mubashir/Pictures/FYP-Legged-Robot-main/Code/install/cheetah_ros2/share/cheetah_ros2/worlds
copying worlds/rough_floor_easy.sdf -> /home/mubashir/Pictures/FYP-Legged-Robot-main/Code/install/cheetah_ros2/share/cheetah_ros2/worlds
copying worlds/rough_floor_medium.sdf -> /home/mubashir/Pictures/FYP-Legged-Robot-main/Code/install/cheetah_ros2/share/cheetah_ros2/worlds
copying worlds/friction_world.sdf -> /home/mubashir/Pictures/FYP-Legged-Robot-main/Code/install/cheetah_ros2/share/cheetah_ros2/worlds
copying worlds/rough_floor_hard.sdf -> /home/mubashir/Pictures/FYP-Legged-Robot-main/Code/install/cheetah_ros2/share/cheetah_ros2/worlds
creating /home/mubashir/Pictures/FYP-Legged-Robot-main/Code/install/cheetah_ros2/share/cheetah_ros2/worlds/my_cave_model
copying worlds/my_cave_model/model.config -> /home/mubashir/Pictures/FYP-Legged-Robot-main/Code/install/cheetah_ros2/share/cheetah_ros2/worlds/my_cave_model
copying worlds/my_cave_model/model.sdf -> /home/mubashir/Pictures/FYP-Legged-Robot-main/Code/install/cheetah_ros2/share/cheetah_ros2/worlds/my_cave_model
creating /home/mubashir/Pictures/FYP-Legged-Robot-main/Code/install/cheetah_ros2/share/cheetah_ros2/worlds/my_cave_model/meshes
copying worlds/my_cave_model/meshes/color_texture_Underground.png -> /home/mubashir/Pictures/FYP-Legged-Robot-main/Code/install/cheetah_ros2/share/cheetah_ros2/worlds/my_cave_model/meshes
copying worlds/my_cave_model/meshes/mesh.obj -> /home/mubashir/Pictures/FYP-Legged-Robot-main/Code/install/cheetah_ros2/share/cheetah_ros2/worlds/my_cave_model/meshes
copying worlds/my_cave_model/meshes/roughness_texture_Underground.png -> /home/mubashir/Pictures/FYP-Legged-Robot-main/Code/install/cheetah_ros2/share/cheetah_ros2/worlds/my_cave_model/meshes
copying worlds/my_cave_model/meshes/mesh.mtl -> /home/mubashir/Pictures/FYP-Legged-Robot-main/Code/install/cheetah_ros2/share/cheetah_ros2/worlds/my_cave_model/meshes
copying worlds/my_cave_model/meshes/normal_texture_Underground.png -> /home/mubashir/Pictures/FYP-Legged-Robot-main/Code/install/cheetah_ros2/share/cheetah_ros2/worlds/my_cave_model/meshes
creating /home/mubashir/Pictures/FYP-Legged-Robot-main/Code/install/cheetah_ros2/share/cheetah_ros2/worlds/floors
copying worlds/floors/hard3.obj -> /home/mubashir/Pictures/FYP-Legged-Robot-main/Code/install/cheetah_ros2/share/cheetah_ros2/worlds/floors
copying worlds/floors/medium4.mtl -> /home/mubashir/Pictures/FYP-Legged-Robot-main/Code/install/cheetah_ros2/share/cheetah_ros2/worlds/floors
copying worlds/floors/death2.obj -> /home/mubashir/Pictures/FYP-Legged-Robot-main/Code/install/cheetah_ros2/share/cheetah_ros2/worlds/floors
copying worlds/floors/hard4.obj -> /home/mubashir/Pictures/FYP-Legged-Robot-main/Code/install/cheetah_ros2/share/cheetah_ros2/worlds/floors
copying worlds/floors/medium2.mtl -> /home/mubashir/Pictures/FYP-Legged-Robot-main/Code/install/cheetah_ros2/share/cheetah_ros2/worlds/floors
copying worlds/floors/hard2.obj -> /home/mubashir/Pictures/FYP-Legged-Robot-main/Code/install/cheetah_ros2/share/cheetah_ros2/worlds/floors
copying worlds/floors/hard2.mtl -> /home/mubashir/Pictures/FYP-Legged-Robot-main/Code/install/cheetah_ros2/share/cheetah_ros2/worlds/floors
copying worlds/floors/medium2.obj -> /home/mubashir/Pictures/FYP-Legged-Robot-main/Code/install/cheetah_ros2/share/cheetah_ros2/worlds/floors
copying worlds/floors/medium4.obj -> /home/mubashir/Pictures/FYP-Legged-Robot-main/Code/install/cheetah_ros2/share/cheetah_ros2/worlds/floors
copying worlds/floors/hard3.mtl -> /home/mubashir/Pictures/FYP-Legged-Robot-main/Code/install/cheetah_ros2/share/cheetah_ros2/worlds/floors
copying worlds/floors/cave.mtl -> /home/mubashir/Pictures/FYP-Legged-Robot-main/Code/install/cheetah_ros2/share/cheetah_ros2/worlds/floors
copying worlds/floors/easy4.obj -> /home/mubashir/Pictures/FYP-Legged-Robot-main/Code/install/cheetah_ros2/share/cheetah_ros2/worlds/floors
copying worlds/floors/death2.mtl -> /home/mubashir/Pictures/FYP-Legged-Robot-main/Code/install/cheetah_ros2/share/cheetah_ros2/worlds/floors
copying worlds/floors/easy2.mtl -> /home/mubashir/Pictures/FYP-Legged-Robot-main/Code/install/cheetah_ros2/share/cheetah_ros2/worlds/floors
copying worlds/floors/easy2.obj -> /home/mubashir/Pictures/FYP-Legged-Robot-main/Code/install/cheetah_ros2/share/cheetah_ros2/worlds/floors
copying worlds/floors/cave.obj -> /home/mubashir/Pictures/FYP-Legged-Robot-main/Code/install/cheetah_ros2/share/cheetah_ros2/worlds/floors
copying worlds/floors/easy4.mtl -> /home/mubashir/Pictures/FYP-Legged-Robot-main/Code/install/cheetah_ros2/share/cheetah_ros2/worlds/floors
copying worlds/floors/hard4.mtl -> /home/mubashir/Pictures/FYP-Legged-Robot-main/Code/install/cheetah_ros2/share/cheetah_ros2/worlds/floors
creating /home/mubashir/Pictures/FYP-Legged-Robot-main/Code/install/cheetah_ros2/share/cheetah_ros2/models
creating /home/mubashir/Pictures/FYP-Legged-Robot-main/Code/install/cheetah_ros2/share/cheetah_ros2/models/THex_Quadruped
copying models/THex_Quadruped/model.urdf -> /home/mubashir/Pictures/FYP-Legged-Robot-main/Code/install/cheetah_ros2/share/cheetah_ros2/models/THex_Quadruped
copying models/THex_Quadruped/model.config -> /home/mubashir/Pictures/FYP-Legged-Robot-main/Code/install/cheetah_ros2/share/cheetah_ros2/models/THex_Quadruped
copying models/THex_Quadruped/model.sdf -> /home/mubashir/Pictures/FYP-Legged-Robot-main/Code/install/cheetah_ros2/share/cheetah_ros2/models/THex_Quadruped
creating /home/mubashir/Pictures/FYP-Legged-Robot-main/Code/install/cheetah_ros2/share/cheetah_ros2/models/THex_Quadruped/meshes
copying models/THex_Quadruped/meshes/bl_knee.STL -> /home/mubashir/Pictures/FYP-Legged-Robot-main/Code/install/cheetah_ros2/share/cheetah_ros2/models/THex_Quadruped/meshes
copying models/THex_Quadruped/meshes/br_foot.STL -> /home/mubashir/Pictures/FYP-Legged-Robot-main/Code/install/cheetah_ros2/share/cheetah_ros2/models/THex_Quadruped/meshes
copying models/THex_Quadruped/meshes/bl_foot_collision.STL -> /home/mubashir/Pictures/FYP-Legged-Robot-main/Code/install/cheetah_ros2/share/cheetah_ros2/models/THex_Quadruped/meshes
copying models/THex_Quadruped/meshes/fr_hip.STL -> /home/mubashir/Pictures/FYP-Legged-Robot-main/Code/install/cheetah_ros2/share/cheetah_ros2/models/THex_Quadruped/meshes
copying models/THex_Quadruped/meshes/bl_hip.STL -> /home/mubashir/Pictures/FYP-Legged-Robot-main/Code/install/cheetah_ros2/share/cheetah_ros2/models/THex_Quadruped/meshes
copying models/THex_Quadruped/meshes/base_link.STL -> /home/mubashir/Pictures/FYP-Legged-Robot-main/Code/install/cheetah_ros2/share/cheetah_ros2/models/THex_Quadruped/meshes
copying models/THex_Quadruped/meshes/fr_knee.STL -> /home/mubashir/Pictures/FYP-Legged-Robot-main/Code/install/cheetah_ros2/share/cheetah_ros2/models/THex_Quadruped/meshes
copying models/THex_Quadruped/meshes/fl_hip_collision.STL -> /home/mubashir/Pictures/FYP-Legged-Robot-main/Code/install/cheetah_ros2/share/cheetah_ros2/models/THex_Quadruped/meshes
copying models/THex_Quadruped/meshes/br_foot_collision.STL -> /home/mubashir/Pictures/FYP-Legged-Robot-main/Code/install/cheetah_ros2/share/cheetah_ros2/models/THex_Quadruped/meshes
copying models/THex_Quadruped/meshes/br_hip_collision.STL -> /home/mubashir/Pictures/FYP-Legged-Robot-main/Code/install/cheetah_ros2/share/cheetah_ros2/models/THex_Quadruped/meshes
copying models/THex_Quadruped/meshes/fr_foot_collision.STL -> /home/mubashir/Pictures/FYP-Legged-Robot-main/Code/install/cheetah_ros2/share/cheetah_ros2/models/THex_Quadruped/meshes
copying models/THex_Quadruped/meshes/fr_foot.STL -> /home/mubashir/Pictures/FYP-Legged-Robot-main/Code/install/cheetah_ros2/share/cheetah_ros2/models/THex_Quadruped/meshes
copying models/THex_Quadruped/meshes/fl_foot.STL -> /home/mubashir/Pictures/FYP-Legged-Robot-main/Code/install/cheetah_ros2/share/cheetah_ros2/models/THex_Quadruped/meshes
copying models/THex_Quadruped/meshes/base_link_collision.STL -> /home/mubashir/Pictures/FYP-Legged-Robot-main/Code/install/cheetah_ros2/share/cheetah_ros2/models/THex_Quadruped/meshes
copying models/THex_Quadruped/meshes/fl_hip.STL -> /home/mubashir/Pictures/FYP-Legged-Robot-main/Code/install/cheetah_ros2/share/cheetah_ros2/models/THex_Quadruped/meshes
copying models/THex_Quadruped/meshes/fl_knee.STL -> /home/mubashir/Pictures/FYP-Legged-Robot-main/Code/install/cheetah_ros2/share/cheetah_ros2/models/THex_Quadruped/meshes
copying models/THex_Quadruped/meshes/fr_knee_collision.STL -> /home/mubashir/Pictures/FYP-Legged-Robot-main/Code/install/cheetah_ros2/share/cheetah_ros2/models/THex_Quadruped/meshes
copying models/THex_Quadruped/meshes/bl_hip_collision.STL -> /home/mubashir/Pictures/FYP-Legged-Robot-main/Code/install/cheetah_ros2/share/cheetah_ros2/models/THex_Quadruped/meshes
copying models/THex_Quadruped/meshes/fl_foot_collision.STL -> /home/mubashir/Pictures/FYP-Legged-Robot-main/Code/install/cheetah_ros2/share/cheetah_ros2/models/THex_Quadruped/meshes
copying models/THex_Quadruped/meshes/bl_foot.STL -> /home/mubashir/Pictures/FYP-Legged-Robot-main/Code/install/cheetah_ros2/share/cheetah_ros2/models/THex_Quadruped/meshes
copying models/THex_Quadruped/meshes/br_knee.STL -> /home/mubashir/Pictures/FYP-Legged-Robot-main/Code/install/cheetah_ros2/share/cheetah_ros2/models/THex_Quadruped/meshes
copying models/THex_Quadruped/meshes/fl_knee_collision.STL -> /home/mubashir/Pictures/FYP-Legged-Robot-main/Code/install/cheetah_ros2/share/cheetah_ros2/models/THex_Quadruped/meshes
copying models/THex_Quadruped/meshes/fr_hip_collision.STL -> /home/mubashir/Pictures/FYP-Legged-Robot-main/Code/install/cheetah_ros2/share/cheetah_ros2/models/THex_Quadruped/meshes
copying models/THex_Quadruped/meshes/br_knee_collision.STL -> /home/mubashir/Pictures/FYP-Legged-Robot-main/Code/install/cheetah_ros2/share/cheetah_ros2/models/THex_Quadruped/meshes
copying models/THex_Quadruped/meshes/br_hip.STL -> /home/mubashir/Pictures/FYP-Legged-Robot-main/Code/install/cheetah_ros2/share/cheetah_ros2/models/THex_Quadruped/meshes
copying models/THex_Quadruped/meshes/bl_knee_collision.STL -> /home/mubashir/Pictures/FYP-Legged-Robot-main/Code/install/cheetah_ros2/share/cheetah_ros2/models/THex_Quadruped/meshes
creating /home/mubashir/Pictures/FYP-Legged-Robot-main/Code/install/cheetah_ros2/share/cheetah_ros2/models/Cube
copying models/Cube/model.sdf -> /home/mubashir/Pictures/FYP-Legged-Robot-main/Code/install/cheetah_ros2/share/cheetah_ros2/models/Cube
running install_egg_info
Copying ../../../build/cheetah_ros2/cheetah_ros2.egg-info to /home/mubashir/Pictures/FYP-Legged-Robot-main/Code/install/cheetah_ros2/lib/python3.10/site-packages/cheetah_ros2-0.0.0-py3.10.egg-info
running install_scripts
Installing effort_controller script to /home/mubashir/Pictures/FYP-Legged-Robot-main/Code/install/cheetah_ros2/lib/cheetah_ros2
Installing estimator_node script to /home/mubashir/Pictures/FYP-Legged-Robot-main/Code/install/cheetah_ros2/lib/cheetah_ros2
Installing fsm_node script to /home/mubashir/Pictures/FYP-Legged-Robot-main/Code/install/cheetah_ros2/lib/cheetah_ros2
Installing gait_node script to /home/mubashir/Pictures/FYP-Legged-Robot-main/Code/install/cheetah_ros2/lib/cheetah_ros2
Installing stance_controller script to /home/mubashir/Pictures/FYP-Legged-Robot-main/Code/install/cheetah_ros2/lib/cheetah_ros2
Installing swing_controller script to /home/mubashir/Pictures/FYP-Legged-Robot-main/Code/install/cheetah_ros2/lib/cheetah_ros2
Installing teleop_node script to /home/mubashir/Pictures/FYP-Legged-Robot-main/Code/install/cheetah_ros2/lib/cheetah_ros2
writing list of installed files to '/home/mubashir/Pictures/FYP-Legged-Robot-main/Code/build/cheetah_ros2/install.log'
