running develop
running egg_info
creating sim_robot.egg-info
writing sim_robot.egg-info/PKG-INFO
writing dependency_links to sim_robot.egg-info/dependency_links.txt
writing entry points to sim_robot.egg-info/entry_points.txt
writing requirements to sim_robot.egg-info/requires.txt
writing top-level names to sim_robot.egg-info/top_level.txt
writing manifest file 'sim_robot.egg-info/SOURCES.txt'
reading manifest file 'sim_robot.egg-info/SOURCES.txt'
writing manifest file 'sim_robot.egg-info/SOURCES.txt'
running build_ext
Creating /home/mubashir/Pictures/FYP-Legged-Robot-main/Code/ROS/install/sim_robot/lib/python3.10/site-packages/sim-robot.egg-link (link to .)
Installing camera_recorder script to /home/mubashir/Pictures/FYP-Legged-Robot-main/Code/ROS/install/sim_robot/lib/sim_robot
Installing compare_runs script to /home/mubashir/Pictures/FYP-Legged-Robot-main/Code/ROS/install/sim_robot/lib/sim_robot
Installing flight_recorder script to /home/mubashir/Pictures/FYP-Legged-Robot-main/Code/ROS/install/sim_robot/lib/sim_robot
Installing kinematic_gait script to /home/mubashir/Pictures/FYP-Legged-Robot-main/Code/ROS/install/sim_robot/lib/sim_robot
Installing rl_action script to /home/mubashir/Pictures/FYP-Legged-Robot-main/Code/ROS/install/sim_robot/lib/sim_robot
Installing rl_obs script to /home/mubashir/Pictures/FYP-Legged-Robot-main/Code/ROS/install/sim_robot/lib/sim_robot
Installing rl_policy script to /home/mubashir/Pictures/FYP-Legged-Robot-main/Code/ROS/install/sim_robot/lib/sim_robot
Installing teleop script to /home/mubashir/Pictures/FYP-Legged-Robot-main/Code/ROS/install/sim_robot/lib/sim_robot
Installing torque_peaks script to /home/mubashir/Pictures/FYP-Legged-Robot-main/Code/ROS/install/sim_robot/lib/sim_robot

Installed /home/mubashir/Pictures/FYP-Legged-Robot-main/Code/ROS/build/sim_robot
running symlink_data
creating /home/mubashir/Pictures/FYP-Legged-Robot-main/Code/ROS/install/sim_robot/share/ament_index
creating /home/mubashir/Pictures/FYP-Legged-Robot-main/Code/ROS/install/sim_robot/share/ament_index/resource_index
creating /home/mubashir/Pictures/FYP-Legged-Robot-main/Code/ROS/install/sim_robot/share/ament_index/resource_index/packages
symbolically linking /home/mubashir/Pictures/FYP-Legged-Robot-main/Code/ROS/build/sim_robot/resource/sim_robot -> /home/mubashir/Pictures/FYP-Legged-Robot-main/Code/ROS/install/sim_robot/share/ament_index/resource_index/packages
symbolically linking /home/mubashir/Pictures/FYP-Legged-Robot-main/Code/ROS/build/sim_robot/package.xml -> /home/mubashir/Pictures/FYP-Legged-Robot-main/Code/ROS/install/sim_robot/share/sim_robot
creating /home/mubashir/Pictures/FYP-Legged-Robot-main/Code/ROS/install/sim_robot/share/sim_robot/launch
symbolically linking /home/mubashir/Pictures/FYP-Legged-Robot-main/Code/ROS/build/sim_robot/launch/rl_walking.launch.py -> /home/mubashir/Pictures/FYP-Legged-Robot-main/Code/ROS/install/sim_robot/share/sim_robot/launch
symbolically linking /home/mubashir/Pictures/FYP-Legged-Robot-main/Code/ROS/build/sim_robot/launch/spring_experiment.launch.py -> /home/mubashir/Pictures/FYP-Legged-Robot-main/Code/ROS/install/sim_robot/share/sim_robot/launch
symbolically linking /home/mubashir/Pictures/FYP-Legged-Robot-main/Code/ROS/build/sim_robot/launch/start_world.launch.py -> /home/mubashir/Pictures/FYP-Legged-Robot-main/Code/ROS/install/sim_robot/share/sim_robot/launch
symbolically linking /home/mubashir/Pictures/FYP-Legged-Robot-main/Code/ROS/build/sim_robot/launch/rl_cave.launch.py -> /home/mubashir/Pictures/FYP-Legged-Robot-main/Code/ROS/install/sim_robot/share/sim_robot/launch
creating /home/mubashir/Pictures/FYP-Legged-Robot-main/Code/ROS/install/sim_robot/share/sim_robot/config
symbolically linking /home/mubashir/Pictures/FYP-Legged-Robot-main/Code/ROS/build/sim_robot/config/ros_gz_bridge_cave.yaml -> /home/mubashir/Pictures/FYP-Legged-Robot-main/Code/ROS/install/sim_robot/share/sim_robot/config
symbolically linking /home/mubashir/Pictures/FYP-Legged-Robot-main/Code/ROS/build/sim_robot/config/ros_gz_bridge.yaml -> /home/mubashir/Pictures/FYP-Legged-Robot-main/Code/ROS/install/sim_robot/share/sim_robot/config
symbolically linking /home/mubashir/Pictures/FYP-Legged-Robot-main/Code/ROS/build/sim_robot/config/ros_gz_bridge_spring.yaml -> /home/mubashir/Pictures/FYP-Legged-Robot-main/Code/ROS/install/sim_robot/share/sim_robot/config
creating /home/mubashir/Pictures/FYP-Legged-Robot-main/Code/ROS/install/sim_robot/share/sim_robot/worlds
symbolically linking /home/mubashir/Pictures/FYP-Legged-Robot-main/Code/ROS/build/sim_robot/worlds/friction_world_cam.sdf -> /home/mubashir/Pictures/FYP-Legged-Robot-main/Code/ROS/install/sim_robot/share/sim_robot/worlds
symbolically linking /home/mubashir/Pictures/FYP-Legged-Robot-main/Code/ROS/build/sim_robot/worlds/friction_world.sdf -> /home/mubashir/Pictures/FYP-Legged-Robot-main/Code/ROS/install/sim_robot/share/sim_robot/worlds
creating /home/mubashir/Pictures/FYP-Legged-Robot-main/Code/ROS/install/sim_robot/share/sim_robot/worlds/my_cave_model
symbolically linking /home/mubashir/Pictures/FYP-Legged-Robot-main/Code/ROS/build/sim_robot/worlds/my_cave_model/model.config -> /home/mubashir/Pictures/FYP-Legged-Robot-main/Code/ROS/install/sim_robot/share/sim_robot/worlds/my_cave_model
symbolically linking /home/mubashir/Pictures/FYP-Legged-Robot-main/Code/ROS/build/sim_robot/worlds/my_cave_model/model.sdf -> /home/mubashir/Pictures/FYP-Legged-Robot-main/Code/ROS/install/sim_robot/share/sim_robot/worlds/my_cave_model
creating /home/mubashir/Pictures/FYP-Legged-Robot-main/Code/ROS/install/sim_robot/share/sim_robot/worlds/my_cave_model/meshes
symbolically linking /home/mubashir/Pictures/FYP-Legged-Robot-main/Code/ROS/build/sim_robot/worlds/my_cave_model/meshes/color_texture_Underground.png -> /home/mubashir/Pictures/FYP-Legged-Robot-main/Code/ROS/install/sim_robot/share/sim_robot/worlds/my_cave_model/meshes
symbolically linking /home/mubashir/Pictures/FYP-Legged-Robot-main/Code/ROS/build/sim_robot/worlds/my_cave_model/meshes/mesh.obj -> /home/mubashir/Pictures/FYP-Legged-Robot-main/Code/ROS/install/sim_robot/share/sim_robot/worlds/my_cave_model/meshes
symbolically linking /home/mubashir/Pictures/FYP-Legged-Robot-main/Code/ROS/build/sim_robot/worlds/my_cave_model/meshes/roughness_texture_Underground.png -> /home/mubashir/Pictures/FYP-Legged-Robot-main/Code/ROS/install/sim_robot/share/sim_robot/worlds/my_cave_model/meshes
symbolically linking /home/mubashir/Pictures/FYP-Legged-Robot-main/Code/ROS/build/sim_robot/worlds/my_cave_model/meshes/mesh.mtl -> /home/mubashir/Pictures/FYP-Legged-Robot-main/Code/ROS/install/sim_robot/share/sim_robot/worlds/my_cave_model/meshes
symbolically linking /home/mubashir/Pictures/FYP-Legged-Robot-main/Code/ROS/build/sim_robot/worlds/my_cave_model/meshes/normal_texture_Underground.png -> /home/mubashir/Pictures/FYP-Legged-Robot-main/Code/ROS/install/sim_robot/share/sim_robot/worlds/my_cave_model/meshes
creating /home/mubashir/Pictures/FYP-Legged-Robot-main/Code/ROS/install/sim_robot/share/sim_robot/models
creating /home/mubashir/Pictures/FYP-Legged-Robot-main/Code/ROS/install/sim_robot/share/sim_robot/models/THex_Quadruped
symbolically linking /home/mubashir/Pictures/FYP-Legged-Robot-main/Code/ROS/build/sim_robot/models/THex_Quadruped/model_spring_native.sdf -> /home/mubashir/Pictures/FYP-Legged-Robot-main/Code/ROS/install/sim_robot/share/sim_robot/models/THex_Quadruped
symbolically linking /home/mubashir/Pictures/FYP-Legged-Robot-main/Code/ROS/build/sim_robot/models/THex_Quadruped/model.urdf -> /home/mubashir/Pictures/FYP-Legged-Robot-main/Code/ROS/install/sim_robot/share/sim_robot/models/THex_Quadruped
symbolically linking /home/mubashir/Pictures/FYP-Legged-Robot-main/Code/ROS/build/sim_robot/models/THex_Quadruped/model.config -> /home/mubashir/Pictures/FYP-Legged-Robot-main/Code/ROS/install/sim_robot/share/sim_robot/models/THex_Quadruped
symbolically linking /home/mubashir/Pictures/FYP-Legged-Robot-main/Code/ROS/build/sim_robot/models/THex_Quadruped/model.sdf -> /home/mubashir/Pictures/FYP-Legged-Robot-main/Code/ROS/install/sim_robot/share/sim_robot/models/THex_Quadruped
symbolically linking /home/mubashir/Pictures/FYP-Legged-Robot-main/Code/ROS/build/sim_robot/models/THex_Quadruped/make_spring_models.py -> /home/mubashir/Pictures/FYP-Legged-Robot-main/Code/ROS/install/sim_robot/share/sim_robot/models/THex_Quadruped
symbolically linking /home/mubashir/Pictures/FYP-Legged-Robot-main/Code/ROS/build/sim_robot/models/THex_Quadruped/model_effort.sdf -> /home/mubashir/Pictures/FYP-Legged-Robot-main/Code/ROS/install/sim_robot/share/sim_robot/models/THex_Quadruped
symbolically linking /home/mubashir/Pictures/FYP-Legged-Robot-main/Code/ROS/build/sim_robot/models/THex_Quadruped/model_spring_plugin.sdf -> /home/mubashir/Pictures/FYP-Legged-Robot-main/Code/ROS/install/sim_robot/share/sim_robot/models/THex_Quadruped
creating /home/mubashir/Pictures/FYP-Legged-Robot-main/Code/ROS/install/sim_robot/share/sim_robot/models/THex_Quadruped/__pycache__
symbolically linking /home/mubashir/Pictures/FYP-Legged-Robot-main/Code/ROS/build/sim_robot/models/THex_Quadruped/__pycache__/make_spring_models.cpython-310.pyc -> /home/mubashir/Pictures/FYP-Legged-Robot-main/Code/ROS/install/sim_robot/share/sim_robot/models/THex_Quadruped/__pycache__
creating /home/mubashir/Pictures/FYP-Legged-Robot-main/Code/ROS/install/sim_robot/share/sim_robot/models/THex_Quadruped/meshes
symbolically linking /home/mubashir/Pictures/FYP-Legged-Robot-main/Code/ROS/build/sim_robot/models/THex_Quadruped/meshes/bl_knee.STL -> /home/mubashir/Pictures/FYP-Legged-Robot-main/Code/ROS/install/sim_robot/share/sim_robot/models/THex_Quadruped/meshes
symbolically linking /home/mubashir/Pictures/FYP-Legged-Robot-main/Code/ROS/build/sim_robot/models/THex_Quadruped/meshes/br_foot.STL -> /home/mubashir/Pictures/FYP-Legged-Robot-main/Code/ROS/install/sim_robot/share/sim_robot/models/THex_Quadruped/meshes
symbolically linking /home/mubashir/Pictures/FYP-Legged-Robot-main/Code/ROS/build/sim_robot/models/THex_Quadruped/meshes/bl_foot_collision.STL -> /home/mubashir/Pictures/FYP-Legged-Robot-main/Code/ROS/install/sim_robot/share/sim_robot/models/THex_Quadruped/meshes
symbolically linking /home/mubashir/Pictures/FYP-Legged-Robot-main/Code/ROS/build/sim_robot/models/THex_Quadruped/meshes/fr_hip.STL -> /home/mubashir/Pictures/FYP-Legged-Robot-main/Code/ROS/install/sim_robot/share/sim_robot/models/THex_Quadruped/meshes
symbolically linking /home/mubashir/Pictures/FYP-Legged-Robot-main/Code/ROS/build/sim_robot/models/THex_Quadruped/meshes/bl_hip.STL -> /home/mubashir/Pictures/FYP-Legged-Robot-main/Code/ROS/install/sim_robot/share/sim_robot/models/THex_Quadruped/meshes
symbolically linking /home/mubashir/Pictures/FYP-Legged-Robot-main/Code/ROS/build/sim_robot/models/THex_Quadruped/meshes/base_link.STL -> /home/mubashir/Pictures/FYP-Legged-Robot-main/Code/ROS/install/sim_robot/share/sim_robot/models/THex_Quadruped/meshes
symbolically linking /home/mubashir/Pictures/FYP-Legged-Robot-main/Code/ROS/build/sim_robot/models/THex_Quadruped/meshes/fr_knee.STL -> /home/mubashir/Pictures/FYP-Legged-Robot-main/Code/ROS/install/sim_robot/share/sim_robot/models/THex_Quadruped/meshes
symbolically linking /home/mubashir/Pictures/FYP-Legged-Robot-main/Code/ROS/build/sim_robot/models/THex_Quadruped/meshes/fl_hip_collision.STL -> /home/mubashir/Pictures/FYP-Legged-Robot-main/Code/ROS/install/sim_robot/share/sim_robot/models/THex_Quadruped/meshes
symbolically linking /home/mubashir/Pictures/FYP-Legged-Robot-main/Code/ROS/build/sim_robot/models/THex_Quadruped/meshes/br_foot_collision.STL -> /home/mubashir/Pictures/FYP-Legged-Robot-main/Code/ROS/install/sim_robot/share/sim_robot/models/THex_Quadruped/meshes
symbolically linking /home/mubashir/Pictures/FYP-Legged-Robot-main/Code/ROS/build/sim_robot/models/THex_Quadruped/meshes/br_hip_collision.STL -> /home/mubashir/Pictures/FYP-Legged-Robot-main/Code/ROS/install/sim_robot/share/sim_robot/models/THex_Quadruped/meshes
symbolically linking /home/mubashir/Pictures/FYP-Legged-Robot-main/Code/ROS/build/sim_robot/models/THex_Quadruped/meshes/fr_foot_collision.STL -> /home/mubashir/Pictures/FYP-Legged-Robot-main/Code/ROS/install/sim_robot/share/sim_robot/models/THex_Quadruped/meshes
symbolically linking /home/mubashir/Pictures/FYP-Legged-Robot-main/Code/ROS/build/sim_robot/models/THex_Quadruped/meshes/fr_foot.STL -> /home/mubashir/Pictures/FYP-Legged-Robot-main/Code/ROS/install/sim_robot/share/sim_robot/models/THex_Quadruped/meshes
symbolically linking /home/mubashir/Pictures/FYP-Legged-Robot-main/Code/ROS/build/sim_robot/models/THex_Quadruped/meshes/fl_foot.STL -> /home/mubashir/Pictures/FYP-Legged-Robot-main/Code/ROS/install/sim_robot/share/sim_robot/models/THex_Quadruped/meshes
symbolically linking /home/mubashir/Pictures/FYP-Legged-Robot-main/Code/ROS/build/sim_robot/models/THex_Quadruped/meshes/base_link_collision.STL -> /home/mubashir/Pictures/FYP-Legged-Robot-main/Code/ROS/install/sim_robot/share/sim_robot/models/THex_Quadruped/meshes
symbolically linking /home/mubashir/Pictures/FYP-Legged-Robot-main/Code/ROS/build/sim_robot/models/THex_Quadruped/meshes/fl_hip.STL -> /home/mubashir/Pictures/FYP-Legged-Robot-main/Code/ROS/install/sim_robot/share/sim_robot/models/THex_Quadruped/meshes
symbolically linking /home/mubashir/Pictures/FYP-Legged-Robot-main/Code/ROS/build/sim_robot/models/THex_Quadruped/meshes/fl_knee.STL -> /home/mubashir/Pictures/FYP-Legged-Robot-main/Code/ROS/install/sim_robot/share/sim_robot/models/THex_Quadruped/meshes
symbolically linking /home/mubashir/Pictures/FYP-Legged-Robot-main/Code/ROS/build/sim_robot/models/THex_Quadruped/meshes/fr_knee_collision.STL -> /home/mubashir/Pictures/FYP-Legged-Robot-main/Code/ROS/install/sim_robot/share/sim_robot/models/THex_Quadruped/meshes
symbolically linking /home/mubashir/Pictures/FYP-Legged-Robot-main/Code/ROS/build/sim_robot/models/THex_Quadruped/meshes/bl_hip_collision.STL -> /home/mubashir/Pictures/FYP-Legged-Robot-main/Code/ROS/install/sim_robot/share/sim_robot/models/THex_Quadruped/meshes
symbolically linking /home/mubashir/Pictures/FYP-Legged-Robot-main/Code/ROS/build/sim_robot/models/THex_Quadruped/meshes/fl_foot_collision.STL -> /home/mubashir/Pictures/FYP-Legged-Robot-main/Code/ROS/install/sim_robot/share/sim_robot/models/THex_Quadruped/meshes
symbolically linking /home/mubashir/Pictures/FYP-Legged-Robot-main/Code/ROS/build/sim_robot/models/THex_Quadruped/meshes/bl_foot.STL -> /home/mubashir/Pictures/FYP-Legged-Robot-main/Code/ROS/install/sim_robot/share/sim_robot/models/THex_Quadruped/meshes
symbolically linking /home/mubashir/Pictures/FYP-Legged-Robot-main/Code/ROS/build/sim_robot/models/THex_Quadruped/meshes/br_knee.STL -> /home/mubashir/Pictures/FYP-Legged-Robot-main/Code/ROS/install/sim_robot/share/sim_robot/models/THex_Quadruped/meshes
symbolically linking /home/mubashir/Pictures/FYP-Legged-Robot-main/Code/ROS/build/sim_robot/models/THex_Quadruped/meshes/fl_knee_collision.STL -> /home/mubashir/Pictures/FYP-Legged-Robot-main/Code/ROS/install/sim_robot/share/sim_robot/models/THex_Quadruped/meshes
symbolically linking /home/mubashir/Pictures/FYP-Legged-Robot-main/Code/ROS/build/sim_robot/models/THex_Quadruped/meshes/fr_hip_collision.STL -> /home/mubashir/Pictures/FYP-Legged-Robot-main/Code/ROS/install/sim_robot/share/sim_robot/models/THex_Quadruped/meshes
symbolically linking /home/mubashir/Pictures/FYP-Legged-Robot-main/Code/ROS/build/sim_robot/models/THex_Quadruped/meshes/br_knee_collision.STL -> /home/mubashir/Pictures/FYP-Legged-Robot-main/Code/ROS/install/sim_robot/share/sim_robot/models/THex_Quadruped/meshes
symbolically linking /home/mubashir/Pictures/FYP-Legged-Robot-main/Code/ROS/build/sim_robot/models/THex_Quadruped/meshes/br_hip.STL -> /home/mubashir/Pictures/FYP-Legged-Robot-main/Code/ROS/install/sim_robot/share/sim_robot/models/THex_Quadruped/meshes
symbolically linking /home/mubashir/Pictures/FYP-Legged-Robot-main/Code/ROS/build/sim_robot/models/THex_Quadruped/meshes/bl_knee_collision.STL -> /home/mubashir/Pictures/FYP-Legged-Robot-main/Code/ROS/install/sim_robot/share/sim_robot/models/THex_Quadruped/meshes
creating /home/mubashir/Pictures/FYP-Legged-Robot-main/Code/ROS/install/sim_robot/share/sim_robot/models/Cube
symbolically linking /home/mubashir/Pictures/FYP-Legged-Robot-main/Code/ROS/build/sim_robot/models/Cube/model.sdf -> /home/mubashir/Pictures/FYP-Legged-Robot-main/Code/ROS/install/sim_robot/share/sim_robot/models/Cube
