[1.474s] Invoking command in '/home/mubashir/Pictures/FYP-Legged-Robot-main/Code/ROS/build/sim_robot': PYTHONPATH=/home/mubashir/Pictures/FYP-Legged-Robot-main/Code/ROS/build/sim_robot/prefix_override:/usr/lib/python3/dist-packages/colcon_core/task/python/colcon_distutils_commands:/home/mubashir/Pictures/FYP-Legged-Robot-main/Code/ROS/install/sim_robot/lib/python3.10/site-packages:${PYTHONPATH} /usr/bin/python3 -W ignore:setup.py install is deprecated -W ignore:easy_install command is deprecated setup.py develop --editable --build-directory /home/mubashir/Pictures/FYP-Legged-Robot-main/Code/ROS/build/sim_robot/build --no-deps symlink_data
[2.037s] running develop
[2.430s] running egg_info
[2.430s] creating sim_robot.egg-info
[2.431s] writing sim_robot.egg-info/PKG-INFO
[2.431s] writing dependency_links to sim_robot.egg-info/dependency_links.txt
[2.432s] writing entry points to sim_robot.egg-info/entry_points.txt
[2.432s] writing requirements to sim_robot.egg-info/requires.txt
[2.432s] writing top-level names to sim_robot.egg-info/top_level.txt
[2.432s] writing manifest file 'sim_robot.egg-info/SOURCES.txt'
[2.436s] reading manifest file 'sim_robot.egg-info/SOURCES.txt'
[2.438s] writing manifest file 'sim_robot.egg-info/SOURCES.txt'
[2.440s] running build_ext
[2.441s] Creating /home/mubashir/Pictures/FYP-Legged-Robot-main/Code/ROS/install/sim_robot/lib/python3.10/site-packages/sim-robot.egg-link (link to .)
[2.444s] Installing camera_recorder script to /home/mubashir/Pictures/FYP-Legged-Robot-main/Code/ROS/install/sim_robot/lib/sim_robot
[2.444s] Installing compare_runs script to /home/mubashir/Pictures/FYP-Legged-Robot-main/Code/ROS/install/sim_robot/lib/sim_robot
[2.444s] Installing flight_recorder script to /home/mubashir/Pictures/FYP-Legged-Robot-main/Code/ROS/install/sim_robot/lib/sim_robot
[2.445s] Installing kinematic_gait script to /home/mubashir/Pictures/FYP-Legged-Robot-main/Code/ROS/install/sim_robot/lib/sim_robot
[2.445s] Installing rl_action script to /home/mubashir/Pictures/FYP-Legged-Robot-main/Code/ROS/install/sim_robot/lib/sim_robot
[2.448s] Installing rl_obs script to /home/mubashir/Pictures/FYP-Legged-Robot-main/Code/ROS/install/sim_robot/lib/sim_robot
[2.451s] Installing rl_policy script to /home/mubashir/Pictures/FYP-Legged-Robot-main/Code/ROS/install/sim_robot/lib/sim_robot
[2.451s] Installing teleop script to /home/mubashir/Pictures/FYP-Legged-Robot-main/Code/ROS/install/sim_robot/lib/sim_robot
[2.451s] Installing torque_peaks script to /home/mubashir/Pictures/FYP-Legged-Robot-main/Code/ROS/install/sim_robot/lib/sim_robot
[2.451s] 
[2.451s] Installed /home/mubashir/Pictures/FYP-Legged-Robot-main/Code/ROS/build/sim_robot
[2.451s] running symlink_data
[2.451s] creating /home/mubashir/Pictures/FYP-Legged-Robot-main/Code/ROS/install/sim_robot/share/ament_index
[2.451s] creating /home/mubashir/Pictures/FYP-Legged-Robot-main/Code/ROS/install/sim_robot/share/ament_index/resource_index
[2.451s] creating /home/mubashir/Pictures/FYP-Legged-Robot-main/Code/ROS/install/sim_robot/share/ament_index/resource_index/packages
[2.452s] symbolically linking /home/mubashir/Pictures/FYP-Legged-Robot-main/Code/ROS/build/sim_robot/resource/sim_robot -> /home/mubashir/Pictures/FYP-Legged-Robot-main/Code/ROS/install/sim_robot/share/ament_index/resource_index/packages
[2.452s] symbolically linking /home/mubashir/Pictures/FYP-Legged-Robot-main/Code/ROS/build/sim_robot/package.xml -> /home/mubashir/Pictures/FYP-Legged-Robot-main/Code/ROS/install/sim_robot/share/sim_robot
[2.452s] creating /home/mubashir/Pictures/FYP-Legged-Robot-main/Code/ROS/install/sim_robot/share/sim_robot/launch
[2.452s] symbolically linking /home/mubashir/Pictures/FYP-Legged-Robot-main/Code/ROS/build/sim_robot/launch/rl_walking.launch.py -> /home/mubashir/Pictures/FYP-Legged-Robot-main/Code/ROS/install/sim_robot/share/sim_robot/launch
[2.452s] symbolically linking /home/mubashir/Pictures/FYP-Legged-Robot-main/Code/ROS/build/sim_robot/launch/spring_experiment.launch.py -> /home/mubashir/Pictures/FYP-Legged-Robot-main/Code/ROS/install/sim_robot/share/sim_robot/launch
[2.452s] symbolically linking /home/mubashir/Pictures/FYP-Legged-Robot-main/Code/ROS/build/sim_robot/launch/start_world.launch.py -> /home/mubashir/Pictures/FYP-Legged-Robot-main/Code/ROS/install/sim_robot/share/sim_robot/launch
[2.453s] symbolically linking /home/mubashir/Pictures/FYP-Legged-Robot-main/Code/ROS/build/sim_robot/launch/rl_cave.launch.py -> /home/mubashir/Pictures/FYP-Legged-Robot-main/Code/ROS/install/sim_robot/share/sim_robot/launch
[2.453s] creating /home/mubashir/Pictures/FYP-Legged-Robot-main/Code/ROS/install/sim_robot/share/sim_robot/config
[2.453s] symbolically linking /home/mubashir/Pictures/FYP-Legged-Robot-main/Code/ROS/build/sim_robot/config/ros_gz_bridge_cave.yaml -> /home/mubashir/Pictures/FYP-Legged-Robot-main/Code/ROS/install/sim_robot/share/sim_robot/config
[2.453s] symbolically linking /home/mubashir/Pictures/FYP-Legged-Robot-main/Code/ROS/build/sim_robot/config/ros_gz_bridge.yaml -> /home/mubashir/Pictures/FYP-Legged-Robot-main/Code/ROS/install/sim_robot/share/sim_robot/config
[2.453s] symbolically linking /home/mubashir/Pictures/FYP-Legged-Robot-main/Code/ROS/build/sim_robot/config/ros_gz_bridge_spring.yaml -> /home/mubashir/Pictures/FYP-Legged-Robot-main/Code/ROS/install/sim_robot/share/sim_robot/config
[2.453s] creating /home/mubashir/Pictures/FYP-Legged-Robot-main/Code/ROS/install/sim_robot/share/sim_robot/worlds
[2.453s] symbolically linking /home/mubashir/Pictures/FYP-Legged-Robot-main/Code/ROS/build/sim_robot/worlds/friction_world_cam.sdf -> /home/mubashir/Pictures/FYP-Legged-Robot-main/Code/ROS/install/sim_robot/share/sim_robot/worlds
[2.453s] symbolically linking /home/mubashir/Pictures/FYP-Legged-Robot-main/Code/ROS/build/sim_robot/worlds/friction_world.sdf -> /home/mubashir/Pictures/FYP-Legged-Robot-main/Code/ROS/install/sim_robot/share/sim_robot/worlds
[2.453s] creating /home/mubashir/Pictures/FYP-Legged-Robot-main/Code/ROS/install/sim_robot/share/sim_robot/worlds/my_cave_model
[2.453s] symbolically linking /home/mubashir/Pictures/FYP-Legged-Robot-main/Code/ROS/build/sim_robot/worlds/my_cave_model/model.config -> /home/mubashir/Pictures/FYP-Legged-Robot-main/Code/ROS/install/sim_robot/share/sim_robot/worlds/my_cave_model
[2.453s] symbolically linking /home/mubashir/Pictures/FYP-Legged-Robot-main/Code/ROS/build/sim_robot/worlds/my_cave_model/model.sdf -> /home/mubashir/Pictures/FYP-Legged-Robot-main/Code/ROS/install/sim_robot/share/sim_robot/worlds/my_cave_model
[2.453s] creating /home/mubashir/Pictures/FYP-Legged-Robot-main/Code/ROS/install/sim_robot/share/sim_robot/worlds/my_cave_model/meshes
[2.454s] symbolically linking /home/mubashir/Pictures/FYP-Legged-Robot-main/Code/ROS/build/sim_robot/worlds/my_cave_model/meshes/color_texture_Underground.png -> /home/mubashir/Pictures/FYP-Legged-Robot-main/Code/ROS/install/sim_robot/share/sim_robot/worlds/my_cave_model/meshes
[2.454s] symbolically linking /home/mubashir/Pictures/FYP-Legged-Robot-main/Code/ROS/build/sim_robot/worlds/my_cave_model/meshes/mesh.obj -> /home/mubashir/Pictures/FYP-Legged-Robot-main/Code/ROS/install/sim_robot/share/sim_robot/worlds/my_cave_model/meshes
[2.454s] symbolically linking /home/mubashir/Pictures/FYP-Legged-Robot-main/Code/ROS/build/sim_robot/worlds/my_cave_model/meshes/roughness_texture_Underground.png -> /home/mubashir/Pictures/FYP-Legged-Robot-main/Code/ROS/install/sim_robot/share/sim_robot/worlds/my_cave_model/meshes
[2.454s] symbolically linking /home/mubashir/Pictures/FYP-Legged-Robot-main/Code/ROS/build/sim_robot/worlds/my_cave_model/meshes/mesh.mtl -> /home/mubashir/Pictures/FYP-Legged-Robot-main/Code/ROS/install/sim_robot/share/sim_robot/worlds/my_cave_model/meshes
[2.454s] symbolically linking /home/mubashir/Pictures/FYP-Legged-Robot-main/Code/ROS/build/sim_robot/worlds/my_cave_model/meshes/normal_texture_Underground.png -> /home/mubashir/Pictures/FYP-Legged-Robot-main/Code/ROS/install/sim_robot/share/sim_robot/worlds/my_cave_model/meshes
[2.454s] creating /home/mubashir/Pictures/FYP-Legged-Robot-main/Code/ROS/install/sim_robot/share/sim_robot/models
[2.454s] creating /home/mubashir/Pictures/FYP-Legged-Robot-main/Code/ROS/install/sim_robot/share/sim_robot/models/THex_Quadruped
[2.454s] symbolically linking /home/mubashir/Pictures/FYP-Legged-Robot-main/Code/ROS/build/sim_robot/models/THex_Quadruped/model_spring_native.sdf -> /home/mubashir/Pictures/FYP-Legged-Robot-main/Code/ROS/install/sim_robot/share/sim_robot/models/THex_Quadruped
[2.454s] symbolically linking /home/mubashir/Pictures/FYP-Legged-Robot-main/Code/ROS/build/sim_robot/models/THex_Quadruped/model.urdf -> /home/mubashir/Pictures/FYP-Legged-Robot-main/Code/ROS/install/sim_robot/share/sim_robot/models/THex_Quadruped
[2.454s] symbolically linking /home/mubashir/Pictures/FYP-Legged-Robot-main/Code/ROS/build/sim_robot/models/THex_Quadruped/model.config -> /home/mubashir/Pictures/FYP-Legged-Robot-main/Code/ROS/install/sim_robot/share/sim_robot/models/THex_Quadruped
[2.455s] symbolically linking /home/mubashir/Pictures/FYP-Legged-Robot-main/Code/ROS/build/sim_robot/models/THex_Quadruped/model.sdf -> /home/mubashir/Pictures/FYP-Legged-Robot-main/Code/ROS/install/sim_robot/share/sim_robot/models/THex_Quadruped
[2.455s] symbolically linking /home/mubashir/Pictures/FYP-Legged-Robot-main/Code/ROS/build/sim_robot/models/THex_Quadruped/make_spring_models.py -> /home/mubashir/Pictures/FYP-Legged-Robot-main/Code/ROS/install/sim_robot/share/sim_robot/models/THex_Quadruped
[2.455s] symbolically linking /home/mubashir/Pictures/FYP-Legged-Robot-main/Code/ROS/build/sim_robot/models/THex_Quadruped/model_effort.sdf -> /home/mubashir/Pictures/FYP-Legged-Robot-main/Code/ROS/install/sim_robot/share/sim_robot/models/THex_Quadruped
[2.455s] symbolically linking /home/mubashir/Pictures/FYP-Legged-Robot-main/Code/ROS/build/sim_robot/models/THex_Quadruped/model_spring_plugin.sdf -> /home/mubashir/Pictures/FYP-Legged-Robot-main/Code/ROS/install/sim_robot/share/sim_robot/models/THex_Quadruped
[2.455s] creating /home/mubashir/Pictures/FYP-Legged-Robot-main/Code/ROS/install/sim_robot/share/sim_robot/models/THex_Quadruped/__pycache__
[2.455s] symbolically linking /home/mubashir/Pictures/FYP-Legged-Robot-main/Code/ROS/build/sim_robot/models/THex_Quadruped/__pycache__/make_spring_models.cpython-310.pyc -> /home/mubashir/Pictures/FYP-Legged-Robot-main/Code/ROS/install/sim_robot/share/sim_robot/models/THex_Quadruped/__pycache__
[2.455s] creating /home/mubashir/Pictures/FYP-Legged-Robot-main/Code/ROS/install/sim_robot/share/sim_robot/models/THex_Quadruped/meshes
[2.455s] symbolically linking /home/mubashir/Pictures/FYP-Legged-Robot-main/Code/ROS/build/sim_robot/models/THex_Quadruped/meshes/bl_knee.STL -> /home/mubashir/Pictures/FYP-Legged-Robot-main/Code/ROS/install/sim_robot/share/sim_robot/models/THex_Quadruped/meshes
[2.455s] symbolically linking /home/mubashir/Pictures/FYP-Legged-Robot-main/Code/ROS/build/sim_robot/models/THex_Quadruped/meshes/br_foot.STL -> /home/mubashir/Pictures/FYP-Legged-Robot-main/Code/ROS/install/sim_robot/share/sim_robot/models/THex_Quadruped/meshes
[2.456s] symbolically linking /home/mubashir/Pictures/FYP-Legged-Robot-main/Code/ROS/build/sim_robot/models/THex_Quadruped/meshes/bl_foot_collision.STL -> /home/mubashir/Pictures/FYP-Legged-Robot-main/Code/ROS/install/sim_robot/share/sim_robot/models/THex_Quadruped/meshes
[2.456s] symbolically linking /home/mubashir/Pictures/FYP-Legged-Robot-main/Code/ROS/build/sim_robot/models/THex_Quadruped/meshes/fr_hip.STL -> /home/mubashir/Pictures/FYP-Legged-Robot-main/Code/ROS/install/sim_robot/share/sim_robot/models/THex_Quadruped/meshes
[2.456s] symbolically linking /home/mubashir/Pictures/FYP-Legged-Robot-main/Code/ROS/build/sim_robot/models/THex_Quadruped/meshes/bl_hip.STL -> /home/mubashir/Pictures/FYP-Legged-Robot-main/Code/ROS/install/sim_robot/share/sim_robot/models/THex_Quadruped/meshes
[2.456s] symbolically linking /home/mubashir/Pictures/FYP-Legged-Robot-main/Code/ROS/build/sim_robot/models/THex_Quadruped/meshes/base_link.STL -> /home/mubashir/Pictures/FYP-Legged-Robot-main/Code/ROS/install/sim_robot/share/sim_robot/models/THex_Quadruped/meshes
[2.456s] symbolically linking /home/mubashir/Pictures/FYP-Legged-Robot-main/Code/ROS/build/sim_robot/models/THex_Quadruped/meshes/fr_knee.STL -> /home/mubashir/Pictures/FYP-Legged-Robot-main/Code/ROS/install/sim_robot/share/sim_robot/models/THex_Quadruped/meshes
[2.456s] symbolically linking /home/mubashir/Pictures/FYP-Legged-Robot-main/Code/ROS/build/sim_robot/models/THex_Quadruped/meshes/fl_hip_collision.STL -> /home/mubashir/Pictures/FYP-Legged-Robot-main/Code/ROS/install/sim_robot/share/sim_robot/models/THex_Quadruped/meshes
[2.456s] symbolically linking /home/mubashir/Pictures/FYP-Legged-Robot-main/Code/ROS/build/sim_robot/models/THex_Quadruped/meshes/br_foot_collision.STL -> /home/mubashir/Pictures/FYP-Legged-Robot-main/Code/ROS/install/sim_robot/share/sim_robot/models/THex_Quadruped/meshes
[2.456s] symbolically linking /home/mubashir/Pictures/FYP-Legged-Robot-main/Code/ROS/build/sim_robot/models/THex_Quadruped/meshes/br_hip_collision.STL -> /home/mubashir/Pictures/FYP-Legged-Robot-main/Code/ROS/install/sim_robot/share/sim_robot/models/THex_Quadruped/meshes
[2.456s] symbolically linking /home/mubashir/Pictures/FYP-Legged-Robot-main/Code/ROS/build/sim_robot/models/THex_Quadruped/meshes/fr_foot_collision.STL -> /home/mubashir/Pictures/FYP-Legged-Robot-main/Code/ROS/install/sim_robot/share/sim_robot/models/THex_Quadruped/meshes
[2.457s] symbolically linking /home/mubashir/Pictures/FYP-Legged-Robot-main/Code/ROS/build/sim_robot/models/THex_Quadruped/meshes/fr_foot.STL -> /home/mubashir/Pictures/FYP-Legged-Robot-main/Code/ROS/install/sim_robot/share/sim_robot/models/THex_Quadruped/meshes
[2.457s] symbolically linking /home/mubashir/Pictures/FYP-Legged-Robot-main/Code/ROS/build/sim_robot/models/THex_Quadruped/meshes/fl_foot.STL -> /home/mubashir/Pictures/FYP-Legged-Robot-main/Code/ROS/install/sim_robot/share/sim_robot/models/THex_Quadruped/meshes
[2.457s] symbolically linking /home/mubashir/Pictures/FYP-Legged-Robot-main/Code/ROS/build/sim_robot/models/THex_Quadruped/meshes/base_link_collision.STL -> /home/mubashir/Pictures/FYP-Legged-Robot-main/Code/ROS/install/sim_robot/share/sim_robot/models/THex_Quadruped/meshes
[2.457s] symbolically linking /home/mubashir/Pictures/FYP-Legged-Robot-main/Code/ROS/build/sim_robot/models/THex_Quadruped/meshes/fl_hip.STL -> /home/mubashir/Pictures/FYP-Legged-Robot-main/Code/ROS/install/sim_robot/share/sim_robot/models/THex_Quadruped/meshes
[2.457s] symbolically linking /home/mubashir/Pictures/FYP-Legged-Robot-main/Code/ROS/build/sim_robot/models/THex_Quadruped/meshes/fl_knee.STL -> /home/mubashir/Pictures/FYP-Legged-Robot-main/Code/ROS/install/sim_robot/share/sim_robot/models/THex_Quadruped/meshes
[2.457s] symbolically linking /home/mubashir/Pictures/FYP-Legged-Robot-main/Code/ROS/build/sim_robot/models/THex_Quadruped/meshes/fr_knee_collision.STL -> /home/mubashir/Pictures/FYP-Legged-Robot-main/Code/ROS/install/sim_robot/share/sim_robot/models/THex_Quadruped/meshes
[2.457s] symbolically linking /home/mubashir/Pictures/FYP-Legged-Robot-main/Code/ROS/build/sim_robot/models/THex_Quadruped/meshes/bl_hip_collision.STL -> /home/mubashir/Pictures/FYP-Legged-Robot-main/Code/ROS/install/sim_robot/share/sim_robot/models/THex_Quadruped/meshes
[2.458s] symbolically linking /home/mubashir/Pictures/FYP-Legged-Robot-main/Code/ROS/build/sim_robot/models/THex_Quadruped/meshes/fl_foot_collision.STL -> /home/mubashir/Pictures/FYP-Legged-Robot-main/Code/ROS/install/sim_robot/share/sim_robot/models/THex_Quadruped/meshes
[2.458s] symbolically linking /home/mubashir/Pictures/FYP-Legged-Robot-main/Code/ROS/build/sim_robot/models/THex_Quadruped/meshes/bl_foot.STL -> /home/mubashir/Pictures/FYP-Legged-Robot-main/Code/ROS/install/sim_robot/share/sim_robot/models/THex_Quadruped/meshes
[2.458s] symbolically linking /home/mubashir/Pictures/FYP-Legged-Robot-main/Code/ROS/build/sim_robot/models/THex_Quadruped/meshes/br_knee.STL -> /home/mubashir/Pictures/FYP-Legged-Robot-main/Code/ROS/install/sim_robot/share/sim_robot/models/THex_Quadruped/meshes
[2.458s] symbolically linking /home/mubashir/Pictures/FYP-Legged-Robot-main/Code/ROS/build/sim_robot/models/THex_Quadruped/meshes/fl_knee_collision.STL -> /home/mubashir/Pictures/FYP-Legged-Robot-main/Code/ROS/install/sim_robot/share/sim_robot/models/THex_Quadruped/meshes
[2.458s] symbolically linking /home/mubashir/Pictures/FYP-Legged-Robot-main/Code/ROS/build/sim_robot/models/THex_Quadruped/meshes/fr_hip_collision.STL -> /home/mubashir/Pictures/FYP-Legged-Robot-main/Code/ROS/install/sim_robot/share/sim_robot/models/THex_Quadruped/meshes
[2.458s] symbolically linking /home/mubashir/Pictures/FYP-Legged-Robot-main/Code/ROS/build/sim_robot/models/THex_Quadruped/meshes/br_knee_collision.STL -> /home/mubashir/Pictures/FYP-Legged-Robot-main/Code/ROS/install/sim_robot/share/sim_robot/models/THex_Quadruped/meshes
[2.458s] symbolically linking /home/mubashir/Pictures/FYP-Legged-Robot-main/Code/ROS/build/sim_robot/models/THex_Quadruped/meshes/br_hip.STL -> /home/mubashir/Pictures/FYP-Legged-Robot-main/Code/ROS/install/sim_robot/share/sim_robot/models/THex_Quadruped/meshes
[2.458s] symbolically linking /home/mubashir/Pictures/FYP-Legged-Robot-main/Code/ROS/build/sim_robot/models/THex_Quadruped/meshes/bl_knee_collision.STL -> /home/mubashir/Pictures/FYP-Legged-Robot-main/Code/ROS/install/sim_robot/share/sim_robot/models/THex_Quadruped/meshes
[2.459s] creating /home/mubashir/Pictures/FYP-Legged-Robot-main/Code/ROS/install/sim_robot/share/sim_robot/models/Cube
[2.459s] symbolically linking /home/mubashir/Pictures/FYP-Legged-Robot-main/Code/ROS/build/sim_robot/models/Cube/model.sdf -> /home/mubashir/Pictures/FYP-Legged-Robot-main/Code/ROS/install/sim_robot/share/sim_robot/models/Cube
[2.511s] Invoked command in '/home/mubashir/Pictures/FYP-Legged-Robot-main/Code/ROS/build/sim_robot' returned '0': PYTHONPATH=/home/mubashir/Pictures/FYP-Legged-Robot-main/Code/ROS/build/sim_robot/prefix_override:/usr/lib/python3/dist-packages/colcon_core/task/python/colcon_distutils_commands:/home/mubashir/Pictures/FYP-Legged-Robot-main/Code/ROS/install/sim_robot/lib/python3.10/site-packages:${PYTHONPATH} /usr/bin/python3 -W ignore:setup.py install is deprecated -W ignore:easy_install command is deprecated setup.py develop --editable --build-directory /home/mubashir/Pictures/FYP-Legged-Robot-main/Code/ROS/build/sim_robot/build --no-deps symlink_data
