[6.302s] Invoking command in '/home/mubashir/Documents/FYP-Legged-Robot-main/Code/ROS/src/perception': PYTHONPATH=/home/mubashir/Documents/FYP-Legged-Robot-main/Code/build/perception/prefix_override:/usr/lib/python3/dist-packages/colcon_core/task/python/colcon_distutils_commands:/home/mubashir/Documents/FYP-Legged-Robot-main/Code/install/perception/lib/python3.10/site-packages:${PYTHONPATH} /usr/bin/python3 -W ignore:setup.py install is deprecated -W ignore:easy_install command is deprecated setup.py egg_info --egg-base ../../../build/perception build --build-base /home/mubashir/Documents/FYP-Legged-Robot-main/Code/build/perception/build install --record /home/mubashir/Documents/FYP-Legged-Robot-main/Code/build/perception/install.log --single-version-externally-managed install_data
[7.683s] running egg_info
[7.683s] creating ../../../build/perception/perception.egg-info
[7.684s] writing ../../../build/perception/perception.egg-info/PKG-INFO
[7.692s] writing dependency_links to ../../../build/perception/perception.egg-info/dependency_links.txt
[7.693s] writing entry points to ../../../build/perception/perception.egg-info/entry_points.txt
[7.694s] writing requirements to ../../../build/perception/perception.egg-info/requires.txt
[7.694s] writing top-level names to ../../../build/perception/perception.egg-info/top_level.txt
[7.694s] writing manifest file '../../../build/perception/perception.egg-info/SOURCES.txt'
[7.734s] reading manifest file '../../../build/perception/perception.egg-info/SOURCES.txt'
[7.755s] writing manifest file '../../../build/perception/perception.egg-info/SOURCES.txt'
[7.756s] running build
[7.756s] running build_py
[7.756s] creating /home/mubashir/Documents/FYP-Legged-Robot-main/Code/build/perception/build
[7.756s] creating /home/mubashir/Documents/FYP-Legged-Robot-main/Code/build/perception/build/lib
[7.765s] creating /home/mubashir/Documents/FYP-Legged-Robot-main/Code/build/perception/build/lib/perception
[7.765s] copying perception/ceiling_filter_node.py -> /home/mubashir/Documents/FYP-Legged-Robot-main/Code/build/perception/build/lib/perception
[7.766s] copying perception/ceiling_flipper_node.py -> /home/mubashir/Documents/FYP-Legged-Robot-main/Code/build/perception/build/lib/perception
[7.768s] copying perception/__init__.py -> /home/mubashir/Documents/FYP-Legged-Robot-main/Code/build/perception/build/lib/perception
[7.768s] copying perception/map2apf_node.py -> /home/mubashir/Documents/FYP-Legged-Robot-main/Code/build/perception/build/lib/perception
[7.768s] copying perception/map_flipper_node.py -> /home/mubashir/Documents/FYP-Legged-Robot-main/Code/build/perception/build/lib/perception
[7.768s] running install
[7.768s] running install_lib
[7.797s] creating /home/mubashir/Documents/FYP-Legged-Robot-main/Code/install/perception/lib/python3.10/site-packages/perception
[7.797s] copying /home/mubashir/Documents/FYP-Legged-Robot-main/Code/build/perception/build/lib/perception/ceiling_filter_node.py -> /home/mubashir/Documents/FYP-Legged-Robot-main/Code/install/perception/lib/python3.10/site-packages/perception
[7.798s] copying /home/mubashir/Documents/FYP-Legged-Robot-main/Code/build/perception/build/lib/perception/ceiling_flipper_node.py -> /home/mubashir/Documents/FYP-Legged-Robot-main/Code/install/perception/lib/python3.10/site-packages/perception
[7.798s] copying /home/mubashir/Documents/FYP-Legged-Robot-main/Code/build/perception/build/lib/perception/__init__.py -> /home/mubashir/Documents/FYP-Legged-Robot-main/Code/install/perception/lib/python3.10/site-packages/perception
[7.798s] copying /home/mubashir/Documents/FYP-Legged-Robot-main/Code/build/perception/build/lib/perception/map2apf_node.py -> /home/mubashir/Documents/FYP-Legged-Robot-main/Code/install/perception/lib/python3.10/site-packages/perception
[7.798s] copying /home/mubashir/Documents/FYP-Legged-Robot-main/Code/build/perception/build/lib/perception/map_flipper_node.py -> /home/mubashir/Documents/FYP-Legged-Robot-main/Code/install/perception/lib/python3.10/site-packages/perception
[7.799s] byte-compiling /home/mubashir/Documents/FYP-Legged-Robot-main/Code/install/perception/lib/python3.10/site-packages/perception/ceiling_filter_node.py to ceiling_filter_node.cpython-310.pyc
[7.799s] byte-compiling /home/mubashir/Documents/FYP-Legged-Robot-main/Code/install/perception/lib/python3.10/site-packages/perception/ceiling_flipper_node.py to ceiling_flipper_node.cpython-310.pyc
[7.799s] byte-compiling /home/mubashir/Documents/FYP-Legged-Robot-main/Code/install/perception/lib/python3.10/site-packages/perception/__init__.py to __init__.cpython-310.pyc
[7.800s] byte-compiling /home/mubashir/Documents/FYP-Legged-Robot-main/Code/install/perception/lib/python3.10/site-packages/perception/map2apf_node.py to map2apf_node.cpython-310.pyc
[7.823s] byte-compiling /home/mubashir/Documents/FYP-Legged-Robot-main/Code/install/perception/lib/python3.10/site-packages/perception/map_flipper_node.py to map_flipper_node.cpython-310.pyc
[7.825s] running install_data
[7.825s] creating /home/mubashir/Documents/FYP-Legged-Robot-main/Code/install/perception/share/ament_index
[7.825s] creating /home/mubashir/Documents/FYP-Legged-Robot-main/Code/install/perception/share/ament_index/resource_index
[7.825s] creating /home/mubashir/Documents/FYP-Legged-Robot-main/Code/install/perception/share/ament_index/resource_index/packages
[7.826s] copying resource/perception -> /home/mubashir/Documents/FYP-Legged-Robot-main/Code/install/perception/share/ament_index/resource_index/packages
[7.844s] copying package.xml -> /home/mubashir/Documents/FYP-Legged-Robot-main/Code/install/perception/share/perception
[7.844s] creating /home/mubashir/Documents/FYP-Legged-Robot-main/Code/install/perception/share/perception/launch
[7.844s] copying launch/perception.launch.py -> /home/mubashir/Documents/FYP-Legged-Robot-main/Code/install/perception/share/perception/launch
[7.844s] creating /home/mubashir/Documents/FYP-Legged-Robot-main/Code/install/perception/share/perception/config
[7.845s] copying config/ceiling_elev_map.yaml -> /home/mubashir/Documents/FYP-Legged-Robot-main/Code/install/perception/share/perception/config
[7.845s] copying config/floor_elev_map.yaml -> /home/mubashir/Documents/FYP-Legged-Robot-main/Code/install/perception/share/perception/config
[7.845s] creating /home/mubashir/Documents/FYP-Legged-Robot-main/Code/install/perception/share/perception/worlds
[7.845s] copying worlds/ControlTube.sdf -> /home/mubashir/Documents/FYP-Legged-Robot-main/Code/install/perception/share/perception/worlds
[7.852s] creating /home/mubashir/Documents/FYP-Legged-Robot-main/Code/install/perception/share/perception/worlds/my_cave_model
[7.852s] copying worlds/my_cave_model/model.config -> /home/mubashir/Documents/FYP-Legged-Robot-main/Code/install/perception/share/perception/worlds/my_cave_model
[7.852s] copying worlds/my_cave_model/model.sdf -> /home/mubashir/Documents/FYP-Legged-Robot-main/Code/install/perception/share/perception/worlds/my_cave_model
[7.853s] creating /home/mubashir/Documents/FYP-Legged-Robot-main/Code/install/perception/share/perception/worlds/my_cave_model/meshes
[7.853s] copying worlds/my_cave_model/meshes/color_texture_Underground.png -> /home/mubashir/Documents/FYP-Legged-Robot-main/Code/install/perception/share/perception/worlds/my_cave_model/meshes
[7.860s] copying worlds/my_cave_model/meshes/mesh.obj -> /home/mubashir/Documents/FYP-Legged-Robot-main/Code/install/perception/share/perception/worlds/my_cave_model/meshes
[8.156s] copying worlds/my_cave_model/meshes/roughness_texture_Underground.png -> /home/mubashir/Documents/FYP-Legged-Robot-main/Code/install/perception/share/perception/worlds/my_cave_model/meshes
[8.169s] copying worlds/my_cave_model/meshes/mesh.mtl -> /home/mubashir/Documents/FYP-Legged-Robot-main/Code/install/perception/share/perception/worlds/my_cave_model/meshes
[8.171s] copying worlds/my_cave_model/meshes/normal_texture_Underground.png -> /home/mubashir/Documents/FYP-Legged-Robot-main/Code/install/perception/share/perception/worlds/my_cave_model/meshes
[8.197s] running install_egg_info
[8.211s] Copying ../../../build/perception/perception.egg-info to /home/mubashir/Documents/FYP-Legged-Robot-main/Code/install/perception/lib/python3.10/site-packages/perception-0.0.0-py3.10.egg-info
[8.229s] running install_scripts
[8.373s] Installing ceiling_filter script to /home/mubashir/Documents/FYP-Legged-Robot-main/Code/install/perception/lib/perception
[8.374s] Installing ceiling_flipper script to /home/mubashir/Documents/FYP-Legged-Robot-main/Code/install/perception/lib/perception
[8.374s] Installing map2apf script to /home/mubashir/Documents/FYP-Legged-Robot-main/Code/install/perception/lib/perception
[8.374s] Installing map_flipper script to /home/mubashir/Documents/FYP-Legged-Robot-main/Code/install/perception/lib/perception
[8.379s] writing list of installed files to '/home/mubashir/Documents/FYP-Legged-Robot-main/Code/build/perception/install.log'
[8.498s] Invoked command in '/home/mubashir/Documents/FYP-Legged-Robot-main/Code/ROS/src/perception' returned '0': PYTHONPATH=/home/mubashir/Documents/FYP-Legged-Robot-main/Code/build/perception/prefix_override:/usr/lib/python3/dist-packages/colcon_core/task/python/colcon_distutils_commands:/home/mubashir/Documents/FYP-Legged-Robot-main/Code/install/perception/lib/python3.10/site-packages:${PYTHONPATH} /usr/bin/python3 -W ignore:setup.py install is deprecated -W ignore:easy_install command is deprecated setup.py egg_info --egg-base ../../../build/perception build --build-base /home/mubashir/Documents/FYP-Legged-Robot-main/Code/build/perception/build install --record /home/mubashir/Documents/FYP-Legged-Robot-main/Code/build/perception/install.log --single-version-externally-managed install_data
