[2.975s] Invoking command in '/home/mubashir/Documents/FYP-Legged-Robot-main/Code/ROS/src/cpg_ros2': PYTHONPATH=/home/mubashir/Documents/FYP-Legged-Robot-main/Code/build/cpg_ros2/prefix_override:/usr/lib/python3/dist-packages/colcon_core/task/python/colcon_distutils_commands:/home/mubashir/Documents/FYP-Legged-Robot-main/Code/install/cpg_ros2/lib/python3.10/site-packages:${PYTHONPATH} /usr/bin/python3 -W ignore:setup.py install is deprecated -W ignore:easy_install command is deprecated setup.py egg_info --egg-base ../../../build/cpg_ros2 build --build-base /home/mubashir/Documents/FYP-Legged-Robot-main/Code/build/cpg_ros2/build install --record /home/mubashir/Documents/FYP-Legged-Robot-main/Code/build/cpg_ros2/install.log --single-version-externally-managed install_data
[4.084s] running egg_info
[4.087s] writing ../../../build/cpg_ros2/cpg_ros2.egg-info/PKG-INFO
[4.087s] writing dependency_links to ../../../build/cpg_ros2/cpg_ros2.egg-info/dependency_links.txt
[4.089s] writing entry points to ../../../build/cpg_ros2/cpg_ros2.egg-info/entry_points.txt
[4.089s] writing requirements to ../../../build/cpg_ros2/cpg_ros2.egg-info/requires.txt
[4.090s] writing top-level names to ../../../build/cpg_ros2/cpg_ros2.egg-info/top_level.txt
[4.099s] reading manifest file '../../../build/cpg_ros2/cpg_ros2.egg-info/SOURCES.txt'
[4.107s] writing manifest file '../../../build/cpg_ros2/cpg_ros2.egg-info/SOURCES.txt'
[4.108s] running build
[4.108s] running build_py
[4.109s] running install
[4.110s] running install_lib
[4.116s] running install_data
[4.122s] running install_egg_info
[4.131s] removing '/home/mubashir/Documents/FYP-Legged-Robot-main/Code/install/cpg_ros2/lib/python3.10/site-packages/cpg_ros2-0.0.0-py3.10.egg-info' (and everything under it)
[4.132s] Copying ../../../build/cpg_ros2/cpg_ros2.egg-info to /home/mubashir/Documents/FYP-Legged-Robot-main/Code/install/cpg_ros2/lib/python3.10/site-packages/cpg_ros2-0.0.0-py3.10.egg-info
[4.135s] running install_scripts
[4.221s] Installing cpg_node script to /home/mubashir/Documents/FYP-Legged-Robot-main/Code/install/cpg_ros2/lib/cpg_ros2
[4.223s] writing list of installed files to '/home/mubashir/Documents/FYP-Legged-Robot-main/Code/build/cpg_ros2/install.log'
[4.306s] Invoked command in '/home/mubashir/Documents/FYP-Legged-Robot-main/Code/ROS/src/cpg_ros2' returned '0': PYTHONPATH=/home/mubashir/Documents/FYP-Legged-Robot-main/Code/build/cpg_ros2/prefix_override:/usr/lib/python3/dist-packages/colcon_core/task/python/colcon_distutils_commands:/home/mubashir/Documents/FYP-Legged-Robot-main/Code/install/cpg_ros2/lib/python3.10/site-packages:${PYTHONPATH} /usr/bin/python3 -W ignore:setup.py install is deprecated -W ignore:easy_install command is deprecated setup.py egg_info --egg-base ../../../build/cpg_ros2 build --build-base /home/mubashir/Documents/FYP-Legged-Robot-main/Code/build/cpg_ros2/build install --record /home/mubashir/Documents/FYP-Legged-Robot-main/Code/build/cpg_ros2/install.log --single-version-externally-managed install_data
