[3.871s] Invoking command in '/home/mubashir/Documents/FYP-Legged-Robot-main/Code/build/quad_interface': CMAKE_PREFIX_PATH=/opt/ros/humble /usr/bin/cmake /home/mubashir/Documents/FYP-Legged-Robot-main/Code/ROS/src/quad_interface -DCMAKE_INSTALL_PREFIX=/home/mubashir/Documents/FYP-Legged-Robot-main/Code/install/quad_interface
[4.005s] -- The C compiler identification is GNU 11.4.0
[4.170s] -- The CXX compiler identification is GNU 11.4.0
[4.191s] -- Detecting C compiler ABI info
[4.544s] -- Detecting C compiler ABI info - done
[4.603s] -- Check for working C compiler: /usr/bin/cc - skipped
[4.606s] -- Detecting C compile features
[4.607s] -- Detecting C compile features - done
[4.640s] -- Detecting CXX compiler ABI info
[5.109s] -- Detecting CXX compiler ABI info - done
[5.200s] -- Check for working CXX compiler: /usr/bin/c++ - skipped
[5.211s] -- Detecting CXX compile features
[5.211s] -- Detecting CXX compile features - done
[5.235s] -- Found ament_cmake: 1.3.12 (/opt/ros/humble/share/ament_cmake/cmake)
[6.514s] -- Found Python3: /usr/bin/python3 (found version "3.10.12") found components: Interpreter 
[7.186s] -- Found rclcpp: 16.0.15 (/opt/ros/humble/share/rclcpp/cmake)
[7.468s] -- Found rosidl_generator_c: 3.1.7 (/opt/ros/humble/share/rosidl_generator_c/cmake)
[7.492s] -- Found rosidl_adapter: 3.1.7 (/opt/ros/humble/share/rosidl_adapter/cmake)
[7.527s] -- Found rosidl_generator_cpp: 3.1.7 (/opt/ros/humble/share/rosidl_generator_cpp/cmake)
[7.583s] -- Using all available rosidl_typesupport_c: rosidl_typesupport_fastrtps_c;rosidl_typesupport_introspection_c
[7.742s] -- Using all available rosidl_typesupport_cpp: rosidl_typesupport_fastrtps_cpp;rosidl_typesupport_introspection_cpp
[8.180s] -- Found rmw_implementation_cmake: 6.1.2 (/opt/ros/humble/share/rmw_implementation_cmake/cmake)
[8.193s] -- Found rmw_fastrtps_cpp: 6.2.9 (/opt/ros/humble/share/rmw_fastrtps_cpp/cmake)
[8.660s] -- Found OpenSSL: /usr/lib/x86_64-linux-gnu/libcrypto.so (found version "3.0.2")  
[8.806s] -- Found FastRTPS: /opt/ros/humble/include  
[8.996s] -- Using RMW implementation 'rmw_fastrtps_cpp' as default
[9.022s] -- Looking for pthread.h
[9.260s] -- Looking for pthread.h - found
[9.262s] -- Performing Test CMAKE_HAVE_LIBC_PTHREAD
[9.462s] -- Performing Test CMAKE_HAVE_LIBC_PTHREAD - Success
[9.466s] -- Found Threads: TRUE  
[9.613s] -- Found hardware_interface: 2.52.2 (/opt/ros/humble/share/hardware_interface/cmake)
[10.668s] -- Configuring done
[10.727s] -- Generating done
[10.738s] -- Build files have been written to: /home/mubashir/Documents/FYP-Legged-Robot-main/Code/build/quad_interface
