/home/mubashir/Documents/FYP-Legged-Robot-main/Code/install/cpg_ros2/lib/python3.10/site-packages/cpg_ros2/cpg.py
/home/mubashir/Documents/FYP-Legged-Robot-main/Code/install/cpg_ros2/lib/python3.10/site-packages/cpg_ros2/cpg_node.py
/home/mubashir/Documents/FYP-Legged-Robot-main/Code/install/cpg_ros2/lib/python3.10/site-packages/cpg_ros2/__init__.py
/home/mubashir/Documents/FYP-Legged-Robot-main/Code/install/cpg_ros2/lib/python3.10/site-packages/cpg_ros2/__pycache__/cpg.cpython-310.pyc
/home/mubashir/Documents/FYP-Legged-Robot-main/Code/install/cpg_ros2/lib/python3.10/site-packages/cpg_ros2/__pycache__/cpg_node.cpython-310.pyc
/home/mubashir/Documents/FYP-Legged-Robot-main/Code/install/cpg_ros2/lib/python3.10/site-packages/cpg_ros2/__pycache__/__init__.cpython-310.pyc
/home/mubashir/Documents/FYP-Legged-Robot-main/Code/install/cpg_ros2/share/ament_index/resource_index/packages/cpg_ros2
/home/mubashir/Documents/FYP-Legged-Robot-main/Code/install/cpg_ros2/share/cpg_ros2/package.xml
/home/mubashir/Documents/FYP-Legged-Robot-main/Code/install/cpg_ros2/share/cpg_ros2/launch/cpg_cave.launch.py
/home/mubashir/Documents/FYP-Legged-Robot-main/Code/install/cpg_ros2/share/cpg_ros2/launch/cpg_sim.launch.py
/home/mubashir/Documents/FYP-Legged-Robot-main/Code/install/cpg_ros2/share/cpg_ros2/launch/launch_rough_floor_medium.launch.py
/home/mubashir/Documents/FYP-Legged-Robot-main/Code/install/cpg_ros2/share/cpg_ros2/launch/launch_rough_floor_hard.launch.py
/home/mubashir/Documents/FYP-Legged-Robot-main/Code/install/cpg_ros2/share/cpg_ros2/launch/cpg_hw.launch.py
/home/mubashir/Documents/FYP-Legged-Robot-main/Code/install/cpg_ros2/share/cpg_ros2/launch/launch_rough_floor_easy.launch.py
/home/mubashir/Documents/FYP-Legged-Robot-main/Code/install/cpg_ros2/share/cpg_ros2/config/controllers.yaml
/home/mubashir/Documents/FYP-Legged-Robot-main/Code/install/cpg_ros2/share/cpg_ros2/config/ros_gz_bridge.yaml
/home/mubashir/Documents/FYP-Legged-Robot-main/Code/install/cpg_ros2/share/cpg_ros2/worlds/rough_floor_easy.sdf
/home/mubashir/Documents/FYP-Legged-Robot-main/Code/install/cpg_ros2/share/cpg_ros2/worlds/rough_floor_medium.sdf
/home/mubashir/Documents/FYP-Legged-Robot-main/Code/install/cpg_ros2/share/cpg_ros2/worlds/friction_world.sdf
/home/mubashir/Documents/FYP-Legged-Robot-main/Code/install/cpg_ros2/share/cpg_ros2/worlds/rough_floor_hard.sdf
/home/mubashir/Documents/FYP-Legged-Robot-main/Code/install/cpg_ros2/share/cpg_ros2/worlds/my_cave_model/model.config
/home/mubashir/Documents/FYP-Legged-Robot-main/Code/install/cpg_ros2/share/cpg_ros2/worlds/my_cave_model/model.sdf
/home/mubashir/Documents/FYP-Legged-Robot-main/Code/install/cpg_ros2/share/cpg_ros2/worlds/my_cave_model/meshes/color_texture_Underground.png
/home/mubashir/Documents/FYP-Legged-Robot-main/Code/install/cpg_ros2/share/cpg_ros2/worlds/my_cave_model/meshes/mesh.obj
/home/mubashir/Documents/FYP-Legged-Robot-main/Code/install/cpg_ros2/share/cpg_ros2/worlds/my_cave_model/meshes/roughness_texture_Underground.png
/home/mubashir/Documents/FYP-Legged-Robot-main/Code/install/cpg_ros2/share/cpg_ros2/worlds/my_cave_model/meshes/mesh.mtl
/home/mubashir/Documents/FYP-Legged-Robot-main/Code/install/cpg_ros2/share/cpg_ros2/worlds/my_cave_model/meshes/normal_texture_Underground.png
/home/mubashir/Documents/FYP-Legged-Robot-main/Code/install/cpg_ros2/share/cpg_ros2/worlds/floors/hard3.obj
/home/mubashir/Documents/FYP-Legged-Robot-main/Code/install/cpg_ros2/share/cpg_ros2/worlds/floors/medium4.mtl
/home/mubashir/Documents/FYP-Legged-Robot-main/Code/install/cpg_ros2/share/cpg_ros2/worlds/floors/death2.obj
/home/mubashir/Documents/FYP-Legged-Robot-main/Code/install/cpg_ros2/share/cpg_ros2/worlds/floors/hard4.obj
/home/mubashir/Documents/FYP-Legged-Robot-main/Code/install/cpg_ros2/share/cpg_ros2/worlds/floors/medium2.mtl
/home/mubashir/Documents/FYP-Legged-Robot-main/Code/install/cpg_ros2/share/cpg_ros2/worlds/floors/hard2.obj
/home/mubashir/Documents/FYP-Legged-Robot-main/Code/install/cpg_ros2/share/cpg_ros2/worlds/floors/hard2.mtl
/home/mubashir/Documents/FYP-Legged-Robot-main/Code/install/cpg_ros2/share/cpg_ros2/worlds/floors/medium2.obj
/home/mubashir/Documents/FYP-Legged-Robot-main/Code/install/cpg_ros2/share/cpg_ros2/worlds/floors/medium4.obj
/home/mubashir/Documents/FYP-Legged-Robot-main/Code/install/cpg_ros2/share/cpg_ros2/worlds/floors/hard3.mtl
/home/mubashir/Documents/FYP-Legged-Robot-main/Code/install/cpg_ros2/share/cpg_ros2/worlds/floors/cave.mtl
/home/mubashir/Documents/FYP-Legged-Robot-main/Code/install/cpg_ros2/share/cpg_ros2/worlds/floors/easy4.obj
/home/mubashir/Documents/FYP-Legged-Robot-main/Code/install/cpg_ros2/share/cpg_ros2/worlds/floors/death2.mtl
/home/mubashir/Documents/FYP-Legged-Robot-main/Code/install/cpg_ros2/share/cpg_ros2/worlds/floors/easy2.mtl
/home/mubashir/Documents/FYP-Legged-Robot-main/Code/install/cpg_ros2/share/cpg_ros2/worlds/floors/easy2.obj
/home/mubashir/Documents/FYP-Legged-Robot-main/Code/install/cpg_ros2/share/cpg_ros2/worlds/floors/cave.obj
/home/mubashir/Documents/FYP-Legged-Robot-main/Code/install/cpg_ros2/share/cpg_ros2/worlds/floors/easy4.mtl
/home/mubashir/Documents/FYP-Legged-Robot-main/Code/install/cpg_ros2/share/cpg_ros2/worlds/floors/hard4.mtl
/home/mubashir/Documents/FYP-Legged-Robot-main/Code/install/cpg_ros2/share/cpg_ros2/models
/home/mubashir/Documents/FYP-Legged-Robot-main/Code/install/cpg_ros2/share/cpg_ros2/models/THex_Quadruped/model_hw.urdf
/home/mubashir/Documents/FYP-Legged-Robot-main/Code/install/cpg_ros2/share/cpg_ros2/models/THex_Quadruped/model_sim.urdf
/home/mubashir/Documents/FYP-Legged-Robot-main/Code/install/cpg_ros2/share/cpg_ros2/models/THex_Quadruped/model.config
/home/mubashir/Documents/FYP-Legged-Robot-main/Code/install/cpg_ros2/share/cpg_ros2/models/THex_Quadruped/meshes/bl_knee.STL
/home/mubashir/Documents/FYP-Legged-Robot-main/Code/install/cpg_ros2/share/cpg_ros2/models/THex_Quadruped/meshes/br_foot.STL
/home/mubashir/Documents/FYP-Legged-Robot-main/Code/install/cpg_ros2/share/cpg_ros2/models/THex_Quadruped/meshes/bl_foot_collision.STL
/home/mubashir/Documents/FYP-Legged-Robot-main/Code/install/cpg_ros2/share/cpg_ros2/models/THex_Quadruped/meshes/fr_hip.STL
/home/mubashir/Documents/FYP-Legged-Robot-main/Code/install/cpg_ros2/share/cpg_ros2/models/THex_Quadruped/meshes/bl_hip.STL
/home/mubashir/Documents/FYP-Legged-Robot-main/Code/install/cpg_ros2/share/cpg_ros2/models/THex_Quadruped/meshes/base_link.STL
/home/mubashir/Documents/FYP-Legged-Robot-main/Code/install/cpg_ros2/share/cpg_ros2/models/THex_Quadruped/meshes/fr_knee.STL
/home/mubashir/Documents/FYP-Legged-Robot-main/Code/install/cpg_ros2/share/cpg_ros2/models/THex_Quadruped/meshes/fl_hip_collision.STL
/home/mubashir/Documents/FYP-Legged-Robot-main/Code/install/cpg_ros2/share/cpg_ros2/models/THex_Quadruped/meshes/br_foot_collision.STL
/home/mubashir/Documents/FYP-Legged-Robot-main/Code/install/cpg_ros2/share/cpg_ros2/models/THex_Quadruped/meshes/br_hip_collision.STL
/home/mubashir/Documents/FYP-Legged-Robot-main/Code/install/cpg_ros2/share/cpg_ros2/models/THex_Quadruped/meshes/fr_foot_collision.STL
/home/mubashir/Documents/FYP-Legged-Robot-main/Code/install/cpg_ros2/share/cpg_ros2/models/THex_Quadruped/meshes/fr_foot.STL
/home/mubashir/Documents/FYP-Legged-Robot-main/Code/install/cpg_ros2/share/cpg_ros2/models/THex_Quadruped/meshes/fl_foot.STL
/home/mubashir/Documents/FYP-Legged-Robot-main/Code/install/cpg_ros2/share/cpg_ros2/models/THex_Quadruped/meshes/base_link_collision.STL
/home/mubashir/Documents/FYP-Legged-Robot-main/Code/install/cpg_ros2/share/cpg_ros2/models/THex_Quadruped/meshes/fl_hip.STL
/home/mubashir/Documents/FYP-Legged-Robot-main/Code/install/cpg_ros2/share/cpg_ros2/models/THex_Quadruped/meshes/fl_knee.STL
/home/mubashir/Documents/FYP-Legged-Robot-main/Code/install/cpg_ros2/share/cpg_ros2/models/THex_Quadruped/meshes/fr_knee_collision.STL
/home/mubashir/Documents/FYP-Legged-Robot-main/Code/install/cpg_ros2/share/cpg_ros2/models/THex_Quadruped/meshes/bl_hip_collision.STL
/home/mubashir/Documents/FYP-Legged-Robot-main/Code/install/cpg_ros2/share/cpg_ros2/models/THex_Quadruped/meshes/fl_foot_collision.STL
/home/mubashir/Documents/FYP-Legged-Robot-main/Code/install/cpg_ros2/share/cpg_ros2/models/THex_Quadruped/meshes/bl_foot.STL
/home/mubashir/Documents/FYP-Legged-Robot-main/Code/install/cpg_ros2/share/cpg_ros2/models/THex_Quadruped/meshes/br_knee.STL
/home/mubashir/Documents/FYP-Legged-Robot-main/Code/install/cpg_ros2/share/cpg_ros2/models/THex_Quadruped/meshes/fl_knee_collision.STL
/home/mubashir/Documents/FYP-Legged-Robot-main/Code/install/cpg_ros2/share/cpg_ros2/models/THex_Quadruped/meshes/fr_hip_collision.STL
/home/mubashir/Documents/FYP-Legged-Robot-main/Code/install/cpg_ros2/share/cpg_ros2/models/THex_Quadruped/meshes/br_knee_collision.STL
/home/mubashir/Documents/FYP-Legged-Robot-main/Code/install/cpg_ros2/share/cpg_ros2/models/THex_Quadruped/meshes/br_hip.STL
/home/mubashir/Documents/FYP-Legged-Robot-main/Code/install/cpg_ros2/share/cpg_ros2/models/THex_Quadruped/meshes/bl_knee_collision.STL
/home/mubashir/Documents/FYP-Legged-Robot-main/Code/install/cpg_ros2/lib/python3.10/site-packages/cpg_ros2-0.0.0-py3.10.egg-info/requires.txt
/home/mubashir/Documents/FYP-Legged-Robot-main/Code/install/cpg_ros2/lib/python3.10/site-packages/cpg_ros2-0.0.0-py3.10.egg-info/PKG-INFO
/home/mubashir/Documents/FYP-Legged-Robot-main/Code/install/cpg_ros2/lib/python3.10/site-packages/cpg_ros2-0.0.0-py3.10.egg-info/entry_points.txt
/home/mubashir/Documents/FYP-Legged-Robot-main/Code/install/cpg_ros2/lib/python3.10/site-packages/cpg_ros2-0.0.0-py3.10.egg-info/SOURCES.txt
/home/mubashir/Documents/FYP-Legged-Robot-main/Code/install/cpg_ros2/lib/python3.10/site-packages/cpg_ros2-0.0.0-py3.10.egg-info/top_level.txt
/home/mubashir/Documents/FYP-Legged-Robot-main/Code/install/cpg_ros2/lib/python3.10/site-packages/cpg_ros2-0.0.0-py3.10.egg-info/dependency_links.txt
/home/mubashir/Documents/FYP-Legged-Robot-main/Code/install/cpg_ros2/lib/python3.10/site-packages/cpg_ros2-0.0.0-py3.10.egg-info/zip-safe
/home/mubashir/Documents/FYP-Legged-Robot-main/Code/install/cpg_ros2/lib/cpg_ros2/cpg_node
