/home/mubashir/Documents/FYP-Legged-Robot-main/Code/install/perception/lib/python3.10/site-packages/perception/ceiling_filter_node.py
/home/mubashir/Documents/FYP-Legged-Robot-main/Code/install/perception/lib/python3.10/site-packages/perception/ceiling_flipper_node.py
/home/mubashir/Documents/FYP-Legged-Robot-main/Code/install/perception/lib/python3.10/site-packages/perception/__init__.py
/home/mubashir/Documents/FYP-Legged-Robot-main/Code/install/perception/lib/python3.10/site-packages/perception/map2apf_node.py
/home/mubashir/Documents/FYP-Legged-Robot-main/Code/install/perception/lib/python3.10/site-packages/perception/map_flipper_node.py
/home/mubashir/Documents/FYP-Legged-Robot-main/Code/install/perception/lib/python3.10/site-packages/perception/__pycache__/ceiling_filter_node.cpython-310.pyc
/home/mubashir/Documents/FYP-Legged-Robot-main/Code/install/perception/lib/python3.10/site-packages/perception/__pycache__/ceiling_flipper_node.cpython-310.pyc
/home/mubashir/Documents/FYP-Legged-Robot-main/Code/install/perception/lib/python3.10/site-packages/perception/__pycache__/__init__.cpython-310.pyc
/home/mubashir/Documents/FYP-Legged-Robot-main/Code/install/perception/lib/python3.10/site-packages/perception/__pycache__/map2apf_node.cpython-310.pyc
/home/mubashir/Documents/FYP-Legged-Robot-main/Code/install/perception/lib/python3.10/site-packages/perception/__pycache__/map_flipper_node.cpython-310.pyc
/home/mubashir/Documents/FYP-Legged-Robot-main/Code/install/perception/share/ament_index/resource_index/packages/perception
/home/mubashir/Documents/FYP-Legged-Robot-main/Code/install/perception/share/perception/package.xml
/home/mubashir/Documents/FYP-Legged-Robot-main/Code/install/perception/share/perception/launch/perception.launch.py
/home/mubashir/Documents/FYP-Legged-Robot-main/Code/install/perception/share/perception/config/ceiling_elev_map.yaml
/home/mubashir/Documents/FYP-Legged-Robot-main/Code/install/perception/share/perception/config/floor_elev_map.yaml
/home/mubashir/Documents/FYP-Legged-Robot-main/Code/install/perception/share/perception/worlds/ControlTube.sdf
/home/mubashir/Documents/FYP-Legged-Robot-main/Code/install/perception/share/perception/worlds/my_cave_model/model.config
/home/mubashir/Documents/FYP-Legged-Robot-main/Code/install/perception/share/perception/worlds/my_cave_model/model.sdf
/home/mubashir/Documents/FYP-Legged-Robot-main/Code/install/perception/share/perception/worlds/my_cave_model/meshes/color_texture_Underground.png
/home/mubashir/Documents/FYP-Legged-Robot-main/Code/install/perception/share/perception/worlds/my_cave_model/meshes/mesh.obj
/home/mubashir/Documents/FYP-Legged-Robot-main/Code/install/perception/share/perception/worlds/my_cave_model/meshes/roughness_texture_Underground.png
/home/mubashir/Documents/FYP-Legged-Robot-main/Code/install/perception/share/perception/worlds/my_cave_model/meshes/mesh.mtl
/home/mubashir/Documents/FYP-Legged-Robot-main/Code/install/perception/share/perception/worlds/my_cave_model/meshes/normal_texture_Underground.png
/home/mubashir/Documents/FYP-Legged-Robot-main/Code/install/perception/lib/python3.10/site-packages/perception-0.0.0-py3.10.egg-info/requires.txt
/home/mubashir/Documents/FYP-Legged-Robot-main/Code/install/perception/lib/python3.10/site-packages/perception-0.0.0-py3.10.egg-info/PKG-INFO
/home/mubashir/Documents/FYP-Legged-Robot-main/Code/install/perception/lib/python3.10/site-packages/perception-0.0.0-py3.10.egg-info/entry_points.txt
/home/mubashir/Documents/FYP-Legged-Robot-main/Code/install/perception/lib/python3.10/site-packages/perception-0.0.0-py3.10.egg-info/SOURCES.txt
/home/mubashir/Documents/FYP-Legged-Robot-main/Code/install/perception/lib/python3.10/site-packages/perception-0.0.0-py3.10.egg-info/top_level.txt
/home/mubashir/Documents/FYP-Legged-Robot-main/Code/install/perception/lib/python3.10/site-packages/perception-0.0.0-py3.10.egg-info/dependency_links.txt
/home/mubashir/Documents/FYP-Legged-Robot-main/Code/install/perception/lib/python3.10/site-packages/perception-0.0.0-py3.10.egg-info/zip-safe
/home/mubashir/Documents/FYP-Legged-Robot-main/Code/install/perception/lib/perception/ceiling_filter
/home/mubashir/Documents/FYP-Legged-Robot-main/Code/install/perception/lib/perception/ceiling_flipper
/home/mubashir/Documents/FYP-Legged-Robot-main/Code/install/perception/lib/perception/map2apf
/home/mubashir/Documents/FYP-Legged-Robot-main/Code/install/perception/lib/perception/map_flipper
