running egg_info
writing ../../../build/cheetah_ros2/cheetah_ros2.egg-info/PKG-INFO
writing dependency_links to ../../../build/cheetah_ros2/cheetah_ros2.egg-info/dependency_links.txt
writing entry points to ../../../build/cheetah_ros2/cheetah_ros2.egg-info/entry_points.txt
writing requirements to ../../../build/cheetah_ros2/cheetah_ros2.egg-info/requires.txt
writing top-level names to ../../../build/cheetah_ros2/cheetah_ros2.egg-info/top_level.txt
reading manifest file '../../../build/cheetah_ros2/cheetah_ros2.egg-info/SOURCES.txt'
writing manifest file '../../../build/cheetah_ros2/cheetah_ros2.egg-info/SOURCES.txt'
running build
running build_py
running install
running install_lib
running install_data
running install_egg_info
removing '/home/mubashir/Documents/FYP-Legged-Robot-main/Code/install/cheetah_ros2/lib/python3.10/site-packages/cheetah_ros2-0.0.0-py3.10.egg-info' (and everything under it)
Copying ../../../build/cheetah_ros2/cheetah_ros2.egg-info to /home/mubashir/Documents/FYP-Legged-Robot-main/Code/install/cheetah_ros2/lib/python3.10/site-packages/cheetah_ros2-0.0.0-py3.10.egg-info
running install_scripts
Installing effort_controller script to /home/mubashir/Documents/FYP-Legged-Robot-main/Code/install/cheetah_ros2/lib/cheetah_ros2
Installing estimator_node script to /home/mubashir/Documents/FYP-Legged-Robot-main/Code/install/cheetah_ros2/lib/cheetah_ros2
Installing fsm_node script to /home/mubashir/Documents/FYP-Legged-Robot-main/Code/install/cheetah_ros2/lib/cheetah_ros2
Installing gait_node script to /home/mubashir/Documents/FYP-Legged-Robot-main/Code/install/cheetah_ros2/lib/cheetah_ros2
Installing stance_controller script to /home/mubashir/Documents/FYP-Legged-Robot-main/Code/install/cheetah_ros2/lib/cheetah_ros2
Installing swing_controller script to /home/mubashir/Documents/FYP-Legged-Robot-main/Code/install/cheetah_ros2/lib/cheetah_ros2
Installing teleop_node script to /home/mubashir/Documents/FYP-Legged-Robot-main/Code/install/cheetah_ros2/lib/cheetah_ros2
writing list of installed files to '/home/mubashir/Documents/FYP-Legged-Robot-main/Code/build/cheetah_ros2/install.log'
