[1.319s] Invoking command in '/home/mubashir/Documents/FYP-Legged-Robot-main/Code/ROS/src/cheetah_ros2': PYTHONPATH=/home/mubashir/Documents/FYP-Legged-Robot-main/Code/build/cheetah_ros2/prefix_override:/usr/lib/python3/dist-packages/colcon_core/task/python/colcon_distutils_commands:/home/mubashir/Documents/FYP-Legged-Robot-main/Code/install/cheetah_ros2/lib/python3.10/site-packages:${PYTHONPATH} /usr/bin/python3 -W ignore:setup.py install is deprecated -W ignore:easy_install command is deprecated setup.py egg_info --egg-base ../../../build/cheetah_ros2 build --build-base /home/mubashir/Documents/FYP-Legged-Robot-main/Code/build/cheetah_ros2/build install --record /home/mubashir/Documents/FYP-Legged-Robot-main/Code/build/cheetah_ros2/install.log --single-version-externally-managed install_data
[1.805s] running egg_info
[1.806s] writing ../../../build/cheetah_ros2/cheetah_ros2.egg-info/PKG-INFO
[1.807s] writing dependency_links to ../../../build/cheetah_ros2/cheetah_ros2.egg-info/dependency_links.txt
[1.807s] writing entry points to ../../../build/cheetah_ros2/cheetah_ros2.egg-info/entry_points.txt
[1.807s] writing requirements to ../../../build/cheetah_ros2/cheetah_ros2.egg-info/requires.txt
[1.807s] writing top-level names to ../../../build/cheetah_ros2/cheetah_ros2.egg-info/top_level.txt
[1.812s] reading manifest file '../../../build/cheetah_ros2/cheetah_ros2.egg-info/SOURCES.txt'
[1.817s] writing manifest file '../../../build/cheetah_ros2/cheetah_ros2.egg-info/SOURCES.txt'
[1.817s] running build
[1.817s] running build_py
[1.818s] running install
[1.819s] running install_lib
[1.823s] running install_data
[1.826s] running install_egg_info
[1.830s] removing '/home/mubashir/Documents/FYP-Legged-Robot-main/Code/install/cheetah_ros2/lib/python3.10/site-packages/cheetah_ros2-0.0.0-py3.10.egg-info' (and everything under it)
[1.831s] Copying ../../../build/cheetah_ros2/cheetah_ros2.egg-info to /home/mubashir/Documents/FYP-Legged-Robot-main/Code/install/cheetah_ros2/lib/python3.10/site-packages/cheetah_ros2-0.0.0-py3.10.egg-info
[1.835s] running install_scripts
[1.875s] Installing effort_controller script to /home/mubashir/Documents/FYP-Legged-Robot-main/Code/install/cheetah_ros2/lib/cheetah_ros2
[1.875s] Installing estimator_node script to /home/mubashir/Documents/FYP-Legged-Robot-main/Code/install/cheetah_ros2/lib/cheetah_ros2
[1.876s] Installing fsm_node script to /home/mubashir/Documents/FYP-Legged-Robot-main/Code/install/cheetah_ros2/lib/cheetah_ros2
[1.876s] Installing gait_node script to /home/mubashir/Documents/FYP-Legged-Robot-main/Code/install/cheetah_ros2/lib/cheetah_ros2
[1.876s] Installing stance_controller script to /home/mubashir/Documents/FYP-Legged-Robot-main/Code/install/cheetah_ros2/lib/cheetah_ros2
[1.876s] Installing swing_controller script to /home/mubashir/Documents/FYP-Legged-Robot-main/Code/install/cheetah_ros2/lib/cheetah_ros2
[1.876s] Installing teleop_node script to /home/mubashir/Documents/FYP-Legged-Robot-main/Code/install/cheetah_ros2/lib/cheetah_ros2
[1.877s] writing list of installed files to '/home/mubashir/Documents/FYP-Legged-Robot-main/Code/build/cheetah_ros2/install.log'
[1.919s] Invoked command in '/home/mubashir/Documents/FYP-Legged-Robot-main/Code/ROS/src/cheetah_ros2' returned '0': PYTHONPATH=/home/mubashir/Documents/FYP-Legged-Robot-main/Code/build/cheetah_ros2/prefix_override:/usr/lib/python3/dist-packages/colcon_core/task/python/colcon_distutils_commands:/home/mubashir/Documents/FYP-Legged-Robot-main/Code/install/cheetah_ros2/lib/python3.10/site-packages:${PYTHONPATH} /usr/bin/python3 -W ignore:setup.py install is deprecated -W ignore:easy_install command is deprecated setup.py egg_info --egg-base ../../../build/cheetah_ros2 build --build-base /home/mubashir/Documents/FYP-Legged-Robot-main/Code/build/cheetah_ros2/build install --record /home/mubashir/Documents/FYP-Legged-Robot-main/Code/build/cheetah_ros2/install.log --single-version-externally-managed install_data
