[6.199s] Invoking command in '/home/mubashir/Documents/FYP-Legged-Robot-main/Code/ROS/src/cpg_ros2': PYTHONPATH=/home/mubashir/Documents/FYP-Legged-Robot-main/Code/build/cpg_ros2/prefix_override:/usr/lib/python3/dist-packages/colcon_core/task/python/colcon_distutils_commands:/home/mubashir/Documents/FYP-Legged-Robot-main/Code/install/cpg_ros2/lib/python3.10/site-packages:${PYTHONPATH} /usr/bin/python3 -W ignore:setup.py install is deprecated -W ignore:easy_install command is deprecated setup.py egg_info --egg-base ../../../build/cpg_ros2 build --build-base /home/mubashir/Documents/FYP-Legged-Robot-main/Code/build/cpg_ros2/build install --record /home/mubashir/Documents/FYP-Legged-Robot-main/Code/build/cpg_ros2/install.log --single-version-externally-managed install_data
[7.835s] running egg_info
[7.836s] creating ../../../build/cpg_ros2/cpg_ros2.egg-info
[7.836s] writing ../../../build/cpg_ros2/cpg_ros2.egg-info/PKG-INFO
[7.836s] writing dependency_links to ../../../build/cpg_ros2/cpg_ros2.egg-info/dependency_links.txt
[7.857s] writing entry points to ../../../build/cpg_ros2/cpg_ros2.egg-info/entry_points.txt
[7.858s] writing requirements to ../../../build/cpg_ros2/cpg_ros2.egg-info/requires.txt
[7.859s] writing top-level names to ../../../build/cpg_ros2/cpg_ros2.egg-info/top_level.txt
[7.859s] writing manifest file '../../../build/cpg_ros2/cpg_ros2.egg-info/SOURCES.txt'
[7.861s] reading manifest file '../../../build/cpg_ros2/cpg_ros2.egg-info/SOURCES.txt'
[7.889s] writing manifest file '../../../build/cpg_ros2/cpg_ros2.egg-info/SOURCES.txt'
[7.890s] running build
[7.895s] running build_py
[7.895s] creating /home/mubashir/Documents/FYP-Legged-Robot-main/Code/build/cpg_ros2/build
[7.895s] creating /home/mubashir/Documents/FYP-Legged-Robot-main/Code/build/cpg_ros2/build/lib
[7.895s] creating /home/mubashir/Documents/FYP-Legged-Robot-main/Code/build/cpg_ros2/build/lib/cpg_ros2
[7.895s] copying cpg_ros2/cpg.py -> /home/mubashir/Documents/FYP-Legged-Robot-main/Code/build/cpg_ros2/build/lib/cpg_ros2
[7.896s] copying cpg_ros2/cpg_node.py -> /home/mubashir/Documents/FYP-Legged-Robot-main/Code/build/cpg_ros2/build/lib/cpg_ros2
[7.896s] copying cpg_ros2/__init__.py -> /home/mubashir/Documents/FYP-Legged-Robot-main/Code/build/cpg_ros2/build/lib/cpg_ros2
[7.896s] running install
[7.896s] running install_lib
[7.898s] creating /home/mubashir/Documents/FYP-Legged-Robot-main/Code/install/cpg_ros2/lib/python3.10/site-packages/cpg_ros2
[7.905s] copying /home/mubashir/Documents/FYP-Legged-Robot-main/Code/build/cpg_ros2/build/lib/cpg_ros2/cpg.py -> /home/mubashir/Documents/FYP-Legged-Robot-main/Code/install/cpg_ros2/lib/python3.10/site-packages/cpg_ros2
[7.907s] copying /home/mubashir/Documents/FYP-Legged-Robot-main/Code/build/cpg_ros2/build/lib/cpg_ros2/cpg_node.py -> /home/mubashir/Documents/FYP-Legged-Robot-main/Code/install/cpg_ros2/lib/python3.10/site-packages/cpg_ros2
[7.907s] copying /home/mubashir/Documents/FYP-Legged-Robot-main/Code/build/cpg_ros2/build/lib/cpg_ros2/__init__.py -> /home/mubashir/Documents/FYP-Legged-Robot-main/Code/install/cpg_ros2/lib/python3.10/site-packages/cpg_ros2
[7.907s] byte-compiling /home/mubashir/Documents/FYP-Legged-Robot-main/Code/install/cpg_ros2/lib/python3.10/site-packages/cpg_ros2/cpg.py to cpg.cpython-310.pyc
[7.910s] byte-compiling /home/mubashir/Documents/FYP-Legged-Robot-main/Code/install/cpg_ros2/lib/python3.10/site-packages/cpg_ros2/cpg_node.py to cpg_node.cpython-310.pyc
[7.920s] byte-compiling /home/mubashir/Documents/FYP-Legged-Robot-main/Code/install/cpg_ros2/lib/python3.10/site-packages/cpg_ros2/__init__.py to __init__.cpython-310.pyc
[7.921s] running install_data
[7.925s] creating /home/mubashir/Documents/FYP-Legged-Robot-main/Code/install/cpg_ros2/share/ament_index
[7.925s] creating /home/mubashir/Documents/FYP-Legged-Robot-main/Code/install/cpg_ros2/share/ament_index/resource_index
[7.926s] creating /home/mubashir/Documents/FYP-Legged-Robot-main/Code/install/cpg_ros2/share/ament_index/resource_index/packages
[7.926s] copying resource/cpg_ros2 -> /home/mubashir/Documents/FYP-Legged-Robot-main/Code/install/cpg_ros2/share/ament_index/resource_index/packages
[7.926s] copying package.xml -> /home/mubashir/Documents/FYP-Legged-Robot-main/Code/install/cpg_ros2/share/cpg_ros2
[7.926s] creating /home/mubashir/Documents/FYP-Legged-Robot-main/Code/install/cpg_ros2/share/cpg_ros2/launch
[7.926s] copying launch/cpg_cave.launch.py -> /home/mubashir/Documents/FYP-Legged-Robot-main/Code/install/cpg_ros2/share/cpg_ros2/launch
[7.936s] copying launch/cpg_sim.launch.py -> /home/mubashir/Documents/FYP-Legged-Robot-main/Code/install/cpg_ros2/share/cpg_ros2/launch
[7.937s] copying launch/launch_rough_floor_medium.launch.py -> /home/mubashir/Documents/FYP-Legged-Robot-main/Code/install/cpg_ros2/share/cpg_ros2/launch
[7.937s] copying launch/launch_rough_floor_hard.launch.py -> /home/mubashir/Documents/FYP-Legged-Robot-main/Code/install/cpg_ros2/share/cpg_ros2/launch
[7.951s] copying launch/cpg_hw.launch.py -> /home/mubashir/Documents/FYP-Legged-Robot-main/Code/install/cpg_ros2/share/cpg_ros2/launch
[7.951s] copying launch/launch_rough_floor_easy.launch.py -> /home/mubashir/Documents/FYP-Legged-Robot-main/Code/install/cpg_ros2/share/cpg_ros2/launch
[7.952s] creating /home/mubashir/Documents/FYP-Legged-Robot-main/Code/install/cpg_ros2/share/cpg_ros2/config
[7.952s] copying config/controllers.yaml -> /home/mubashir/Documents/FYP-Legged-Robot-main/Code/install/cpg_ros2/share/cpg_ros2/config
[7.952s] copying config/ros_gz_bridge.yaml -> /home/mubashir/Documents/FYP-Legged-Robot-main/Code/install/cpg_ros2/share/cpg_ros2/config
[7.952s] creating /home/mubashir/Documents/FYP-Legged-Robot-main/Code/install/cpg_ros2/share/cpg_ros2/worlds
[7.952s] copying worlds/rough_floor_easy.sdf -> /home/mubashir/Documents/FYP-Legged-Robot-main/Code/install/cpg_ros2/share/cpg_ros2/worlds
[7.956s] copying worlds/rough_floor_medium.sdf -> /home/mubashir/Documents/FYP-Legged-Robot-main/Code/install/cpg_ros2/share/cpg_ros2/worlds
[7.957s] copying worlds/friction_world.sdf -> /home/mubashir/Documents/FYP-Legged-Robot-main/Code/install/cpg_ros2/share/cpg_ros2/worlds
[7.957s] copying worlds/rough_floor_hard.sdf -> /home/mubashir/Documents/FYP-Legged-Robot-main/Code/install/cpg_ros2/share/cpg_ros2/worlds
[7.966s] creating /home/mubashir/Documents/FYP-Legged-Robot-main/Code/install/cpg_ros2/share/cpg_ros2/worlds/my_cave_model
[7.967s] copying worlds/my_cave_model/model.config -> /home/mubashir/Documents/FYP-Legged-Robot-main/Code/install/cpg_ros2/share/cpg_ros2/worlds/my_cave_model
[7.967s] copying worlds/my_cave_model/model.sdf -> /home/mubashir/Documents/FYP-Legged-Robot-main/Code/install/cpg_ros2/share/cpg_ros2/worlds/my_cave_model
[7.970s] creating /home/mubashir/Documents/FYP-Legged-Robot-main/Code/install/cpg_ros2/share/cpg_ros2/worlds/my_cave_model/meshes
[7.971s] copying worlds/my_cave_model/meshes/color_texture_Underground.png -> /home/mubashir/Documents/FYP-Legged-Robot-main/Code/install/cpg_ros2/share/cpg_ros2/worlds/my_cave_model/meshes
[7.986s] copying worlds/my_cave_model/meshes/mesh.obj -> /home/mubashir/Documents/FYP-Legged-Robot-main/Code/install/cpg_ros2/share/cpg_ros2/worlds/my_cave_model/meshes
[8.025s] copying worlds/my_cave_model/meshes/roughness_texture_Underground.png -> /home/mubashir/Documents/FYP-Legged-Robot-main/Code/install/cpg_ros2/share/cpg_ros2/worlds/my_cave_model/meshes
[8.033s] copying worlds/my_cave_model/meshes/mesh.mtl -> /home/mubashir/Documents/FYP-Legged-Robot-main/Code/install/cpg_ros2/share/cpg_ros2/worlds/my_cave_model/meshes
[8.050s] copying worlds/my_cave_model/meshes/normal_texture_Underground.png -> /home/mubashir/Documents/FYP-Legged-Robot-main/Code/install/cpg_ros2/share/cpg_ros2/worlds/my_cave_model/meshes
[8.100s] creating /home/mubashir/Documents/FYP-Legged-Robot-main/Code/install/cpg_ros2/share/cpg_ros2/worlds/floors
[8.116s] copying worlds/floors/hard3.obj -> /home/mubashir/Documents/FYP-Legged-Robot-main/Code/install/cpg_ros2/share/cpg_ros2/worlds/floors
[8.120s] copying worlds/floors/medium4.mtl -> /home/mubashir/Documents/FYP-Legged-Robot-main/Code/install/cpg_ros2/share/cpg_ros2/worlds/floors
[8.120s] copying worlds/floors/death2.obj -> /home/mubashir/Documents/FYP-Legged-Robot-main/Code/install/cpg_ros2/share/cpg_ros2/worlds/floors
[8.162s] copying worlds/floors/hard4.obj -> /home/mubashir/Documents/FYP-Legged-Robot-main/Code/install/cpg_ros2/share/cpg_ros2/worlds/floors
[8.179s] copying worlds/floors/medium2.mtl -> /home/mubashir/Documents/FYP-Legged-Robot-main/Code/install/cpg_ros2/share/cpg_ros2/worlds/floors
[8.179s] copying worlds/floors/hard2.obj -> /home/mubashir/Documents/FYP-Legged-Robot-main/Code/install/cpg_ros2/share/cpg_ros2/worlds/floors
[8.644s] copying worlds/floors/hard2.mtl -> /home/mubashir/Documents/FYP-Legged-Robot-main/Code/install/cpg_ros2/share/cpg_ros2/worlds/floors
[8.695s] copying worlds/floors/medium2.obj -> /home/mubashir/Documents/FYP-Legged-Robot-main/Code/install/cpg_ros2/share/cpg_ros2/worlds/floors
[9.482s] copying worlds/floors/medium4.obj -> /home/mubashir/Documents/FYP-Legged-Robot-main/Code/install/cpg_ros2/share/cpg_ros2/worlds/floors
[9.494s] copying worlds/floors/hard3.mtl -> /home/mubashir/Documents/FYP-Legged-Robot-main/Code/install/cpg_ros2/share/cpg_ros2/worlds/floors
[9.495s] copying worlds/floors/cave.mtl -> /home/mubashir/Documents/FYP-Legged-Robot-main/Code/install/cpg_ros2/share/cpg_ros2/worlds/floors
[9.496s] copying worlds/floors/easy4.obj -> /home/mubashir/Documents/FYP-Legged-Robot-main/Code/install/cpg_ros2/share/cpg_ros2/worlds/floors
[9.511s] copying worlds/floors/death2.mtl -> /home/mubashir/Documents/FYP-Legged-Robot-main/Code/install/cpg_ros2/share/cpg_ros2/worlds/floors
[9.513s] copying worlds/floors/easy2.mtl -> /home/mubashir/Documents/FYP-Legged-Robot-main/Code/install/cpg_ros2/share/cpg_ros2/worlds/floors
[9.514s] copying worlds/floors/easy2.obj -> /home/mubashir/Documents/FYP-Legged-Robot-main/Code/install/cpg_ros2/share/cpg_ros2/worlds/floors
[10.285s] copying worlds/floors/cave.obj -> /home/mubashir/Documents/FYP-Legged-Robot-main/Code/install/cpg_ros2/share/cpg_ros2/worlds/floors
[10.420s] copying worlds/floors/easy4.mtl -> /home/mubashir/Documents/FYP-Legged-Robot-main/Code/install/cpg_ros2/share/cpg_ros2/worlds/floors
[10.433s] copying worlds/floors/hard4.mtl -> /home/mubashir/Documents/FYP-Legged-Robot-main/Code/install/cpg_ros2/share/cpg_ros2/worlds/floors
[10.443s] creating /home/mubashir/Documents/FYP-Legged-Robot-main/Code/install/cpg_ros2/share/cpg_ros2/models
[10.443s] creating /home/mubashir/Documents/FYP-Legged-Robot-main/Code/install/cpg_ros2/share/cpg_ros2/models/THex_Quadruped
[10.443s] copying models/THex_Quadruped/model_hw.urdf -> /home/mubashir/Documents/FYP-Legged-Robot-main/Code/install/cpg_ros2/share/cpg_ros2/models/THex_Quadruped
[10.449s] copying models/THex_Quadruped/model_sim.urdf -> /home/mubashir/Documents/FYP-Legged-Robot-main/Code/install/cpg_ros2/share/cpg_ros2/models/THex_Quadruped
[10.451s] copying models/THex_Quadruped/model.config -> /home/mubashir/Documents/FYP-Legged-Robot-main/Code/install/cpg_ros2/share/cpg_ros2/models/THex_Quadruped
[10.451s] creating /home/mubashir/Documents/FYP-Legged-Robot-main/Code/install/cpg_ros2/share/cpg_ros2/models/THex_Quadruped/meshes
[10.452s] copying models/THex_Quadruped/meshes/bl_knee.STL -> /home/mubashir/Documents/FYP-Legged-Robot-main/Code/install/cpg_ros2/share/cpg_ros2/models/THex_Quadruped/meshes
[10.460s] copying models/THex_Quadruped/meshes/br_foot.STL -> /home/mubashir/Documents/FYP-Legged-Robot-main/Code/install/cpg_ros2/share/cpg_ros2/models/THex_Quadruped/meshes
[10.469s] copying models/THex_Quadruped/meshes/bl_foot_collision.STL -> /home/mubashir/Documents/FYP-Legged-Robot-main/Code/install/cpg_ros2/share/cpg_ros2/models/THex_Quadruped/meshes
[10.472s] copying models/THex_Quadruped/meshes/fr_hip.STL -> /home/mubashir/Documents/FYP-Legged-Robot-main/Code/install/cpg_ros2/share/cpg_ros2/models/THex_Quadruped/meshes
[10.488s] copying models/THex_Quadruped/meshes/bl_hip.STL -> /home/mubashir/Documents/FYP-Legged-Robot-main/Code/install/cpg_ros2/share/cpg_ros2/models/THex_Quadruped/meshes
[10.503s] copying models/THex_Quadruped/meshes/base_link.STL -> /home/mubashir/Documents/FYP-Legged-Robot-main/Code/install/cpg_ros2/share/cpg_ros2/models/THex_Quadruped/meshes
[10.551s] copying models/THex_Quadruped/meshes/fr_knee.STL -> /home/mubashir/Documents/FYP-Legged-Robot-main/Code/install/cpg_ros2/share/cpg_ros2/models/THex_Quadruped/meshes
[10.613s] copying models/THex_Quadruped/meshes/fl_hip_collision.STL -> /home/mubashir/Documents/FYP-Legged-Robot-main/Code/install/cpg_ros2/share/cpg_ros2/models/THex_Quadruped/meshes
[10.621s] copying models/THex_Quadruped/meshes/br_foot_collision.STL -> /home/mubashir/Documents/FYP-Legged-Robot-main/Code/install/cpg_ros2/share/cpg_ros2/models/THex_Quadruped/meshes
[10.649s] copying models/THex_Quadruped/meshes/br_hip_collision.STL -> /home/mubashir/Documents/FYP-Legged-Robot-main/Code/install/cpg_ros2/share/cpg_ros2/models/THex_Quadruped/meshes
[10.656s] copying models/THex_Quadruped/meshes/fr_foot_collision.STL -> /home/mubashir/Documents/FYP-Legged-Robot-main/Code/install/cpg_ros2/share/cpg_ros2/models/THex_Quadruped/meshes
[10.671s] copying models/THex_Quadruped/meshes/fr_foot.STL -> /home/mubashir/Documents/FYP-Legged-Robot-main/Code/install/cpg_ros2/share/cpg_ros2/models/THex_Quadruped/meshes
[10.700s] copying models/THex_Quadruped/meshes/fl_foot.STL -> /home/mubashir/Documents/FYP-Legged-Robot-main/Code/install/cpg_ros2/share/cpg_ros2/models/THex_Quadruped/meshes
[10.710s] copying models/THex_Quadruped/meshes/base_link_collision.STL -> /home/mubashir/Documents/FYP-Legged-Robot-main/Code/install/cpg_ros2/share/cpg_ros2/models/THex_Quadruped/meshes
[10.710s] copying models/THex_Quadruped/meshes/fl_hip.STL -> /home/mubashir/Documents/FYP-Legged-Robot-main/Code/install/cpg_ros2/share/cpg_ros2/models/THex_Quadruped/meshes
[10.729s] copying models/THex_Quadruped/meshes/fl_knee.STL -> /home/mubashir/Documents/FYP-Legged-Robot-main/Code/install/cpg_ros2/share/cpg_ros2/models/THex_Quadruped/meshes
[10.736s] copying models/THex_Quadruped/meshes/fr_knee_collision.STL -> /home/mubashir/Documents/FYP-Legged-Robot-main/Code/install/cpg_ros2/share/cpg_ros2/models/THex_Quadruped/meshes
[10.737s] copying models/THex_Quadruped/meshes/bl_hip_collision.STL -> /home/mubashir/Documents/FYP-Legged-Robot-main/Code/install/cpg_ros2/share/cpg_ros2/models/THex_Quadruped/meshes
[10.738s] copying models/THex_Quadruped/meshes/fl_foot_collision.STL -> /home/mubashir/Documents/FYP-Legged-Robot-main/Code/install/cpg_ros2/share/cpg_ros2/models/THex_Quadruped/meshes
[10.742s] copying models/THex_Quadruped/meshes/bl_foot.STL -> /home/mubashir/Documents/FYP-Legged-Robot-main/Code/install/cpg_ros2/share/cpg_ros2/models/THex_Quadruped/meshes
[10.749s] copying models/THex_Quadruped/meshes/br_knee.STL -> /home/mubashir/Documents/FYP-Legged-Robot-main/Code/install/cpg_ros2/share/cpg_ros2/models/THex_Quadruped/meshes
[10.760s] copying models/THex_Quadruped/meshes/fl_knee_collision.STL -> /home/mubashir/Documents/FYP-Legged-Robot-main/Code/install/cpg_ros2/share/cpg_ros2/models/THex_Quadruped/meshes
[10.761s] copying models/THex_Quadruped/meshes/fr_hip_collision.STL -> /home/mubashir/Documents/FYP-Legged-Robot-main/Code/install/cpg_ros2/share/cpg_ros2/models/THex_Quadruped/meshes
[10.761s] copying models/THex_Quadruped/meshes/br_knee_collision.STL -> /home/mubashir/Documents/FYP-Legged-Robot-main/Code/install/cpg_ros2/share/cpg_ros2/models/THex_Quadruped/meshes
[10.765s] copying models/THex_Quadruped/meshes/br_hip.STL -> /home/mubashir/Documents/FYP-Legged-Robot-main/Code/install/cpg_ros2/share/cpg_ros2/models/THex_Quadruped/meshes
[10.777s] copying models/THex_Quadruped/meshes/bl_knee_collision.STL -> /home/mubashir/Documents/FYP-Legged-Robot-main/Code/install/cpg_ros2/share/cpg_ros2/models/THex_Quadruped/meshes
[10.777s] running install_egg_info
[10.779s] Copying ../../../build/cpg_ros2/cpg_ros2.egg-info to /home/mubashir/Documents/FYP-Legged-Robot-main/Code/install/cpg_ros2/lib/python3.10/site-packages/cpg_ros2-0.0.0-py3.10.egg-info
[10.792s] running install_scripts
[10.863s] Installing cpg_node script to /home/mubashir/Documents/FYP-Legged-Robot-main/Code/install/cpg_ros2/lib/cpg_ros2
[10.864s] writing list of installed files to '/home/mubashir/Documents/FYP-Legged-Robot-main/Code/build/cpg_ros2/install.log'
