[0.487s] colcon DEBUG Command line arguments: ['/usr/bin/colcon', 'build', '--packages-select', 'sim_robot']
[0.488s] colcon DEBUG Parsed command line arguments: Namespace(log_base=None, log_level=None, verb_name='build', build_base='build', install_base='install', merge_install=False, symlink_install=False, test_result_base=None, continue_on_error=False, executor='parallel', parallel_workers=8, event_handlers=None, ignore_user_meta=False, metas=['./colcon.meta'], base_paths=['.'], packages_ignore=None, packages_ignore_regex=None, paths=None, packages_up_to=None, packages_up_to_regex=None, packages_above=None, packages_above_and_dependencies=None, packages_above_depth=None, packages_select_by_dep=None, packages_skip_by_dep=None, packages_skip_up_to=None, packages_select_build_failed=False, packages_skip_build_finished=False, packages_select_test_failures=False, packages_skip_test_passed=False, packages_select=['sim_robot'], packages_skip=None, packages_select_regex=None, packages_skip_regex=None, packages_start=None, packages_end=None, allow_overriding=[], cmake_args=None, cmake_target=None, cmake_target_skip_unavailable=False, cmake_clean_cache=False, cmake_clean_first=False, cmake_force_configure=False, ament_cmake_args=None, catkin_cmake_args=None, catkin_skip_building_tests=False, mixin_files=None, mixin=None, verb_parser=<colcon_mixin.mixin.mixin_argument.MixinArgumentDecorator object at 0x7dd0f30680a0>, verb_extension=<colcon_core.verb.build.BuildVerb object at 0x7dd0f316d6f0>, main=<bound method BuildVerb.main of <colcon_core.verb.build.BuildVerb object at 0x7dd0f316d6f0>>, mixin_verb=('build',))
[1.274s] colcon.colcon_core.package_discovery Level 1 discover_packages(colcon_meta) check parameters
[1.275s] colcon.colcon_core.package_discovery Level 1 discover_packages(recursive) check parameters
[1.275s] colcon.colcon_core.package_discovery Level 1 discover_packages(ignore) check parameters
[1.275s] colcon.colcon_core.package_discovery Level 1 discover_packages(path) check parameters
[1.275s] colcon.colcon_core.package_discovery Level 1 discover_packages(colcon_meta) discover
[1.276s] colcon.colcon_core.package_discovery Level 1 discover_packages(recursive) discover
[1.276s] colcon.colcon_core.package_discovery INFO Crawling recursively for packages in '/home/mubashir/Documents/FYP-Legged-Robot-main/Code'
[1.276s] colcon.colcon_core.package_identification Level 1 _identify(.) by extensions ['ignore', 'ignore_ament_install']
[1.277s] colcon.colcon_core.package_identification Level 1 _identify(.) by extension 'ignore'
[1.277s] colcon.colcon_core.package_identification Level 1 _identify(.) by extension 'ignore_ament_install'
[1.277s] colcon.colcon_core.package_identification Level 1 _identify(.) by extensions ['colcon_pkg']
[1.278s] colcon.colcon_core.package_identification Level 1 _identify(.) by extension 'colcon_pkg'
[1.278s] colcon.colcon_core.package_identification Level 1 _identify(.) by extensions ['colcon_meta']
[1.278s] colcon.colcon_core.package_identification Level 1 _identify(.) by extension 'colcon_meta'
[1.278s] colcon.colcon_core.package_identification Level 1 _identify(.) by extensions ['ros']
[1.278s] colcon.colcon_core.package_identification Level 1 _identify(.) by extension 'ros'
[1.352s] colcon.colcon_core.package_identification Level 1 _identify(.) by extensions ['cmake', 'python']
[1.352s] colcon.colcon_core.package_identification Level 1 _identify(.) by extension 'cmake'
[1.353s] colcon.colcon_core.package_identification Level 1 _identify(.) by extension 'python'
[1.353s] colcon.colcon_core.package_identification Level 1 _identify(.) by extensions ['python_setup_py']
[1.353s] colcon.colcon_core.package_identification Level 1 _identify(.) by extension 'python_setup_py'
[1.354s] colcon.colcon_core.package_identification Level 1 _identify(Policies) by extensions ['ignore', 'ignore_ament_install']
[1.354s] colcon.colcon_core.package_identification Level 1 _identify(Policies) by extension 'ignore'
[1.355s] colcon.colcon_core.package_identification Level 1 _identify(Policies) by extension 'ignore_ament_install'
[1.355s] colcon.colcon_core.package_identification Level 1 _identify(Policies) by extensions ['colcon_pkg']
[1.355s] colcon.colcon_core.package_identification Level 1 _identify(Policies) by extension 'colcon_pkg'
[1.355s] colcon.colcon_core.package_identification Level 1 _identify(Policies) by extensions ['colcon_meta']
[1.355s] colcon.colcon_core.package_identification Level 1 _identify(Policies) by extension 'colcon_meta'
[1.356s] colcon.colcon_core.package_identification Level 1 _identify(Policies) by extensions ['ros']
[1.356s] colcon.colcon_core.package_identification Level 1 _identify(Policies) by extension 'ros'
[1.356s] colcon.colcon_core.package_identification Level 1 _identify(Policies) by extensions ['cmake', 'python']
[1.356s] colcon.colcon_core.package_identification Level 1 _identify(Policies) by extension 'cmake'
[1.357s] colcon.colcon_core.package_identification Level 1 _identify(Policies) by extension 'python'
[1.357s] colcon.colcon_core.package_identification Level 1 _identify(Policies) by extensions ['python_setup_py']
[1.357s] colcon.colcon_core.package_identification Level 1 _identify(Policies) by extension 'python_setup_py'
[1.357s] colcon.colcon_core.package_identification Level 1 _identify(ROS) by extensions ['ignore', 'ignore_ament_install']
[1.358s] colcon.colcon_core.package_identification Level 1 _identify(ROS) by extension 'ignore'
[1.358s] colcon.colcon_core.package_identification Level 1 _identify(ROS) by extension 'ignore_ament_install'
[1.358s] colcon.colcon_core.package_identification Level 1 _identify(ROS) by extensions ['colcon_pkg']
[1.358s] colcon.colcon_core.package_identification Level 1 _identify(ROS) by extension 'colcon_pkg'
[1.359s] colcon.colcon_core.package_identification Level 1 _identify(ROS) by extensions ['colcon_meta']
[1.359s] colcon.colcon_core.package_identification Level 1 _identify(ROS) by extension 'colcon_meta'
[1.359s] colcon.colcon_core.package_identification Level 1 _identify(ROS) by extensions ['ros']
[1.359s] colcon.colcon_core.package_identification Level 1 _identify(ROS) by extension 'ros'
[1.360s] colcon.colcon_core.package_identification Level 1 _identify(ROS) by extensions ['cmake', 'python']
[1.360s] colcon.colcon_core.package_identification Level 1 _identify(ROS) by extension 'cmake'
[1.360s] colcon.colcon_core.package_identification Level 1 _identify(ROS) by extension 'python'
[1.360s] colcon.colcon_core.package_identification Level 1 _identify(ROS) by extensions ['python_setup_py']
[1.360s] colcon.colcon_core.package_identification Level 1 _identify(ROS) by extension 'python_setup_py'
[1.361s] colcon.colcon_core.package_identification Level 1 _identify(ROS/build) by extensions ['ignore', 'ignore_ament_install']
[1.362s] colcon.colcon_core.package_identification Level 1 _identify(ROS/build) by extension 'ignore'
[1.362s] colcon.colcon_core.package_identification Level 1 _identify(ROS/build) ignored
[1.362s] colcon.colcon_core.package_identification Level 1 _identify(ROS/install) by extensions ['ignore', 'ignore_ament_install']
[1.363s] colcon.colcon_core.package_identification Level 1 _identify(ROS/install) by extension 'ignore'
[1.363s] colcon.colcon_core.package_identification Level 1 _identify(ROS/install) ignored
[1.363s] colcon.colcon_core.package_identification Level 1 _identify(ROS/log) by extensions ['ignore', 'ignore_ament_install']
[1.363s] colcon.colcon_core.package_identification Level 1 _identify(ROS/log) by extension 'ignore'
[1.364s] colcon.colcon_core.package_identification Level 1 _identify(ROS/log) ignored
[1.364s] colcon.colcon_core.package_identification Level 1 _identify(ROS/src) by extensions ['ignore', 'ignore_ament_install']
[1.364s] colcon.colcon_core.package_identification Level 1 _identify(ROS/src) by extension 'ignore'
[1.364s] colcon.colcon_core.package_identification Level 1 _identify(ROS/src) by extension 'ignore_ament_install'
[1.364s] colcon.colcon_core.package_identification Level 1 _identify(ROS/src) by extensions ['colcon_pkg']
[1.364s] colcon.colcon_core.package_identification Level 1 _identify(ROS/src) by extension 'colcon_pkg'
[1.365s] colcon.colcon_core.package_identification Level 1 _identify(ROS/src) by extensions ['colcon_meta']
[1.365s] colcon.colcon_core.package_identification Level 1 _identify(ROS/src) by extension 'colcon_meta'
[1.365s] colcon.colcon_core.package_identification Level 1 _identify(ROS/src) by extensions ['ros']
[1.365s] colcon.colcon_core.package_identification Level 1 _identify(ROS/src) by extension 'ros'
[1.365s] colcon.colcon_core.package_identification Level 1 _identify(ROS/src) by extensions ['cmake', 'python']
[1.365s] colcon.colcon_core.package_identification Level 1 _identify(ROS/src) by extension 'cmake'
[1.365s] colcon.colcon_core.package_identification Level 1 _identify(ROS/src) by extension 'python'
[1.365s] colcon.colcon_core.package_identification Level 1 _identify(ROS/src) by extensions ['python_setup_py']
[1.366s] colcon.colcon_core.package_identification Level 1 _identify(ROS/src) by extension 'python_setup_py'
[1.366s] colcon.colcon_core.package_identification Level 1 _identify(ROS/src/cheetah_ros2) by extensions ['ignore', 'ignore_ament_install']
[1.366s] colcon.colcon_core.package_identification Level 1 _identify(ROS/src/cheetah_ros2) by extension 'ignore'
[1.366s] colcon.colcon_core.package_identification Level 1 _identify(ROS/src/cheetah_ros2) by extension 'ignore_ament_install'
[1.367s] colcon.colcon_core.package_identification Level 1 _identify(ROS/src/cheetah_ros2) by extensions ['colcon_pkg']
[1.367s] colcon.colcon_core.package_identification Level 1 _identify(ROS/src/cheetah_ros2) by extension 'colcon_pkg'
[1.367s] colcon.colcon_core.package_identification Level 1 _identify(ROS/src/cheetah_ros2) by extensions ['colcon_meta']
[1.367s] colcon.colcon_core.package_identification Level 1 _identify(ROS/src/cheetah_ros2) by extension 'colcon_meta'
[1.367s] colcon.colcon_core.package_identification Level 1 _identify(ROS/src/cheetah_ros2) by extensions ['ros']
[1.367s] colcon.colcon_core.package_identification Level 1 _identify(ROS/src/cheetah_ros2) by extension 'ros'
[1.379s] colcon.colcon_core.package_identification DEBUG Package 'ROS/src/cheetah_ros2' with type 'ros.ament_python' and name 'cheetah_ros2'
[1.380s] colcon.colcon_core.package_identification Level 1 _identify(ROS/src/cpg_ros2) by extensions ['ignore', 'ignore_ament_install']
[1.380s] colcon.colcon_core.package_identification Level 1 _identify(ROS/src/cpg_ros2) by extension 'ignore'
[1.380s] colcon.colcon_core.package_identification Level 1 _identify(ROS/src/cpg_ros2) by extension 'ignore_ament_install'
[1.380s] colcon.colcon_core.package_identification Level 1 _identify(ROS/src/cpg_ros2) by extensions ['colcon_pkg']
[1.380s] colcon.colcon_core.package_identification Level 1 _identify(ROS/src/cpg_ros2) by extension 'colcon_pkg'
[1.380s] colcon.colcon_core.package_identification Level 1 _identify(ROS/src/cpg_ros2) by extensions ['colcon_meta']
[1.381s] colcon.colcon_core.package_identification Level 1 _identify(ROS/src/cpg_ros2) by extension 'colcon_meta'
[1.381s] colcon.colcon_core.package_identification Level 1 _identify(ROS/src/cpg_ros2) by extensions ['ros']
[1.381s] colcon.colcon_core.package_identification Level 1 _identify(ROS/src/cpg_ros2) by extension 'ros'
[1.382s] colcon.colcon_core.package_identification DEBUG Package 'ROS/src/cpg_ros2' with type 'ros.ament_python' and name 'cpg_ros2'
[1.383s] colcon.colcon_core.package_identification Level 1 _identify(ROS/src/elevation_mapping) by extensions ['ignore', 'ignore_ament_install']
[1.383s] colcon.colcon_core.package_identification Level 1 _identify(ROS/src/elevation_mapping) by extension 'ignore'
[1.383s] colcon.colcon_core.package_identification Level 1 _identify(ROS/src/elevation_mapping) by extension 'ignore_ament_install'
[1.383s] colcon.colcon_core.package_identification Level 1 _identify(ROS/src/elevation_mapping) by extensions ['colcon_pkg']
[1.383s] colcon.colcon_core.package_identification Level 1 _identify(ROS/src/elevation_mapping) by extension 'colcon_pkg'
[1.384s] colcon.colcon_core.package_identification Level 1 _identify(ROS/src/elevation_mapping) by extensions ['colcon_meta']
[1.384s] colcon.colcon_core.package_identification Level 1 _identify(ROS/src/elevation_mapping) by extension 'colcon_meta'
[1.384s] colcon.colcon_core.package_identification Level 1 _identify(ROS/src/elevation_mapping) by extensions ['ros']
[1.384s] colcon.colcon_core.package_identification Level 1 _identify(ROS/src/elevation_mapping) by extension 'ros'
[1.393s] colcon.colcon_core.package_identification DEBUG Package 'ROS/src/elevation_mapping' with type 'ros.ament_cmake' and name 'elevation_mapping'
[1.394s] colcon.colcon_core.package_identification Level 1 _identify(ROS/src/kin_ros2) by extensions ['ignore', 'ignore_ament_install']
[1.395s] colcon.colcon_core.package_identification Level 1 _identify(ROS/src/kin_ros2) by extension 'ignore'
[1.395s] colcon.colcon_core.package_identification Level 1 _identify(ROS/src/kin_ros2) by extension 'ignore_ament_install'
[1.395s] colcon.colcon_core.package_identification Level 1 _identify(ROS/src/kin_ros2) by extensions ['colcon_pkg']
[1.395s] colcon.colcon_core.package_identification Level 1 _identify(ROS/src/kin_ros2) by extension 'colcon_pkg'
[1.396s] colcon.colcon_core.package_identification Level 1 _identify(ROS/src/kin_ros2) by extensions ['colcon_meta']
[1.396s] colcon.colcon_core.package_identification Level 1 _identify(ROS/src/kin_ros2) by extension 'colcon_meta'
[1.396s] colcon.colcon_core.package_identification Level 1 _identify(ROS/src/kin_ros2) by extensions ['ros']
[1.396s] colcon.colcon_core.package_identification Level 1 _identify(ROS/src/kin_ros2) by extension 'ros'
[1.399s] colcon.colcon_core.package_identification DEBUG Package 'ROS/src/kin_ros2' with type 'ros.ament_python' and name 'kin_ros2'
[1.399s] colcon.colcon_core.package_identification Level 1 _identify(ROS/src/perception) by extensions ['ignore', 'ignore_ament_install']
[1.400s] colcon.colcon_core.package_identification Level 1 _identify(ROS/src/perception) by extension 'ignore'
[1.400s] colcon.colcon_core.package_identification Level 1 _identify(ROS/src/perception) by extension 'ignore_ament_install'
[1.400s] colcon.colcon_core.package_identification Level 1 _identify(ROS/src/perception) by extensions ['colcon_pkg']
[1.400s] colcon.colcon_core.package_identification Level 1 _identify(ROS/src/perception) by extension 'colcon_pkg'
[1.400s] colcon.colcon_core.package_identification Level 1 _identify(ROS/src/perception) by extensions ['colcon_meta']
[1.400s] colcon.colcon_core.package_identification Level 1 _identify(ROS/src/perception) by extension 'colcon_meta'
[1.400s] colcon.colcon_core.package_identification Level 1 _identify(ROS/src/perception) by extensions ['ros']
[1.400s] colcon.colcon_core.package_identification Level 1 _identify(ROS/src/perception) by extension 'ros'
[1.403s] colcon.colcon_core.package_identification DEBUG Package 'ROS/src/perception' with type 'ros.ament_python' and name 'perception'
[1.404s] colcon.colcon_core.package_identification Level 1 _identify(ROS/src/quad_interface) by extensions ['ignore', 'ignore_ament_install']
[1.404s] colcon.colcon_core.package_identification Level 1 _identify(ROS/src/quad_interface) by extension 'ignore'
[1.405s] colcon.colcon_core.package_identification Level 1 _identify(ROS/src/quad_interface) by extension 'ignore_ament_install'
[1.405s] colcon.colcon_core.package_identification Level 1 _identify(ROS/src/quad_interface) by extensions ['colcon_pkg']
[1.405s] colcon.colcon_core.package_identification Level 1 _identify(ROS/src/quad_interface) by extension 'colcon_pkg'
[1.405s] colcon.colcon_core.package_identification Level 1 _identify(ROS/src/quad_interface) by extensions ['colcon_meta']
[1.405s] colcon.colcon_core.package_identification Level 1 _identify(ROS/src/quad_interface) by extension 'colcon_meta'
[1.406s] colcon.colcon_core.package_identification Level 1 _identify(ROS/src/quad_interface) by extensions ['ros']
[1.406s] colcon.colcon_core.package_identification Level 1 _identify(ROS/src/quad_interface) by extension 'ros'
[1.409s] colcon.colcon_core.package_identification DEBUG Package 'ROS/src/quad_interface' with type 'ros.ament_cmake' and name 'quad_interface'
[1.410s] colcon.colcon_core.package_identification Level 1 _identify(ROS/src/rl_ros2) by extensions ['ignore', 'ignore_ament_install']
[1.411s] colcon.colcon_core.package_identification Level 1 _identify(ROS/src/rl_ros2) by extension 'ignore'
[1.411s] colcon.colcon_core.package_identification Level 1 _identify(ROS/src/rl_ros2) by extension 'ignore_ament_install'
[1.411s] colcon.colcon_core.package_identification Level 1 _identify(ROS/src/rl_ros2) by extensions ['colcon_pkg']
[1.411s] colcon.colcon_core.package_identification Level 1 _identify(ROS/src/rl_ros2) by extension 'colcon_pkg'
[1.412s] colcon.colcon_core.package_identification Level 1 _identify(ROS/src/rl_ros2) by extensions ['colcon_meta']
[1.412s] colcon.colcon_core.package_identification Level 1 _identify(ROS/src/rl_ros2) by extension 'colcon_meta'
[1.412s] colcon.colcon_core.package_identification Level 1 _identify(ROS/src/rl_ros2) by extensions ['ros']
[1.412s] colcon.colcon_core.package_identification Level 1 _identify(ROS/src/rl_ros2) by extension 'ros'
[1.414s] colcon.colcon_core.package_identification DEBUG Package 'ROS/src/rl_ros2' with type 'ros.ament_python' and name 'rl_ros2'
[1.415s] colcon.colcon_core.package_identification Level 1 _identify(ROS/src/rlpa_ros2) by extensions ['ignore', 'ignore_ament_install']
[1.415s] colcon.colcon_core.package_identification Level 1 _identify(ROS/src/rlpa_ros2) by extension 'ignore'
[1.415s] colcon.colcon_core.package_identification Level 1 _identify(ROS/src/rlpa_ros2) by extension 'ignore_ament_install'
[1.415s] colcon.colcon_core.package_identification Level 1 _identify(ROS/src/rlpa_ros2) by extensions ['colcon_pkg']
[1.416s] colcon.colcon_core.package_identification Level 1 _identify(ROS/src/rlpa_ros2) by extension 'colcon_pkg'
[1.416s] colcon.colcon_core.package_identification Level 1 _identify(ROS/src/rlpa_ros2) by extensions ['colcon_meta']
[1.416s] colcon.colcon_core.package_identification Level 1 _identify(ROS/src/rlpa_ros2) by extension 'colcon_meta'
[1.416s] colcon.colcon_core.package_identification Level 1 _identify(ROS/src/rlpa_ros2) by extensions ['ros']
[1.416s] colcon.colcon_core.package_identification Level 1 _identify(ROS/src/rlpa_ros2) by extension 'ros'
[1.418s] colcon.colcon_core.package_identification DEBUG Package 'ROS/src/rlpa_ros2' with type 'ros.ament_python' and name 'rlpa_ros2'
[1.419s] colcon.colcon_core.package_identification Level 1 _identify(ROS/src/robot_caves) by extensions ['ignore', 'ignore_ament_install']
[1.419s] colcon.colcon_core.package_identification Level 1 _identify(ROS/src/robot_caves) by extension 'ignore'
[1.419s] colcon.colcon_core.package_identification Level 1 _identify(ROS/src/robot_caves) by extension 'ignore_ament_install'
[1.419s] colcon.colcon_core.package_identification Level 1 _identify(ROS/src/robot_caves) by extensions ['colcon_pkg']
[1.420s] colcon.colcon_core.package_identification Level 1 _identify(ROS/src/robot_caves) by extension 'colcon_pkg'
[1.420s] colcon.colcon_core.package_identification Level 1 _identify(ROS/src/robot_caves) by extensions ['colcon_meta']
[1.420s] colcon.colcon_core.package_identification Level 1 _identify(ROS/src/robot_caves) by extension 'colcon_meta'
[1.420s] colcon.colcon_core.package_identification Level 1 _identify(ROS/src/robot_caves) by extensions ['ros']
[1.420s] colcon.colcon_core.package_identification Level 1 _identify(ROS/src/robot_caves) by extension 'ros'
[1.423s] colcon.colcon_core.package_identification DEBUG Package 'ROS/src/robot_caves' with type 'ros.ament_python' and name 'robot_caves'
[1.424s] colcon.colcon_core.package_identification Level 1 _identify(ROS/src/sim_robot) by extensions ['ignore', 'ignore_ament_install']
[1.424s] colcon.colcon_core.package_identification Level 1 _identify(ROS/src/sim_robot) by extension 'ignore'
[1.425s] colcon.colcon_core.package_identification Level 1 _identify(ROS/src/sim_robot) by extension 'ignore_ament_install'
[1.425s] colcon.colcon_core.package_identification Level 1 _identify(ROS/src/sim_robot) by extensions ['colcon_pkg']
[1.425s] colcon.colcon_core.package_identification Level 1 _identify(ROS/src/sim_robot) by extension 'colcon_pkg'
[1.426s] colcon.colcon_core.package_identification Level 1 _identify(ROS/src/sim_robot) by extensions ['colcon_meta']
[1.426s] colcon.colcon_core.package_identification Level 1 _identify(ROS/src/sim_robot) by extension 'colcon_meta'
[1.426s] colcon.colcon_core.package_identification Level 1 _identify(ROS/src/sim_robot) by extensions ['ros']
[1.426s] colcon.colcon_core.package_identification Level 1 _identify(ROS/src/sim_robot) by extension 'ros'
[1.429s] colcon.colcon_core.package_identification DEBUG Package 'ROS/src/sim_robot' with type 'ros.ament_python' and name 'sim_robot'
[1.430s] colcon.colcon_core.package_identification Level 1 _identify(ROS/src/sim_robot_fixed) by extensions ['ignore', 'ignore_ament_install']
[1.430s] colcon.colcon_core.package_identification Level 1 _identify(ROS/src/sim_robot_fixed) by extension 'ignore'
[1.430s] colcon.colcon_core.package_identification Level 1 _identify(ROS/src/sim_robot_fixed) by extension 'ignore_ament_install'
[1.430s] colcon.colcon_core.package_identification Level 1 _identify(ROS/src/sim_robot_fixed) by extensions ['colcon_pkg']
[1.430s] colcon.colcon_core.package_identification Level 1 _identify(ROS/src/sim_robot_fixed) by extension 'colcon_pkg'
[1.430s] colcon.colcon_core.package_identification Level 1 _identify(ROS/src/sim_robot_fixed) by extensions ['colcon_meta']
[1.431s] colcon.colcon_core.package_identification Level 1 _identify(ROS/src/sim_robot_fixed) by extension 'colcon_meta'
[1.431s] colcon.colcon_core.package_identification Level 1 _identify(ROS/src/sim_robot_fixed) by extensions ['ros']
[1.431s] colcon.colcon_core.package_identification Level 1 _identify(ROS/src/sim_robot_fixed) by extension 'ros'
[1.434s] colcon.colcon_core.package_identification DEBUG Package 'ROS/src/sim_robot_fixed' with type 'ros.ament_python' and name 'sim_robot_fixed'
[1.434s] colcon.colcon_core.package_identification Level 1 _identify(ROS/src/venv) by extensions ['ignore', 'ignore_ament_install']
[1.435s] colcon.colcon_core.package_identification Level 1 _identify(ROS/src/venv) by extension 'ignore'
[1.435s] colcon.colcon_core.package_identification Level 1 _identify(ROS/src/venv) ignored
[1.435s] colcon.colcon_core.package_identification Level 1 _identify(ZEDenv) by extensions ['ignore', 'ignore_ament_install']
[1.436s] colcon.colcon_core.package_identification Level 1 _identify(ZEDenv) by extension 'ignore'
[1.436s] colcon.colcon_core.package_identification Level 1 _identify(ZEDenv) by extension 'ignore_ament_install'
[1.436s] colcon.colcon_core.package_identification Level 1 _identify(ZEDenv) by extensions ['colcon_pkg']
[1.436s] colcon.colcon_core.package_identification Level 1 _identify(ZEDenv) by extension 'colcon_pkg'
[1.437s] colcon.colcon_core.package_identification Level 1 _identify(ZEDenv) by extensions ['colcon_meta']
[1.437s] colcon.colcon_core.package_identification Level 1 _identify(ZEDenv) by extension 'colcon_meta'
[1.437s] colcon.colcon_core.package_identification Level 1 _identify(ZEDenv) by extensions ['ros']
[1.437s] colcon.colcon_core.package_identification Level 1 _identify(ZEDenv) by extension 'ros'
[1.437s] colcon.colcon_core.package_identification Level 1 _identify(ZEDenv) by extensions ['cmake', 'python']
[1.438s] colcon.colcon_core.package_identification Level 1 _identify(ZEDenv) by extension 'cmake'
[1.438s] colcon.colcon_core.package_identification Level 1 _identify(ZEDenv) by extension 'python'
[1.438s] colcon.colcon_core.package_identification Level 1 _identify(ZEDenv) by extensions ['python_setup_py']
[1.438s] colcon.colcon_core.package_identification Level 1 _identify(ZEDenv) by extension 'python_setup_py'
[1.439s] colcon.colcon_core.package_identification Level 1 _identify(ZEDenv/ogl_viewer) by extensions ['ignore', 'ignore_ament_install']
[1.439s] colcon.colcon_core.package_identification Level 1 _identify(ZEDenv/ogl_viewer) by extension 'ignore'
[1.439s] colcon.colcon_core.package_identification Level 1 _identify(ZEDenv/ogl_viewer) by extension 'ignore_ament_install'
[1.439s] colcon.colcon_core.package_identification Level 1 _identify(ZEDenv/ogl_viewer) by extensions ['colcon_pkg']
[1.439s] colcon.colcon_core.package_identification Level 1 _identify(ZEDenv/ogl_viewer) by extension 'colcon_pkg'
[1.440s] colcon.colcon_core.package_identification Level 1 _identify(ZEDenv/ogl_viewer) by extensions ['colcon_meta']
[1.440s] colcon.colcon_core.package_identification Level 1 _identify(ZEDenv/ogl_viewer) by extension 'colcon_meta'
[1.440s] colcon.colcon_core.package_identification Level 1 _identify(ZEDenv/ogl_viewer) by extensions ['ros']
[1.440s] colcon.colcon_core.package_identification Level 1 _identify(ZEDenv/ogl_viewer) by extension 'ros'
[1.441s] colcon.colcon_core.package_identification Level 1 _identify(ZEDenv/ogl_viewer) by extensions ['cmake', 'python']
[1.441s] colcon.colcon_core.package_identification Level 1 _identify(ZEDenv/ogl_viewer) by extension 'cmake'
[1.441s] colcon.colcon_core.package_identification Level 1 _identify(ZEDenv/ogl_viewer) by extension 'python'
[1.441s] colcon.colcon_core.package_identification Level 1 _identify(ZEDenv/ogl_viewer) by extensions ['python_setup_py']
[1.441s] colcon.colcon_core.package_identification Level 1 _identify(ZEDenv/ogl_viewer) by extension 'python_setup_py'
[1.442s] colcon.colcon_core.package_identification Level 1 _identify(ZEDenv/zenv) by extensions ['ignore', 'ignore_ament_install']
[1.442s] colcon.colcon_core.package_identification Level 1 _identify(ZEDenv/zenv) by extension 'ignore'
[1.443s] colcon.colcon_core.package_identification Level 1 _identify(ZEDenv/zenv) by extension 'ignore_ament_install'
[1.443s] colcon.colcon_core.package_identification Level 1 _identify(ZEDenv/zenv) by extensions ['colcon_pkg']
[1.443s] colcon.colcon_core.package_identification Level 1 _identify(ZEDenv/zenv) by extension 'colcon_pkg'
[1.443s] colcon.colcon_core.package_identification Level 1 _identify(ZEDenv/zenv) by extensions ['colcon_meta']
[1.443s] colcon.colcon_core.package_identification Level 1 _identify(ZEDenv/zenv) by extension 'colcon_meta'
[1.444s] colcon.colcon_core.package_identification Level 1 _identify(ZEDenv/zenv) by extensions ['ros']
[1.444s] colcon.colcon_core.package_identification Level 1 _identify(ZEDenv/zenv) by extension 'ros'
[1.444s] colcon.colcon_core.package_identification Level 1 _identify(ZEDenv/zenv) by extensions ['cmake', 'python']
[1.444s] colcon.colcon_core.package_identification Level 1 _identify(ZEDenv/zenv) by extension 'cmake'
[1.444s] colcon.colcon_core.package_identification Level 1 _identify(ZEDenv/zenv) by extension 'python'
[1.444s] colcon.colcon_core.package_identification Level 1 _identify(ZEDenv/zenv) by extensions ['python_setup_py']
[1.444s] colcon.colcon_core.package_identification Level 1 _identify(ZEDenv/zenv) by extension 'python_setup_py'
[1.445s] colcon.colcon_core.package_identification Level 1 _identify(ZEDenv/zenv/bin) by extensions ['ignore', 'ignore_ament_install']
[1.445s] colcon.colcon_core.package_identification Level 1 _identify(ZEDenv/zenv/bin) by extension 'ignore'
[1.446s] colcon.colcon_core.package_identification Level 1 _identify(ZEDenv/zenv/bin) by extension 'ignore_ament_install'
[1.446s] colcon.colcon_core.package_identification Level 1 _identify(ZEDenv/zenv/bin) by extensions ['colcon_pkg']
[1.446s] colcon.colcon_core.package_identification Level 1 _identify(ZEDenv/zenv/bin) by extension 'colcon_pkg'
[1.446s] colcon.colcon_core.package_identification Level 1 _identify(ZEDenv/zenv/bin) by extensions ['colcon_meta']
[1.446s] colcon.colcon_core.package_identification Level 1 _identify(ZEDenv/zenv/bin) by extension 'colcon_meta'
[1.446s] colcon.colcon_core.package_identification Level 1 _identify(ZEDenv/zenv/bin) by extensions ['ros']
[1.446s] colcon.colcon_core.package_identification Level 1 _identify(ZEDenv/zenv/bin) by extension 'ros'
[1.446s] colcon.colcon_core.package_identification Level 1 _identify(ZEDenv/zenv/bin) by extensions ['cmake', 'python']
[1.446s] colcon.colcon_core.package_identification Level 1 _identify(ZEDenv/zenv/bin) by extension 'cmake'
[1.446s] colcon.colcon_core.package_identification Level 1 _identify(ZEDenv/zenv/bin) by extension 'python'
[1.447s] colcon.colcon_core.package_identification Level 1 _identify(ZEDenv/zenv/bin) by extensions ['python_setup_py']
[1.447s] colcon.colcon_core.package_identification Level 1 _identify(ZEDenv/zenv/bin) by extension 'python_setup_py'
[1.447s] colcon.colcon_core.package_identification Level 1 _identify(__pycache__) by extensions ['ignore', 'ignore_ament_install']
[1.447s] colcon.colcon_core.package_identification Level 1 _identify(__pycache__) by extension 'ignore'
[1.447s] colcon.colcon_core.package_identification Level 1 _identify(__pycache__) by extension 'ignore_ament_install'
[1.447s] colcon.colcon_core.package_identification Level 1 _identify(__pycache__) by extensions ['colcon_pkg']
[1.447s] colcon.colcon_core.package_identification Level 1 _identify(__pycache__) by extension 'colcon_pkg'
[1.447s] colcon.colcon_core.package_identification Level 1 _identify(__pycache__) by extensions ['colcon_meta']
[1.448s] colcon.colcon_core.package_identification Level 1 _identify(__pycache__) by extension 'colcon_meta'
[1.448s] colcon.colcon_core.package_identification Level 1 _identify(__pycache__) by extensions ['ros']
[1.448s] colcon.colcon_core.package_identification Level 1 _identify(__pycache__) by extension 'ros'
[1.448s] colcon.colcon_core.package_identification Level 1 _identify(__pycache__) by extensions ['cmake', 'python']
[1.448s] colcon.colcon_core.package_identification Level 1 _identify(__pycache__) by extension 'cmake'
[1.448s] colcon.colcon_core.package_identification Level 1 _identify(__pycache__) by extension 'python'
[1.448s] colcon.colcon_core.package_identification Level 1 _identify(__pycache__) by extensions ['python_setup_py']
[1.448s] colcon.colcon_core.package_identification Level 1 _identify(__pycache__) by extension 'python_setup_py'
[1.449s] colcon.colcon_core.package_identification Level 1 _identify(build) by extensions ['ignore', 'ignore_ament_install']
[1.449s] colcon.colcon_core.package_identification Level 1 _identify(build) by extension 'ignore'
[1.449s] colcon.colcon_core.package_identification Level 1 _identify(build) ignored
[1.449s] colcon.colcon_core.package_identification Level 1 _identify(cavegeneration) by extensions ['ignore', 'ignore_ament_install']
[1.449s] colcon.colcon_core.package_identification Level 1 _identify(cavegeneration) by extension 'ignore'
[1.449s] colcon.colcon_core.package_identification Level 1 _identify(cavegeneration) by extension 'ignore_ament_install'
[1.450s] colcon.colcon_core.package_identification Level 1 _identify(cavegeneration) by extensions ['colcon_pkg']
[1.450s] colcon.colcon_core.package_identification Level 1 _identify(cavegeneration) by extension 'colcon_pkg'
[1.450s] colcon.colcon_core.package_identification Level 1 _identify(cavegeneration) by extensions ['colcon_meta']
[1.450s] colcon.colcon_core.package_identification Level 1 _identify(cavegeneration) by extension 'colcon_meta'
[1.450s] colcon.colcon_core.package_identification Level 1 _identify(cavegeneration) by extensions ['ros']
[1.450s] colcon.colcon_core.package_identification Level 1 _identify(cavegeneration) by extension 'ros'
[1.450s] colcon.colcon_core.package_identification Level 1 _identify(cavegeneration) by extensions ['cmake', 'python']
[1.450s] colcon.colcon_core.package_identification Level 1 _identify(cavegeneration) by extension 'cmake'
[1.450s] colcon.colcon_core.package_identification Level 1 _identify(cavegeneration) by extension 'python'
[1.450s] colcon.colcon_core.package_identification Level 1 _identify(cavegeneration) by extensions ['python_setup_py']
[1.451s] colcon.colcon_core.package_identification Level 1 _identify(cavegeneration) by extension 'python_setup_py'
[1.451s] colcon.colcon_core.package_identification Level 1 _identify(gz_ros2_control) by extensions ['ignore', 'ignore_ament_install']
[1.451s] colcon.colcon_core.package_identification Level 1 _identify(gz_ros2_control) by extension 'ignore'
[1.452s] colcon.colcon_core.package_identification Level 1 _identify(gz_ros2_control) by extension 'ignore_ament_install'
[1.452s] colcon.colcon_core.package_identification Level 1 _identify(gz_ros2_control) by extensions ['colcon_pkg']
[1.452s] colcon.colcon_core.package_identification Level 1 _identify(gz_ros2_control) by extension 'colcon_pkg'
[1.452s] colcon.colcon_core.package_identification Level 1 _identify(gz_ros2_control) by extensions ['colcon_meta']
[1.452s] colcon.colcon_core.package_identification Level 1 _identify(gz_ros2_control) by extension 'colcon_meta'
[1.452s] colcon.colcon_core.package_identification Level 1 _identify(gz_ros2_control) by extensions ['ros']
[1.452s] colcon.colcon_core.package_identification Level 1 _identify(gz_ros2_control) by extension 'ros'
[1.453s] colcon.colcon_core.package_identification Level 1 _identify(gz_ros2_control) by extensions ['cmake', 'python']
[1.453s] colcon.colcon_core.package_identification Level 1 _identify(gz_ros2_control) by extension 'cmake'
[1.453s] colcon.colcon_core.package_identification Level 1 _identify(gz_ros2_control) by extension 'python'
[1.453s] colcon.colcon_core.package_identification Level 1 _identify(gz_ros2_control) by extensions ['python_setup_py']
[1.453s] colcon.colcon_core.package_identification Level 1 _identify(gz_ros2_control) by extension 'python_setup_py'
[1.454s] colcon.colcon_core.package_identification Level 1 _identify(gz_ros2_control/Dockerfile) by extensions ['ignore', 'ignore_ament_install']
[1.454s] colcon.colcon_core.package_identification Level 1 _identify(gz_ros2_control/Dockerfile) by extension 'ignore'
[1.455s] colcon.colcon_core.package_identification Level 1 _identify(gz_ros2_control/Dockerfile) by extension 'ignore_ament_install'
[1.455s] colcon.colcon_core.package_identification Level 1 _identify(gz_ros2_control/Dockerfile) by extensions ['colcon_pkg']
[1.455s] colcon.colcon_core.package_identification Level 1 _identify(gz_ros2_control/Dockerfile) by extension 'colcon_pkg'
[1.455s] colcon.colcon_core.package_identification Level 1 _identify(gz_ros2_control/Dockerfile) by extensions ['colcon_meta']
[1.455s] colcon.colcon_core.package_identification Level 1 _identify(gz_ros2_control/Dockerfile) by extension 'colcon_meta'
[1.456s] colcon.colcon_core.package_identification Level 1 _identify(gz_ros2_control/Dockerfile) by extensions ['ros']
[1.456s] colcon.colcon_core.package_identification Level 1 _identify(gz_ros2_control/Dockerfile) by extension 'ros'
[1.456s] colcon.colcon_core.package_identification Level 1 _identify(gz_ros2_control/Dockerfile) by extensions ['cmake', 'python']
[1.456s] colcon.colcon_core.package_identification Level 1 _identify(gz_ros2_control/Dockerfile) by extension 'cmake'
[1.457s] colcon.colcon_core.package_identification Level 1 _identify(gz_ros2_control/Dockerfile) by extension 'python'
[1.457s] colcon.colcon_core.package_identification Level 1 _identify(gz_ros2_control/Dockerfile) by extensions ['python_setup_py']
[1.457s] colcon.colcon_core.package_identification Level 1 _identify(gz_ros2_control/Dockerfile) by extension 'python_setup_py'
[1.457s] colcon.colcon_core.package_identification Level 1 _identify(gz_ros2_control/doc) by extensions ['ignore', 'ignore_ament_install']
[1.458s] colcon.colcon_core.package_identification Level 1 _identify(gz_ros2_control/doc) by extension 'ignore'
[1.458s] colcon.colcon_core.package_identification Level 1 _identify(gz_ros2_control/doc) by extension 'ignore_ament_install'
[1.458s] colcon.colcon_core.package_identification Level 1 _identify(gz_ros2_control/doc) by extensions ['colcon_pkg']
[1.458s] colcon.colcon_core.package_identification Level 1 _identify(gz_ros2_control/doc) by extension 'colcon_pkg'
[1.458s] colcon.colcon_core.package_identification Level 1 _identify(gz_ros2_control/doc) by extensions ['colcon_meta']
[1.459s] colcon.colcon_core.package_identification Level 1 _identify(gz_ros2_control/doc) by extension 'colcon_meta'
[1.459s] colcon.colcon_core.package_identification Level 1 _identify(gz_ros2_control/doc) by extensions ['ros']
[1.459s] colcon.colcon_core.package_identification Level 1 _identify(gz_ros2_control/doc) by extension 'ros'
[1.459s] colcon.colcon_core.package_identification Level 1 _identify(gz_ros2_control/doc) by extensions ['cmake', 'python']
[1.459s] colcon.colcon_core.package_identification Level 1 _identify(gz_ros2_control/doc) by extension 'cmake'
[1.460s] colcon.colcon_core.package_identification Level 1 _identify(gz_ros2_control/doc) by extension 'python'
[1.460s] colcon.colcon_core.package_identification Level 1 _identify(gz_ros2_control/doc) by extensions ['python_setup_py']
[1.460s] colcon.colcon_core.package_identification Level 1 _identify(gz_ros2_control/doc) by extension 'python_setup_py'
[1.460s] colcon.colcon_core.package_identification Level 1 _identify(gz_ros2_control/doc/img) by extensions ['ignore', 'ignore_ament_install']
[1.461s] colcon.colcon_core.package_identification Level 1 _identify(gz_ros2_control/doc/img) by extension 'ignore'
[1.461s] colcon.colcon_core.package_identification Level 1 _identify(gz_ros2_control/doc/img) by extension 'ignore_ament_install'
[1.461s] colcon.colcon_core.package_identification Level 1 _identify(gz_ros2_control/doc/img) by extensions ['colcon_pkg']
[1.461s] colcon.colcon_core.package_identification Level 1 _identify(gz_ros2_control/doc/img) by extension 'colcon_pkg'
[1.462s] colcon.colcon_core.package_identification Level 1 _identify(gz_ros2_control/doc/img) by extensions ['colcon_meta']
[1.462s] colcon.colcon_core.package_identification Level 1 _identify(gz_ros2_control/doc/img) by extension 'colcon_meta'
[1.462s] colcon.colcon_core.package_identification Level 1 _identify(gz_ros2_control/doc/img) by extensions ['ros']
[1.462s] colcon.colcon_core.package_identification Level 1 _identify(gz_ros2_control/doc/img) by extension 'ros'
[1.462s] colcon.colcon_core.package_identification Level 1 _identify(gz_ros2_control/doc/img) by extensions ['cmake', 'python']
[1.462s] colcon.colcon_core.package_identification Level 1 _identify(gz_ros2_control/doc/img) by extension 'cmake'
[1.462s] colcon.colcon_core.package_identification Level 1 _identify(gz_ros2_control/doc/img) by extension 'python'
[1.462s] colcon.colcon_core.package_identification Level 1 _identify(gz_ros2_control/doc/img) by extensions ['python_setup_py']
[1.463s] colcon.colcon_core.package_identification Level 1 _identify(gz_ros2_control/doc/img) by extension 'python_setup_py'
[1.463s] colcon.colcon_core.package_identification Level 1 _identify(gz_ros2_control/gz_ros2_control) by extensions ['ignore', 'ignore_ament_install']
[1.463s] colcon.colcon_core.package_identification Level 1 _identify(gz_ros2_control/gz_ros2_control) by extension 'ignore'
[1.463s] colcon.colcon_core.package_identification Level 1 _identify(gz_ros2_control/gz_ros2_control) by extension 'ignore_ament_install'
[1.464s] colcon.colcon_core.package_identification Level 1 _identify(gz_ros2_control/gz_ros2_control) by extensions ['colcon_pkg']
[1.464s] colcon.colcon_core.package_identification Level 1 _identify(gz_ros2_control/gz_ros2_control) by extension 'colcon_pkg'
[1.464s] colcon.colcon_core.package_identification Level 1 _identify(gz_ros2_control/gz_ros2_control) by extensions ['colcon_meta']
[1.464s] colcon.colcon_core.package_identification Level 1 _identify(gz_ros2_control/gz_ros2_control) by extension 'colcon_meta'
[1.464s] colcon.colcon_core.package_identification Level 1 _identify(gz_ros2_control/gz_ros2_control) by extensions ['ros']
[1.464s] colcon.colcon_core.package_identification Level 1 _identify(gz_ros2_control/gz_ros2_control) by extension 'ros'
[1.493s] colcon.colcon_core.package_identification DEBUG Package 'gz_ros2_control/gz_ros2_control' with type 'ros.ament_cmake' and name 'gz_ros2_control'
[1.494s] colcon.colcon_core.package_identification Level 1 _identify(gz_ros2_control/gz_ros2_control_demos) by extensions ['ignore', 'ignore_ament_install']
[1.495s] colcon.colcon_core.package_identification Level 1 _identify(gz_ros2_control/gz_ros2_control_demos) by extension 'ignore'
[1.495s] colcon.colcon_core.package_identification Level 1 _identify(gz_ros2_control/gz_ros2_control_demos) by extension 'ignore_ament_install'
[1.495s] colcon.colcon_core.package_identification Level 1 _identify(gz_ros2_control/gz_ros2_control_demos) by extensions ['colcon_pkg']
[1.495s] colcon.colcon_core.package_identification Level 1 _identify(gz_ros2_control/gz_ros2_control_demos) by extension 'colcon_pkg'
[1.496s] colcon.colcon_core.package_identification Level 1 _identify(gz_ros2_control/gz_ros2_control_demos) by extensions ['colcon_meta']
[1.496s] colcon.colcon_core.package_identification Level 1 _identify(gz_ros2_control/gz_ros2_control_demos) by extension 'colcon_meta'
[1.496s] colcon.colcon_core.package_identification Level 1 _identify(gz_ros2_control/gz_ros2_control_demos) by extensions ['ros']
[1.496s] colcon.colcon_core.package_identification Level 1 _identify(gz_ros2_control/gz_ros2_control_demos) by extension 'ros'
[1.512s] colcon.colcon_core.package_identification DEBUG Package 'gz_ros2_control/gz_ros2_control_demos' with type 'ros.ament_cmake' and name 'gz_ros2_control_demos'
[1.513s] colcon.colcon_core.package_identification Level 1 _identify(gz_ros2_control/gz_ros2_control_tests) by extensions ['ignore', 'ignore_ament_install']
[1.513s] colcon.colcon_core.package_identification Level 1 _identify(gz_ros2_control/gz_ros2_control_tests) by extension 'ignore'
[1.513s] colcon.colcon_core.package_identification Level 1 _identify(gz_ros2_control/gz_ros2_control_tests) by extension 'ignore_ament_install'
[1.513s] colcon.colcon_core.package_identification Level 1 _identify(gz_ros2_control/gz_ros2_control_tests) by extensions ['colcon_pkg']
[1.513s] colcon.colcon_core.package_identification Level 1 _identify(gz_ros2_control/gz_ros2_control_tests) by extension 'colcon_pkg'
[1.514s] colcon.colcon_core.package_identification Level 1 _identify(gz_ros2_control/gz_ros2_control_tests) by extensions ['colcon_meta']
[1.514s] colcon.colcon_core.package_identification Level 1 _identify(gz_ros2_control/gz_ros2_control_tests) by extension 'colcon_meta'
[1.514s] colcon.colcon_core.package_identification Level 1 _identify(gz_ros2_control/gz_ros2_control_tests) by extensions ['ros']
[1.514s] colcon.colcon_core.package_identification Level 1 _identify(gz_ros2_control/gz_ros2_control_tests) by extension 'ros'
[1.517s] colcon.colcon_core.package_identification DEBUG Package 'gz_ros2_control/gz_ros2_control_tests' with type 'ros.ament_cmake' and name 'gz_ros2_control_tests'
[1.517s] colcon.colcon_core.package_identification Level 1 _identify(gz_ros2_control/ign_ros2_control) by extensions ['ignore', 'ignore_ament_install']
[1.517s] colcon.colcon_core.package_identification Level 1 _identify(gz_ros2_control/ign_ros2_control) by extension 'ignore'
[1.518s] colcon.colcon_core.package_identification Level 1 _identify(gz_ros2_control/ign_ros2_control) by extension 'ignore_ament_install'
[1.518s] colcon.colcon_core.package_identification Level 1 _identify(gz_ros2_control/ign_ros2_control) by extensions ['colcon_pkg']
[1.518s] colcon.colcon_core.package_identification Level 1 _identify(gz_ros2_control/ign_ros2_control) by extension 'colcon_pkg'
[1.518s] colcon.colcon_core.package_identification Level 1 _identify(gz_ros2_control/ign_ros2_control) by extensions ['colcon_meta']
[1.518s] colcon.colcon_core.package_identification Level 1 _identify(gz_ros2_control/ign_ros2_control) by extension 'colcon_meta'
[1.518s] colcon.colcon_core.package_identification Level 1 _identify(gz_ros2_control/ign_ros2_control) by extensions ['ros']
[1.518s] colcon.colcon_core.package_identification Level 1 _identify(gz_ros2_control/ign_ros2_control) by extension 'ros'
[1.521s] colcon.colcon_core.package_identification DEBUG Package 'gz_ros2_control/ign_ros2_control' with type 'ros.ament_cmake' and name 'ign_ros2_control'
[1.522s] colcon.colcon_core.package_identification Level 1 _identify(gz_ros2_control/ign_ros2_control_demos) by extensions ['ignore', 'ignore_ament_install']
[1.523s] colcon.colcon_core.package_identification Level 1 _identify(gz_ros2_control/ign_ros2_control_demos) by extension 'ignore'
[1.523s] colcon.colcon_core.package_identification Level 1 _identify(gz_ros2_control/ign_ros2_control_demos) by extension 'ignore_ament_install'
[1.523s] colcon.colcon_core.package_identification Level 1 _identify(gz_ros2_control/ign_ros2_control_demos) by extensions ['colcon_pkg']
[1.523s] colcon.colcon_core.package_identification Level 1 _identify(gz_ros2_control/ign_ros2_control_demos) by extension 'colcon_pkg'
[1.524s] colcon.colcon_core.package_identification Level 1 _identify(gz_ros2_control/ign_ros2_control_demos) by extensions ['colcon_meta']
[1.524s] colcon.colcon_core.package_identification Level 1 _identify(gz_ros2_control/ign_ros2_control_demos) by extension 'colcon_meta'
[1.524s] colcon.colcon_core.package_identification Level 1 _identify(gz_ros2_control/ign_ros2_control_demos) by extensions ['ros']
[1.524s] colcon.colcon_core.package_identification Level 1 _identify(gz_ros2_control/ign_ros2_control_demos) by extension 'ros'
[1.528s] colcon.colcon_core.package_identification DEBUG Package 'gz_ros2_control/ign_ros2_control_demos' with type 'ros.ament_cmake' and name 'ign_ros2_control_demos'
[1.529s] colcon.colcon_core.package_identification Level 1 _identify(install) by extensions ['ignore', 'ignore_ament_install']
[1.529s] colcon.colcon_core.package_identification Level 1 _identify(install) by extension 'ignore'
[1.530s] colcon.colcon_core.package_identification Level 1 _identify(install) ignored
[1.530s] colcon.colcon_core.package_identification Level 1 _identify(kinematicGait) by extensions ['ignore', 'ignore_ament_install']
[1.530s] colcon.colcon_core.package_identification Level 1 _identify(kinematicGait) by extension 'ignore'
[1.531s] colcon.colcon_core.package_identification Level 1 _identify(kinematicGait) by extension 'ignore_ament_install'
[1.531s] colcon.colcon_core.package_identification Level 1 _identify(kinematicGait) by extensions ['colcon_pkg']
[1.531s] colcon.colcon_core.package_identification Level 1 _identify(kinematicGait) by extension 'colcon_pkg'
[1.531s] colcon.colcon_core.package_identification Level 1 _identify(kinematicGait) by extensions ['colcon_meta']
[1.531s] colcon.colcon_core.package_identification Level 1 _identify(kinematicGait) by extension 'colcon_meta'
[1.532s] colcon.colcon_core.package_identification Level 1 _identify(kinematicGait) by extensions ['ros']
[1.532s] colcon.colcon_core.package_identification Level 1 _identify(kinematicGait) by extension 'ros'
[1.532s] colcon.colcon_core.package_identification Level 1 _identify(kinematicGait) by extensions ['cmake', 'python']
[1.532s] colcon.colcon_core.package_identification Level 1 _identify(kinematicGait) by extension 'cmake'
[1.532s] colcon.colcon_core.package_identification Level 1 _identify(kinematicGait) by extension 'python'
[1.532s] colcon.colcon_core.package_identification Level 1 _identify(kinematicGait) by extensions ['python_setup_py']
[1.532s] colcon.colcon_core.package_identification Level 1 _identify(kinematicGait) by extension 'python_setup_py'
[1.533s] colcon.colcon_core.package_identification Level 1 _identify(log) by extensions ['ignore', 'ignore_ament_install']
[1.533s] colcon.colcon_core.package_identification Level 1 _identify(log) by extension 'ignore'
[1.533s] colcon.colcon_core.package_identification Level 1 _identify(log) ignored
[1.533s] colcon.colcon_core.package_identification Level 1 _identify(mujoco_expei) by extensions ['ignore', 'ignore_ament_install']
[1.533s] colcon.colcon_core.package_identification Level 1 _identify(mujoco_expei) by extension 'ignore'
[1.534s] colcon.colcon_core.package_identification Level 1 _identify(mujoco_expei) by extension 'ignore_ament_install'
[1.534s] colcon.colcon_core.package_identification Level 1 _identify(mujoco_expei) by extensions ['colcon_pkg']
[1.534s] colcon.colcon_core.package_identification Level 1 _identify(mujoco_expei) by extension 'colcon_pkg'
[1.534s] colcon.colcon_core.package_identification Level 1 _identify(mujoco_expei) by extensions ['colcon_meta']
[1.534s] colcon.colcon_core.package_identification Level 1 _identify(mujoco_expei) by extension 'colcon_meta'
[1.534s] colcon.colcon_core.package_identification Level 1 _identify(mujoco_expei) by extensions ['ros']
[1.534s] colcon.colcon_core.package_identification Level 1 _identify(mujoco_expei) by extension 'ros'
[1.535s] colcon.colcon_core.package_identification Level 1 _identify(mujoco_expei) by extensions ['cmake', 'python']
[1.535s] colcon.colcon_core.package_identification Level 1 _identify(mujoco_expei) by extension 'cmake'
[1.535s] colcon.colcon_core.package_identification Level 1 _identify(mujoco_expei) by extension 'python'
[1.535s] colcon.colcon_core.package_identification Level 1 _identify(mujoco_expei) by extensions ['python_setup_py']
[1.535s] colcon.colcon_core.package_identification Level 1 _identify(mujoco_expei) by extension 'python_setup_py'
[1.535s] colcon.colcon_core.package_identification Level 1 _identify(mujoco_expei/__pycache__) by extensions ['ignore', 'ignore_ament_install']
[1.536s] colcon.colcon_core.package_identification Level 1 _identify(mujoco_expei/__pycache__) by extension 'ignore'
[1.536s] colcon.colcon_core.package_identification Level 1 _identify(mujoco_expei/__pycache__) by extension 'ignore_ament_install'
[1.536s] colcon.colcon_core.package_identification Level 1 _identify(mujoco_expei/__pycache__) by extensions ['colcon_pkg']
[1.536s] colcon.colcon_core.package_identification Level 1 _identify(mujoco_expei/__pycache__) by extension 'colcon_pkg'
[1.536s] colcon.colcon_core.package_identification Level 1 _identify(mujoco_expei/__pycache__) by extensions ['colcon_meta']
[1.536s] colcon.colcon_core.package_identification Level 1 _identify(mujoco_expei/__pycache__) by extension 'colcon_meta'
[1.536s] colcon.colcon_core.package_identification Level 1 _identify(mujoco_expei/__pycache__) by extensions ['ros']
[1.537s] colcon.colcon_core.package_identification Level 1 _identify(mujoco_expei/__pycache__) by extension 'ros'
[1.537s] colcon.colcon_core.package_identification Level 1 _identify(mujoco_expei/__pycache__) by extensions ['cmake', 'python']
[1.537s] colcon.colcon_core.package_identification Level 1 _identify(mujoco_expei/__pycache__) by extension 'cmake'
[1.537s] colcon.colcon_core.package_identification Level 1 _identify(mujoco_expei/__pycache__) by extension 'python'
[1.537s] colcon.colcon_core.package_identification Level 1 _identify(mujoco_expei/__pycache__) by extensions ['python_setup_py']
[1.537s] colcon.colcon_core.package_identification Level 1 _identify(mujoco_expei/__pycache__) by extension 'python_setup_py'
[1.538s] colcon.colcon_core.package_identification Level 1 _identify(mujoco_expei/meshes) by extensions ['ignore', 'ignore_ament_install']
[1.538s] colcon.colcon_core.package_identification Level 1 _identify(mujoco_expei/meshes) by extension 'ignore'
[1.538s] colcon.colcon_core.package_identification Level 1 _identify(mujoco_expei/meshes) by extension 'ignore_ament_install'
[1.538s] colcon.colcon_core.package_identification Level 1 _identify(mujoco_expei/meshes) by extensions ['colcon_pkg']
[1.538s] colcon.colcon_core.package_identification Level 1 _identify(mujoco_expei/meshes) by extension 'colcon_pkg'
[1.539s] colcon.colcon_core.package_identification Level 1 _identify(mujoco_expei/meshes) by extensions ['colcon_meta']
[1.539s] colcon.colcon_core.package_identification Level 1 _identify(mujoco_expei/meshes) by extension 'colcon_meta'
[1.539s] colcon.colcon_core.package_identification Level 1 _identify(mujoco_expei/meshes) by extensions ['ros']
[1.539s] colcon.colcon_core.package_identification Level 1 _identify(mujoco_expei/meshes) by extension 'ros'
[1.539s] colcon.colcon_core.package_identification Level 1 _identify(mujoco_expei/meshes) by extensions ['cmake', 'python']
[1.539s] colcon.colcon_core.package_identification Level 1 _identify(mujoco_expei/meshes) by extension 'cmake'
[1.539s] colcon.colcon_core.package_identification Level 1 _identify(mujoco_expei/meshes) by extension 'python'
[1.539s] colcon.colcon_core.package_identification Level 1 _identify(mujoco_expei/meshes) by extensions ['python_setup_py']
[1.540s] colcon.colcon_core.package_identification Level 1 _identify(mujoco_expei/meshes) by extension 'python_setup_py'
[1.540s] colcon.colcon_core.package_identification Level 1 _identify(pointcloud) by extensions ['ignore', 'ignore_ament_install']
[1.540s] colcon.colcon_core.package_identification Level 1 _identify(pointcloud) by extension 'ignore'
[1.541s] colcon.colcon_core.package_identification Level 1 _identify(pointcloud) by extension 'ignore_ament_install'
[1.541s] colcon.colcon_core.package_identification Level 1 _identify(pointcloud) by extensions ['colcon_pkg']
[1.541s] colcon.colcon_core.package_identification Level 1 _identify(pointcloud) by extension 'colcon_pkg'
[1.541s] colcon.colcon_core.package_identification Level 1 _identify(pointcloud) by extensions ['colcon_meta']
[1.541s] colcon.colcon_core.package_identification Level 1 _identify(pointcloud) by extension 'colcon_meta'
[1.541s] colcon.colcon_core.package_identification Level 1 _identify(pointcloud) by extensions ['ros']
[1.542s] colcon.colcon_core.package_identification Level 1 _identify(pointcloud) by extension 'ros'
[1.542s] colcon.colcon_core.package_identification Level 1 _identify(pointcloud) by extensions ['cmake', 'python']
[1.542s] colcon.colcon_core.package_identification Level 1 _identify(pointcloud) by extension 'cmake'
[1.542s] colcon.colcon_core.package_identification Level 1 _identify(pointcloud) by extension 'python'
[1.542s] colcon.colcon_core.package_identification Level 1 _identify(pointcloud) by extensions ['python_setup_py']
[1.542s] colcon.colcon_core.package_identification Level 1 _identify(pointcloud) by extension 'python_setup_py'
[1.542s] colcon.colcon_core.package_identification Level 1 _identify(potentiometer) by extensions ['ignore', 'ignore_ament_install']
[1.543s] colcon.colcon_core.package_identification Level 1 _identify(potentiometer) by extension 'ignore'
[1.543s] colcon.colcon_core.package_identification Level 1 _identify(potentiometer) by extension 'ignore_ament_install'
[1.543s] colcon.colcon_core.package_identification Level 1 _identify(potentiometer) by extensions ['colcon_pkg']
[1.543s] colcon.colcon_core.package_identification Level 1 _identify(potentiometer) by extension 'colcon_pkg'
[1.543s] colcon.colcon_core.package_identification Level 1 _identify(potentiometer) by extensions ['colcon_meta']
[1.543s] colcon.colcon_core.package_identification Level 1 _identify(potentiometer) by extension 'colcon_meta'
[1.544s] colcon.colcon_core.package_identification Level 1 _identify(potentiometer) by extensions ['ros']
[1.544s] colcon.colcon_core.package_identification Level 1 _identify(potentiometer) by extension 'ros'
[1.544s] colcon.colcon_core.package_identification Level 1 _identify(potentiometer) by extensions ['cmake', 'python']
[1.544s] colcon.colcon_core.package_identification Level 1 _identify(potentiometer) by extension 'cmake'
[1.544s] colcon.colcon_core.package_identification Level 1 _identify(potentiometer) by extension 'python'
[1.545s] colcon.colcon_core.package_identification Level 1 _identify(potentiometer) by extensions ['python_setup_py']
[1.545s] colcon.colcon_core.package_identification Level 1 _identify(potentiometer) by extension 'python_setup_py'
[1.545s] colcon.colcon_core.package_discovery Level 1 discover_packages(recursive) using defaults
[1.545s] colcon.colcon_core.package_discovery Level 1 discover_packages(ignore) discover
[1.545s] colcon.colcon_core.package_discovery Level 1 discover_packages(ignore) using defaults
[1.545s] colcon.colcon_core.package_discovery Level 1 discover_packages(path) discover
[1.545s] colcon.colcon_core.package_discovery Level 1 discover_packages(path) using defaults
[1.623s] colcon.colcon_core.package_selection INFO Skipping not selected package 'cheetah_ros2' in 'ROS/src/cheetah_ros2'
[1.624s] colcon.colcon_core.package_selection INFO Skipping not selected package 'cpg_ros2' in 'ROS/src/cpg_ros2'
[1.624s] colcon.colcon_core.package_selection INFO Skipping not selected package 'elevation_mapping' in 'ROS/src/elevation_mapping'
[1.624s] colcon.colcon_core.package_selection INFO Skipping not selected package 'gz_ros2_control' in 'gz_ros2_control/gz_ros2_control'
[1.624s] colcon.colcon_core.package_selection INFO Skipping not selected package 'kin_ros2' in 'ROS/src/kin_ros2'
[1.624s] colcon.colcon_core.package_selection INFO Skipping not selected package 'perception' in 'ROS/src/perception'
[1.624s] colcon.colcon_core.package_selection INFO Skipping not selected package 'quad_interface' in 'ROS/src/quad_interface'
[1.624s] colcon.colcon_core.package_selection INFO Skipping not selected package 'rl_ros2' in 'ROS/src/rl_ros2'
[1.624s] colcon.colcon_core.package_selection INFO Skipping not selected package 'rlpa_ros2' in 'ROS/src/rlpa_ros2'
[1.624s] colcon.colcon_core.package_selection INFO Skipping not selected package 'sim_robot_fixed' in 'ROS/src/sim_robot_fixed'
[1.625s] colcon.colcon_core.package_selection INFO Skipping not selected package 'gz_ros2_control_demos' in 'gz_ros2_control/gz_ros2_control_demos'
[1.625s] colcon.colcon_core.package_selection INFO Skipping not selected package 'ign_ros2_control' in 'gz_ros2_control/ign_ros2_control'
[1.625s] colcon.colcon_core.package_selection INFO Skipping not selected package 'robot_caves' in 'ROS/src/robot_caves'
[1.625s] colcon.colcon_core.package_selection INFO Skipping not selected package 'ign_ros2_control_demos' in 'gz_ros2_control/ign_ros2_control_demos'
[1.625s] colcon.colcon_core.package_selection INFO Skipping not selected package 'gz_ros2_control_tests' in 'gz_ros2_control/gz_ros2_control_tests'
[1.627s] colcon.colcon_core.package_discovery Level 1 discover_packages(prefix_path) check parameters
[1.627s] colcon.colcon_core.package_discovery Level 1 discover_packages(prefix_path) discover
[1.634s] colcon.colcon_installed_package_information.package_discovery DEBUG Found 6 installed packages in /home/mubashir/gz_control_ws/install
[1.637s] colcon.colcon_installed_package_information.package_discovery DEBUG Found 6 installed packages in /home/mubashir/Documents/FYP-Legged-Robot-main/Code/ROS/install
[1.643s] colcon.colcon_installed_package_information.package_discovery DEBUG Found 397 installed packages in /opt/ros/humble
[1.654s] colcon.colcon_core.package_discovery Level 1 discover_packages(prefix_path) using defaults
[1.848s] colcon.colcon_core.verb Level 5 set package 'sim_robot' build argument 'cmake_args' from command line to 'None'
[1.849s] colcon.colcon_core.verb Level 5 set package 'sim_robot' build argument 'cmake_target' from command line to 'None'
[1.849s] colcon.colcon_core.verb Level 5 set package 'sim_robot' build argument 'cmake_target_skip_unavailable' from command line to 'False'
[1.849s] colcon.colcon_core.verb Level 5 set package 'sim_robot' build argument 'cmake_clean_cache' from command line to 'False'
[1.849s] colcon.colcon_core.verb Level 5 set package 'sim_robot' build argument 'cmake_clean_first' from command line to 'False'
[1.849s] colcon.colcon_core.verb Level 5 set package 'sim_robot' build argument 'cmake_force_configure' from command line to 'False'
[1.849s] colcon.colcon_core.verb Level 5 set package 'sim_robot' build argument 'ament_cmake_args' from command line to 'None'
[1.850s] colcon.colcon_core.verb Level 5 set package 'sim_robot' build argument 'catkin_cmake_args' from command line to 'None'
[1.850s] colcon.colcon_core.verb Level 5 set package 'sim_robot' build argument 'catkin_skip_building_tests' from command line to 'False'
[1.850s] colcon.colcon_core.verb DEBUG Building package 'sim_robot' with the following arguments: {'ament_cmake_args': None, 'build_base': '/home/mubashir/Documents/FYP-Legged-Robot-main/Code/build/sim_robot', 'catkin_cmake_args': None, 'catkin_skip_building_tests': False, 'cmake_args': None, 'cmake_clean_cache': False, 'cmake_clean_first': False, 'cmake_force_configure': False, 'cmake_target': None, 'cmake_target_skip_unavailable': False, 'install_base': '/home/mubashir/Documents/FYP-Legged-Robot-main/Code/install/sim_robot', 'merge_install': False, 'path': '/home/mubashir/Documents/FYP-Legged-Robot-main/Code/ROS/src/sim_robot', 'symlink_install': False, 'test_result_base': None}
[1.851s] colcon.colcon_core.executor INFO Executing jobs using 'parallel' executor
[1.855s] colcon.colcon_parallel_executor.executor.parallel DEBUG run_until_complete
[1.855s] colcon.colcon_ros.task.ament_python.build INFO Building ROS package in '/home/mubashir/Documents/FYP-Legged-Robot-main/Code/ROS/src/sim_robot' with build type 'ament_python'
[1.856s] colcon.colcon_core.shell Level 1 create_environment_hook('sim_robot', 'ament_prefix_path')
[1.868s] colcon.colcon_core.plugin_system INFO Skipping extension 'colcon_core.shell.bat': Not used on non-Windows systems
[1.868s] colcon.colcon_core.shell INFO Creating environment hook '/home/mubashir/Documents/FYP-Legged-Robot-main/Code/install/sim_robot/share/sim_robot/hook/ament_prefix_path.ps1'
[1.871s] colcon.colcon_core.shell INFO Creating environment descriptor '/home/mubashir/Documents/FYP-Legged-Robot-main/Code/install/sim_robot/share/sim_robot/hook/ament_prefix_path.dsv'
[1.872s] colcon.colcon_core.shell INFO Creating environment hook '/home/mubashir/Documents/FYP-Legged-Robot-main/Code/install/sim_robot/share/sim_robot/hook/ament_prefix_path.sh'
[1.875s] colcon.colcon_core.shell INFO Skip shell extension 'powershell' for command environment: Not usable outside of PowerShell
[1.875s] colcon.colcon_core.shell DEBUG Skip shell extension 'dsv' for command environment
[3.012s] colcon.colcon_core.task.python.build INFO Building Python package in '/home/mubashir/Documents/FYP-Legged-Robot-main/Code/ROS/src/sim_robot'
[3.014s] colcon.colcon_core.shell INFO Skip shell extension 'powershell' for command environment: Not usable outside of PowerShell
[3.014s] colcon.colcon_core.shell DEBUG Skip shell extension 'dsv' for command environment
[4.500s] colcon.colcon_core.event_handler.log_command DEBUG Invoking command in '/home/mubashir/Documents/FYP-Legged-Robot-main/Code/ROS/src/sim_robot': PYTHONPATH=/home/mubashir/Documents/FYP-Legged-Robot-main/Code/build/sim_robot/prefix_override:/usr/lib/python3/dist-packages/colcon_core/task/python/colcon_distutils_commands:/home/mubashir/Documents/FYP-Legged-Robot-main/Code/install/sim_robot/lib/python3.10/site-packages:${PYTHONPATH} /usr/bin/python3 -W ignore:setup.py install is deprecated -W ignore:easy_install command is deprecated setup.py egg_info --egg-base ../../../build/sim_robot build --build-base /home/mubashir/Documents/FYP-Legged-Robot-main/Code/build/sim_robot/build install --record /home/mubashir/Documents/FYP-Legged-Robot-main/Code/build/sim_robot/install.log --single-version-externally-managed install_data
[5.752s] colcon.colcon_core.event_handler.log_command DEBUG Invoked command in '/home/mubashir/Documents/FYP-Legged-Robot-main/Code/ROS/src/sim_robot' returned '0': PYTHONPATH=/home/mubashir/Documents/FYP-Legged-Robot-main/Code/build/sim_robot/prefix_override:/usr/lib/python3/dist-packages/colcon_core/task/python/colcon_distutils_commands:/home/mubashir/Documents/FYP-Legged-Robot-main/Code/install/sim_robot/lib/python3.10/site-packages:${PYTHONPATH} /usr/bin/python3 -W ignore:setup.py install is deprecated -W ignore:easy_install command is deprecated setup.py egg_info --egg-base ../../../build/sim_robot build --build-base /home/mubashir/Documents/FYP-Legged-Robot-main/Code/build/sim_robot/build install --record /home/mubashir/Documents/FYP-Legged-Robot-main/Code/build/sim_robot/install.log --single-version-externally-managed install_data
[5.760s] colcon.colcon_core.environment Level 1 checking '/home/mubashir/Documents/FYP-Legged-Robot-main/Code/install/sim_robot' for CMake module files
[5.762s] colcon.colcon_core.environment Level 1 checking '/home/mubashir/Documents/FYP-Legged-Robot-main/Code/install/sim_robot' for CMake config files
[5.765s] colcon.colcon_core.environment Level 1 checking '/home/mubashir/Documents/FYP-Legged-Robot-main/Code/install/sim_robot/lib'
[5.766s] colcon.colcon_core.environment Level 1 checking '/home/mubashir/Documents/FYP-Legged-Robot-main/Code/install/sim_robot/bin'
[5.766s] colcon.colcon_core.environment Level 1 checking '/home/mubashir/Documents/FYP-Legged-Robot-main/Code/install/sim_robot/lib/pkgconfig/sim_robot.pc'
[5.767s] colcon.colcon_core.environment Level 1 checking '/home/mubashir/Documents/FYP-Legged-Robot-main/Code/install/sim_robot/lib/python3.10/site-packages'
[5.767s] colcon.colcon_core.shell Level 1 create_environment_hook('sim_robot', 'pythonpath')
[5.768s] colcon.colcon_core.shell INFO Creating environment hook '/home/mubashir/Documents/FYP-Legged-Robot-main/Code/install/sim_robot/share/sim_robot/hook/pythonpath.ps1'
[5.769s] colcon.colcon_core.shell INFO Creating environment descriptor '/home/mubashir/Documents/FYP-Legged-Robot-main/Code/install/sim_robot/share/sim_robot/hook/pythonpath.dsv'
[5.771s] colcon.colcon_core.shell INFO Creating environment hook '/home/mubashir/Documents/FYP-Legged-Robot-main/Code/install/sim_robot/share/sim_robot/hook/pythonpath.sh'
[5.774s] colcon.colcon_core.environment Level 1 checking '/home/mubashir/Documents/FYP-Legged-Robot-main/Code/install/sim_robot/bin'
[5.774s] colcon.colcon_core.environment Level 1 create_environment_scripts_only(sim_robot)
[5.776s] colcon.colcon_core.shell INFO Creating package script '/home/mubashir/Documents/FYP-Legged-Robot-main/Code/install/sim_robot/share/sim_robot/package.ps1'
[5.779s] colcon.colcon_core.shell INFO Creating package descriptor '/home/mubashir/Documents/FYP-Legged-Robot-main/Code/install/sim_robot/share/sim_robot/package.dsv'
[5.782s] colcon.colcon_core.shell INFO Creating package script '/home/mubashir/Documents/FYP-Legged-Robot-main/Code/install/sim_robot/share/sim_robot/package.sh'
[5.785s] colcon.colcon_core.shell INFO Creating package script '/home/mubashir/Documents/FYP-Legged-Robot-main/Code/install/sim_robot/share/sim_robot/package.bash'
[5.788s] colcon.colcon_core.shell INFO Creating package script '/home/mubashir/Documents/FYP-Legged-Robot-main/Code/install/sim_robot/share/sim_robot/package.zsh'
[5.790s] colcon.colcon_core.environment Level 1 create_file_with_runtime_dependencies(/home/mubashir/Documents/FYP-Legged-Robot-main/Code/install/sim_robot/share/colcon-core/packages/sim_robot)
[5.792s] colcon.colcon_parallel_executor.executor.parallel DEBUG closing loop
[5.792s] colcon.colcon_parallel_executor.executor.parallel DEBUG loop closed
[5.792s] colcon.colcon_parallel_executor.executor.parallel DEBUG run_until_complete finished with '0'
[5.793s] colcon.colcon_core.event_reactor DEBUG joining thread
[5.811s] colcon.colcon_core.plugin_system INFO Skipping extension 'colcon_notification.desktop_notification.terminal_notifier': Not used on non-Darwin systems
[5.811s] colcon.colcon_core.plugin_system INFO Skipping extension 'colcon_notification.desktop_notification.win32': Not used on non-Windows systems
[5.811s] colcon.colcon_notification.desktop_notification INFO Sending desktop notification using 'notify2'
[5.834s] colcon.colcon_core.event_reactor DEBUG joined thread
[5.836s] colcon.colcon_core.shell INFO Creating prefix script '/home/mubashir/Documents/FYP-Legged-Robot-main/Code/install/local_setup.ps1'
[5.840s] colcon.colcon_core.shell INFO Creating prefix util module '/home/mubashir/Documents/FYP-Legged-Robot-main/Code/install/_local_setup_util_ps1.py'
[5.848s] colcon.colcon_core.shell INFO Creating prefix chain script '/home/mubashir/Documents/FYP-Legged-Robot-main/Code/install/setup.ps1'
[5.852s] colcon.colcon_core.shell INFO Creating prefix script '/home/mubashir/Documents/FYP-Legged-Robot-main/Code/install/local_setup.sh'
[5.853s] colcon.colcon_core.shell INFO Creating prefix util module '/home/mubashir/Documents/FYP-Legged-Robot-main/Code/install/_local_setup_util_sh.py'
[5.856s] colcon.colcon_core.shell INFO Creating prefix chain script '/home/mubashir/Documents/FYP-Legged-Robot-main/Code/install/setup.sh'
[5.862s] colcon.colcon_core.shell INFO Creating prefix script '/home/mubashir/Documents/FYP-Legged-Robot-main/Code/install/local_setup.bash'
[5.864s] colcon.colcon_core.shell INFO Creating prefix chain script '/home/mubashir/Documents/FYP-Legged-Robot-main/Code/install/setup.bash'
[5.869s] colcon.colcon_core.shell INFO Creating prefix script '/home/mubashir/Documents/FYP-Legged-Robot-main/Code/install/local_setup.zsh'
[5.875s] colcon.colcon_core.shell INFO Creating prefix chain script '/home/mubashir/Documents/FYP-Legged-Robot-main/Code/install/setup.zsh'
